$ C:\Users\rocm\Desktop\YOLO_AMD\phase3_buildtools\Lib\site-packages\cmake\data\bin\cmake.exe --build C:\Users\rocm\Desktop\YOLO_AMD\phase5_1_r2_build\miopen --target MIOpen -- -k 0
exit=0
[0/2] Re-checking globbed directories...
[1/670] Building CXX object src/sqlite/CMakeFiles/sqlite_memvfs.dir/memvfs.cpp.obj
[2/670] Inlining rocrand_xorwow.h with all dependencies as C++ source
Successfully created C:/Users/rocm/Desktop/YOLO_AMD/phase5_1_r2_build/miopen/kernels/rocrand_xorwow_inlined.h
[3/670] Building CXX object src/hipconv/src/arch/cdna4/CMakeFiles/hipconv_arch_cdna4_direct_autoshard.dir/direct_autoshard.cpp.obj
[4/670] Building CXX object src/hipconv/src/arch/cdna4/CMakeFiles/hipconv_arch_cdna4_direct_l1_autoshard.dir/direct_l1_autoshard.cpp.obj
[5/670] Building CXX object src/hipconv/src/arch/cdna4/CMakeFiles/hipconv_arch_cdna4_patch_embed_autoshard.dir/patch_embed_autoshard.cpp.obj
[6/670] Building CXX object src/hipconv/src/arch/cdna4/CMakeFiles/hipconv_arch_cdna4_direct_wgrad_autoshard.dir/direct_wgrad_autoshard.cpp.obj
[7/670] Building CXX object src/hipconv/src/arch/cdna5/CMakeFiles/hipconv_arch_cdna5_direct_autoshard.dir/direct_autoshard.cpp.obj
[8/670] Building CXX object src/hipconv/src/arch/cdna5/CMakeFiles/hipconv_arch_cdna5_grouped_multi_g_autoshard.dir/grouped_multi_g_autoshard.cpp.obj
[9/670] Building CXX object src/hipconv/src/arch/cdna4/CMakeFiles/hipconv_arch_cdna4_depthwise_wgrad_hankel_autoshard.dir/depthwise_wgrad_hankel_autoshard.cpp.obj
[10/670] Building CXX object src/hipconv/src/arch/cdna5/CMakeFiles/hipconv_arch_cdna5_grouped_multi_g_wgrad_autoshard.dir/grouped_multi_g_wgrad_autoshard.cpp.obj
[11/670] Building CXX object src/hipconv/src/arch/cdna5/CMakeFiles/hipconv_arch_cdna5_depthwise_1d_toeplitz_autoshard.dir/depthwise_1d_toeplitz_autoshard.cpp.obj
[12/670] Building CXX object src/hipconv/src/arch/cdna4/CMakeFiles/hipconv_arch_cdna4_depthwise_1d_toeplitz_autoshard.dir/depthwise_1d_toeplitz_autoshard.cpp.obj
[13/670] Building CXX object src/hipconv/src/arch/cdna5/CMakeFiles/hipconv_arch_cdna5_depthwise_wgrad_hankel_autoshard.dir/depthwise_wgrad_hankel_autoshard.cpp.obj
[14/670] Building CXX object src/hipconv/src/arch/cdna4/CMakeFiles/libautoshard.dir/__/__/__/cmake/libautoshard.cpp.obj
[15/670] Linking CXX static library lib\libautoshard.lib
[16/670] Linking CXX executable bin\hipconv_arch_cdna4_direct_autoshard.exe
[17/670] Linking CXX executable bin\hipconv_arch_cdna4_direct_l1_autoshard.exe
[18/670] Linking CXX executable bin\hipconv_arch_cdna4_patch_embed_autoshard.exe
[19/670] Linking CXX executable bin\hipconv_arch_cdna4_direct_wgrad_autoshard.exe
[20/670] Linking CXX executable bin\hipconv_arch_cdna4_depthwise_1d_toeplitz_autoshard.exe
[21/670] Linking CXX executable bin\hipconv_arch_cdna4_depthwise_wgrad_hankel_autoshard.exe
[22/670] Linking CXX executable bin\hipconv_arch_cdna5_direct_autoshard.exe
[23/670] Building HIP object src/hipconv/src/arch/cdna3/CMakeFiles/hipconv_arch_cdna3.dir/depthwise_backend.cpp.obj
[24/670] Building HIP object src/hipconv/src/arch/cdna3/CMakeFiles/hipconv_arch_cdna3.dir/direct_backend.cpp.obj
[25/670] Linking CXX executable bin\hipconv_arch_cdna5_grouped_multi_g_autoshard.exe
[26/670] Linking CXX executable bin\hipconv_arch_cdna5_grouped_multi_g_wgrad_autoshard.exe
[27/670] Linking CXX executable bin\hipconv_arch_cdna5_depthwise_1d_toeplitz_autoshard.exe
[28/670] Linking CXX executable bin\hipconv_arch_cdna5_depthwise_wgrad_hankel_autoshard.exe
[29/670] Generating autoshard/depthwise_wgrad_hankel_kernel_table.cpp, autoshard/depthwise_wgrad_hankel_shard0.cpp, autoshard/depthwise_wgrad_hankel_shard1.cpp, autoshard/depthwise_wgrad_hankel_shard2.cpp, autoshard/depthwise_wgrad_hankel_shard3.cpp, autoshard/depthwise_wgrad_hankel_shard4.cpp, autoshard/depthwise_wgrad_hankel_shard5.cpp, autoshard/depthwise_wgrad_hankel_shard6.cpp, autoshard/depthwise_wgrad_hankel_shard7.cpp
[30/670] Generating autoshard/direct_kernel_table.cpp, autoshard/direct_shard0.cpp, autoshard/direct_shard1.cpp, autoshard/direct_shard2.cpp, autoshard/direct_shard3.cpp, autoshard/direct_shard4.cpp, autoshard/direct_shard5.cpp, autoshard/direct_shard6.cpp, autoshard/direct_shard7.cpp
[31/670] Building HIP object src/hipconv/src/arch/cdna3/CMakeFiles/hipconv_arch_cdna3.dir/grouped_backend.cpp.obj
[32/670] Generating autoshard/direct_l1_kernel_table.cpp, autoshard/direct_l1_shard0.cpp, autoshard/direct_l1_shard1.cpp, autoshard/direct_l1_shard2.cpp, autoshard/direct_l1_shard3.cpp, autoshard/direct_l1_shard4.cpp, autoshard/direct_l1_shard5.cpp, autoshard/direct_l1_shard6.cpp, autoshard/direct_l1_shard7.cpp
[33/670] Generating autoshard/patch_embed_kernel_table.cpp, autoshard/patch_embed_shard0.cpp, autoshard/patch_embed_shard1.cpp, autoshard/patch_embed_shard2.cpp, autoshard/patch_embed_shard3.cpp, autoshard/patch_embed_shard4.cpp, autoshard/patch_embed_shard5.cpp, autoshard/patch_embed_shard6.cpp, autoshard/patch_embed_shard7.cpp
[34/670] Generating autoshard/direct_wgrad_kernel_table.cpp, autoshard/direct_wgrad_shard0.cpp, autoshard/direct_wgrad_shard1.cpp, autoshard/direct_wgrad_shard2.cpp, autoshard/direct_wgrad_shard3.cpp, autoshard/direct_wgrad_shard4.cpp, autoshard/direct_wgrad_shard5.cpp, autoshard/direct_wgrad_shard6.cpp, autoshard/direct_wgrad_shard7.cpp
[35/670] Generating autoshard/depthwise_1d_toeplitz_kernel_table.cpp, autoshard/depthwise_1d_toeplitz_shard0.cpp, autoshard/depthwise_1d_toeplitz_shard1.cpp, autoshard/depthwise_1d_toeplitz_shard2.cpp, autoshard/depthwise_1d_toeplitz_shard3.cpp, autoshard/depthwise_1d_toeplitz_shard4.cpp, autoshard/depthwise_1d_toeplitz_shard5.cpp, autoshard/depthwise_1d_toeplitz_shard6.cpp, autoshard/depthwise_1d_toeplitz_shard7.cpp
[36/670] Generating autoshard/depthwise_1d_toeplitz_kernel_table.cpp, autoshard/depthwise_1d_toeplitz_shard0.cpp, autoshard/depthwise_1d_toeplitz_shard1.cpp, autoshard/depthwise_1d_toeplitz_shard2.cpp, autoshard/depthwise_1d_toeplitz_shard3.cpp, autoshard/depthwise_1d_toeplitz_shard4.cpp, autoshard/depthwise_1d_toeplitz_shard5.cpp, autoshard/depthwise_1d_toeplitz_shard6.cpp, autoshard/depthwise_1d_toeplitz_shard7.cpp
[37/670] Generating autoshard/depthwise_wgrad_hankel_kernel_table.cpp, autoshard/depthwise_wgrad_hankel_shard0.cpp, autoshard/depthwise_wgrad_hankel_shard1.cpp, autoshard/depthwise_wgrad_hankel_shard2.cpp, autoshard/depthwise_wgrad_hankel_shard3.cpp, autoshard/depthwise_wgrad_hankel_shard4.cpp, autoshard/depthwise_wgrad_hankel_shard5.cpp, autoshard/depthwise_wgrad_hankel_shard6.cpp, autoshard/depthwise_wgrad_hankel_shard7.cpp
[38/670] Generating autoshard/direct_kernel_table.cpp, autoshard/direct_shard0.cpp, autoshard/direct_shard1.cpp, autoshard/direct_shard2.cpp, autoshard/direct_shard3.cpp, autoshard/direct_shard4.cpp, autoshard/direct_shard5.cpp, autoshard/direct_shard6.cpp, autoshard/direct_shard7.cpp
[39/670] Generating autoshard/grouped_multi_g_kernel_table.cpp, autoshard/grouped_multi_g_shard0.cpp, autoshard/grouped_multi_g_shard1.cpp, autoshard/grouped_multi_g_shard2.cpp, autoshard/grouped_multi_g_shard3.cpp, autoshard/grouped_multi_g_shard4.cpp, autoshard/grouped_multi_g_shard5.cpp, autoshard/grouped_multi_g_shard6.cpp, autoshard/grouped_multi_g_shard7.cpp
[40/670] Generating autoshard/grouped_multi_g_wgrad_kernel_table.cpp, autoshard/grouped_multi_g_wgrad_shard0.cpp, autoshard/grouped_multi_g_wgrad_shard1.cpp, autoshard/grouped_multi_g_wgrad_shard2.cpp, autoshard/grouped_multi_g_wgrad_shard3.cpp, autoshard/grouped_multi_g_wgrad_shard4.cpp, autoshard/grouped_multi_g_wgrad_shard5.cpp, autoshard/grouped_multi_g_wgrad_shard6.cpp, autoshard/grouped_multi_g_wgrad_shard7.cpp
[41/670] Building CXX object addkernels/CMakeFiles/addkernels.dir/addkernels.cpp.obj
[42/670] Building CXX object addkernels/CMakeFiles/addkernels.dir/include_inliner.cpp.obj
[43/670] Building HIP object src/hipconv/src/arch/cdna4/CMakeFiles/hipconv_arch_cdna4.dir/grouped_backend.cpp.obj
[44/670] Building HIP object src/hipconv/src/arch/cdna4/CMakeFiles/hipconv_arch_cdna4.dir/direct/patch_embed/config_desc.cpp.obj
[45/670] Building HIP object src/hipconv/src/arch/cdna4/CMakeFiles/hipconv_arch_cdna4.dir/direct_backend.cpp.obj
[46/670] Building HIP object src/hipconv/CMakeFiles/hipconv.dir/src/conv_params.cpp.obj
[47/670] Building HIP object src/hipconv/src/arch/cdna4/CMakeFiles/hipconv_arch_cdna4.dir/depthwise_backend.cpp.obj
[48/670] Building HIP object src/hipconv/src/arch/cdna4/CMakeFiles/hipconv_arch_cdna4.dir/direct/direct_l1/config_desc.cpp.obj
[49/670] Building HIP object src/hipconv/src/arch/cdna4/CMakeFiles/hipconv_arch_cdna4.dir/depthwise/depthwise_wgrad_hankel/config_desc.cpp.obj
[50/670] Building HIP object src/hipconv/src/arch/cdna4/CMakeFiles/hipconv_arch_cdna4.dir/direct/direct/config_matcher.cpp.obj
[51/670] Building HIP object src/hipconv/src/arch/cdna4/CMakeFiles/hipconv_arch_cdna4.dir/direct/direct_wgrad/config_desc.cpp.obj
[52/670] Building HIP object src/hipconv/src/arch/cdna4/CMakeFiles/hipconv_arch_cdna4.dir/autoshard/direct_kernel_table.cpp.obj
[53/670] Building HIP object src/hipconv/CMakeFiles/hipconv.dir/src/kv_descriptor.cpp.obj
[54/670] Building HIP object src/hipconv/src/arch/cdna4/CMakeFiles/hipconv_arch_cdna4.dir/grouped/grouped_4c_wgrad_tf32.cpp.obj
[55/670] Building HIP object src/hipconv/src/arch/cdna4/CMakeFiles/hipconv_arch_cdna4.dir/autoshard/direct_l1_kernel_table.cpp.obj
[56/670] Building HIP object src/hipconv/src/arch/cdna4/CMakeFiles/hipconv_arch_cdna4.dir/grouped/grouped_4c_wgrad_fp16bf16.cpp.obj
[57/670] Building HIP object src/hipconv/CMakeFiles/hipconv.dir/src/conv_kernel.cpp.obj
[58/670] Building HIP object src/hipconv/src/arch/cdna4/CMakeFiles/hipconv_arch_cdna4.dir/grouped/grouped_16c_wgrad_fp16bf16.cpp.obj
[59/670] Building HIP object src/hipconv/src/arch/cdna4/CMakeFiles/hipconv_arch_cdna4.dir/autoshard/direct_shard0.cpp.obj
[60/670] Building HIP object src/hipconv/src/arch/cdna4/CMakeFiles/hipconv_arch_cdna4.dir/grouped/grouped_32c.cpp.obj
[61/670] Building HIP object src/hipconv/src/arch/cdna4/CMakeFiles/hipconv_arch_cdna4.dir/autoshard/direct_shard3.cpp.obj
[62/670] Building HIP object src/hipconv/src/arch/cdna4/CMakeFiles/hipconv_arch_cdna4.dir/grouped/grouped_8c_wgrad_fp16bf16.cpp.obj
[63/670] Building HIP object src/hipconv/src/arch/cdna4/CMakeFiles/hipconv_arch_cdna4.dir/grouped/grouped_32c_wgrad_fp16bf16.cpp.obj
[64/670] Building HIP object src/hipconv/src/arch/cdna4/CMakeFiles/hipconv_arch_cdna4.dir/autoshard/direct_shard7.cpp.obj
[65/670] Building HIP object src/hipconv/src/arch/cdna4/CMakeFiles/hipconv_arch_cdna4.dir/autoshard/direct_shard4.cpp.obj
[66/670] Building HIP object src/hipconv/src/arch/cdna4/CMakeFiles/hipconv_arch_cdna4.dir/autoshard/direct_shard1.cpp.obj
[67/670] Building HIP object src/hipconv/src/arch/cdna4/CMakeFiles/hipconv_arch_cdna4.dir/autoshard/direct_shard6.cpp.obj
[68/670] Building HIP object src/hipconv/src/arch/cdna4/CMakeFiles/hipconv_arch_cdna4.dir/autoshard/direct_shard2.cpp.obj
[69/670] Building HIP object src/hipconv/src/arch/cdna4/CMakeFiles/hipconv_arch_cdna4.dir/grouped/grouped_16c_wgrad_tf32.cpp.obj
[70/670] Building HIP object src/hipconv/src/arch/cdna4/CMakeFiles/hipconv_arch_cdna4.dir/autoshard/direct_shard5.cpp.obj
[71/670] Building HIP object src/hipconv/src/arch/cdna4/CMakeFiles/hipconv_arch_cdna4.dir/grouped/grouped_32c_wgrad_tf32.cpp.obj
[72/670] Building HIP object src/hipconv/src/arch/cdna4/CMakeFiles/hipconv_arch_cdna4.dir/grouped/grouped_8c_wgrad_tf32.cpp.obj
[73/670] Building HIP object src/hipconv/src/arch/cdna4/CMakeFiles/hipconv_arch_cdna4.dir/grouped/grouped_4c.cpp.obj
[74/670] Building HIP object src/hipconv/CMakeFiles/hipconv.dir/src/tolerance.cpp.obj
[75/670] Building HIP object src/hipconv/src/arch/cdna4/CMakeFiles/hipconv_arch_cdna4.dir/grouped/grouped_8c.cpp.obj
[76/670] Building HIP object src/hipconv/src/arch/cdna4/CMakeFiles/hipconv_arch_cdna4.dir/grouped/grouped_16c.cpp.obj
[77/670] Building HIP object src/hipconv/CMakeFiles/hipconv.dir/src/arch_registry.cpp.obj
[78/670] Building HIP object src/hipconv/CMakeFiles/hipconv.dir/src/registry.cpp.obj
[79/670] Building HIP object src/hipconv/src/arch/cdna4/CMakeFiles/hipconv_arch_cdna4.dir/autoshard/direct_l1_shard0.cpp.obj
[80/670] Building HIP object src/hipconv/src/arch/cdna4/CMakeFiles/hipconv_arch_cdna4.dir/autoshard/patch_embed_kernel_table.cpp.obj
[81/670] Building HIP object src/hipconv/src/arch/cdna4/CMakeFiles/hipconv_arch_cdna4.dir/autoshard/direct_wgrad_kernel_table.cpp.obj
In file included from C:/Users/rocm/Desktop/YOLO_AMD/phase5_1_r2_build/miopen/src/hipconv/src/arch/cdna4/autoshard/direct_wgrad_kernel_table.cpp:2:
In file included from C:/Users/rocm/Desktop/YOLO_AMD/rocm-libraries-phase5.1-r2-candidate/projects/miopen/src/hipconv/src/arch/cdna4\direct/direct_wgrad/kernel.h:11:
In file included from C:/Users/rocm/Desktop/YOLO_AMD/rocm-libraries-phase5.1-r2-candidate/projects/miopen/src/hipconv/src/arch/cdna4\direct/direct_wgrad\epilogue.h:16:
In file included from C:/Users/rocm/Desktop/YOLO_AMD/rocm-libraries-phase5.1-r2-candidate/projects/miopen/src/hipconv/src/arch/cdna4\direct/direct_wgrad\main_loop.h:15:
In file included from C:/Users/rocm/Desktop/YOLO_AMD/rocm-libraries-phase5.1-r2-candidate/projects/miopen/src/hipconv/src/arch/cdna4\direct/direct_wgrad\workgroup_tiles.h:10:
C:/Users/rocm/Desktop/YOLO_AMD/rocm-libraries-phase5.1-r2-candidate/projects/miopen/src/hipconv/src/arch/cdna4\direct/direct_wgrad\row_loader.h:545:7: warning: unknown attribute 'no_unique_address' ignored [-Wunknown-attributes]
  545 |     [[no_unique_address]] std::conditional_t<Tiled, TileState, NoTileState> tile_;
      |       ^~~~~~~~~~~~~~~~~
1 warning generated when compiling for host.
[82/670] Building HIP object src/hipconv/src/arch/cdna4/CMakeFiles/hipconv_arch_cdna4.dir/autoshard/patch_embed_shard4.cpp.obj
[83/670] Building HIP object src/hipconv/src/arch/cdna4/CMakeFiles/hipconv_arch_cdna4.dir/autoshard/depthwise_1d_toeplitz_kernel_table.cpp.obj
[84/670] Building HIP object src/hipconv/src/arch/cdna4/CMakeFiles/hipconv_arch_cdna4.dir/autoshard/patch_embed_shard3.cpp.obj
[85/670] Building HIP object src/hipconv/src/arch/cdna4/CMakeFiles/hipconv_arch_cdna4.dir/autoshard/patch_embed_shard7.cpp.obj
[86/670] Building HIP object src/hipconv/src/arch/cdna4/CMakeFiles/hipconv_arch_cdna4.dir/autoshard/patch_embed_shard5.cpp.obj
[87/670] Building HIP object src/hipconv/src/arch/cdna4/CMakeFiles/hipconv_arch_cdna4.dir/autoshard/patch_embed_shard6.cpp.obj
[88/670] Building HIP object src/hipconv/src/arch/cdna4/CMakeFiles/hipconv_arch_cdna4.dir/autoshard/direct_l1_shard1.cpp.obj
[89/670] Building HIP object src/hipconv/src/arch/cdna4/CMakeFiles/hipconv_arch_cdna4.dir/autoshard/direct_l1_shard6.cpp.obj
[90/670] Building HIP object src/hipconv/src/arch/cdna4/CMakeFiles/hipconv_arch_cdna4.dir/autoshard/patch_embed_shard1.cpp.obj
[91/670] Building HIP object src/hipconv/src/arch/cdna4/CMakeFiles/hipconv_arch_cdna4.dir/autoshard/patch_embed_shard0.cpp.obj
[92/670] Building HIP object src/hipconv/src/arch/cdna4/CMakeFiles/hipconv_arch_cdna4.dir/autoshard/direct_l1_shard4.cpp.obj
[93/670] Building HIP object src/hipconv/src/arch/cdna4/CMakeFiles/hipconv_arch_cdna4.dir/autoshard/direct_l1_shard3.cpp.obj
[94/670] Building HIP object src/hipconv/src/arch/cdna4/CMakeFiles/hipconv_arch_cdna4.dir/autoshard/direct_l1_shard2.cpp.obj
[95/670] Building HIP object src/hipconv/src/arch/cdna4/CMakeFiles/hipconv_arch_cdna4.dir/autoshard/patch_embed_shard2.cpp.obj
[96/670] Building HIP object src/hipconv/src/arch/cdna4/CMakeFiles/hipconv_arch_cdna4.dir/autoshard/direct_l1_shard5.cpp.obj
[97/670] Building HIP object src/hipconv/src/arch/cdna4/CMakeFiles/hipconv_arch_cdna4.dir/autoshard/depthwise_wgrad_hankel_kernel_table.cpp.obj
[98/670] Building HIP object src/hipconv/src/arch/cdna4/CMakeFiles/hipconv_arch_cdna4.dir/autoshard/direct_l1_shard7.cpp.obj
[99/670] Building HIP object src/hipconv/src/arch/cdna5/CMakeFiles/hipconv_arch_cdna5.dir/grouped_backend.cpp.obj
[100/670] Building HIP object src/hipconv/src/arch/cdna5/CMakeFiles/hipconv_arch_cdna5.dir/direct_backend.cpp.obj
[101/670] Building HIP object src/hipconv/src/arch/cdna5/CMakeFiles/hipconv_arch_cdna5.dir/depthwise/depthwise_wgrad_hankel/config_matcher.cpp.obj
[102/670] Building HIP object src/hipconv/src/arch/cdna5/CMakeFiles/hipconv_arch_cdna5.dir/depthwise_backend.cpp.obj
[103/670] Building HIP object src/hipconv/src/arch/cdna5/CMakeFiles/hipconv_arch_cdna5.dir/direct/config_matcher.cpp.obj
[104/670] Building HIP object src/hipconv/src/arch/cdna5/CMakeFiles/hipconv_arch_cdna5.dir/depthwise/depthwise_wgrad_hankel/reduction.cpp.obj
[105/670] Building HIP object src/hipconv/src/arch/cdna5/CMakeFiles/hipconv_arch_cdna5.dir/grouped/reduction.cpp.obj
[106/670] Building HIP object src/hipconv/src/arch/cdna5/CMakeFiles/hipconv_arch_cdna5.dir/depthwise/depthwise_1d_toeplitz/config_matcher.cpp.obj
[107/670] Building HIP object src/hipconv/src/arch/cdna5/CMakeFiles/hipconv_arch_cdna5.dir/autoshard/direct_kernel_table.cpp.obj
[108/670] Building HIP object src/hipconv/src/arch/cdna5/CMakeFiles/hipconv_arch_cdna5.dir/autoshard/grouped_multi_g_kernel_table.cpp.obj
[109/670] Building HIP object src/hipconv/src/arch/cdna5/CMakeFiles/hipconv_arch_cdna5.dir/autoshard/direct_shard0.cpp.obj
[110/670] Building HIP object src/hipconv/src/arch/cdna4/CMakeFiles/hipconv_arch_cdna4.dir/autoshard/depthwise_wgrad_hankel_shard3.cpp.obj
[111/670] Building HIP object src/hipconv/src/arch/cdna4/CMakeFiles/hipconv_arch_cdna4.dir/autoshard/depthwise_wgrad_hankel_shard0.cpp.obj
[112/670] Building HIP object src/hipconv/src/arch/cdna4/CMakeFiles/hipconv_arch_cdna4.dir/autoshard/depthwise_wgrad_hankel_shard5.cpp.obj
[113/670] Building HIP object src/hipconv/src/arch/cdna5/CMakeFiles/hipconv_arch_cdna5.dir/autoshard/direct_shard1.cpp.obj
[114/670] Building HIP object src/hipconv/src/arch/cdna5/CMakeFiles/hipconv_arch_cdna5.dir/autoshard/direct_shard4.cpp.obj
[115/670] Building HIP object src/hipconv/src/arch/cdna5/CMakeFiles/hipconv_arch_cdna5.dir/autoshard/grouped_multi_g_shard0.cpp.obj
[116/670] Building HIP object src/hipconv/src/arch/cdna4/CMakeFiles/hipconv_arch_cdna4.dir/autoshard/depthwise_wgrad_hankel_shard7.cpp.obj
[117/670] Building HIP object src/hipconv/src/arch/cdna4/CMakeFiles/hipconv_arch_cdna4.dir/autoshard/depthwise_wgrad_hankel_shard2.cpp.obj
[118/670] Building HIP object src/hipconv/src/arch/cdna4/CMakeFiles/hipconv_arch_cdna4.dir/autoshard/depthwise_wgrad_hankel_shard1.cpp.obj
[119/670] Building HIP object src/hipconv/src/arch/cdna5/CMakeFiles/hipconv_arch_cdna5.dir/autoshard/direct_shard2.cpp.obj
[120/670] Building HIP object src/hipconv/src/arch/cdna5/CMakeFiles/hipconv_arch_cdna5.dir/autoshard/direct_shard3.cpp.obj
[121/670] Building HIP object src/hipconv/src/arch/cdna5/CMakeFiles/hipconv_arch_cdna5.dir/autoshard/direct_shard6.cpp.obj
[122/670] Building HIP object src/hipconv/src/arch/cdna4/CMakeFiles/hipconv_arch_cdna4.dir/autoshard/depthwise_wgrad_hankel_shard4.cpp.obj
[123/670] Building HIP object src/hipconv/src/arch/cdna5/CMakeFiles/hipconv_arch_cdna5.dir/autoshard/direct_shard7.cpp.obj
[124/670] Building HIP object src/hipconv/src/arch/cdna5/CMakeFiles/hipconv_arch_cdna5.dir/autoshard/grouped_multi_g_shard1.cpp.obj
[125/670] Building HIP object src/hipconv/src/arch/cdna5/CMakeFiles/hipconv_arch_cdna5.dir/autoshard/direct_shard5.cpp.obj
[126/670] Building HIP object src/hipconv/src/arch/cdna4/CMakeFiles/hipconv_arch_cdna4.dir/autoshard/depthwise_wgrad_hankel_shard6.cpp.obj
[127/670] Building HIP object src/hipconv/src/arch/cdna5/CMakeFiles/hipconv_arch_cdna5.dir/autoshard/grouped_multi_g_shard2.cpp.obj
[128/670] Building HIP object src/hipconv/src/arch/cdna5/CMakeFiles/hipconv_arch_cdna5.dir/autoshard/grouped_multi_g_shard3.cpp.obj
[129/670] Building HIP object src/hipconv/src/arch/cdna4/CMakeFiles/hipconv_arch_cdna4.dir/autoshard/depthwise_1d_toeplitz_shard0.cpp.obj
[130/670] Building HIP object src/hipconv/src/arch/cdna5/CMakeFiles/hipconv_arch_cdna5.dir/autoshard/grouped_multi_g_shard5.cpp.obj
[131/670] Building HIP object src/hipconv/src/arch/cdna5/CMakeFiles/hipconv_arch_cdna5.dir/autoshard/grouped_multi_g_wgrad_kernel_table.cpp.obj
[132/670] Building HIP object src/hipconv/src/arch/cdna4/CMakeFiles/hipconv_arch_cdna4.dir/autoshard/depthwise_1d_toeplitz_shard1.cpp.obj
[133/670] Building HIP object src/hipconv/src/arch/cdna5/CMakeFiles/hipconv_arch_cdna5.dir/autoshard/grouped_multi_g_shard7.cpp.obj
[134/670] Building HIP object src/hipconv/src/arch/cdna5/CMakeFiles/hipconv_arch_cdna5.dir/autoshard/grouped_multi_g_shard4.cpp.obj
[135/670] Building HIP object src/hipconv/src/arch/cdna5/CMakeFiles/hipconv_arch_cdna5.dir/autoshard/grouped_multi_g_wgrad_shard1.cpp.obj
[136/670] Building HIP object src/hipconv/src/arch/cdna5/CMakeFiles/hipconv_arch_cdna5.dir/autoshard/grouped_multi_g_wgrad_shard0.cpp.obj
[137/670] Building HIP object src/hipconv/src/arch/cdna5/CMakeFiles/hipconv_arch_cdna5.dir/autoshard/grouped_multi_g_wgrad_shard3.cpp.obj
[138/670] Building HIP object src/hipconv/src/arch/cdna4/CMakeFiles/hipconv_arch_cdna4.dir/autoshard/depthwise_1d_toeplitz_shard4.cpp.obj
[139/670] Building HIP object src/hipconv/src/arch/cdna4/CMakeFiles/hipconv_arch_cdna4.dir/autoshard/depthwise_1d_toeplitz_shard3.cpp.obj
[140/670] Building HIP object src/hipconv/src/arch/cdna5/CMakeFiles/hipconv_arch_cdna5.dir/autoshard/grouped_multi_g_wgrad_shard4.cpp.obj
[141/670] Building HIP object src/hipconv/src/arch/cdna5/CMakeFiles/hipconv_arch_cdna5.dir/autoshard/depthwise_1d_toeplitz_kernel_table.cpp.obj
[142/670] Building HIP object src/hipconv/src/arch/cdna5/CMakeFiles/hipconv_arch_cdna5.dir/autoshard/grouped_multi_g_shard6.cpp.obj
[143/670] Building HIP object src/hipconv/src/arch/cdna5/CMakeFiles/hipconv_arch_cdna5.dir/autoshard/grouped_multi_g_wgrad_shard2.cpp.obj
[144/670] Building HIP object src/hipconv/src/arch/cdna5/CMakeFiles/hipconv_arch_cdna5.dir/autoshard/grouped_multi_g_wgrad_shard6.cpp.obj
[145/670] Building HIP object src/hipconv/src/arch/cdna4/CMakeFiles/hipconv_arch_cdna4.dir/autoshard/depthwise_1d_toeplitz_shard5.cpp.obj
[146/670] Building HIP object src/hipconv/src/arch/cdna5/CMakeFiles/hipconv_arch_cdna5.dir/autoshard/grouped_multi_g_wgrad_shard7.cpp.obj
[147/670] Linking CXX executable bin\addkernels.exe
[148/670] Building HIP object src/hipconv/src/arch/cdna4/CMakeFiles/hipconv_arch_cdna4.dir/autoshard/depthwise_1d_toeplitz_shard2.cpp.obj
[149/670] Building HIP object src/hipconv/src/arch/cdna5/CMakeFiles/hipconv_arch_cdna5.dir/autoshard/grouped_multi_g_wgrad_shard5.cpp.obj
[150/670] Building HIP object src/hipconv/src/arch/cdna5/CMakeFiles/hipconv_arch_cdna5.dir/autoshard/depthwise_wgrad_hankel_kernel_table.cpp.obj
[151/670] Building HIP object src/hipconv/src/arch/cdna4/CMakeFiles/hipconv_arch_cdna4.dir/autoshard/depthwise_1d_toeplitz_shard6.cpp.obj
[152/670] Building HIP object src/hipconv/src/arch/cdna4/CMakeFiles/hipconv_arch_cdna4.dir/autoshard/depthwise_1d_toeplitz_shard7.cpp.obj
[153/670] Building HIP object src/hipconv/src/arch/cdna5/CMakeFiles/hipconv_arch_cdna5.dir/autoshard/depthwise_wgrad_hankel_shard4.cpp.obj
[154/670] Building HIP object src/hipconv/src/arch/cdna5/CMakeFiles/hipconv_arch_cdna5.dir/autoshard/depthwise_wgrad_hankel_shard5.cpp.obj
[155/670] Building HIP object src/hipconv/src/arch/cdna5/CMakeFiles/hipconv_arch_cdna5.dir/autoshard/depthwise_wgrad_hankel_shard3.cpp.obj
[156/670] Building HIP object src/hipconv/src/arch/cdna5/CMakeFiles/hipconv_arch_cdna5.dir/autoshard/depthwise_wgrad_hankel_shard0.cpp.obj
[157/670] Building HIP object src/hipconv/src/arch/cdna5/CMakeFiles/hipconv_arch_cdna5.dir/autoshard/depthwise_wgrad_hankel_shard6.cpp.obj
[158/670] Building HIP object src/hipconv/src/arch/cdna5/CMakeFiles/hipconv_arch_cdna5.dir/autoshard/depthwise_wgrad_hankel_shard2.cpp.obj
[159/670] Building HIP object src/hipconv/src/arch/cdna5/CMakeFiles/hipconv_arch_cdna5.dir/autoshard/depthwise_wgrad_hankel_shard7.cpp.obj
[160/670] Building HIP object src/hipconv/src/arch/cdna5/CMakeFiles/hipconv_arch_cdna5.dir/autoshard/depthwise_wgrad_hankel_shard1.cpp.obj
[161/670] Building HIP object src/hipconv/src/arch/cdna5/CMakeFiles/hipconv_arch_cdna5.dir/autoshard/depthwise_1d_toeplitz_shard1.cpp.obj
[162/670] Building HIP object src/hipconv/src/arch/cdna5/CMakeFiles/hipconv_arch_cdna5.dir/autoshard/depthwise_1d_toeplitz_shard0.cpp.obj
[163/670] Building HIP object src/hipconv/src/arch/cdna5/CMakeFiles/hipconv_arch_cdna5.dir/autoshard/depthwise_1d_toeplitz_shard3.cpp.obj
[164/670] Building HIP object src/hipconv/src/arch/cdna5/CMakeFiles/hipconv_arch_cdna5.dir/autoshard/depthwise_1d_toeplitz_shard6.cpp.obj
[165/670] Building HIP object src/hipconv/src/arch/cdna5/CMakeFiles/hipconv_arch_cdna5.dir/autoshard/depthwise_1d_toeplitz_shard5.cpp.obj
[166/670] Building HIP object src/hipconv/src/arch/cdna5/CMakeFiles/hipconv_arch_cdna5.dir/autoshard/depthwise_1d_toeplitz_shard2.cpp.obj
[167/670] Building HIP object src/hipconv/src/arch/cdna5/CMakeFiles/hipconv_arch_cdna5.dir/autoshard/depthwise_1d_toeplitz_shard4.cpp.obj
[168/670] Building HIP object src/hipconv/src/arch/cdna5/CMakeFiles/hipconv_arch_cdna5.dir/autoshard/depthwise_1d_toeplitz_shard7.cpp.obj
[169/670] Building HIP object src/hipconv/src/arch/cdna4/CMakeFiles/hipconv_arch_cdna4.dir/autoshard/direct_wgrad_shard6.cpp.obj
In file included from C:/Users/rocm/Desktop/YOLO_AMD/phase5_1_r2_build/miopen/src/hipconv/src/arch/cdna4/autoshard/direct_wgrad_shard6.cpp:2:
In file included from C:/Users/rocm/Desktop/YOLO_AMD/rocm-libraries-phase5.1-r2-candidate/projects/miopen/src/hipconv/src/arch/cdna4\direct/direct_wgrad/kernel.h:11:
In file included from C:/Users/rocm/Desktop/YOLO_AMD/rocm-libraries-phase5.1-r2-candidate/projects/miopen/src/hipconv/src/arch/cdna4\direct/direct_wgrad\epilogue.h:16:
In file included from C:/Users/rocm/Desktop/YOLO_AMD/rocm-libraries-phase5.1-r2-candidate/projects/miopen/src/hipconv/src/arch/cdna4\direct/direct_wgrad\main_loop.h:15:
In file included from C:/Users/rocm/Desktop/YOLO_AMD/rocm-libraries-phase5.1-r2-candidate/projects/miopen/src/hipconv/src/arch/cdna4\direct/direct_wgrad\workgroup_tiles.h:10:
C:/Users/rocm/Desktop/YOLO_AMD/rocm-libraries-phase5.1-r2-candidate/projects/miopen/src/hipconv/src/arch/cdna4\direct/direct_wgrad\row_loader.h:545:7: warning: unknown attribute 'no_unique_address' ignored [-Wunknown-attributes]
  545 |     [[no_unique_address]] std::conditional_t<Tiled, TileState, NoTileState> tile_;
      |       ^~~~~~~~~~~~~~~~~
1 warning generated when compiling for host.
[170/670] Building HIP object src/hipconv/src/arch/cdna4/CMakeFiles/hipconv_arch_cdna4.dir/autoshard/direct_wgrad_shard7.cpp.obj
In file included from C:/Users/rocm/Desktop/YOLO_AMD/phase5_1_r2_build/miopen/src/hipconv/src/arch/cdna4/autoshard/direct_wgrad_shard7.cpp:2:
In file included from C:/Users/rocm/Desktop/YOLO_AMD/rocm-libraries-phase5.1-r2-candidate/projects/miopen/src/hipconv/src/arch/cdna4\direct/direct_wgrad/kernel.h:11:
In file included from C:/Users/rocm/Desktop/YOLO_AMD/rocm-libraries-phase5.1-r2-candidate/projects/miopen/src/hipconv/src/arch/cdna4\direct/direct_wgrad\epilogue.h:16:
In file included from C:/Users/rocm/Desktop/YOLO_AMD/rocm-libraries-phase5.1-r2-candidate/projects/miopen/src/hipconv/src/arch/cdna4\direct/direct_wgrad\main_loop.h:15:
In file included from C:/Users/rocm/Desktop/YOLO_AMD/rocm-libraries-phase5.1-r2-candidate/projects/miopen/src/hipconv/src/arch/cdna4\direct/direct_wgrad\workgroup_tiles.h:10:
C:/Users/rocm/Desktop/YOLO_AMD/rocm-libraries-phase5.1-r2-candidate/projects/miopen/src/hipconv/src/arch/cdna4\direct/direct_wgrad\row_loader.h:545:7: warning: unknown attribute 'no_unique_address' ignored [-Wunknown-attributes]
  545 |     [[no_unique_address]] std::conditional_t<Tiled, TileState, NoTileState> tile_;
      |       ^~~~~~~~~~~~~~~~~
1 warning generated when compiling for host.
[171/670] Building HIP object src/hipconv/src/arch/cdna4/CMakeFiles/hipconv_arch_cdna4.dir/autoshard/direct_wgrad_shard1.cpp.obj
In file included from C:/Users/rocm/Desktop/YOLO_AMD/phase5_1_r2_build/miopen/src/hipconv/src/arch/cdna4/autoshard/direct_wgrad_shard1.cpp:2:
In file included from C:/Users/rocm/Desktop/YOLO_AMD/rocm-libraries-phase5.1-r2-candidate/projects/miopen/src/hipconv/src/arch/cdna4\direct/direct_wgrad/kernel.h:11:
In file included from C:/Users/rocm/Desktop/YOLO_AMD/rocm-libraries-phase5.1-r2-candidate/projects/miopen/src/hipconv/src/arch/cdna4\direct/direct_wgrad\epilogue.h:16:
In file included from C:/Users/rocm/Desktop/YOLO_AMD/rocm-libraries-phase5.1-r2-candidate/projects/miopen/src/hipconv/src/arch/cdna4\direct/direct_wgrad\main_loop.h:15:
In file included from C:/Users/rocm/Desktop/YOLO_AMD/rocm-libraries-phase5.1-r2-candidate/projects/miopen/src/hipconv/src/arch/cdna4\direct/direct_wgrad\workgroup_tiles.h:10:
C:/Users/rocm/Desktop/YOLO_AMD/rocm-libraries-phase5.1-r2-candidate/projects/miopen/src/hipconv/src/arch/cdna4\direct/direct_wgrad\row_loader.h:545:7: warning: unknown attribute 'no_unique_address' ignored [-Wunknown-attributes]
  545 |     [[no_unique_address]] std::conditional_t<Tiled, TileState, NoTileState> tile_;
      |       ^~~~~~~~~~~~~~~~~
1 warning generated when compiling for host.
[172/670] Building HIP object src/hipconv/src/arch/cdna4/CMakeFiles/hipconv_arch_cdna4.dir/autoshard/direct_wgrad_shard0.cpp.obj
In file included from C:/Users/rocm/Desktop/YOLO_AMD/phase5_1_r2_build/miopen/src/hipconv/src/arch/cdna4/autoshard/direct_wgrad_shard0.cpp:2:
In file included from C:/Users/rocm/Desktop/YOLO_AMD/rocm-libraries-phase5.1-r2-candidate/projects/miopen/src/hipconv/src/arch/cdna4\direct/direct_wgrad/kernel.h:11:
In file included from C:/Users/rocm/Desktop/YOLO_AMD/rocm-libraries-phase5.1-r2-candidate/projects/miopen/src/hipconv/src/arch/cdna4\direct/direct_wgrad\epilogue.h:16:
In file included from C:/Users/rocm/Desktop/YOLO_AMD/rocm-libraries-phase5.1-r2-candidate/projects/miopen/src/hipconv/src/arch/cdna4\direct/direct_wgrad\main_loop.h:15:
In file included from C:/Users/rocm/Desktop/YOLO_AMD/rocm-libraries-phase5.1-r2-candidate/projects/miopen/src/hipconv/src/arch/cdna4\direct/direct_wgrad\workgroup_tiles.h:10:
C:/Users/rocm/Desktop/YOLO_AMD/rocm-libraries-phase5.1-r2-candidate/projects/miopen/src/hipconv/src/arch/cdna4\direct/direct_wgrad\row_loader.h:545:7: warning: unknown attribute 'no_unique_address' ignored [-Wunknown-attributes]
  545 |     [[no_unique_address]] std::conditional_t<Tiled, TileState, NoTileState> tile_;
      |       ^~~~~~~~~~~~~~~~~
1 warning generated when compiling for host.
[173/670] Building HIP object src/hipconv/src/arch/cdna4/CMakeFiles/hipconv_arch_cdna4.dir/autoshard/direct_wgrad_shard4.cpp.obj
In file included from C:/Users/rocm/Desktop/YOLO_AMD/phase5_1_r2_build/miopen/src/hipconv/src/arch/cdna4/autoshard/direct_wgrad_shard4.cpp:2:
In file included from C:/Users/rocm/Desktop/YOLO_AMD/rocm-libraries-phase5.1-r2-candidate/projects/miopen/src/hipconv/src/arch/cdna4\direct/direct_wgrad/kernel.h:11:
In file included from C:/Users/rocm/Desktop/YOLO_AMD/rocm-libraries-phase5.1-r2-candidate/projects/miopen/src/hipconv/src/arch/cdna4\direct/direct_wgrad\epilogue.h:16:
In file included from C:/Users/rocm/Desktop/YOLO_AMD/rocm-libraries-phase5.1-r2-candidate/projects/miopen/src/hipconv/src/arch/cdna4\direct/direct_wgrad\main_loop.h:15:
In file included from C:/Users/rocm/Desktop/YOLO_AMD/rocm-libraries-phase5.1-r2-candidate/projects/miopen/src/hipconv/src/arch/cdna4\direct/direct_wgrad\workgroup_tiles.h:10:
C:/Users/rocm/Desktop/YOLO_AMD/rocm-libraries-phase5.1-r2-candidate/projects/miopen/src/hipconv/src/arch/cdna4\direct/direct_wgrad\row_loader.h:545:7: warning: unknown attribute 'no_unique_address' ignored [-Wunknown-attributes]
  545 |     [[no_unique_address]] std::conditional_t<Tiled, TileState, NoTileState> tile_;
      |       ^~~~~~~~~~~~~~~~~
1 warning generated when compiling for host.
[174/670] Building HIP object src/hipconv/src/arch/cdna4/CMakeFiles/hipconv_arch_cdna4.dir/autoshard/direct_wgrad_shard5.cpp.obj
In file included from C:/Users/rocm/Desktop/YOLO_AMD/phase5_1_r2_build/miopen/src/hipconv/src/arch/cdna4/autoshard/direct_wgrad_shard5.cpp:2:
In file included from C:/Users/rocm/Desktop/YOLO_AMD/rocm-libraries-phase5.1-r2-candidate/projects/miopen/src/hipconv/src/arch/cdna4\direct/direct_wgrad/kernel.h:11:
In file included from C:/Users/rocm/Desktop/YOLO_AMD/rocm-libraries-phase5.1-r2-candidate/projects/miopen/src/hipconv/src/arch/cdna4\direct/direct_wgrad\epilogue.h:16:
In file included from C:/Users/rocm/Desktop/YOLO_AMD/rocm-libraries-phase5.1-r2-candidate/projects/miopen/src/hipconv/src/arch/cdna4\direct/direct_wgrad\main_loop.h:15:
In file included from C:/Users/rocm/Desktop/YOLO_AMD/rocm-libraries-phase5.1-r2-candidate/projects/miopen/src/hipconv/src/arch/cdna4\direct/direct_wgrad\workgroup_tiles.h:10:
C:/Users/rocm/Desktop/YOLO_AMD/rocm-libraries-phase5.1-r2-candidate/projects/miopen/src/hipconv/src/arch/cdna4\direct/direct_wgrad\row_loader.h:545:7: warning: unknown attribute 'no_unique_address' ignored [-Wunknown-attributes]
  545 |     [[no_unique_address]] std::conditional_t<Tiled, TileState, NoTileState> tile_;
      |       ^~~~~~~~~~~~~~~~~
1 warning generated when compiling for host.
[175/670] Building HIP object src/hipconv/src/arch/cdna4/CMakeFiles/hipconv_arch_cdna4.dir/autoshard/direct_wgrad_shard2.cpp.obj
In file included from C:/Users/rocm/Desktop/YOLO_AMD/phase5_1_r2_build/miopen/src/hipconv/src/arch/cdna4/autoshard/direct_wgrad_shard2.cpp:2:
In file included from C:/Users/rocm/Desktop/YOLO_AMD/rocm-libraries-phase5.1-r2-candidate/projects/miopen/src/hipconv/src/arch/cdna4\direct/direct_wgrad/kernel.h:11:
In file included from C:/Users/rocm/Desktop/YOLO_AMD/rocm-libraries-phase5.1-r2-candidate/projects/miopen/src/hipconv/src/arch/cdna4\direct/direct_wgrad\epilogue.h:16:
In file included from C:/Users/rocm/Desktop/YOLO_AMD/rocm-libraries-phase5.1-r2-candidate/projects/miopen/src/hipconv/src/arch/cdna4\direct/direct_wgrad\main_loop.h:15:
In file included from C:/Users/rocm/Desktop/YOLO_AMD/rocm-libraries-phase5.1-r2-candidate/projects/miopen/src/hipconv/src/arch/cdna4\direct/direct_wgrad\workgroup_tiles.h:10:
C:/Users/rocm/Desktop/YOLO_AMD/rocm-libraries-phase5.1-r2-candidate/projects/miopen/src/hipconv/src/arch/cdna4\direct/direct_wgrad\row_loader.h:545:7: warning: unknown attribute 'no_unique_address' ignored [-Wunknown-attributes]
  545 |     [[no_unique_address]] std::conditional_t<Tiled, TileState, NoTileState> tile_;
      |       ^~~~~~~~~~~~~~~~~
1 warning generated when compiling for host.
[176/670] Building HIP object src/hipconv/src/arch/cdna4/CMakeFiles/hipconv_arch_cdna4.dir/autoshard/direct_wgrad_shard3.cpp.obj
In file included from C:/Users/rocm/Desktop/YOLO_AMD/phase5_1_r2_build/miopen/src/hipconv/src/arch/cdna4/autoshard/direct_wgrad_shard3.cpp:2:
In file included from C:/Users/rocm/Desktop/YOLO_AMD/rocm-libraries-phase5.1-r2-candidate/projects/miopen/src/hipconv/src/arch/cdna4\direct/direct_wgrad/kernel.h:11:
In file included from C:/Users/rocm/Desktop/YOLO_AMD/rocm-libraries-phase5.1-r2-candidate/projects/miopen/src/hipconv/src/arch/cdna4\direct/direct_wgrad\epilogue.h:16:
In file included from C:/Users/rocm/Desktop/YOLO_AMD/rocm-libraries-phase5.1-r2-candidate/projects/miopen/src/hipconv/src/arch/cdna4\direct/direct_wgrad\main_loop.h:15:
In file included from C:/Users/rocm/Desktop/YOLO_AMD/rocm-libraries-phase5.1-r2-candidate/projects/miopen/src/hipconv/src/arch/cdna4\direct/direct_wgrad\workgroup_tiles.h:10:
C:/Users/rocm/Desktop/YOLO_AMD/rocm-libraries-phase5.1-r2-candidate/projects/miopen/src/hipconv/src/arch/cdna4\direct/direct_wgrad\row_loader.h:545:7: warning: unknown attribute 'no_unique_address' ignored [-Wunknown-attributes]
  545 |     [[no_unique_address]] std::conditional_t<Tiled, TileState, NoTileState> tile_;
      |       ^~~~~~~~~~~~~~~~~
1 warning generated when compiling for host.
[177/670] Linking HIP static library lib\hipconv.lib
[178/670] Inlining kernels batch #10
[179/670] Inlining kernels batch #13
[180/670] Inlining kernels batch #3
[181/670] Inlining kernels batch #4
[182/670] Inlining kernels batch #7
[183/670] Inlining kernels batch #0
[184/670] Inlining kernels batch #6
[185/670] Inlining kernels batch #1
[186/670] Inlining kernels batch #12
[187/670] Inlining kernels batch #29
[188/670] Inlining kernels batch #26
[189/670] Inlining kernels batch #23
[190/670] Inlining kernels batch #17
[191/670] Inlining kernels batch #14
[192/670] Inlining kernels batch #15
[193/670] Inlining kernels batch #9
[194/670] Inlining kernels batch #19
[195/670] Inlining kernels batch #22
[196/670] Inlining kernels batch #11
[197/670] Inlining kernels batch #16
[198/670] Inlining kernels batch #24
[199/670] Inlining kernels batch #8
[200/670] Inlining kernels batch #5
[201/670] Inlining kernels batch #21
[202/670] Inlining kernels batch #2
[203/670] Inlining kernels batch #28
[204/670] Inlining kernels batch #25
[205/670] Inlining kernels batch #32
[206/670] Inlining kernels batch #27
[207/670] Inlining kernels batch #18
[208/670] Inlining kernels batch #20
[209/670] Inlining kernels batch #31
[210/670] Inlining kernels batch #33
[211/670] Inlining kernels batch #30
[212/670] Inlining kernels batch #34
[213/670] Inlining kernels batch #35
[214/670] Inlining kernels batch #36
[215/670] Inlining kernels batch #38
[216/670] Inlining kernels batch #39
[217/670] Inlining kernels batch #46
[218/670] Inlining kernels batch #44
[219/670] Inlining kernels batch #37
[220/670] Inlining kernels batch #47
[221/670] Inlining kernels batch #43
[222/670] Inlining kernels batch #40
[223/670] Inlining kernels batch #42
[224/670] Inlining kernels batch #45
[225/670] Inlining kernels batch #53
[226/670] Inlining kernels batch #48
[227/670] Inlining kernels batch #58
[228/670] Inlining kernels batch #59
[229/670] Inlining kernels batch #54
[230/670] Inlining kernels batch #41
[231/670] Inlining kernels batch #61
[232/670] Inlining kernels batch #49
[233/670] Inlining kernels batch #55
[234/670] Inlining kernels batch #60
[235/670] Inlining kernels batch #64
[236/670] Inlining kernels batch #57
[237/670] Inlining kernels batch #56
[238/670] Inlining kernels batch #62
[239/670] Inlining kernels batch #52
[240/670] Inlining kernels batch #51
[241/670] Inlining kernels batch #50
[242/670] Inlining kernels batch #63
[243/670] Inlining kernels batch #65
[244/670] Inlining kernels batch #83
[245/670] Inlining kernels batch #86 (includes)
[246/670] Inlining kernels batch #87 (includes)
[247/670] Inlining kernels batch #88 (includes)
[248/670] Inlining kernels batch #66
[249/670] Inlining kernels batch #67
[250/670] Inlining kernels batch #68
[251/670] Inlining kernels batch #69
[252/670] Inlining kernels batch #70
[253/670] Inlining kernels batch #71
[254/670] Inlining kernels batch #72
[255/670] Inlining kernels batch #73
[256/670] Inlining kernels batch #84
[257/670] Inlining kernels batch #77
[258/670] Inlining kernels batch #75
[259/670] Inlining kernels batch #74
[260/670] Inlining kernels batch #78
[261/670] Inlining kernels batch #76
[262/670] Inlining kernels batch #79
[263/670] Inlining kernels batch #82
[264/670] Inlining kernels batch #91 (includes)
[265/670] Inlining kernels batch #81
[266/670] Inlining kernels batch #80
[267/670] Inlining kernels batch #89 (includes)
[268/670] Inlining kernels batch #90 (includes)
[269/670] Inlining kernels batch #85
[270/670] Building CXX object src/CMakeFiles/MIOpen.dir/activ/problem_description.cpp.obj
[271/670] Building CXX object src/CMakeFiles/MIOpen.dir/adam/problem_description.cpp.obj
[272/670] Building CXX object src/CMakeFiles/MIOpen.dir/buffer_info.cpp.obj
[273/670] Building CXX object src/CMakeFiles/MIOpen.dir/cat/problem_description.cpp.obj
[274/670] Building CXX object src/CMakeFiles/MIOpen.dir/demangle.cpp.obj
[275/670] Building CXX object src/CMakeFiles/MIOpen.dir/conv_algo_name.cpp.obj
[276/670] Building CXX object src/CMakeFiles/MIOpen.dir/env_debug.cpp.obj
[277/670] Building CXX object src/CMakeFiles/MIOpen.dir/db_record.cpp.obj
[278/670] Building CXX object src/CMakeFiles/MIOpen.dir/batch_norm.cpp.obj
[279/670] Building CXX object src/CMakeFiles/MIOpen.dir/__/kernel_includes.cpp.obj
[280/670] Building CXX object src/CMakeFiles/MIOpen.dir/fin/fin_interface.cpp.obj
[281/670] Building CXX object src/CMakeFiles/MIOpen.dir/api/tuning.cpp.obj
[282/670] Building CXX object src/CMakeFiles/MIOpen.dir/addlayernorm_api.cpp.obj
[283/670] Building CXX object src/CMakeFiles/MIOpen.dir/conv/kernel_interface/winograd_kernel_interface.cpp.obj
[284/670] Building CXX object src/CMakeFiles/MIOpen.dir/check_numerics.cpp.obj
[285/670] Building CXX object src/CMakeFiles/MIOpen.dir/activ_api.cpp.obj
[286/670] Building CXX object src/CMakeFiles/MIOpen.dir/conv/invokers/wrw_rdc.cpp.obj
[287/670] Building CXX object src/CMakeFiles/MIOpen.dir/cat_api.cpp.obj
[288/670] Building CXX object src/CMakeFiles/MIOpen.dir/__/kernel.cpp.obj
[289/670] Building CXX object src/CMakeFiles/MIOpen.dir/adam_api.cpp.obj
[290/670] Building CXX object src/CMakeFiles/MIOpen.dir/conv/invokers/gcn_asm_1x1u.cpp.obj
[291/670] Building CXX object src/CMakeFiles/MIOpen.dir/conv/invokers/gen_x_w_y_pad.cpp.obj
[292/670] Building CXX object src/CMakeFiles/MIOpen.dir/db.cpp.obj
[293/670] Building CXX object src/CMakeFiles/MIOpen.dir/conv/invokers/gcn_asm_1x1u_us.cpp.obj
[294/670] Building CXX object src/CMakeFiles/MIOpen.dir/conv/invokers/gcn_asm_1x1u_ss.cpp.obj
[295/670] Building CXX object src/CMakeFiles/MIOpen.dir/conv/invokers/gcn_asm_wino.cpp.obj
[296/670] Building CXX object src/CMakeFiles/MIOpen.dir/env.cpp.obj
[297/670] Building CXX object src/CMakeFiles/MIOpen.dir/conv/invokers/impl_gemm.cpp.obj
[298/670] Building CXX object src/CMakeFiles/MIOpen.dir/filesystem_checker.cpp.obj
[299/670] Building CXX object src/CMakeFiles/MIOpen.dir/conv/problem_description.cpp.obj
[300/670] Building CXX object src/CMakeFiles/MIOpen.dir/dropout.cpp.obj
[301/670] Building CXX object src/CMakeFiles/MIOpen.dir/ctc_api.cpp.obj
[302/670] Building CXX object src/CMakeFiles/MIOpen.dir/expanduser.cpp.obj
[303/670] Building CXX object src/CMakeFiles/MIOpen.dir/batchnorm/problem_description.cpp.obj
[304/670] Building CXX object src/CMakeFiles/MIOpen.dir/batch_norm_api.cpp.obj
[305/670] Building CXX object src/CMakeFiles/MIOpen.dir/groupnorm/problem_description.cpp.obj
[306/670] Building CXX object src/CMakeFiles/MIOpen.dir/ctc.cpp.obj
[307/670] Building CXX object src/CMakeFiles/MIOpen.dir/dropout_api.cpp.obj
[308/670] Building CXX object src/CMakeFiles/MIOpen.dir/glu/problem_description.cpp.obj
[309/670] Building CXX object src/CMakeFiles/MIOpen.dir/driver_arguments.cpp.obj
[310/670] Building CXX object src/CMakeFiles/MIOpen.dir/kthvalue/problem_description.cpp.obj
[311/670] Building CXX object src/CMakeFiles/MIOpen.dir/getitem/problem_description.cpp.obj
[312/670] Building CXX object src/CMakeFiles/MIOpen.dir/kernel_build_params.cpp.obj
[313/670] Building CXX object src/CMakeFiles/MIOpen.dir/invoker_cache.cpp.obj
[314/670] Building CXX object src/CMakeFiles/MIOpen.dir/execution_context.cpp.obj
[315/670] Building CXX object src/CMakeFiles/MIOpen.dir/handle_api.cpp.obj
[316/670] Building CXX object src/CMakeFiles/MIOpen.dir/glu_api.cpp.obj
[317/670] Building CXX object src/CMakeFiles/MIOpen.dir/kernel_warnings.cpp.obj
[318/670] Building CXX object src/CMakeFiles/MIOpen.dir/groupnorm_api.cpp.obj
[319/670] Building CXX object src/CMakeFiles/MIOpen.dir/load_file.cpp.obj
[320/670] Building CXX object src/CMakeFiles/MIOpen.dir/performance_config.cpp.obj
[321/670] Building CXX object src/CMakeFiles/MIOpen.dir/generic_search.cpp.obj
[322/670] Building CXX object src/CMakeFiles/MIOpen.dir/multimarginloss/problem_description.cpp.obj
[323/670] Building CXX object src/CMakeFiles/MIOpen.dir/conv/solver_finders.cpp.obj
[324/670] Building CXX object src/CMakeFiles/MIOpen.dir/mha/problem_description.cpp.obj
[325/670] Building CXX object src/CMakeFiles/MIOpen.dir/kthvalue_api.cpp.obj
[326/670] Building CXX object src/CMakeFiles/MIOpen.dir/find_controls.cpp.obj
[327/670] Building CXX object src/CMakeFiles/MIOpen.dir/getitem_api.cpp.obj
[328/670] Building CXX object src/CMakeFiles/MIOpen.dir/logger.cpp.obj
[329/670] Building CXX object src/CMakeFiles/MIOpen.dir/layernorm_api.cpp.obj
[330/670] Building CXX object src/CMakeFiles/MIOpen.dir/prelu/problem_description.cpp.obj
[331/670] Building CXX object src/CMakeFiles/MIOpen.dir/mha/mha_descriptor.cpp.obj
[332/670] Building CXX object src/CMakeFiles/MIOpen.dir/gpu_conv_reference.cpp.obj
[333/670] Building CXX object src/CMakeFiles/MIOpen.dir/process.cpp.obj
[334/670] Building CXX object src/CMakeFiles/MIOpen.dir/lrn_api.cpp.obj
[335/670] Building CXX object src/CMakeFiles/MIOpen.dir/lock_file.cpp.obj
[336/670] Building CXX object src/CMakeFiles/MIOpen.dir/op_args.cpp.obj
[337/670] Building CXX object src/CMakeFiles/MIOpen.dir/find_db.cpp.obj
[338/670] Building CXX object src/CMakeFiles/MIOpen.dir/reduce/problem_description.cpp.obj
[339/670] Building CXX object src/CMakeFiles/MIOpen.dir/operator.cpp.obj
[340/670] Building CXX object src/CMakeFiles/MIOpen.dir/readonlyramdb.cpp.obj
[341/670] Building CXX object src/CMakeFiles/MIOpen.dir/conv/invokers/impl_gemm_dynamic.cpp.obj
[342/670] Building CXX object src/CMakeFiles/MIOpen.dir/multimarginloss_api.cpp.obj
[343/670] Building CXX object src/CMakeFiles/MIOpen.dir/fused_api.cpp.obj
[344/670] Building CXX object src/CMakeFiles/MIOpen.dir/prelu_api.cpp.obj
[345/670] Building CXX object src/CMakeFiles/MIOpen.dir/layernorm/problem_description.cpp.obj
[346/670] Building CXX object src/CMakeFiles/MIOpen.dir/api/find2_0_commons.cpp.obj
[347/670] Building CXX object src/CMakeFiles/MIOpen.dir/convolution_api.cpp.obj
[348/670] Building CXX object src/CMakeFiles/MIOpen.dir/reduceextreme_api.cpp.obj
[349/670] Building CXX object src/CMakeFiles/MIOpen.dir/ramdb.cpp.obj
[350/670] Building CXX object src/CMakeFiles/MIOpen.dir/pooling_api.cpp.obj
[351/670] Building CXX object src/CMakeFiles/MIOpen.dir/pooling/problem_description.cpp.obj
[352/670] Building CXX object src/CMakeFiles/MIOpen.dir/reducecalculation_api.cpp.obj
[353/670] Building CXX object src/CMakeFiles/MIOpen.dir/reducetensor_api.cpp.obj
[354/670] Building CXX object src/CMakeFiles/MIOpen.dir/rope/problem_description.cpp.obj
[355/670] Building CXX object src/CMakeFiles/MIOpen.dir/rnn/Solutions/rnn_transformer.cpp.obj
[356/670] Building CXX object src/CMakeFiles/MIOpen.dir/rnn.cpp.obj
[357/670] Building CXX object src/CMakeFiles/MIOpen.dir/softmarginloss/problem_description.cpp.obj
[358/670] Building CXX object src/CMakeFiles/MIOpen.dir/fusion/problem_description.cpp.obj
[359/670] Building CXX object src/CMakeFiles/MIOpen.dir/reducetensor.cpp.obj
[360/670] Building CXX object src/CMakeFiles/MIOpen.dir/convolution.cpp.obj
[361/670] Building CXX object src/CMakeFiles/MIOpen.dir/rnn/rnn_util.cpp.obj
[362/670] Building CXX object src/CMakeFiles/MIOpen.dir/rope_api.cpp.obj
[363/670] Building CXX object src/CMakeFiles/MIOpen.dir/rnn/Solutions/Base/bw_weights_modular.cpp.obj
[364/670] Building CXX object src/CMakeFiles/MIOpen.dir/scalar.cpp.obj
[365/670] Building CXX object src/CMakeFiles/MIOpen.dir/rnn/selector.cpp.obj
[366/670] Building CXX object src/CMakeFiles/MIOpen.dir/softmarginloss_api.cpp.obj
[367/670] Building CXX object src/CMakeFiles/MIOpen.dir/rnn/Solutions/fwd_s_stream.cpp.obj
[368/670] Building CXX object src/CMakeFiles/MIOpen.dir/softmax_api.cpp.obj
[369/670] Building CXX object src/CMakeFiles/MIOpen.dir/rnn/Solutions/bwd_multi_stream.cpp.obj
[370/670] Building CXX object src/CMakeFiles/MIOpen.dir/rnn/Solutions/Base/bw_data_modular.cpp.obj
[371/670] Building CXX object src/CMakeFiles/MIOpen.dir/rnn/Solutions/bww_s_steam.cpp.obj
[372/670] Building CXX object src/CMakeFiles/MIOpen.dir/rnn/Solutions/bwd_s_stream.cpp.obj
[373/670] Building CXX object src/CMakeFiles/MIOpen.dir/rnn/Solutions/Base/fw_data_modular.cpp.obj
[374/670] Building CXX object src/CMakeFiles/MIOpen.dir/rnn/Solutions/bww_multi_stream.cpp.obj
[375/670] Building CXX object src/CMakeFiles/MIOpen.dir/softmax/problem_description.cpp.obj
[376/670] Building CXX object src/CMakeFiles/MIOpen.dir/solver/activ/bwd_0.cpp.obj
[377/670] Building CXX object src/CMakeFiles/MIOpen.dir/rnn_api.cpp.obj
[378/670] Building CXX object src/CMakeFiles/MIOpen.dir/solver/activ/fwd_0.cpp.obj
[379/670] Building CXX object src/CMakeFiles/MIOpen.dir/solver/activ/fwd_1.cpp.obj
[380/670] Building CXX object src/CMakeFiles/MIOpen.dir/solver/activ/bwd_1.cpp.obj
[381/670] Building CXX object src/CMakeFiles/MIOpen.dir/solver/adam/adam.cpp.obj
[382/670] Building CXX object src/CMakeFiles/MIOpen.dir/solver/adam/transformers_adam_w.cpp.obj
[383/670] Building CXX object src/CMakeFiles/MIOpen.dir/solver/cat/forward_cat.cpp.obj
[384/670] Building CXX object src/CMakeFiles/MIOpen.dir/solver/batchnorm/backward_per_activation.cpp.obj
[385/670] Building CXX object src/CMakeFiles/MIOpen.dir/solver/batchnorm/forward_inference.cpp.obj
[386/670] Building CXX object src/CMakeFiles/MIOpen.dir/solver/batchnorm/forward_per_activation.cpp.obj
[387/670] Building CXX object src/CMakeFiles/MIOpen.dir/solver/conv/conv_asm_5x10u2v2b1.cpp.obj
[388/670] Building CXX object src/CMakeFiles/MIOpen.dir/fusion.cpp.obj
[389/670] Building CXX object src/CMakeFiles/MIOpen.dir/solver/conv/conv_asm_5x10u2v2f1.cpp.obj
[390/670] Building CXX object src/CMakeFiles/MIOpen.dir/solver/conv/conv_asm_7x7c3h224w224k64u2v2p3q3f1.cpp.obj
[391/670] Building CXX object src/CMakeFiles/MIOpen.dir/softmax.cpp.obj
[392/670] Building CXX object src/CMakeFiles/MIOpen.dir/problem.cpp.obj
[393/670] Building CXX object src/CMakeFiles/MIOpen.dir/solver/batchnorm/backward_spatial.cpp.obj
[394/670] Building CXX object src/CMakeFiles/MIOpen.dir/solver/batchnorm/forward_inference_fused.cpp.obj
[395/670] Building CXX object src/CMakeFiles/MIOpen.dir/solver/batchnorm/backward_per_activation_fused.cpp.obj
[396/670] Building CXX object src/CMakeFiles/MIOpen.dir/solver/batchnorm/forward_per_activation_fused.cpp.obj
[397/670] Building CXX object src/CMakeFiles/MIOpen.dir/solver/conv/conv_asm_implicit_gemm_gtc_perf_config.cpp.obj
[398/670] Building CXX object src/CMakeFiles/MIOpen.dir/solver/conv/conv_asm_implicit_gemm_bwd_v4r1_dynamic.cpp.obj
[399/670] Building CXX object src/CMakeFiles/MIOpen.dir/solver/conv/conv_asm_1x1u_stride2.cpp.obj
[400/670] Building CXX object src/CMakeFiles/MIOpen.dir/solver/batchnorm/forward_spatial.cpp.obj
[401/670] Building CXX object src/CMakeFiles/MIOpen.dir/solver/conv/conv_asm_1x1u.cpp.obj
[402/670] Building CXX object src/CMakeFiles/MIOpen.dir/solver/conv/conv_asm_implicit_gemm_wrw_v4r1_dynamic.cpp.obj
[403/670] Building CXX object src/CMakeFiles/MIOpen.dir/solver/conv/conv_asm_dir_BwdWrW3x3.cpp.obj
[404/670] Building CXX object src/CMakeFiles/MIOpen.dir/solver/conv/conv_asm_implicit_gemm_gtc_bwd.cpp.obj
[405/670] Building CXX object src/CMakeFiles/MIOpen.dir/solver/conv/conv_asm_dir_BwdWrW1x1.cpp.obj
[406/670] Building CXX object src/CMakeFiles/MIOpen.dir/solver/conv/conv_direct_naive_conv_bwd.cpp.obj
[407/670] Building CXX object src/CMakeFiles/MIOpen.dir/solver/conv/conv_bin_winoRxS.cpp.obj
[408/670] Building CXX object src/CMakeFiles/MIOpen.dir/solution.cpp.obj
[409/670] Building CXX object src/CMakeFiles/MIOpen.dir/solver/conv/conv_asm_3x3u.cpp.obj
[410/670] Building CXX object src/CMakeFiles/MIOpen.dir/solver/conv/conv_asm_implicit_gemm_v4r1_dynamic.cpp.obj
[411/670] Building CXX object src/CMakeFiles/MIOpen.dir/solver/conv/conv_asm_implicit_gemm_wrw_gtc_dynamic_xdlops.cpp.obj
[412/670] Building CXX object src/CMakeFiles/MIOpen.dir/solver/conv/conv_direct_naive_conv_fwd.cpp.obj
[413/670] Building CXX object src/CMakeFiles/MIOpen.dir/solver/conv/conv_bin_wino3x3U.cpp.obj
[414/670] Building CXX object src/CMakeFiles/MIOpen.dir/solver/conv/conv_asm_implicit_gemm_gtc_bwd_nhwc.cpp.obj
[415/670] Building CXX object src/CMakeFiles/MIOpen.dir/solver/conv/conv_asm_implicit_gemm_gtc_fwd_nhwc.cpp.obj
[416/670] Building CXX object src/CMakeFiles/MIOpen.dir/solver/conv/conv_asm_implicit_gemm_gtc_fwd_nchwc.cpp.obj
[417/670] Building CXX object src/CMakeFiles/MIOpen.dir/solver/conv/conv_asm_implicit_gemm_gtc_fwd.cpp.obj
[418/670] Building CXX object src/CMakeFiles/MIOpen.dir/solver/conv/conv_direct_naive_conv.cpp.obj
[419/670] Building CXX object src/CMakeFiles/MIOpen.dir/solver/ck_impl_lib_loader.cpp.obj
[420/670] Building CXX object src/CMakeFiles/MIOpen.dir/solver/conv/conv_direct_naive_conv_wrw.cpp.obj
[421/670] Building CXX object src/CMakeFiles/MIOpen.dir/solver/conv/conv_asm_implicit_gemm_gtc_wrw_nhwc.cpp.obj
[422/670] Building CXX object src/CMakeFiles/MIOpen.dir/solver/conv/conv_hip_implicit_gemm_nonxdlops_common.cpp.obj
[423/670] Building CXX object src/CMakeFiles/MIOpen.dir/solver/conv/conv_hip_implicit_gemm_grouped_bwd_xdlops.cpp.obj
[424/670] Building CXX object src/CMakeFiles/MIOpen.dir/solver/conv/conv_hip_implicit_gemm_fwd_v4r4.cpp.obj
[425/670] Building CXX object src/CMakeFiles/MIOpen.dir/solver/conv/conv_hip_implicit_gemm_fwd_v4r5_xdlops.cpp.obj
[426/670] Building CXX object src/CMakeFiles/MIOpen.dir/solver/conv/conv_hip_implicit_gemm_bwd_v4r1_xdlops.cpp.obj
[427/670] Building CXX object src/CMakeFiles/MIOpen.dir/solver/conv/conv_hip_implicit_gemm_bwd_v1r1.cpp.obj
[428/670] Building CXX object src/CMakeFiles/MIOpen.dir/solver/conv/conv_hip_implicit_gemm_fwd_v4r4_xdlops.cpp.obj
[429/670] Building CXX object src/CMakeFiles/MIOpen.dir/solver/conv/conv_hip_implicit_gemm_3d_grouped_bwd_xdlops.cpp.obj
[430/670] Building CXX object src/CMakeFiles/MIOpen.dir/solver/conv/conv_hip_implicit_gemm_3d_grouped_fwd_xdlops.cpp.obj
[431/670] Building CXX object src/CMakeFiles/MIOpen.dir/solver/conv/conv_hip_implicit_gemm_3d_grouped_wrw_xdlops.cpp.obj
[432/670] Building CXX object src/CMakeFiles/MIOpen.dir/solver/conv/conv_mlir_igemm_bwd.cpp.obj
[433/670] Building CXX object src/CMakeFiles/MIOpen.dir/solver/conv/conv_mlir_igemm_fwd.cpp.obj
[434/670] Building CXX object src/CMakeFiles/MIOpen.dir/solver/conv/conv_hip_implicit_gemm_fwd_v4r1.cpp.obj
[435/670] Building CXX object src/CMakeFiles/MIOpen.dir/solver/conv/conv_hip_implicit_gemm_grouped_fwd_xdlops.cpp.obj
[436/670] Building CXX object src/CMakeFiles/MIOpen.dir/solver/conv/conv_hip_implicit_gemm_fwd_v4r4_xdlops_padded_gemm.cpp.obj
[437/670] Building CXX object src/CMakeFiles/MIOpen.dir/solver/conv/conv_hip_implicit_gemm_wrw_v4r4.cpp.obj
[438/670] Building CXX object src/CMakeFiles/MIOpen.dir/solver/conv/conv_mlir_igemm_fwd_xdlops.cpp.obj
[439/670] Building CXX object src/CMakeFiles/MIOpen.dir/solver/conv/conv_hip_dir2D11x11.cpp.obj
[440/670] Building CXX object src/CMakeFiles/MIOpen.dir/solver/conv/conv_hip_implicit_gemm_wrw_v4r4_xdlops_padded_gemm.cpp.obj
[441/670] Building CXX object src/CMakeFiles/MIOpen.dir/solver/conv/conv_hip_implicit_gemm_grouped_wrw_xdlops.cpp.obj
[442/670] Building CXX object src/CMakeFiles/MIOpen.dir/solver/conv/conv_mlir_igemm_wrw_xdlops.cpp.obj
[443/670] Building CXX object src/CMakeFiles/MIOpen.dir/solver/conv/conv_mlir_igemm_wrw.cpp.obj
[444/670] Building CXX object src/CMakeFiles/MIOpen.dir/solver/conv/conv_hip_dir2Dfwd.cpp.obj
[445/670] Building CXX object src/CMakeFiles/MIOpen.dir/solver/conv/conv_mlir_igemm_bwd_xdlops.cpp.obj
[446/670] Building CXX object src/CMakeFiles/MIOpen.dir/solver/conv/conv_hip_dir2D_bwdWrW_53.cpp.obj
[447/670] Building CXX object src/CMakeFiles/MIOpen.dir/solver/conv/conv_hip_implicit_gemm_wrw_v4r4_xdlops.cpp.obj
[448/670] Building CXX object src/CMakeFiles/MIOpen.dir/solver/conv/gemm_common.cpp.obj
[449/670] Building CXX object src/CMakeFiles/MIOpen.dir/solver/conv/conv_hip_dir2Dfwd_exhaustive_search.cpp.obj
[450/670] Building CXX object src/CMakeFiles/MIOpen.dir/solver/conv/fft.cpp.obj
[451/670] Building CXX object src/CMakeFiles/MIOpen.dir/solver/glu/backward_glu.cpp.obj
[452/670] Building CXX object src/CMakeFiles/MIOpen.dir/solver/glu/forward_glu.cpp.obj
[453/670] Building CXX object src/CMakeFiles/MIOpen.dir/solver/conv/conv_wino_fury_RxS.cpp.obj
[454/670] Building CXX object src/CMakeFiles/MIOpen.dir/solver/getitem/backward_getitem.cpp.obj
[455/670] Building CXX object src/CMakeFiles/MIOpen.dir/solver/conv/conv_3d_depthwise_fwd.cpp.obj
[456/670] Building CXX object src/CMakeFiles/MIOpen.dir/solver/kthvalue/forward_kthvalue.cpp.obj
[457/670] Building CXX object src/CMakeFiles/MIOpen.dir/solver/groupnorm/forward_groupnorm.cpp.obj
[458/670] Building CXX object src/CMakeFiles/MIOpen.dir/solver/conv/gemm.cpp.obj
[459/670] Building CXX object src/CMakeFiles/MIOpen.dir/solver/layernorm/common_layernorm.cpp.obj
[460/670] Building CXX object src/CMakeFiles/MIOpen.dir/solver/conv/gemm_wrw.cpp.obj
[461/670] Building CXX object src/CMakeFiles/MIOpen.dir/solver/mha/mha_solver_backward.cpp.obj
[462/670] Building CXX object src/CMakeFiles/MIOpen.dir/solver/layernorm/backward_layernorm.cpp.obj
[463/670] Building CXX object src/CMakeFiles/MIOpen.dir/solver/layernorm/forward_addlayernorm.cpp.obj
[464/670] Building CXX object src/CMakeFiles/MIOpen.dir/solver/conv/gemm_bwd.cpp.obj
[465/670] Building CXX object src/CMakeFiles/MIOpen.dir/solver/multimarginloss/forward_multimarginloss.cpp.obj
[466/670] Building CXX object src/CMakeFiles/MIOpen.dir/solver/layernorm/forward_layernorm.cpp.obj
[467/670] Building CXX object src/CMakeFiles/MIOpen.dir/solver/conv/conv_wino_rage_RxS.cpp.obj
[468/670] Building CXX object src/CMakeFiles/MIOpen.dir/solver/layernorm/forward_t5layernorm.cpp.obj
[469/670] Building CXX object src/CMakeFiles/MIOpen.dir/solver/mha/mha_solver_forward.cpp.obj
[470/670] Building CXX object src/CMakeFiles/MIOpen.dir/solver/layernorm/backward_t5layernorm.cpp.obj
[471/670] Building CXX object src/CMakeFiles/MIOpen.dir/solver/conv/conv_MP_bidirectional_winograd.cpp.obj
[472/670] Building CXX object src/CMakeFiles/MIOpen.dir/solver/conv/conv_winoRxS.cpp.obj
[473/670] Building CXX object src/CMakeFiles/MIOpen.dir/solver/conv_winoRxS_fused.cpp.obj
[474/670] Building CXX object src/CMakeFiles/MIOpen.dir/solver/pooling/forward2d.cpp.obj
[475/670] Building CXX object src/CMakeFiles/MIOpen.dir/solver/conv_asm_1x1u_bias_activ_fused.cpp.obj
[476/670] Building CXX object src/CMakeFiles/MIOpen.dir/solver/prelu/utils.cpp.obj
[477/670] Building CXX object src/CMakeFiles/MIOpen.dir/solver/conv_hip_dir2Dfwd_fused.cpp.obj
[478/670] Building CXX object src/CMakeFiles/MIOpen.dir/solver/prelu/backward_prelu_multi_weights.cpp.obj
[479/670] Building CXX object src/CMakeFiles/MIOpen.dir/solver/pooling/forwardNaive.cpp.obj
[480/670] Building CXX object src/CMakeFiles/MIOpen.dir/solver/pooling/performanceConfig2d.cpp.obj
[481/670] Building CXX object src/CMakeFiles/MIOpen.dir/solver/conv_ck_igemm_grp_fwd_bias_activ_fused.cpp.obj
[482/670] Building CXX object src/CMakeFiles/MIOpen.dir/solver/conv_ck_igemm_fwd_bias_activ_fused.cpp.obj
[483/670] Building CXX object src/CMakeFiles/MIOpen.dir/solver/pooling/backward2d.cpp.obj
[484/670] Building CXX object src/CMakeFiles/MIOpen.dir/solver/conv_ck_igemm_fwd_bias_res_add_activ_fused.cpp.obj
[485/670] Building CXX object src/CMakeFiles/MIOpen.dir/solver/prelu/backward_prelu_single_weight.cpp.obj
[486/670] Building CXX object src/CMakeFiles/MIOpen.dir/solver/reduce/forward_argmin.cpp.obj
[487/670] Building CXX object src/CMakeFiles/MIOpen.dir/solver/pooling/performanceConfigNd.cpp.obj
[488/670] Building CXX object src/CMakeFiles/MIOpen.dir/solver/conv/conv_ck_grouped_conv_fwd.cpp.obj
[489/670] Building CXX object src/CMakeFiles/MIOpen.dir/solver/reduce/forward_max.cpp.obj
[490/670] Building CXX object src/CMakeFiles/MIOpen.dir/solver/rope/backward_rope.cpp.obj
[491/670] Building CXX object src/CMakeFiles/MIOpen.dir/subbuffers.cpp.obj
[492/670] Building CXX object src/CMakeFiles/MIOpen.dir/solver/reduce/forward_argmax.cpp.obj
[493/670] Building CXX object src/CMakeFiles/MIOpen.dir/solver/reduce/forward_sum.cpp.obj
[494/670] Building CXX object src/CMakeFiles/MIOpen.dir/solver/rope/forward_rope.cpp.obj
[495/670] Building CXX object src/CMakeFiles/MIOpen.dir/solver/reduce/forward_min.cpp.obj
[496/670] Building CXX object src/CMakeFiles/MIOpen.dir/solver/reduce/forward_prod.cpp.obj
[497/670] Building CXX object src/CMakeFiles/MIOpen.dir/sysinfo_utils.cpp.obj
[498/670] Building CXX object src/CMakeFiles/MIOpen.dir/solver/conv_ck_igemm_grp_fwd_activ_fused.cpp.obj
[499/670] Building CXX object src/CMakeFiles/MIOpen.dir/solver/pooling/forwardNd.cpp.obj
[500/670] Building CXX object src/CMakeFiles/MIOpen.dir/solver/softmarginloss/backward_softmarginloss.cpp.obj
[501/670] Building CXX object src/CMakeFiles/MIOpen.dir/solver/softmarginloss/forward_softmarginloss.cpp.obj
[502/670] Building CXX object src/CMakeFiles/MIOpen.dir/md5.cpp.obj
[503/670] Building CXX object src/CMakeFiles/MIOpen.dir/solver/pooling/backwardNd.cpp.obj
[504/670] Building CXX object src/CMakeFiles/MIOpen.dir/unique_path.cpp.obj
[505/670] Building CXX object src/CMakeFiles/MIOpen.dir/bz2.cpp.obj
[506/670] Building CXX object src/CMakeFiles/MIOpen.dir/temp_file.cpp.obj
[507/670] Building CXX object src/CMakeFiles/MIOpen.dir/tensorOp/problem_description.cpp.obj
[508/670] Building CXX object src/CMakeFiles/MIOpen.dir/solver/tensorOp/Op1dTensorGeneric.cpp.obj
[509/670] Building CXX object src/CMakeFiles/MIOpen.dir/solver/softmax/attn_softmax.cpp.obj
[510/670] Building CXX object src/CMakeFiles/MIOpen.dir/target_properties.cpp.obj
[511/670] Building CXX object src/CMakeFiles/MIOpen.dir/solver/conv/conv_multipass_wino3x3WrW.cpp.obj
[512/670] Building CXX object src/CMakeFiles/MIOpen.dir/solver/tensorOp/Op2dTensorLite.cpp.obj
[513/670] Building CXX object src/CMakeFiles/MIOpen.dir/solver/softmax/softmax.cpp.obj
[514/670] Building CXX object src/CMakeFiles/MIOpen.dir/solver/tensorOp/Op2dTensorGeneric.cpp.obj
[515/670] Building CXX object src/CMakeFiles/MIOpen.dir/solver/tensorOp/Op4dTensorLite.cpp.obj
[516/670] Building CXX object src/CMakeFiles/MIOpen.dir/tmp_dir.cpp.obj
[517/670] Building CXX object src/CMakeFiles/MIOpen.dir/solver/tensorOp/Op2dTensorSquash.cpp.obj
[518/670] Building CXX object src/CMakeFiles/MIOpen.dir/t5layernorm_api.cpp.obj
[519/670] Building CXX object src/CMakeFiles/MIOpen.dir/exec_utils.cpp.obj
[520/670] Building CXX object src/CMakeFiles/MIOpen.dir/solver/softmax/softmax_noncontiguous.cpp.obj
[521/670] Building CXX object src/CMakeFiles/MIOpen.dir/solver/tensorOp/Op4dTensorGeneric.cpp.obj
[522/670] Building CXX object src/CMakeFiles/MIOpen.dir/transformers_adam_w_api.cpp.obj
[523/670] Building CXX object src/CMakeFiles/MIOpen.dir/solver/tensorOp/Op3dTensorGeneric.cpp.obj
[524/670] Building CXX object src/CMakeFiles/MIOpen.dir/kern_db.cpp.obj
[525/670] Building CXX object src/CMakeFiles/MIOpen.dir/solver/tensorOp/Op5dTensorGeneric.cpp.obj
[526/670] Building CXX object src/CMakeFiles/MIOpen.dir/activ.cpp.obj
[527/670] Building CXX object src/CMakeFiles/MIOpen.dir/binary_cache.cpp.obj
[528/670] Building CXX object src/CMakeFiles/MIOpen.dir/seq_tensor.cpp.obj
[529/670] Building CXX object src/CMakeFiles/MIOpen.dir/solver/tensorOp/OpTensorFwdBias.cpp.obj
[530/670] Building CXX object src/CMakeFiles/MIOpen.dir/tensor_api.cpp.obj
[531/670] Building CXX object src/CMakeFiles/MIOpen.dir/sqlite_db.cpp.obj
[532/670] Building CXX object src/CMakeFiles/MIOpen.dir/hip/gcn_asm_utils.cpp.obj
[533/670] Building CXX object src/CMakeFiles/MIOpen.dir/lrn.cpp.obj
[534/670] Building CXX object src/CMakeFiles/MIOpen.dir/adam.cpp.obj
[535/670] Building CXX object src/CMakeFiles/MIOpen.dir/solver/tensorOp/OpTensorLeadingOnes.cpp.obj
[536/670] Building CXX object src/CMakeFiles/MIOpen.dir/groupnorm.cpp.obj
[537/670] Building CXX object src/CMakeFiles/MIOpen.dir/glu.cpp.obj
[538/670] Building CXX object src/CMakeFiles/MIOpen.dir/kernel_cache.cpp.obj
[539/670] Building CXX object src/CMakeFiles/MIOpen.dir/getitem.cpp.obj
[540/670] Building CXX object src/CMakeFiles/MIOpen.dir/hip/hip_build_utils.cpp.obj
[541/670] Building CXX object src/CMakeFiles/MIOpen.dir/hip/fusionopconvocl.cpp.obj
[542/670] Building CXX object src/CMakeFiles/MIOpen.dir/cat.cpp.obj
[543/670] Building CXX object src/CMakeFiles/MIOpen.dir/kthvalue.cpp.obj
[544/670] Building CXX object src/CMakeFiles/MIOpen.dir/addlayernorm.cpp.obj
[545/670] Building CXX object src/CMakeFiles/MIOpen.dir/multimarginloss.cpp.obj
[546/670] Building CXX object src/CMakeFiles/MIOpen.dir/hip/dropoutocl.cpp.obj
[547/670] Building CXX object src/CMakeFiles/MIOpen.dir/hip/hiperrors.cpp.obj
[548/670] Building CXX object src/CMakeFiles/MIOpen.dir/hip/general_tensor_reorder_sol.cpp.obj
[549/670] Building CXX object src/CMakeFiles/MIOpen.dir/hip/activ_ocl.cpp.obj
[550/670] Building CXX object src/CMakeFiles/MIOpen.dir/hip/fusionopbiasbnactivocl.cpp.obj
[551/670] Building CXX object src/CMakeFiles/MIOpen.dir/hip/mloNorm.cpp.obj
[552/670] Building CXX object src/CMakeFiles/MIOpen.dir/hip/batched_transpose_sol.cpp.obj
[553/670] Building CXX object src/CMakeFiles/MIOpen.dir/hip/lrn_ocl.cpp.obj
[554/670] Building CXX object src/CMakeFiles/MIOpen.dir/hipoc/hipoc_program.cpp.obj
[555/670] Building CXX object src/CMakeFiles/MIOpen.dir/prelu.cpp.obj
[556/670] Building CXX object src/CMakeFiles/MIOpen.dir/__/inlined_kernels/batch_0.cpp.obj
[557/670] Building CXX object src/CMakeFiles/MIOpen.dir/__/db_path.cpp.obj
[558/670] Building CXX object src/CMakeFiles/MIOpen.dir/transformers_adam_w.cpp.obj
[559/670] Building CXX object src/CMakeFiles/MIOpen.dir/reducecalculation.cpp.obj
[560/670] Building CXX object src/CMakeFiles/MIOpen.dir/t5layernorm.cpp.obj
[561/670] Building CXX object src/CMakeFiles/MIOpen.dir/hipoc/hipoc_kernel.cpp.obj
[562/670] Building CXX object src/CMakeFiles/MIOpen.dir/gemm_v2.cpp.obj
[563/670] Building CXX object src/CMakeFiles/MIOpen.dir/hip/utilocl.cpp.obj
[564/670] Building CXX object src/CMakeFiles/MIOpen.dir/hip/batchnormocl.cpp.obj
[565/670] Building CXX object src/CMakeFiles/MIOpen.dir/__/inlined_kernels/batch_3.cpp.obj
[566/670] Building CXX object src/CMakeFiles/MIOpen.dir/reduceextreme.cpp.obj
[567/670] Building CXX object src/CMakeFiles/MIOpen.dir/hip/handlehip.cpp.obj
[568/670] Building CXX object src/CMakeFiles/MIOpen.dir/__/inlined_kernels/batch_1.cpp.obj
[569/670] Building CXX object src/CMakeFiles/MIOpen.dir/hip/rnnocl.cpp.obj
[570/670] Building CXX object src/CMakeFiles/MIOpen.dir/rope.cpp.obj
[571/670] Building CXX object src/CMakeFiles/MIOpen.dir/__/inlined_kernels/batch_4.cpp.obj
[572/670] Building CXX object src/CMakeFiles/MIOpen.dir/softmarginloss.cpp.obj
[573/670] Building CXX object src/CMakeFiles/MIOpen.dir/layernorm.cpp.obj
[574/670] Building CXX object src/CMakeFiles/MIOpen.dir/solver/conv/conv_hipconv.cpp.obj
[575/670] Building CXX object src/CMakeFiles/MIOpen.dir/__/inlined_kernels/batch_7.cpp.obj
[576/670] Building CXX object src/CMakeFiles/MIOpen.dir/__/inlined_kernels/batch_8.cpp.obj
[577/670] Building CXX object src/CMakeFiles/MIOpen.dir/__/inlined_kernels/batch_6.cpp.obj
[578/670] Building CXX object src/CMakeFiles/MIOpen.dir/__/inlined_kernels/batch_5.cpp.obj
[579/670] Building CXX object src/CMakeFiles/MIOpen.dir/__/inlined_kernels/batch_10.cpp.obj
[580/670] Building CXX object src/CMakeFiles/MIOpen.dir/__/inlined_kernels/batch_9.cpp.obj
[581/670] Building CXX object src/CMakeFiles/MIOpen.dir/__/inlined_kernels/batch_13.cpp.obj
[582/670] Building CXX object src/CMakeFiles/MIOpen.dir/__/inlined_kernels/batch_2.cpp.obj
[583/670] Building CXX object src/CMakeFiles/MIOpen.dir/__/inlined_kernels/batch_12.cpp.obj
[584/670] Building CXX object src/CMakeFiles/MIOpen.dir/__/inlined_kernels/batch_14.cpp.obj
[585/670] Building CXX object src/CMakeFiles/MIOpen.dir/hip/convolutionocl.cpp.obj
[586/670] Building CXX object src/CMakeFiles/MIOpen.dir/__/inlined_kernels/batch_11.cpp.obj
[587/670] Building CXX object src/CMakeFiles/MIOpen.dir/__/inlined_kernels/batch_15.cpp.obj
[588/670] Building CXX object src/CMakeFiles/MIOpen.dir/tensor.cpp.obj
[589/670] Building CXX object src/CMakeFiles/MIOpen.dir/__/inlined_kernels/batch_17.cpp.obj
[590/670] Building CXX object src/CMakeFiles/MIOpen.dir/__/inlined_kernels/batch_26.cpp.obj
[591/670] Building CXX object src/CMakeFiles/MIOpen.dir/__/inlined_kernels/batch_24.cpp.obj
[592/670] Building CXX object src/CMakeFiles/MIOpen.dir/__/inlined_kernels/batch_22.cpp.obj
[593/670] Building CXX object src/CMakeFiles/MIOpen.dir/__/inlined_kernels/batch_28.cpp.obj
[594/670] Building CXX object src/CMakeFiles/MIOpen.dir/__/inlined_kernels/batch_32.cpp.obj
[595/670] Building CXX object src/CMakeFiles/MIOpen.dir/__/inlined_kernels/batch_20.cpp.obj
[596/670] Building CXX object src/CMakeFiles/MIOpen.dir/__/inlined_kernels/batch_23.cpp.obj
[597/670] Building CXX object src/CMakeFiles/MIOpen.dir/__/inlined_kernels/batch_29.cpp.obj
[598/670] Building CXX object src/CMakeFiles/MIOpen.dir/__/inlined_kernels/batch_19.cpp.obj
[599/670] Building CXX object src/CMakeFiles/MIOpen.dir/__/inlined_kernels/batch_16.cpp.obj
[600/670] Building CXX object src/CMakeFiles/MIOpen.dir/__/inlined_kernels/batch_25.cpp.obj
[601/670] Building CXX object src/CMakeFiles/MIOpen.dir/__/inlined_kernels/batch_36.cpp.obj
[602/670] Building CXX object src/CMakeFiles/MIOpen.dir/__/inlined_kernels/batch_31.cpp.obj
[603/670] Building CXX object src/CMakeFiles/MIOpen.dir/__/inlined_kernels/batch_27.cpp.obj
[604/670] Building CXX object src/CMakeFiles/MIOpen.dir/__/inlined_kernels/batch_34.cpp.obj
[605/670] Building CXX object src/CMakeFiles/MIOpen.dir/__/inlined_kernels/batch_30.cpp.obj
[606/670] Building CXX object src/CMakeFiles/MIOpen.dir/__/inlined_kernels/batch_21.cpp.obj
[607/670] Building CXX object src/CMakeFiles/MIOpen.dir/__/inlined_kernels/batch_39.cpp.obj
[608/670] Building CXX object src/CMakeFiles/MIOpen.dir/__/inlined_kernels/batch_18.cpp.obj
[609/670] Building CXX object src/CMakeFiles/MIOpen.dir/__/inlined_kernels/batch_35.cpp.obj
[610/670] Building CXX object src/CMakeFiles/MIOpen.dir/__/inlined_kernels/batch_38.cpp.obj
[611/670] Building CXX object src/CMakeFiles/MIOpen.dir/__/inlined_kernels/batch_33.cpp.obj
[612/670] Building CXX object src/CMakeFiles/MIOpen.dir/__/inlined_kernels/batch_37.cpp.obj
[613/670] Building CXX object src/CMakeFiles/MIOpen.dir/__/inlined_kernels/batch_46.cpp.obj
[614/670] Building CXX object src/CMakeFiles/MIOpen.dir/__/inlined_kernels/batch_43.cpp.obj
[615/670] Building CXX object src/CMakeFiles/MIOpen.dir/__/inlined_kernels/batch_47.cpp.obj
[616/670] Building CXX object src/CMakeFiles/MIOpen.dir/__/inlined_kernels/batch_44.cpp.obj
[617/670] Building CXX object src/CMakeFiles/MIOpen.dir/__/inlined_kernels/batch_45.cpp.obj
[618/670] Building CXX object src/CMakeFiles/MIOpen.dir/__/inlined_kernels/batch_41.cpp.obj
[619/670] Building CXX object src/CMakeFiles/MIOpen.dir/__/inlined_kernels/batch_40.cpp.obj
[620/670] Building CXX object src/CMakeFiles/MIOpen.dir/__/inlined_kernels/batch_48.cpp.obj
[621/670] Building CXX object src/CMakeFiles/MIOpen.dir/__/inlined_kernels/batch_42.cpp.obj
[622/670] Building CXX object src/CMakeFiles/MIOpen.dir/__/inlined_kernels/batch_55.cpp.obj
[623/670] Building CXX object src/CMakeFiles/MIOpen.dir/__/inlined_kernels/batch_53.cpp.obj
[624/670] Building CXX object src/CMakeFiles/MIOpen.dir/__/inlined_kernels/batch_54.cpp.obj
[625/670] Building CXX object src/CMakeFiles/MIOpen.dir/__/inlined_kernels/batch_49.cpp.obj
[626/670] Building CXX object src/CMakeFiles/MIOpen.dir/__/inlined_kernels/batch_58.cpp.obj
[627/670] Building CXX object src/CMakeFiles/MIOpen.dir/__/inlined_kernels/batch_59.cpp.obj
[628/670] Building CXX object src/CMakeFiles/MIOpen.dir/__/inlined_kernels/batch_51.cpp.obj
[629/670] Building CXX object src/CMakeFiles/MIOpen.dir/__/inlined_kernels/batch_56.cpp.obj
[630/670] Building CXX object src/CMakeFiles/MIOpen.dir/__/inlined_kernels/batch_83.cpp.obj
[631/670] Building CXX object src/CMakeFiles/MIOpen.dir/__/inlined_kernels/batch_62.cpp.obj
[632/670] Building CXX object src/CMakeFiles/MIOpen.dir/__/inlined_kernels/batch_61.cpp.obj
[633/670] Building CXX object src/CMakeFiles/MIOpen.dir/__/inlined_kernels/batch_52.cpp.obj
[634/670] Building CXX object src/CMakeFiles/MIOpen.dir/__/inlined_kernels/batch_50.cpp.obj
[635/670] Building CXX object src/CMakeFiles/MIOpen.dir/__/inlined_kernels/batch_63.cpp.obj
[636/670] Building CXX object src/CMakeFiles/MIOpen.dir/__/inlined_kernels/batch_65.cpp.obj
[637/670] Building CXX object src/CMakeFiles/MIOpen.dir/__/inlined_kernels/batch_57.cpp.obj
[638/670] Building CXX object src/CMakeFiles/MIOpen.dir/__/inlined_kernels/batch_60.cpp.obj
[639/670] Building CXX object src/CMakeFiles/MIOpen.dir/__/inlined_kernels/batch_87.cpp.obj
[640/670] Building CXX object src/CMakeFiles/MIOpen.dir/__/inlined_kernels/batch_86.cpp.obj
[641/670] Building CXX object src/CMakeFiles/MIOpen.dir/__/inlined_kernels/batch_88.cpp.obj
[642/670] Building CXX object src/CMakeFiles/MIOpen.dir/__/inlined_kernels/batch_67.cpp.obj
[643/670] Building CXX object src/CMakeFiles/MIOpen.dir/__/inlined_kernels/batch_68.cpp.obj
[644/670] Building CXX object src/CMakeFiles/MIOpen.dir/__/inlined_kernels/batch_66.cpp.obj
[645/670] Building CXX object src/CMakeFiles/MIOpen.dir/__/inlined_kernels/batch_69.cpp.obj
[646/670] Building CXX object src/CMakeFiles/MIOpen.dir/__/inlined_kernels/batch_70.cpp.obj
[647/670] Building CXX object src/CMakeFiles/MIOpen.dir/__/inlined_kernels/batch_73.cpp.obj
[648/670] Building CXX object src/CMakeFiles/MIOpen.dir/__/inlined_kernels/batch_71.cpp.obj
[649/670] Building CXX object src/CMakeFiles/MIOpen.dir/__/inlined_kernels/batch_75.cpp.obj
[650/670] Building CXX object src/CMakeFiles/MIOpen.dir/__/inlined_kernels/batch_64.cpp.obj
[651/670] Building CXX object src/CMakeFiles/MIOpen.dir/__/inlined_kernels/batch_77.cpp.obj
[652/670] Building CXX object src/CMakeFiles/MIOpen.dir/__/inlined_kernels/batch_84.cpp.obj
[653/670] Building CXX object src/CMakeFiles/MIOpen.dir/__/inlined_kernels/batch_78.cpp.obj
[654/670] Building CXX object src/CMakeFiles/MIOpen.dir/__/inlined_kernels/batch_76.cpp.obj
[655/670] Building CXX object src/CMakeFiles/MIOpen.dir/__/inlined_kernels/batch_72.cpp.obj
[656/670] Building CXX object src/CMakeFiles/MIOpen.dir/__/inlined_kernels/batch_79.cpp.obj
[657/670] Building CXX object src/CMakeFiles/MIOpen.dir/__/inlined_kernels/batch_74.cpp.obj
[658/670] Building CXX object src/CMakeFiles/MIOpen.dir/comgr.cpp.obj
[659/670] Building CXX object src/CMakeFiles/MIOpen.dir/__/inlined_kernels/batch_81.cpp.obj
[660/670] Building CXX object src/CMakeFiles/MIOpen.dir/__/inlined_kernels/batch_82.cpp.obj
[661/670] Building CXX object src/CMakeFiles/MIOpen.dir/__/inlined_kernels/batch_80.cpp.obj
[662/670] Building CXX object src/CMakeFiles/MIOpen.dir/__/inlined_kernels/batch_91.cpp.obj
[663/670] Building CXX object src/CMakeFiles/MIOpen.dir/__/inlined_kernels/batch_89.cpp.obj
[664/670] Building CXX object src/CMakeFiles/MIOpen.dir/pooling.cpp.obj
[665/670] Building CXX object src/CMakeFiles/MIOpen.dir/__/inlined_kernels/batch_90.cpp.obj
[666/670] Building CXX object src/CMakeFiles/MIOpen.dir/__/inlined_kernels/batch_85.cpp.obj
[667/670] Building CXX object src/CMakeFiles/MIOpen.dir/mlo_dir_conv.cpp.obj
[668/670] Building CXX object src/CMakeFiles/MIOpen.dir/solver.cpp.obj
[669/670] Linking CXX shared library bin\MIOpen.dll
