$ C:\Users\rocm\Desktop\YOLO_AMD\phase3_buildtools\Lib\site-packages\cmake\data\bin\cmake.exe --build C:\Users\rocm\Desktop\YOLO_AMD\phase5_build\miopen --target MIOpen -- -k 0
exit=0
[0/2] Re-checking globbed directories...
[1/722] Building CXX object src/sqlite/CMakeFiles/sqlite_memvfs.dir/memvfs.cpp.obj
[2/722] Inlining rocrand_xorwow.h with all dependencies as C++ source
Successfully created C:/Users/rocm/Desktop/YOLO_AMD/phase5_build/miopen/kernels/rocrand_xorwow_inlined.h
[3/722] Building CXX object src/hipconv/src/arch/cdna4/CMakeFiles/hipconv_arch_cdna4_patch_embed_autoshard.dir/patch_embed_autoshard.cpp.obj
[4/722] Building CXX object src/hipconv/src/arch/cdna4/CMakeFiles/hipconv_arch_cdna4_direct_autoshard.dir/direct_autoshard.cpp.obj
[5/722] Building CXX object src/hipconv/src/arch/cdna5/CMakeFiles/hipconv_arch_cdna5_grouped_multi_g_wgrad_autoshard.dir/grouped_multi_g_wgrad_autoshard.cpp.obj
[6/722] Building CXX object src/hipconv/src/arch/cdna4/CMakeFiles/hipconv_arch_cdna4_direct_l1_autoshard.dir/direct_l1_autoshard.cpp.obj
[7/722] Building CXX object src/hipconv/src/arch/cdna4/CMakeFiles/hipconv_arch_cdna4_depthwise_wgrad_hankel_autoshard.dir/depthwise_wgrad_hankel_autoshard.cpp.obj
[8/722] Building CXX object src/hipconv/src/arch/cdna5/CMakeFiles/hipconv_arch_cdna5_direct_autoshard.dir/direct_autoshard.cpp.obj
[9/722] Building CXX object src/hipconv/src/arch/cdna4/CMakeFiles/hipconv_arch_cdna4_direct_wgrad_autoshard.dir/direct_wgrad_autoshard.cpp.obj
[10/722] Building CXX object src/hipconv/src/arch/cdna5/CMakeFiles/hipconv_arch_cdna5_depthwise_1d_toeplitz_autoshard.dir/depthwise_1d_toeplitz_autoshard.cpp.obj
[11/722] Building CXX object src/hipconv/src/arch/cdna4/CMakeFiles/hipconv_arch_cdna4_depthwise_1d_toeplitz_autoshard.dir/depthwise_1d_toeplitz_autoshard.cpp.obj
[12/722] Building CXX object src/hipconv/src/arch/cdna5/CMakeFiles/hipconv_arch_cdna5_depthwise_wgrad_hankel_autoshard.dir/depthwise_wgrad_hankel_autoshard.cpp.obj
[13/722] Building CXX object src/hipconv/src/arch/cdna5/CMakeFiles/hipconv_arch_cdna5_grouped_multi_g_autoshard.dir/grouped_multi_g_autoshard.cpp.obj
[14/722] Building CXX object src/hipconv/src/arch/cdna4/CMakeFiles/libautoshard.dir/__/__/__/cmake/libautoshard.cpp.obj
[15/722] Linking CXX static library lib\libautoshard.lib
[16/722] Linking CXX executable bin\hipconv_arch_cdna4_direct_autoshard.exe
[17/722] Linking CXX executable bin\hipconv_arch_cdna4_patch_embed_autoshard.exe
[18/722] Linking CXX executable bin\hipconv_arch_cdna4_direct_l1_autoshard.exe
[19/722] Linking CXX executable bin\hipconv_arch_cdna4_direct_wgrad_autoshard.exe
[20/722] Linking CXX executable bin\hipconv_arch_cdna4_depthwise_wgrad_hankel_autoshard.exe
[21/722] Building HIP object src/hipconv/src/arch/cdna3/CMakeFiles/hipconv_arch_cdna3.dir/depthwise_backend.cpp.obj
[22/722] Linking CXX executable bin\hipconv_arch_cdna4_depthwise_1d_toeplitz_autoshard.exe
[23/722] Linking CXX executable bin\hipconv_arch_cdna5_grouped_multi_g_autoshard.exe
[24/722] Linking CXX executable bin\hipconv_arch_cdna5_direct_autoshard.exe
[25/722] Linking CXX executable bin\hipconv_arch_cdna5_grouped_multi_g_wgrad_autoshard.exe
[26/722] Linking CXX executable bin\hipconv_arch_cdna5_depthwise_1d_toeplitz_autoshard.exe
[27/722] Linking CXX executable bin\hipconv_arch_cdna5_depthwise_wgrad_hankel_autoshard.exe
[28/722] Building HIP object src/hipconv/src/arch/cdna3/CMakeFiles/hipconv_arch_cdna3.dir/grouped_backend.cpp.obj
[29/722] Building HIP object src/hipconv/src/arch/cdna3/CMakeFiles/hipconv_arch_cdna3.dir/direct_backend.cpp.obj
[30/722] Generating autoshard/direct_l1_kernel_table.cpp, autoshard/direct_l1_shard0.cpp, autoshard/direct_l1_shard1.cpp, autoshard/direct_l1_shard2.cpp, autoshard/direct_l1_shard3.cpp, autoshard/direct_l1_shard4.cpp, autoshard/direct_l1_shard5.cpp, autoshard/direct_l1_shard6.cpp, autoshard/direct_l1_shard7.cpp
[31/722] Generating autoshard/direct_wgrad_kernel_table.cpp, autoshard/direct_wgrad_shard0.cpp, autoshard/direct_wgrad_shard1.cpp, autoshard/direct_wgrad_shard2.cpp, autoshard/direct_wgrad_shard3.cpp, autoshard/direct_wgrad_shard4.cpp, autoshard/direct_wgrad_shard5.cpp, autoshard/direct_wgrad_shard6.cpp, autoshard/direct_wgrad_shard7.cpp
[32/722] Generating autoshard/depthwise_1d_toeplitz_kernel_table.cpp, autoshard/depthwise_1d_toeplitz_shard0.cpp, autoshard/depthwise_1d_toeplitz_shard1.cpp, autoshard/depthwise_1d_toeplitz_shard2.cpp, autoshard/depthwise_1d_toeplitz_shard3.cpp, autoshard/depthwise_1d_toeplitz_shard4.cpp, autoshard/depthwise_1d_toeplitz_shard5.cpp, autoshard/depthwise_1d_toeplitz_shard6.cpp, autoshard/depthwise_1d_toeplitz_shard7.cpp
[33/722] Generating autoshard/patch_embed_kernel_table.cpp, autoshard/patch_embed_shard0.cpp, autoshard/patch_embed_shard1.cpp, autoshard/patch_embed_shard2.cpp, autoshard/patch_embed_shard3.cpp, autoshard/patch_embed_shard4.cpp, autoshard/patch_embed_shard5.cpp, autoshard/patch_embed_shard6.cpp, autoshard/patch_embed_shard7.cpp
[34/722] Generating autoshard/direct_kernel_table.cpp, autoshard/direct_shard0.cpp, autoshard/direct_shard1.cpp, autoshard/direct_shard2.cpp, autoshard/direct_shard3.cpp, autoshard/direct_shard4.cpp, autoshard/direct_shard5.cpp, autoshard/direct_shard6.cpp, autoshard/direct_shard7.cpp
[35/722] Generating autoshard/depthwise_wgrad_hankel_kernel_table.cpp, autoshard/depthwise_wgrad_hankel_shard0.cpp, autoshard/depthwise_wgrad_hankel_shard1.cpp, autoshard/depthwise_wgrad_hankel_shard2.cpp, autoshard/depthwise_wgrad_hankel_shard3.cpp, autoshard/depthwise_wgrad_hankel_shard4.cpp, autoshard/depthwise_wgrad_hankel_shard5.cpp, autoshard/depthwise_wgrad_hankel_shard6.cpp, autoshard/depthwise_wgrad_hankel_shard7.cpp
[36/722] Generating autoshard/direct_kernel_table.cpp, autoshard/direct_shard0.cpp, autoshard/direct_shard1.cpp, autoshard/direct_shard2.cpp, autoshard/direct_shard3.cpp, autoshard/direct_shard4.cpp, autoshard/direct_shard5.cpp, autoshard/direct_shard6.cpp, autoshard/direct_shard7.cpp
[37/722] Generating autoshard/grouped_multi_g_kernel_table.cpp, autoshard/grouped_multi_g_shard0.cpp, autoshard/grouped_multi_g_shard1.cpp, autoshard/grouped_multi_g_shard2.cpp, autoshard/grouped_multi_g_shard3.cpp, autoshard/grouped_multi_g_shard4.cpp, autoshard/grouped_multi_g_shard5.cpp, autoshard/grouped_multi_g_shard6.cpp, autoshard/grouped_multi_g_shard7.cpp
[38/722] Building CXX object addkernels/CMakeFiles/addkernels.dir/addkernels.cpp.obj
[39/722] Generating autoshard/depthwise_1d_toeplitz_kernel_table.cpp, autoshard/depthwise_1d_toeplitz_shard0.cpp, autoshard/depthwise_1d_toeplitz_shard1.cpp, autoshard/depthwise_1d_toeplitz_shard2.cpp, autoshard/depthwise_1d_toeplitz_shard3.cpp, autoshard/depthwise_1d_toeplitz_shard4.cpp, autoshard/depthwise_1d_toeplitz_shard5.cpp, autoshard/depthwise_1d_toeplitz_shard6.cpp, autoshard/depthwise_1d_toeplitz_shard7.cpp
[40/722] Generating autoshard/grouped_multi_g_wgrad_kernel_table.cpp, autoshard/grouped_multi_g_wgrad_shard0.cpp, autoshard/grouped_multi_g_wgrad_shard1.cpp, autoshard/grouped_multi_g_wgrad_shard2.cpp, autoshard/grouped_multi_g_wgrad_shard3.cpp, autoshard/grouped_multi_g_wgrad_shard4.cpp, autoshard/grouped_multi_g_wgrad_shard5.cpp, autoshard/grouped_multi_g_wgrad_shard6.cpp, autoshard/grouped_multi_g_wgrad_shard7.cpp
[41/722] Generating autoshard/depthwise_wgrad_hankel_kernel_table.cpp, autoshard/depthwise_wgrad_hankel_shard0.cpp, autoshard/depthwise_wgrad_hankel_shard1.cpp, autoshard/depthwise_wgrad_hankel_shard2.cpp, autoshard/depthwise_wgrad_hankel_shard3.cpp, autoshard/depthwise_wgrad_hankel_shard4.cpp, autoshard/depthwise_wgrad_hankel_shard5.cpp, autoshard/depthwise_wgrad_hankel_shard6.cpp, autoshard/depthwise_wgrad_hankel_shard7.cpp
[42/722] Building CXX object addkernels/CMakeFiles/addkernels.dir/include_inliner.cpp.obj
[43/722] Building HIP object src/hipconv/src/arch/cdna4/CMakeFiles/hipconv_arch_cdna4.dir/grouped_backend.cpp.obj
[44/722] Building HIP object src/hipconv/src/arch/cdna4/CMakeFiles/hipconv_arch_cdna4.dir/direct_backend.cpp.obj
[45/722] Building HIP object src/hipconv/src/arch/cdna4/CMakeFiles/hipconv_arch_cdna4.dir/depthwise_backend.cpp.obj
[46/722] Building HIP object src/hipconv/src/arch/cdna4/CMakeFiles/hipconv_arch_cdna4.dir/direct/direct/config_matcher.cpp.obj
[47/722] Building HIP object src/hipconv/src/arch/cdna4/CMakeFiles/hipconv_arch_cdna4.dir/direct/patch_embed/config_desc.cpp.obj
[48/722] Building HIP object src/hipconv/src/arch/cdna4/CMakeFiles/hipconv_arch_cdna4.dir/direct/direct_wgrad/config_desc.cpp.obj
[49/722] Building HIP object src/hipconv/src/arch/cdna4/CMakeFiles/hipconv_arch_cdna4.dir/depthwise/depthwise_wgrad_hankel/config_desc.cpp.obj
[50/722] Building HIP object src/hipconv/src/arch/cdna4/CMakeFiles/hipconv_arch_cdna4.dir/direct/direct_l1/config_desc.cpp.obj
[51/722] Building HIP object src/hipconv/CMakeFiles/hipconv.dir/src/conv_params.cpp.obj
[52/722] Building HIP object src/hipconv/src/arch/cdna4/CMakeFiles/hipconv_arch_cdna4.dir/autoshard/direct_kernel_table.cpp.obj
[53/722] Building HIP object src/hipconv/src/arch/cdna4/CMakeFiles/hipconv_arch_cdna4.dir/grouped/grouped_32c_wgrad_fp16bf16.cpp.obj
[54/722] Building HIP object src/hipconv/src/arch/cdna4/CMakeFiles/hipconv_arch_cdna4.dir/autoshard/direct_shard7.cpp.obj
[55/722] Building HIP object src/hipconv/CMakeFiles/hipconv.dir/src/conv_kernel.cpp.obj
[56/722] Building HIP object src/hipconv/src/arch/cdna4/CMakeFiles/hipconv_arch_cdna4.dir/autoshard/direct_shard2.cpp.obj
[57/722] Building HIP object src/hipconv/src/arch/cdna4/CMakeFiles/hipconv_arch_cdna4.dir/grouped/grouped_16c_wgrad_fp16bf16.cpp.obj
[58/722] Building HIP object src/hipconv/src/arch/cdna4/CMakeFiles/hipconv_arch_cdna4.dir/grouped/grouped_4c_wgrad_tf32.cpp.obj
[59/722] Building HIP object src/hipconv/src/arch/cdna4/CMakeFiles/hipconv_arch_cdna4.dir/autoshard/direct_l1_kernel_table.cpp.obj
[60/722] Building HIP object src/hipconv/src/arch/cdna4/CMakeFiles/hipconv_arch_cdna4.dir/grouped/grouped_8c_wgrad_fp16bf16.cpp.obj
[61/722] Building HIP object src/hipconv/src/arch/cdna4/CMakeFiles/hipconv_arch_cdna4.dir/autoshard/direct_shard1.cpp.obj
[62/722] Building HIP object src/hipconv/src/arch/cdna4/CMakeFiles/hipconv_arch_cdna4.dir/grouped/grouped_4c_wgrad_fp16bf16.cpp.obj
[63/722] Building HIP object src/hipconv/src/arch/cdna4/CMakeFiles/hipconv_arch_cdna4.dir/grouped/grouped_16c_wgrad_tf32.cpp.obj
[64/722] Building HIP object src/hipconv/src/arch/cdna4/CMakeFiles/hipconv_arch_cdna4.dir/autoshard/direct_shard3.cpp.obj
[65/722] Building HIP object src/hipconv/src/arch/cdna4/CMakeFiles/hipconv_arch_cdna4.dir/autoshard/direct_shard0.cpp.obj
[66/722] Building HIP object src/hipconv/src/arch/cdna4/CMakeFiles/hipconv_arch_cdna4.dir/autoshard/direct_shard4.cpp.obj
[67/722] Building HIP object src/hipconv/src/arch/cdna4/CMakeFiles/hipconv_arch_cdna4.dir/autoshard/direct_shard5.cpp.obj
[68/722] Building HIP object src/hipconv/src/arch/cdna4/CMakeFiles/hipconv_arch_cdna4.dir/autoshard/direct_shard6.cpp.obj
[69/722] Building HIP object src/hipconv/src/arch/cdna4/CMakeFiles/hipconv_arch_cdna4.dir/grouped/grouped_32c_wgrad_tf32.cpp.obj
[70/722] Building HIP object src/hipconv/src/arch/cdna4/CMakeFiles/hipconv_arch_cdna4.dir/grouped/grouped_32c.cpp.obj
[71/722] Building HIP object src/hipconv/src/arch/cdna4/CMakeFiles/hipconv_arch_cdna4.dir/grouped/grouped_8c_wgrad_tf32.cpp.obj
[72/722] Building HIP object src/hipconv/src/arch/cdna4/CMakeFiles/hipconv_arch_cdna4.dir/grouped/grouped_4c.cpp.obj
[73/722] Building HIP object src/hipconv/CMakeFiles/hipconv.dir/src/tolerance.cpp.obj
[74/722] Building HIP object src/hipconv/src/arch/cdna4/CMakeFiles/hipconv_arch_cdna4.dir/grouped/grouped_8c.cpp.obj
[75/722] Building HIP object src/hipconv/CMakeFiles/hipconv.dir/src/kv_descriptor.cpp.obj
[76/722] Building HIP object src/hipconv/CMakeFiles/hipconv.dir/src/arch_registry.cpp.obj
[77/722] Building HIP object src/hipconv/src/arch/cdna4/CMakeFiles/hipconv_arch_cdna4.dir/grouped/grouped_16c.cpp.obj
[78/722] Building HIP object src/hipconv/CMakeFiles/hipconv.dir/src/registry.cpp.obj
[79/722] Building HIP object src/hipconv/src/arch/cdna4/CMakeFiles/hipconv_arch_cdna4.dir/autoshard/direct_l1_shard1.cpp.obj
[80/722] Building HIP object src/hipconv/src/arch/cdna4/CMakeFiles/hipconv_arch_cdna4.dir/autoshard/direct_l1_shard0.cpp.obj
[81/722] Building HIP object src/hipconv/src/arch/cdna4/CMakeFiles/hipconv_arch_cdna4.dir/autoshard/patch_embed_kernel_table.cpp.obj
[82/722] Building HIP object src/hipconv/src/arch/cdna4/CMakeFiles/hipconv_arch_cdna4.dir/autoshard/direct_wgrad_kernel_table.cpp.obj
In file included from C:/Users/rocm/Desktop/YOLO_AMD/phase5_build/miopen/src/hipconv/src/arch/cdna4/autoshard/direct_wgrad_kernel_table.cpp:2:
In file included from C:/Users/rocm/Desktop/YOLO_AMD/rocm-libraries-phase5-candidate/projects/miopen/src/hipconv/src/arch/cdna4\direct/direct_wgrad/kernel.h:11:
In file included from C:/Users/rocm/Desktop/YOLO_AMD/rocm-libraries-phase5-candidate/projects/miopen/src/hipconv/src/arch/cdna4\direct/direct_wgrad\epilogue.h:16:
In file included from C:/Users/rocm/Desktop/YOLO_AMD/rocm-libraries-phase5-candidate/projects/miopen/src/hipconv/src/arch/cdna4\direct/direct_wgrad\main_loop.h:15:
In file included from C:/Users/rocm/Desktop/YOLO_AMD/rocm-libraries-phase5-candidate/projects/miopen/src/hipconv/src/arch/cdna4\direct/direct_wgrad\workgroup_tiles.h:10:
C:/Users/rocm/Desktop/YOLO_AMD/rocm-libraries-phase5-candidate/projects/miopen/src/hipconv/src/arch/cdna4\direct/direct_wgrad\row_loader.h:545:7: warning: unknown attribute 'no_unique_address' ignored [-Wunknown-attributes]
  545 |     [[no_unique_address]] std::conditional_t<Tiled, TileState, NoTileState> tile_;
      |       ^~~~~~~~~~~~~~~~~
1 warning generated when compiling for host.
[83/722] Building HIP object src/hipconv/src/arch/cdna4/CMakeFiles/hipconv_arch_cdna4.dir/autoshard/patch_embed_shard5.cpp.obj
[84/722] Building HIP object src/hipconv/src/arch/cdna4/CMakeFiles/hipconv_arch_cdna4.dir/autoshard/patch_embed_shard6.cpp.obj
[85/722] Building HIP object src/hipconv/src/arch/cdna4/CMakeFiles/hipconv_arch_cdna4.dir/autoshard/direct_l1_shard4.cpp.obj
[86/722] Building HIP object src/hipconv/src/arch/cdna4/CMakeFiles/hipconv_arch_cdna4.dir/autoshard/patch_embed_shard3.cpp.obj
[87/722] Building HIP object src/hipconv/src/arch/cdna4/CMakeFiles/hipconv_arch_cdna4.dir/autoshard/depthwise_1d_toeplitz_kernel_table.cpp.obj
[88/722] Building HIP object src/hipconv/src/arch/cdna4/CMakeFiles/hipconv_arch_cdna4.dir/autoshard/patch_embed_shard7.cpp.obj
[89/722] Building HIP object src/hipconv/src/arch/cdna4/CMakeFiles/hipconv_arch_cdna4.dir/autoshard/patch_embed_shard0.cpp.obj
[90/722] Building HIP object src/hipconv/src/arch/cdna4/CMakeFiles/hipconv_arch_cdna4.dir/autoshard/patch_embed_shard2.cpp.obj
[91/722] Building HIP object src/hipconv/src/arch/cdna4/CMakeFiles/hipconv_arch_cdna4.dir/autoshard/direct_l1_shard3.cpp.obj
[92/722] Building HIP object src/hipconv/src/arch/cdna4/CMakeFiles/hipconv_arch_cdna4.dir/autoshard/patch_embed_shard4.cpp.obj
[93/722] Building HIP object src/hipconv/src/arch/cdna4/CMakeFiles/hipconv_arch_cdna4.dir/autoshard/direct_l1_shard7.cpp.obj
[94/722] Building HIP object src/hipconv/src/arch/cdna4/CMakeFiles/hipconv_arch_cdna4.dir/autoshard/direct_l1_shard5.cpp.obj
[95/722] Building HIP object src/hipconv/src/arch/cdna4/CMakeFiles/hipconv_arch_cdna4.dir/autoshard/direct_l1_shard6.cpp.obj
[96/722] Building HIP object src/hipconv/src/arch/cdna4/CMakeFiles/hipconv_arch_cdna4.dir/autoshard/patch_embed_shard1.cpp.obj
[97/722] Building HIP object src/hipconv/src/arch/cdna4/CMakeFiles/hipconv_arch_cdna4.dir/autoshard/depthwise_wgrad_hankel_kernel_table.cpp.obj
[98/722] Building HIP object src/hipconv/src/arch/cdna4/CMakeFiles/hipconv_arch_cdna4.dir/autoshard/direct_l1_shard2.cpp.obj
[99/722] Building HIP object src/hipconv/src/arch/cdna5/CMakeFiles/hipconv_arch_cdna5.dir/grouped_backend.cpp.obj
[100/722] Building HIP object src/hipconv/src/arch/cdna5/CMakeFiles/hipconv_arch_cdna5.dir/direct_backend.cpp.obj
[101/722] Building HIP object src/hipconv/src/arch/cdna5/CMakeFiles/hipconv_arch_cdna5.dir/depthwise_backend.cpp.obj
[102/722] Building HIP object src/hipconv/src/arch/cdna5/CMakeFiles/hipconv_arch_cdna5.dir/depthwise/depthwise_1d_toeplitz/config_matcher.cpp.obj
[103/722] Building HIP object src/hipconv/src/arch/cdna5/CMakeFiles/hipconv_arch_cdna5.dir/depthwise/depthwise_wgrad_hankel/config_matcher.cpp.obj
[104/722] Building HIP object src/hipconv/src/arch/cdna5/CMakeFiles/hipconv_arch_cdna5.dir/direct/config_matcher.cpp.obj
[105/722] Building HIP object src/hipconv/src/arch/cdna5/CMakeFiles/hipconv_arch_cdna5.dir/depthwise/depthwise_wgrad_hankel/reduction.cpp.obj
[106/722] Building HIP object src/hipconv/src/arch/cdna5/CMakeFiles/hipconv_arch_cdna5.dir/grouped/reduction.cpp.obj
[107/722] Building HIP object src/hipconv/src/arch/cdna5/CMakeFiles/hipconv_arch_cdna5.dir/autoshard/direct_kernel_table.cpp.obj
[108/722] Building HIP object src/hipconv/src/arch/cdna5/CMakeFiles/hipconv_arch_cdna5.dir/autoshard/grouped_multi_g_kernel_table.cpp.obj
[109/722] Building HIP object src/hipconv/src/arch/cdna5/CMakeFiles/hipconv_arch_cdna5.dir/autoshard/direct_shard1.cpp.obj
[110/722] Building HIP object src/hipconv/src/arch/cdna5/CMakeFiles/hipconv_arch_cdna5.dir/autoshard/direct_shard2.cpp.obj
[111/722] Building HIP object src/hipconv/src/arch/cdna5/CMakeFiles/hipconv_arch_cdna5.dir/autoshard/direct_shard0.cpp.obj
[112/722] Building HIP object src/hipconv/src/arch/cdna5/CMakeFiles/hipconv_arch_cdna5.dir/autoshard/direct_shard4.cpp.obj
[113/722] Building HIP object src/hipconv/src/arch/cdna4/CMakeFiles/hipconv_arch_cdna4.dir/autoshard/depthwise_wgrad_hankel_shard0.cpp.obj
[114/722] Building HIP object src/hipconv/src/arch/cdna5/CMakeFiles/hipconv_arch_cdna5.dir/autoshard/grouped_multi_g_shard0.cpp.obj
[115/722] Building HIP object src/hipconv/src/arch/cdna4/CMakeFiles/hipconv_arch_cdna4.dir/autoshard/depthwise_wgrad_hankel_shard1.cpp.obj
[116/722] Building HIP object src/hipconv/src/arch/cdna5/CMakeFiles/hipconv_arch_cdna5.dir/autoshard/direct_shard5.cpp.obj
[117/722] Building HIP object src/hipconv/src/arch/cdna4/CMakeFiles/hipconv_arch_cdna4.dir/autoshard/depthwise_wgrad_hankel_shard3.cpp.obj
[118/722] Building HIP object src/hipconv/src/arch/cdna4/CMakeFiles/hipconv_arch_cdna4.dir/autoshard/depthwise_wgrad_hankel_shard4.cpp.obj
[119/722] Building HIP object src/hipconv/src/arch/cdna5/CMakeFiles/hipconv_arch_cdna5.dir/autoshard/direct_shard3.cpp.obj
[120/722] Building HIP object src/hipconv/src/arch/cdna4/CMakeFiles/hipconv_arch_cdna4.dir/autoshard/depthwise_wgrad_hankel_shard5.cpp.obj
[121/722] Building HIP object src/hipconv/src/arch/cdna4/CMakeFiles/hipconv_arch_cdna4.dir/autoshard/depthwise_wgrad_hankel_shard6.cpp.obj
[122/722] Building HIP object src/hipconv/src/arch/cdna5/CMakeFiles/hipconv_arch_cdna5.dir/autoshard/direct_shard6.cpp.obj
[123/722] Building HIP object src/hipconv/src/arch/cdna5/CMakeFiles/hipconv_arch_cdna5.dir/autoshard/direct_shard7.cpp.obj
[124/722] Building HIP object src/hipconv/src/arch/cdna5/CMakeFiles/hipconv_arch_cdna5.dir/autoshard/grouped_multi_g_shard1.cpp.obj
[125/722] Building HIP object src/hipconv/src/arch/cdna4/CMakeFiles/hipconv_arch_cdna4.dir/autoshard/depthwise_wgrad_hankel_shard7.cpp.obj
[126/722] Building HIP object src/hipconv/src/arch/cdna4/CMakeFiles/hipconv_arch_cdna4.dir/autoshard/depthwise_wgrad_hankel_shard2.cpp.obj
[127/722] Building HIP object src/hipconv/src/arch/cdna5/CMakeFiles/hipconv_arch_cdna5.dir/autoshard/grouped_multi_g_shard2.cpp.obj
[128/722] Building HIP object src/hipconv/src/arch/cdna5/CMakeFiles/hipconv_arch_cdna5.dir/autoshard/grouped_multi_g_wgrad_kernel_table.cpp.obj
[129/722] Building HIP object src/hipconv/src/arch/cdna5/CMakeFiles/hipconv_arch_cdna5.dir/autoshard/grouped_multi_g_shard4.cpp.obj
[130/722] Building HIP object src/hipconv/src/arch/cdna5/CMakeFiles/hipconv_arch_cdna5.dir/autoshard/grouped_multi_g_shard7.cpp.obj
[131/722] Building HIP object src/hipconv/src/arch/cdna5/CMakeFiles/hipconv_arch_cdna5.dir/autoshard/grouped_multi_g_shard3.cpp.obj
[132/722] Building HIP object src/hipconv/src/arch/cdna5/CMakeFiles/hipconv_arch_cdna5.dir/autoshard/grouped_multi_g_shard6.cpp.obj
[133/722] Building HIP object src/hipconv/src/arch/cdna5/CMakeFiles/hipconv_arch_cdna5.dir/autoshard/grouped_multi_g_shard5.cpp.obj
[134/722] Building HIP object src/hipconv/src/arch/cdna4/CMakeFiles/hipconv_arch_cdna4.dir/autoshard/depthwise_1d_toeplitz_shard4.cpp.obj
[135/722] Building HIP object src/hipconv/src/arch/cdna5/CMakeFiles/hipconv_arch_cdna5.dir/autoshard/depthwise_1d_toeplitz_kernel_table.cpp.obj
[136/722] Building HIP object src/hipconv/src/arch/cdna4/CMakeFiles/hipconv_arch_cdna4.dir/autoshard/depthwise_1d_toeplitz_shard2.cpp.obj
[137/722] Building HIP object src/hipconv/src/arch/cdna5/CMakeFiles/hipconv_arch_cdna5.dir/autoshard/grouped_multi_g_wgrad_shard4.cpp.obj
[138/722] Building HIP object src/hipconv/src/arch/cdna5/CMakeFiles/hipconv_arch_cdna5.dir/autoshard/grouped_multi_g_wgrad_shard5.cpp.obj
[139/722] Building HIP object src/hipconv/src/arch/cdna5/CMakeFiles/hipconv_arch_cdna5.dir/autoshard/grouped_multi_g_wgrad_shard1.cpp.obj
[140/722] Building HIP object src/hipconv/src/arch/cdna4/CMakeFiles/hipconv_arch_cdna4.dir/autoshard/depthwise_1d_toeplitz_shard3.cpp.obj
[141/722] Building HIP object src/hipconv/src/arch/cdna5/CMakeFiles/hipconv_arch_cdna5.dir/autoshard/grouped_multi_g_wgrad_shard0.cpp.obj
[142/722] Building HIP object src/hipconv/src/arch/cdna5/CMakeFiles/hipconv_arch_cdna5.dir/autoshard/grouped_multi_g_wgrad_shard2.cpp.obj
[143/722] Building HIP object src/hipconv/src/arch/cdna5/CMakeFiles/hipconv_arch_cdna5.dir/autoshard/grouped_multi_g_wgrad_shard3.cpp.obj
[144/722] Linking CXX executable bin\addkernels.exe
[145/722] Building HIP object src/hipconv/src/arch/cdna4/CMakeFiles/hipconv_arch_cdna4.dir/autoshard/depthwise_1d_toeplitz_shard1.cpp.obj
[146/722] Building HIP object src/hipconv/src/arch/cdna5/CMakeFiles/hipconv_arch_cdna5.dir/autoshard/grouped_multi_g_wgrad_shard7.cpp.obj
[147/722] Building HIP object src/hipconv/src/arch/cdna5/CMakeFiles/hipconv_arch_cdna5.dir/autoshard/grouped_multi_g_wgrad_shard6.cpp.obj
[148/722] Building HIP object src/hipconv/src/arch/cdna4/CMakeFiles/hipconv_arch_cdna4.dir/autoshard/depthwise_1d_toeplitz_shard0.cpp.obj
[149/722] Building HIP object src/hipconv/src/arch/cdna4/CMakeFiles/hipconv_arch_cdna4.dir/autoshard/depthwise_1d_toeplitz_shard6.cpp.obj
[150/722] Building HIP object src/hipconv/src/arch/cdna4/CMakeFiles/hipconv_arch_cdna4.dir/autoshard/depthwise_1d_toeplitz_shard5.cpp.obj
[151/722] Building HIP object src/hipconv/src/arch/cdna5/CMakeFiles/hipconv_arch_cdna5.dir/autoshard/depthwise_wgrad_hankel_kernel_table.cpp.obj
[152/722] Building HIP object src/hipconv/src/arch/cdna4/CMakeFiles/hipconv_arch_cdna4.dir/autoshard/depthwise_1d_toeplitz_shard7.cpp.obj
[153/722] Building HIP object src/hipconv/src/arch/cdna5/CMakeFiles/hipconv_arch_cdna5.dir/autoshard/depthwise_wgrad_hankel_shard4.cpp.obj
[154/722] Building HIP object src/hipconv/src/arch/cdna5/CMakeFiles/hipconv_arch_cdna5.dir/autoshard/depthwise_wgrad_hankel_shard5.cpp.obj
[155/722] Building HIP object src/hipconv/src/arch/cdna5/CMakeFiles/hipconv_arch_cdna5.dir/autoshard/depthwise_wgrad_hankel_shard3.cpp.obj
[156/722] Building HIP object src/hipconv/src/arch/cdna5/CMakeFiles/hipconv_arch_cdna5.dir/autoshard/depthwise_wgrad_hankel_shard6.cpp.obj
[157/722] Building HIP object src/hipconv/src/arch/cdna5/CMakeFiles/hipconv_arch_cdna5.dir/autoshard/depthwise_wgrad_hankel_shard2.cpp.obj
[158/722] Building HIP object src/hipconv/src/arch/cdna5/CMakeFiles/hipconv_arch_cdna5.dir/autoshard/depthwise_wgrad_hankel_shard0.cpp.obj
[159/722] Building HIP object src/hipconv/src/arch/cdna5/CMakeFiles/hipconv_arch_cdna5.dir/autoshard/depthwise_wgrad_hankel_shard1.cpp.obj
[160/722] Building HIP object src/hipconv/src/arch/cdna5/CMakeFiles/hipconv_arch_cdna5.dir/autoshard/depthwise_wgrad_hankel_shard7.cpp.obj
[161/722] Building HIP object src/hipconv/src/arch/cdna5/CMakeFiles/hipconv_arch_cdna5.dir/autoshard/depthwise_1d_toeplitz_shard1.cpp.obj
[162/722] Building HIP object src/hipconv/src/arch/cdna5/CMakeFiles/hipconv_arch_cdna5.dir/autoshard/depthwise_1d_toeplitz_shard0.cpp.obj
[163/722] Building HIP object src/hipconv/src/arch/cdna5/CMakeFiles/hipconv_arch_cdna5.dir/autoshard/depthwise_1d_toeplitz_shard4.cpp.obj
[164/722] Building HIP object src/hipconv/src/arch/cdna5/CMakeFiles/hipconv_arch_cdna5.dir/autoshard/depthwise_1d_toeplitz_shard5.cpp.obj
[165/722] Building HIP object src/hipconv/src/arch/cdna5/CMakeFiles/hipconv_arch_cdna5.dir/autoshard/depthwise_1d_toeplitz_shard2.cpp.obj
[166/722] Building HIP object src/hipconv/src/arch/cdna5/CMakeFiles/hipconv_arch_cdna5.dir/autoshard/depthwise_1d_toeplitz_shard6.cpp.obj
[167/722] Building HIP object src/hipconv/src/arch/cdna5/CMakeFiles/hipconv_arch_cdna5.dir/autoshard/depthwise_1d_toeplitz_shard3.cpp.obj
[168/722] Building HIP object src/hipconv/src/arch/cdna5/CMakeFiles/hipconv_arch_cdna5.dir/autoshard/depthwise_1d_toeplitz_shard7.cpp.obj
[169/722] Building HIP object src/hipconv/src/arch/cdna4/CMakeFiles/hipconv_arch_cdna4.dir/autoshard/direct_wgrad_shard6.cpp.obj
In file included from C:/Users/rocm/Desktop/YOLO_AMD/phase5_build/miopen/src/hipconv/src/arch/cdna4/autoshard/direct_wgrad_shard6.cpp:2:
In file included from C:/Users/rocm/Desktop/YOLO_AMD/rocm-libraries-phase5-candidate/projects/miopen/src/hipconv/src/arch/cdna4\direct/direct_wgrad/kernel.h:11:
In file included from C:/Users/rocm/Desktop/YOLO_AMD/rocm-libraries-phase5-candidate/projects/miopen/src/hipconv/src/arch/cdna4\direct/direct_wgrad\epilogue.h:16:
In file included from C:/Users/rocm/Desktop/YOLO_AMD/rocm-libraries-phase5-candidate/projects/miopen/src/hipconv/src/arch/cdna4\direct/direct_wgrad\main_loop.h:15:
In file included from C:/Users/rocm/Desktop/YOLO_AMD/rocm-libraries-phase5-candidate/projects/miopen/src/hipconv/src/arch/cdna4\direct/direct_wgrad\workgroup_tiles.h:10:
C:/Users/rocm/Desktop/YOLO_AMD/rocm-libraries-phase5-candidate/projects/miopen/src/hipconv/src/arch/cdna4\direct/direct_wgrad\row_loader.h:545:7: warning: unknown attribute 'no_unique_address' ignored [-Wunknown-attributes]
  545 |     [[no_unique_address]] std::conditional_t<Tiled, TileState, NoTileState> tile_;
      |       ^~~~~~~~~~~~~~~~~
1 warning generated when compiling for host.
[170/722] Building HIP object src/hipconv/src/arch/cdna4/CMakeFiles/hipconv_arch_cdna4.dir/autoshard/direct_wgrad_shard7.cpp.obj
In file included from C:/Users/rocm/Desktop/YOLO_AMD/phase5_build/miopen/src/hipconv/src/arch/cdna4/autoshard/direct_wgrad_shard7.cpp:2:
In file included from C:/Users/rocm/Desktop/YOLO_AMD/rocm-libraries-phase5-candidate/projects/miopen/src/hipconv/src/arch/cdna4\direct/direct_wgrad/kernel.h:11:
In file included from C:/Users/rocm/Desktop/YOLO_AMD/rocm-libraries-phase5-candidate/projects/miopen/src/hipconv/src/arch/cdna4\direct/direct_wgrad\epilogue.h:16:
In file included from C:/Users/rocm/Desktop/YOLO_AMD/rocm-libraries-phase5-candidate/projects/miopen/src/hipconv/src/arch/cdna4\direct/direct_wgrad\main_loop.h:15:
In file included from C:/Users/rocm/Desktop/YOLO_AMD/rocm-libraries-phase5-candidate/projects/miopen/src/hipconv/src/arch/cdna4\direct/direct_wgrad\workgroup_tiles.h:10:
C:/Users/rocm/Desktop/YOLO_AMD/rocm-libraries-phase5-candidate/projects/miopen/src/hipconv/src/arch/cdna4\direct/direct_wgrad\row_loader.h:545:7: warning: unknown attribute 'no_unique_address' ignored [-Wunknown-attributes]
  545 |     [[no_unique_address]] std::conditional_t<Tiled, TileState, NoTileState> tile_;
      |       ^~~~~~~~~~~~~~~~~
1 warning generated when compiling for host.
[171/722] Building HIP object src/hipconv/src/arch/cdna4/CMakeFiles/hipconv_arch_cdna4.dir/autoshard/direct_wgrad_shard0.cpp.obj
In file included from C:/Users/rocm/Desktop/YOLO_AMD/phase5_build/miopen/src/hipconv/src/arch/cdna4/autoshard/direct_wgrad_shard0.cpp:2:
In file included from C:/Users/rocm/Desktop/YOLO_AMD/rocm-libraries-phase5-candidate/projects/miopen/src/hipconv/src/arch/cdna4\direct/direct_wgrad/kernel.h:11:
In file included from C:/Users/rocm/Desktop/YOLO_AMD/rocm-libraries-phase5-candidate/projects/miopen/src/hipconv/src/arch/cdna4\direct/direct_wgrad\epilogue.h:16:
In file included from C:/Users/rocm/Desktop/YOLO_AMD/rocm-libraries-phase5-candidate/projects/miopen/src/hipconv/src/arch/cdna4\direct/direct_wgrad\main_loop.h:15:
In file included from C:/Users/rocm/Desktop/YOLO_AMD/rocm-libraries-phase5-candidate/projects/miopen/src/hipconv/src/arch/cdna4\direct/direct_wgrad\workgroup_tiles.h:10:
C:/Users/rocm/Desktop/YOLO_AMD/rocm-libraries-phase5-candidate/projects/miopen/src/hipconv/src/arch/cdna4\direct/direct_wgrad\row_loader.h:545:7: warning: unknown attribute 'no_unique_address' ignored [-Wunknown-attributes]
  545 |     [[no_unique_address]] std::conditional_t<Tiled, TileState, NoTileState> tile_;
      |       ^~~~~~~~~~~~~~~~~
1 warning generated when compiling for host.
[172/722] Building HIP object src/hipconv/src/arch/cdna4/CMakeFiles/hipconv_arch_cdna4.dir/autoshard/direct_wgrad_shard5.cpp.obj
In file included from C:/Users/rocm/Desktop/YOLO_AMD/phase5_build/miopen/src/hipconv/src/arch/cdna4/autoshard/direct_wgrad_shard5.cpp:2:
In file included from C:/Users/rocm/Desktop/YOLO_AMD/rocm-libraries-phase5-candidate/projects/miopen/src/hipconv/src/arch/cdna4\direct/direct_wgrad/kernel.h:11:
In file included from C:/Users/rocm/Desktop/YOLO_AMD/rocm-libraries-phase5-candidate/projects/miopen/src/hipconv/src/arch/cdna4\direct/direct_wgrad\epilogue.h:16:
In file included from C:/Users/rocm/Desktop/YOLO_AMD/rocm-libraries-phase5-candidate/projects/miopen/src/hipconv/src/arch/cdna4\direct/direct_wgrad\main_loop.h:15:
In file included from C:/Users/rocm/Desktop/YOLO_AMD/rocm-libraries-phase5-candidate/projects/miopen/src/hipconv/src/arch/cdna4\direct/direct_wgrad\workgroup_tiles.h:10:
C:/Users/rocm/Desktop/YOLO_AMD/rocm-libraries-phase5-candidate/projects/miopen/src/hipconv/src/arch/cdna4\direct/direct_wgrad\row_loader.h:545:7: warning: unknown attribute 'no_unique_address' ignored [-Wunknown-attributes]
  545 |     [[no_unique_address]] std::conditional_t<Tiled, TileState, NoTileState> tile_;
      |       ^~~~~~~~~~~~~~~~~
1 warning generated when compiling for host.
[173/722] Building HIP object src/hipconv/src/arch/cdna4/CMakeFiles/hipconv_arch_cdna4.dir/autoshard/direct_wgrad_shard1.cpp.obj
In file included from C:/Users/rocm/Desktop/YOLO_AMD/phase5_build/miopen/src/hipconv/src/arch/cdna4/autoshard/direct_wgrad_shard1.cpp:2:
In file included from C:/Users/rocm/Desktop/YOLO_AMD/rocm-libraries-phase5-candidate/projects/miopen/src/hipconv/src/arch/cdna4\direct/direct_wgrad/kernel.h:11:
In file included from C:/Users/rocm/Desktop/YOLO_AMD/rocm-libraries-phase5-candidate/projects/miopen/src/hipconv/src/arch/cdna4\direct/direct_wgrad\epilogue.h:16:
In file included from C:/Users/rocm/Desktop/YOLO_AMD/rocm-libraries-phase5-candidate/projects/miopen/src/hipconv/src/arch/cdna4\direct/direct_wgrad\main_loop.h:15:
In file included from C:/Users/rocm/Desktop/YOLO_AMD/rocm-libraries-phase5-candidate/projects/miopen/src/hipconv/src/arch/cdna4\direct/direct_wgrad\workgroup_tiles.h:10:
C:/Users/rocm/Desktop/YOLO_AMD/rocm-libraries-phase5-candidate/projects/miopen/src/hipconv/src/arch/cdna4\direct/direct_wgrad\row_loader.h:545:7: warning: unknown attribute 'no_unique_address' ignored [-Wunknown-attributes]
  545 |     [[no_unique_address]] std::conditional_t<Tiled, TileState, NoTileState> tile_;
      |       ^~~~~~~~~~~~~~~~~
1 warning generated when compiling for host.
[174/722] Building HIP object src/hipconv/src/arch/cdna4/CMakeFiles/hipconv_arch_cdna4.dir/autoshard/direct_wgrad_shard4.cpp.obj
In file included from C:/Users/rocm/Desktop/YOLO_AMD/phase5_build/miopen/src/hipconv/src/arch/cdna4/autoshard/direct_wgrad_shard4.cpp:2:
In file included from C:/Users/rocm/Desktop/YOLO_AMD/rocm-libraries-phase5-candidate/projects/miopen/src/hipconv/src/arch/cdna4\direct/direct_wgrad/kernel.h:11:
In file included from C:/Users/rocm/Desktop/YOLO_AMD/rocm-libraries-phase5-candidate/projects/miopen/src/hipconv/src/arch/cdna4\direct/direct_wgrad\epilogue.h:16:
In file included from C:/Users/rocm/Desktop/YOLO_AMD/rocm-libraries-phase5-candidate/projects/miopen/src/hipconv/src/arch/cdna4\direct/direct_wgrad\main_loop.h:15:
In file included from C:/Users/rocm/Desktop/YOLO_AMD/rocm-libraries-phase5-candidate/projects/miopen/src/hipconv/src/arch/cdna4\direct/direct_wgrad\workgroup_tiles.h:10:
C:/Users/rocm/Desktop/YOLO_AMD/rocm-libraries-phase5-candidate/projects/miopen/src/hipconv/src/arch/cdna4\direct/direct_wgrad\row_loader.h:545:7: warning: unknown attribute 'no_unique_address' ignored [-Wunknown-attributes]
  545 |     [[no_unique_address]] std::conditional_t<Tiled, TileState, NoTileState> tile_;
      |       ^~~~~~~~~~~~~~~~~
1 warning generated when compiling for host.
[175/722] Building HIP object src/hipconv/src/arch/cdna4/CMakeFiles/hipconv_arch_cdna4.dir/autoshard/direct_wgrad_shard2.cpp.obj
In file included from C:/Users/rocm/Desktop/YOLO_AMD/phase5_build/miopen/src/hipconv/src/arch/cdna4/autoshard/direct_wgrad_shard2.cpp:2:
In file included from C:/Users/rocm/Desktop/YOLO_AMD/rocm-libraries-phase5-candidate/projects/miopen/src/hipconv/src/arch/cdna4\direct/direct_wgrad/kernel.h:11:
In file included from C:/Users/rocm/Desktop/YOLO_AMD/rocm-libraries-phase5-candidate/projects/miopen/src/hipconv/src/arch/cdna4\direct/direct_wgrad\epilogue.h:16:
In file included from C:/Users/rocm/Desktop/YOLO_AMD/rocm-libraries-phase5-candidate/projects/miopen/src/hipconv/src/arch/cdna4\direct/direct_wgrad\main_loop.h:15:
In file included from C:/Users/rocm/Desktop/YOLO_AMD/rocm-libraries-phase5-candidate/projects/miopen/src/hipconv/src/arch/cdna4\direct/direct_wgrad\workgroup_tiles.h:10:
C:/Users/rocm/Desktop/YOLO_AMD/rocm-libraries-phase5-candidate/projects/miopen/src/hipconv/src/arch/cdna4\direct/direct_wgrad\row_loader.h:545:7: warning: unknown attribute 'no_unique_address' ignored [-Wunknown-attributes]
  545 |     [[no_unique_address]] std::conditional_t<Tiled, TileState, NoTileState> tile_;
      |       ^~~~~~~~~~~~~~~~~
1 warning generated when compiling for host.
[176/722] Building HIP object src/hipconv/src/arch/cdna4/CMakeFiles/hipconv_arch_cdna4.dir/autoshard/direct_wgrad_shard3.cpp.obj
In file included from C:/Users/rocm/Desktop/YOLO_AMD/phase5_build/miopen/src/hipconv/src/arch/cdna4/autoshard/direct_wgrad_shard3.cpp:2:
In file included from C:/Users/rocm/Desktop/YOLO_AMD/rocm-libraries-phase5-candidate/projects/miopen/src/hipconv/src/arch/cdna4\direct/direct_wgrad/kernel.h:11:
In file included from C:/Users/rocm/Desktop/YOLO_AMD/rocm-libraries-phase5-candidate/projects/miopen/src/hipconv/src/arch/cdna4\direct/direct_wgrad\epilogue.h:16:
In file included from C:/Users/rocm/Desktop/YOLO_AMD/rocm-libraries-phase5-candidate/projects/miopen/src/hipconv/src/arch/cdna4\direct/direct_wgrad\main_loop.h:15:
In file included from C:/Users/rocm/Desktop/YOLO_AMD/rocm-libraries-phase5-candidate/projects/miopen/src/hipconv/src/arch/cdna4\direct/direct_wgrad\workgroup_tiles.h:10:
C:/Users/rocm/Desktop/YOLO_AMD/rocm-libraries-phase5-candidate/projects/miopen/src/hipconv/src/arch/cdna4\direct/direct_wgrad\row_loader.h:545:7: warning: unknown attribute 'no_unique_address' ignored [-Wunknown-attributes]
  545 |     [[no_unique_address]] std::conditional_t<Tiled, TileState, NoTileState> tile_;
      |       ^~~~~~~~~~~~~~~~~
1 warning generated when compiling for host.
[177/722] Linking HIP static library lib\hipconv.lib
[178/722] Inlining kernels batch #29
[179/722] Inlining kernels batch #23
[180/722] Inlining kernels batch #32
[181/722] Inlining kernels batch #6
[182/722] Inlining kernels batch #22
[183/722] Inlining kernels batch #28
[184/722] Inlining kernels batch #18
[185/722] Inlining kernels batch #17
[186/722] Inlining kernels batch #19
[187/722] Inlining kernels batch #15
[188/722] Inlining kernels batch #25
[189/722] Inlining kernels batch #31
[190/722] Inlining kernels batch #21
[191/722] Inlining kernels batch #26
[192/722] Inlining kernels batch #24
[193/722] Inlining kernels batch #30
[194/722] Inlining kernels batch #16
[195/722] Inlining kernels batch #27
[196/722] Inlining kernels batch #10
[197/722] Inlining kernels batch #7
[198/722] Inlining kernels batch #20
[199/722] Inlining kernels batch #33
[200/722] Inlining kernels batch #4
[201/722] Inlining kernels batch #1
[202/722] Inlining kernels batch #9
[203/722] Inlining kernels batch #13
[204/722] Inlining kernels batch #5
[205/722] Inlining kernels batch #2
[206/722] Inlining kernels batch #3
[207/722] Inlining kernels batch #8
[208/722] Inlining kernels batch #14
[209/722] Inlining kernels batch #12
[210/722] Inlining kernels batch #0
[211/722] Inlining kernels batch #11
[212/722] Inlining kernels batch #35
[213/722] Inlining kernels batch #36
[214/722] Inlining kernels batch #34
[215/722] Inlining kernels batch #38
[216/722] Inlining kernels batch #39
[217/722] Inlining kernels batch #46
[218/722] Inlining kernels batch #37
[219/722] Inlining kernels batch #47
[220/722] Inlining kernels batch #44
[221/722] Inlining kernels batch #43
[222/722] Inlining kernels batch #55
[223/722] Inlining kernels batch #45
[224/722] Inlining kernels batch #40
[225/722] Inlining kernels batch #48
[226/722] Inlining kernels batch #42
[227/722] Inlining kernels batch #51
[228/722] Inlining kernels batch #59
[229/722] Inlining kernels batch #56
[230/722] Inlining kernels batch #54
[231/722] Inlining kernels batch #49
[232/722] Inlining kernels batch #41
[233/722] Inlining kernels batch #53
[234/722] Inlining kernels batch #63
[235/722] Inlining kernels batch #57
[236/722] Inlining kernels batch #61
[237/722] Inlining kernels batch #58
[238/722] Inlining kernels batch #65
[239/722] Inlining kernels batch #52
[240/722] Inlining kernels batch #62
[241/722] Inlining kernels batch #69
[242/722] Inlining kernels batch #50
[243/722] Inlining kernels batch #66
[244/722] Inlining kernels batch #67
[245/722] Inlining kernels batch #60
[246/722] Inlining kernels batch #68
[247/722] Inlining kernels batch #73
[248/722] Inlining kernels batch #64
[249/722] Inlining kernels batch #70
[250/722] Inlining kernels batch #71
[251/722] Inlining kernels batch #74
[252/722] Inlining kernels batch #72
[253/722] Inlining kernels batch #76
[254/722] Inlining kernels batch #79
[255/722] Inlining kernels batch #83
[256/722] Inlining kernels batch #82
[257/722] Inlining kernels batch #80
[258/722] Inlining kernels batch #81
[259/722] Inlining kernels batch #78
[260/722] Inlining kernels batch #84
[261/722] Inlining kernels batch #86
[262/722] Inlining kernels batch #88
[263/722] Inlining kernels batch #90
[264/722] Inlining kernels batch #85
[265/722] Inlining kernels batch #77
[266/722] Inlining kernels batch #109
[267/722] Inlining kernels batch #75
[268/722] Inlining kernels batch #93
[269/722] Inlining kernels batch #112 (includes)
[270/722] Inlining kernels batch #87
[271/722] Inlining kernels batch #95
[272/722] Inlining kernels batch #100
[273/722] Inlining kernels batch #114 (includes)
[274/722] Inlining kernels batch #89
[275/722] Inlining kernels batch #91
[276/722] Inlining kernels batch #96
[277/722] Inlining kernels batch #94
[278/722] Inlining kernels batch #99
[279/722] Inlining kernels batch #101
[280/722] Inlining kernels batch #98
[281/722] Inlining kernels batch #97
[282/722] Inlining kernels batch #113 (includes)
[283/722] Inlining kernels batch #92
[284/722] Inlining kernels batch #102
[285/722] Inlining kernels batch #104
[286/722] Inlining kernels batch #110
[287/722] Inlining kernels batch #103
[288/722] Inlining kernels batch #108
[289/722] Inlining kernels batch #105
[290/722] Inlining kernels batch #106
[291/722] Inlining kernels batch #107
[292/722] Inlining kernels batch #117 (includes)
[293/722] Inlining kernels batch #115 (includes)
[294/722] Inlining kernels batch #116 (includes)
[295/722] Inlining kernels batch #111
[296/722] Building CXX object src/CMakeFiles/MIOpen.dir/buffer_info.cpp.obj
[297/722] Building CXX object src/CMakeFiles/MIOpen.dir/activ/problem_description.cpp.obj
[298/722] Building CXX object src/CMakeFiles/MIOpen.dir/adam/problem_description.cpp.obj
[299/722] Building CXX object src/CMakeFiles/MIOpen.dir/cat/problem_description.cpp.obj
[300/722] Building CXX object src/CMakeFiles/MIOpen.dir/demangle.cpp.obj
[301/722] Building CXX object src/CMakeFiles/MIOpen.dir/conv_algo_name.cpp.obj
[302/722] Building CXX object src/CMakeFiles/MIOpen.dir/env_debug.cpp.obj
[303/722] Building CXX object src/CMakeFiles/MIOpen.dir/db_record.cpp.obj
[304/722] Building CXX object src/CMakeFiles/MIOpen.dir/batch_norm.cpp.obj
[305/722] Building CXX object src/CMakeFiles/MIOpen.dir/api/tuning.cpp.obj
[306/722] Building CXX object src/CMakeFiles/MIOpen.dir/fin/fin_interface.cpp.obj
[307/722] Building CXX object src/CMakeFiles/MIOpen.dir/check_numerics.cpp.obj
[308/722] Building CXX object src/CMakeFiles/MIOpen.dir/conv/kernel_interface/winograd_kernel_interface.cpp.obj
[309/722] Building CXX object src/CMakeFiles/MIOpen.dir/__/kernel_includes.cpp.obj
[310/722] Building CXX object src/CMakeFiles/MIOpen.dir/conv/invokers/wrw_rdc.cpp.obj
[311/722] Building CXX object src/CMakeFiles/MIOpen.dir/cat_api.cpp.obj
[312/722] Building CXX object src/CMakeFiles/MIOpen.dir/addlayernorm_api.cpp.obj
[313/722] Building CXX object src/CMakeFiles/MIOpen.dir/adam_api.cpp.obj
[314/722] Building CXX object src/CMakeFiles/MIOpen.dir/activ_api.cpp.obj
[315/722] Building CXX object src/CMakeFiles/MIOpen.dir/conv/invokers/gen_x_w_y_pad.cpp.obj
[316/722] Building CXX object src/CMakeFiles/MIOpen.dir/conv/invokers/gcn_asm_1x1u_ss.cpp.obj
[317/722] Building CXX object src/CMakeFiles/MIOpen.dir/db.cpp.obj
[318/722] Building CXX object src/CMakeFiles/MIOpen.dir/conv/invokers/gcn_asm_wino.cpp.obj
[319/722] Building CXX object src/CMakeFiles/MIOpen.dir/conv/invokers/gcn_asm_1x1u.cpp.obj
[320/722] Building CXX object src/CMakeFiles/MIOpen.dir/conv/invokers/impl_gemm.cpp.obj
[321/722] Building CXX object src/CMakeFiles/MIOpen.dir/conv/invokers/gcn_asm_1x1u_us.cpp.obj
[322/722] Building CXX object src/CMakeFiles/MIOpen.dir/env.cpp.obj
[323/722] Building CXX object src/CMakeFiles/MIOpen.dir/__/kernel.cpp.obj
[324/722] Building CXX object src/CMakeFiles/MIOpen.dir/filesystem_checker.cpp.obj
[325/722] Building CXX object src/CMakeFiles/MIOpen.dir/ctc_api.cpp.obj
[326/722] Building CXX object src/CMakeFiles/MIOpen.dir/batchnorm/problem_description.cpp.obj
[327/722] Building CXX object src/CMakeFiles/MIOpen.dir/expanduser.cpp.obj
[328/722] Building CXX object src/CMakeFiles/MIOpen.dir/dropout.cpp.obj
[329/722] Building CXX object src/CMakeFiles/MIOpen.dir/conv/problem_description.cpp.obj
[330/722] Building CXX object src/CMakeFiles/MIOpen.dir/batch_norm_api.cpp.obj
[331/722] Building CXX object src/CMakeFiles/MIOpen.dir/ctc.cpp.obj
[332/722] Building CXX object src/CMakeFiles/MIOpen.dir/groupnorm/problem_description.cpp.obj
[333/722] Building CXX object src/CMakeFiles/MIOpen.dir/glu/problem_description.cpp.obj
[334/722] Building CXX object src/CMakeFiles/MIOpen.dir/dropout_api.cpp.obj
[335/722] Building CXX object src/CMakeFiles/MIOpen.dir/kthvalue/problem_description.cpp.obj
[336/722] Building CXX object src/CMakeFiles/MIOpen.dir/kernel_warnings.cpp.obj
[337/722] Building CXX object src/CMakeFiles/MIOpen.dir/getitem/problem_description.cpp.obj
[338/722] Building CXX object src/CMakeFiles/MIOpen.dir/kernel_build_params.cpp.obj
[339/722] Building CXX object src/CMakeFiles/MIOpen.dir/driver_arguments.cpp.obj
[340/722] Building CXX object src/CMakeFiles/MIOpen.dir/execution_context.cpp.obj
[341/722] Building CXX object src/CMakeFiles/MIOpen.dir/invoker_cache.cpp.obj
[342/722] Building CXX object src/CMakeFiles/MIOpen.dir/glu_api.cpp.obj
[343/722] Building CXX object src/CMakeFiles/MIOpen.dir/load_file.cpp.obj
[344/722] Building CXX object src/CMakeFiles/MIOpen.dir/performance_config.cpp.obj
[345/722] Building CXX object src/CMakeFiles/MIOpen.dir/groupnorm_api.cpp.obj
[346/722] Building CXX object src/CMakeFiles/MIOpen.dir/find_controls.cpp.obj
[347/722] Building CXX object src/CMakeFiles/MIOpen.dir/handle_api.cpp.obj
[348/722] Building CXX object src/CMakeFiles/MIOpen.dir/getitem_api.cpp.obj
[349/722] Building CXX object src/CMakeFiles/MIOpen.dir/generic_search.cpp.obj
[350/722] Building CXX object src/CMakeFiles/MIOpen.dir/multimarginloss/problem_description.cpp.obj
[351/722] Building CXX object src/CMakeFiles/MIOpen.dir/conv/solver_finders.cpp.obj
[352/722] Building CXX object src/CMakeFiles/MIOpen.dir/prelu/problem_description.cpp.obj
[353/722] Building CXX object src/CMakeFiles/MIOpen.dir/mha/problem_description.cpp.obj
[354/722] Building CXX object src/CMakeFiles/MIOpen.dir/kthvalue_api.cpp.obj
[355/722] Building CXX object src/CMakeFiles/MIOpen.dir/logger.cpp.obj
[356/722] Building CXX object src/CMakeFiles/MIOpen.dir/layernorm_api.cpp.obj
[357/722] Building CXX object src/CMakeFiles/MIOpen.dir/lock_file.cpp.obj
[358/722] Building CXX object src/CMakeFiles/MIOpen.dir/lrn_api.cpp.obj
[359/722] Building CXX object src/CMakeFiles/MIOpen.dir/gpu_conv_reference.cpp.obj
[360/722] Building CXX object src/CMakeFiles/MIOpen.dir/mha/mha_descriptor.cpp.obj
[361/722] Building CXX object src/CMakeFiles/MIOpen.dir/layernorm/problem_description.cpp.obj
[362/722] Building CXX object src/CMakeFiles/MIOpen.dir/operator.cpp.obj
[363/722] Building CXX object src/CMakeFiles/MIOpen.dir/process.cpp.obj
[364/722] Building CXX object src/CMakeFiles/MIOpen.dir/op_args.cpp.obj
[365/722] Building CXX object src/CMakeFiles/MIOpen.dir/fused_api.cpp.obj
[366/722] Building CXX object src/CMakeFiles/MIOpen.dir/multimarginloss_api.cpp.obj
[367/722] Building CXX object src/CMakeFiles/MIOpen.dir/find_db.cpp.obj
[368/722] Building CXX object src/CMakeFiles/MIOpen.dir/reduce/problem_description.cpp.obj
[369/722] Building CXX object src/CMakeFiles/MIOpen.dir/convolution_api.cpp.obj
[370/722] Building CXX object src/CMakeFiles/MIOpen.dir/pooling/problem_description.cpp.obj
[371/722] Building CXX object src/CMakeFiles/MIOpen.dir/readonlyramdb.cpp.obj
[372/722] Building CXX object src/CMakeFiles/MIOpen.dir/conv/invokers/impl_gemm_dynamic.cpp.obj
[373/722] Building CXX object src/CMakeFiles/MIOpen.dir/prelu_api.cpp.obj
[374/722] Building CXX object src/CMakeFiles/MIOpen.dir/api/find2_0_commons.cpp.obj
[375/722] Building CXX object src/CMakeFiles/MIOpen.dir/reduceextreme_api.cpp.obj
[376/722] Building CXX object src/CMakeFiles/MIOpen.dir/pooling_api.cpp.obj
[377/722] Building CXX object src/CMakeFiles/MIOpen.dir/reducecalculation_api.cpp.obj
[378/722] Building CXX object src/CMakeFiles/MIOpen.dir/ramdb.cpp.obj
[379/722] Building CXX object src/CMakeFiles/MIOpen.dir/rope/problem_description.cpp.obj
[380/722] Building CXX object src/CMakeFiles/MIOpen.dir/softmarginloss/problem_description.cpp.obj
[381/722] Building CXX object src/CMakeFiles/MIOpen.dir/rnn/Solutions/rnn_transformer.cpp.obj
[382/722] Building CXX object src/CMakeFiles/MIOpen.dir/reducetensor_api.cpp.obj
[383/722] Building CXX object src/CMakeFiles/MIOpen.dir/reducetensor.cpp.obj
[384/722] Building CXX object src/CMakeFiles/MIOpen.dir/rnn.cpp.obj
[385/722] Building CXX object src/CMakeFiles/MIOpen.dir/fusion/problem_description.cpp.obj
[386/722] Building CXX object src/CMakeFiles/MIOpen.dir/scalar.cpp.obj
[387/722] Building CXX object src/CMakeFiles/MIOpen.dir/rnn/rnn_util.cpp.obj
[388/722] Building CXX object src/CMakeFiles/MIOpen.dir/softmarginloss_api.cpp.obj
[389/722] Building CXX object src/CMakeFiles/MIOpen.dir/rnn/Solutions/fwd_s_stream.cpp.obj
[390/722] Building CXX object src/CMakeFiles/MIOpen.dir/rope_api.cpp.obj
[391/722] Building CXX object src/CMakeFiles/MIOpen.dir/rnn/Solutions/Base/fw_data_modular.cpp.obj
[392/722] Building CXX object src/CMakeFiles/MIOpen.dir/rnn/Solutions/Base/bw_weights_modular.cpp.obj
[393/722] Building CXX object src/CMakeFiles/MIOpen.dir/rnn/selector.cpp.obj
[394/722] Building CXX object src/CMakeFiles/MIOpen.dir/convolution.cpp.obj
[395/722] Building CXX object src/CMakeFiles/MIOpen.dir/rnn/Solutions/bww_s_steam.cpp.obj
[396/722] Building CXX object src/CMakeFiles/MIOpen.dir/rnn/Solutions/bwd_s_stream.cpp.obj
[397/722] Building CXX object src/CMakeFiles/MIOpen.dir/rnn/Solutions/bwd_multi_stream.cpp.obj
[398/722] Building CXX object src/CMakeFiles/MIOpen.dir/rnn/Solutions/Base/bw_data_modular.cpp.obj
[399/722] Building CXX object src/CMakeFiles/MIOpen.dir/rnn/Solutions/bww_multi_stream.cpp.obj
[400/722] Building CXX object src/CMakeFiles/MIOpen.dir/softmax_api.cpp.obj
[401/722] Building CXX object src/CMakeFiles/MIOpen.dir/softmax/problem_description.cpp.obj
[402/722] Building CXX object src/CMakeFiles/MIOpen.dir/solver/activ/bwd_1.cpp.obj
[403/722] Building CXX object src/CMakeFiles/MIOpen.dir/rnn_api.cpp.obj
[404/722] Building CXX object src/CMakeFiles/MIOpen.dir/solver/activ/fwd_1.cpp.obj
[405/722] Building CXX object src/CMakeFiles/MIOpen.dir/solver/activ/bwd_0.cpp.obj
[406/722] Building CXX object src/CMakeFiles/MIOpen.dir/solver/adam/transformers_adam_w.cpp.obj
[407/722] Building CXX object src/CMakeFiles/MIOpen.dir/solver/activ/fwd_0.cpp.obj
[408/722] Building CXX object src/CMakeFiles/MIOpen.dir/solver/adam/adam.cpp.obj
[409/722] Building CXX object src/CMakeFiles/MIOpen.dir/solver/cat/forward_cat.cpp.obj
[410/722] Building CXX object src/CMakeFiles/MIOpen.dir/solver/batchnorm/forward_inference.cpp.obj
[411/722] Building CXX object src/CMakeFiles/MIOpen.dir/solver/batchnorm/backward_per_activation.cpp.obj
[412/722] Building CXX object src/CMakeFiles/MIOpen.dir/solver/batchnorm/forward_per_activation.cpp.obj
[413/722] Building CXX object src/CMakeFiles/MIOpen.dir/solver/conv/conv_asm_5x10u2v2f1.cpp.obj
[414/722] Building CXX object src/CMakeFiles/MIOpen.dir/problem.cpp.obj
[415/722] Building CXX object src/CMakeFiles/MIOpen.dir/softmax.cpp.obj
[416/722] Building CXX object src/CMakeFiles/MIOpen.dir/fusion.cpp.obj
[417/722] Building CXX object src/CMakeFiles/MIOpen.dir/solver/conv/conv_asm_5x10u2v2b1.cpp.obj
[418/722] Building CXX object src/CMakeFiles/MIOpen.dir/solver/conv/conv_asm_implicit_gemm_bwd_v4r1_dynamic.cpp.obj
[419/722] Building CXX object src/CMakeFiles/MIOpen.dir/solver/batchnorm/backward_spatial.cpp.obj
[420/722] Building CXX object src/CMakeFiles/MIOpen.dir/solver/batchnorm/forward_per_activation_fused.cpp.obj
[421/722] Building CXX object src/CMakeFiles/MIOpen.dir/solver/batchnorm/backward_per_activation_fused.cpp.obj
[422/722] Building CXX object src/CMakeFiles/MIOpen.dir/solver/conv/conv_asm_7x7c3h224w224k64u2v2p3q3f1.cpp.obj
[423/722] Building CXX object src/CMakeFiles/MIOpen.dir/solver/conv/conv_asm_implicit_gemm_gtc_perf_config.cpp.obj
[424/722] Building CXX object src/CMakeFiles/MIOpen.dir/solver/conv/conv_asm_implicit_gemm_gtc_bwd.cpp.obj
[425/722] Building CXX object src/CMakeFiles/MIOpen.dir/solver/batchnorm/forward_spatial.cpp.obj
[426/722] Building CXX object src/CMakeFiles/MIOpen.dir/solver/conv/conv_asm_3x3u.cpp.obj
[427/722] Building CXX object src/CMakeFiles/MIOpen.dir/solver/batchnorm/forward_inference_fused.cpp.obj
[428/722] Building CXX object src/CMakeFiles/MIOpen.dir/solver/conv/conv_asm_1x1u.cpp.obj
[429/722] Building CXX object src/CMakeFiles/MIOpen.dir/solver/conv/conv_bin_wino3x3U.cpp.obj
[430/722] Building CXX object src/CMakeFiles/MIOpen.dir/solver/conv/conv_asm_dir_BwdWrW3x3.cpp.obj
[431/722] Building CXX object src/CMakeFiles/MIOpen.dir/solver/conv/conv_asm_implicit_gemm_wrw_v4r1_dynamic.cpp.obj
[432/722] Building CXX object src/CMakeFiles/MIOpen.dir/solver/conv/conv_asm_implicit_gemm_v4r1_dynamic.cpp.obj
[433/722] Building CXX object src/CMakeFiles/MIOpen.dir/solver/conv/conv_asm_dir_BwdWrW1x1.cpp.obj
[434/722] Building CXX object src/CMakeFiles/MIOpen.dir/solver/conv/conv_asm_implicit_gemm_wrw_gtc_dynamic_xdlops.cpp.obj
[435/722] Building CXX object src/CMakeFiles/MIOpen.dir/solution.cpp.obj
[436/722] Building CXX object src/CMakeFiles/MIOpen.dir/solver/conv/conv_asm_1x1u_stride2.cpp.obj
[437/722] Building CXX object src/CMakeFiles/MIOpen.dir/solver/conv/conv_direct_naive_conv_bwd.cpp.obj
[438/722] Building CXX object src/CMakeFiles/MIOpen.dir/solver/conv/conv_bin_winoRxS.cpp.obj
[439/722] Building CXX object src/CMakeFiles/MIOpen.dir/solver/conv/conv_asm_implicit_gemm_gtc_bwd_nhwc.cpp.obj
[440/722] Building CXX object src/CMakeFiles/MIOpen.dir/solver/conv/conv_asm_implicit_gemm_gtc_fwd_nhwc.cpp.obj
[441/722] Building CXX object src/CMakeFiles/MIOpen.dir/solver/conv/conv_asm_implicit_gemm_gtc_fwd_nchwc.cpp.obj
[442/722] Building CXX object src/CMakeFiles/MIOpen.dir/solver/conv/conv_direct_naive_conv_fwd.cpp.obj
[443/722] Building CXX object src/CMakeFiles/MIOpen.dir/solver/conv/conv_asm_implicit_gemm_gtc_fwd.cpp.obj
[444/722] Building CXX object src/CMakeFiles/MIOpen.dir/solver/conv/conv_direct_naive_conv.cpp.obj
[445/722] Building CXX object src/CMakeFiles/MIOpen.dir/solver/conv/conv_asm_implicit_gemm_gtc_wrw_nhwc.cpp.obj
[446/722] Building CXX object src/CMakeFiles/MIOpen.dir/solver/ck_impl_lib_loader.cpp.obj
[447/722] Building CXX object src/CMakeFiles/MIOpen.dir/solver/conv/conv_direct_naive_conv_wrw.cpp.obj
[448/722] Building CXX object src/CMakeFiles/MIOpen.dir/solver/conv/conv_hip_implicit_gemm_bwd_v1r1.cpp.obj
[449/722] Building CXX object src/CMakeFiles/MIOpen.dir/solver/conv/conv_hip_implicit_gemm_nonxdlops_common.cpp.obj
[450/722] Building CXX object src/CMakeFiles/MIOpen.dir/solver/conv/conv_hip_implicit_gemm_fwd_v4r4_xdlops.cpp.obj
[451/722] Building CXX object src/CMakeFiles/MIOpen.dir/solver/conv/conv_hip_implicit_gemm_fwd_v4r4.cpp.obj
[452/722] Building CXX object src/CMakeFiles/MIOpen.dir/solver/conv/conv_hip_implicit_gemm_bwd_v4r1_xdlops.cpp.obj
[453/722] Building CXX object src/CMakeFiles/MIOpen.dir/solver/conv/conv_hip_implicit_gemm_grouped_wrw_xdlops.cpp.obj
[454/722] Building CXX object src/CMakeFiles/MIOpen.dir/solver/conv/conv_mlir_igemm_bwd.cpp.obj
[455/722] Building CXX object src/CMakeFiles/MIOpen.dir/solver/conv/conv_hip_implicit_gemm_fwd_v4r1.cpp.obj
[456/722] Building CXX object src/CMakeFiles/MIOpen.dir/solver/conv/conv_hip_implicit_gemm_grouped_fwd_xdlops.cpp.obj
[457/722] Building CXX object src/CMakeFiles/MIOpen.dir/solver/conv/conv_hip_implicit_gemm_3d_grouped_fwd_xdlops.cpp.obj
[458/722] Building CXX object src/CMakeFiles/MIOpen.dir/solver/conv/conv_hip_implicit_gemm_3d_grouped_bwd_xdlops.cpp.obj
[459/722] Building CXX object src/CMakeFiles/MIOpen.dir/solver/conv/conv_hip_implicit_gemm_grouped_bwd_xdlops.cpp.obj
[460/722] Building CXX object src/CMakeFiles/MIOpen.dir/solver/conv/conv_hip_implicit_gemm_3d_grouped_wrw_xdlops.cpp.obj
[461/722] Building CXX object src/CMakeFiles/MIOpen.dir/solver/conv/conv_mlir_igemm_bwd_xdlops.cpp.obj
[462/722] Building CXX object src/CMakeFiles/MIOpen.dir/solver/conv/conv_hip_implicit_gemm_fwd_v4r4_xdlops_padded_gemm.cpp.obj
[463/722] Building CXX object src/CMakeFiles/MIOpen.dir/solver/conv/conv_hip_dir2D11x11.cpp.obj
[464/722] Building CXX object src/CMakeFiles/MIOpen.dir/solver/conv/conv_mlir_igemm_fwd.cpp.obj
[465/722] Building CXX object src/CMakeFiles/MIOpen.dir/solver/conv/conv_hip_dir2Dfwd.cpp.obj
[466/722] Building CXX object src/CMakeFiles/MIOpen.dir/solver/conv/conv_hip_implicit_gemm_fwd_v4r5_xdlops.cpp.obj
[467/722] Building CXX object src/CMakeFiles/MIOpen.dir/solver/conv/conv_hip_dir2D_bwdWrW_53.cpp.obj
[468/722] Building CXX object src/CMakeFiles/MIOpen.dir/solver/conv/conv_mlir_igemm_wrw_xdlops.cpp.obj
[469/722] Building CXX object src/CMakeFiles/MIOpen.dir/solver/conv/conv_mlir_igemm_fwd_xdlops.cpp.obj
[470/722] Building CXX object src/CMakeFiles/MIOpen.dir/solver/conv/conv_hip_implicit_gemm_wrw_v4r4_xdlops.cpp.obj
[471/722] Building CXX object src/CMakeFiles/MIOpen.dir/solver/conv/conv_hip_implicit_gemm_wrw_v4r4.cpp.obj
[472/722] Building CXX object src/CMakeFiles/MIOpen.dir/solver/conv/conv_mlir_igemm_wrw.cpp.obj
[473/722] Building CXX object src/CMakeFiles/MIOpen.dir/solver/conv/conv_hip_dir2Dfwd_exhaustive_search.cpp.obj
[474/722] Building CXX object src/CMakeFiles/MIOpen.dir/solver/conv/gemm_common.cpp.obj
[475/722] Building CXX object src/CMakeFiles/MIOpen.dir/solver/conv/fft.cpp.obj
[476/722] Building CXX object src/CMakeFiles/MIOpen.dir/solver/conv/conv_hip_implicit_gemm_wrw_v4r4_xdlops_padded_gemm.cpp.obj
[477/722] Building CXX object src/CMakeFiles/MIOpen.dir/solver/glu/backward_glu.cpp.obj
[478/722] Building CXX object src/CMakeFiles/MIOpen.dir/solver/kthvalue/forward_kthvalue.cpp.obj
[479/722] Building CXX object src/CMakeFiles/MIOpen.dir/solver/groupnorm/forward_groupnorm.cpp.obj
[480/722] Building CXX object src/CMakeFiles/MIOpen.dir/solver/glu/forward_glu.cpp.obj
[481/722] Building CXX object src/CMakeFiles/MIOpen.dir/solver/getitem/backward_getitem.cpp.obj
[482/722] Building CXX object src/CMakeFiles/MIOpen.dir/solver/conv/conv_wino_rage_RxS.cpp.obj
[483/722] Building CXX object src/CMakeFiles/MIOpen.dir/solver/conv/conv_wino_fury_RxS.cpp.obj
[484/722] Building CXX object src/CMakeFiles/MIOpen.dir/solver/mha/mha_solver_forward.cpp.obj
[485/722] Building CXX object src/CMakeFiles/MIOpen.dir/solver/layernorm/backward_t5layernorm.cpp.obj
[486/722] Building CXX object src/CMakeFiles/MIOpen.dir/solver/mha/mha_solver_backward.cpp.obj
[487/722] Building CXX object src/CMakeFiles/MIOpen.dir/solver/layernorm/forward_addlayernorm.cpp.obj
[488/722] Building CXX object src/CMakeFiles/MIOpen.dir/solver/conv/conv_3d_depthwise_fwd.cpp.obj
[489/722] Building CXX object src/CMakeFiles/MIOpen.dir/solver/layernorm/forward_t5layernorm.cpp.obj
[490/722] Building CXX object src/CMakeFiles/MIOpen.dir/solver/conv/gemm.cpp.obj
[491/722] Building CXX object src/CMakeFiles/MIOpen.dir/solver/layernorm/backward_layernorm.cpp.obj
[492/722] Building CXX object src/CMakeFiles/MIOpen.dir/solver/conv/gemm_wrw.cpp.obj
[493/722] Building CXX object src/CMakeFiles/MIOpen.dir/solver/multimarginloss/forward_multimarginloss.cpp.obj
[494/722] Building CXX object src/CMakeFiles/MIOpen.dir/solver/layernorm/common_layernorm.cpp.obj
[495/722] Building CXX object src/CMakeFiles/MIOpen.dir/solver/conv/conv_MP_bidirectional_winograd.cpp.obj
[496/722] Building CXX object src/CMakeFiles/MIOpen.dir/solver/layernorm/forward_layernorm.cpp.obj
[497/722] Building CXX object src/CMakeFiles/MIOpen.dir/solver/conv/gemm_bwd.cpp.obj
[498/722] Building CXX object src/CMakeFiles/MIOpen.dir/solver/pooling/forward2d.cpp.obj
[499/722] Building CXX object src/CMakeFiles/MIOpen.dir/solver/conv_hip_dir2Dfwd_fused.cpp.obj
[500/722] Building CXX object src/CMakeFiles/MIOpen.dir/solver/conv_winoRxS_fused.cpp.obj
[501/722] Building CXX object src/CMakeFiles/MIOpen.dir/solver/conv/conv_winoRxS.cpp.obj
[502/722] Building CXX object src/CMakeFiles/MIOpen.dir/solver/prelu/backward_prelu_multi_weights.cpp.obj
[503/722] Building CXX object src/CMakeFiles/MIOpen.dir/solver/conv/conv_ck_grouped_conv_fwd.cpp.obj
[504/722] Building CXX object src/CMakeFiles/MIOpen.dir/solver/pooling/forwardNaive.cpp.obj
[505/722] Building CXX object src/CMakeFiles/MIOpen.dir/solver/pooling/performanceConfig2d.cpp.obj
[506/722] Building CXX object src/CMakeFiles/MIOpen.dir/solver/prelu/utils.cpp.obj
[507/722] Building CXX object src/CMakeFiles/MIOpen.dir/solver/conv_ck_igemm_grp_fwd_bias_activ_fused.cpp.obj
[508/722] Building CXX object src/CMakeFiles/MIOpen.dir/solver/conv_ck_igemm_grp_fwd_activ_fused.cpp.obj
[509/722] Building CXX object src/CMakeFiles/MIOpen.dir/solver/prelu/backward_prelu_single_weight.cpp.obj
[510/722] Building CXX object src/CMakeFiles/MIOpen.dir/solver/pooling/backward2d.cpp.obj
[511/722] Building CXX object src/CMakeFiles/MIOpen.dir/solver/conv_ck_igemm_fwd_bias_activ_fused.cpp.obj
[512/722] Building CXX object src/CMakeFiles/MIOpen.dir/solver/conv_asm_1x1u_bias_activ_fused.cpp.obj
[513/722] Building CXX object src/CMakeFiles/MIOpen.dir/solver/reduce/forward_argmin.cpp.obj
[514/722] Building CXX object src/CMakeFiles/MIOpen.dir/solver/reduce/forward_argmax.cpp.obj
[515/722] Building CXX object src/CMakeFiles/MIOpen.dir/solver/pooling/forwardNd.cpp.obj
[516/722] Building CXX object src/CMakeFiles/MIOpen.dir/solver/pooling/performanceConfigNd.cpp.obj
[517/722] Building CXX object src/CMakeFiles/MIOpen.dir/subbuffers.cpp.obj
[518/722] Building CXX object src/CMakeFiles/MIOpen.dir/solver/rope/backward_rope.cpp.obj
[519/722] Building CXX object src/CMakeFiles/MIOpen.dir/solver/reduce/forward_min.cpp.obj
[520/722] Building CXX object src/CMakeFiles/MIOpen.dir/solver/pooling/backwardNd.cpp.obj
[521/722] Building CXX object src/CMakeFiles/MIOpen.dir/sysinfo_utils.cpp.obj
[522/722] Building CXX object src/CMakeFiles/MIOpen.dir/solver/reduce/forward_prod.cpp.obj
[523/722] Building CXX object src/CMakeFiles/MIOpen.dir/solver/reduce/forward_max.cpp.obj
[524/722] Building CXX object src/CMakeFiles/MIOpen.dir/solver/rope/forward_rope.cpp.obj
[525/722] Building CXX object src/CMakeFiles/MIOpen.dir/solver/softmarginloss/backward_softmarginloss.cpp.obj
[526/722] Building CXX object src/CMakeFiles/MIOpen.dir/solver/conv_ck_igemm_fwd_bias_res_add_activ_fused.cpp.obj
[527/722] Building CXX object src/CMakeFiles/MIOpen.dir/solver/reduce/forward_sum.cpp.obj
[528/722] Building CXX object src/CMakeFiles/MIOpen.dir/md5.cpp.obj
[529/722] Building CXX object src/CMakeFiles/MIOpen.dir/temp_file.cpp.obj
[530/722] Building CXX object src/CMakeFiles/MIOpen.dir/solver/softmarginloss/forward_softmarginloss.cpp.obj
[531/722] Building CXX object src/CMakeFiles/MIOpen.dir/tensorOp/problem_description.cpp.obj
[532/722] Building CXX object src/CMakeFiles/MIOpen.dir/bz2.cpp.obj
[533/722] Building CXX object src/CMakeFiles/MIOpen.dir/unique_path.cpp.obj
[534/722] Building CXX object src/CMakeFiles/MIOpen.dir/solver/tensorOp/Op1dTensorGeneric.cpp.obj
[535/722] Building CXX object src/CMakeFiles/MIOpen.dir/solver/tensorOp/Op2dTensorLite.cpp.obj
[536/722] Building CXX object src/CMakeFiles/MIOpen.dir/t5layernorm_api.cpp.obj
[537/722] Building CXX object src/CMakeFiles/MIOpen.dir/solver/softmax/attn_softmax.cpp.obj
[538/722] Building CXX object src/CMakeFiles/MIOpen.dir/tmp_dir.cpp.obj
[539/722] Building CXX object src/CMakeFiles/MIOpen.dir/target_properties.cpp.obj
[540/722] Building CXX object src/CMakeFiles/MIOpen.dir/solver/tensorOp/Op2dTensorGeneric.cpp.obj
[541/722] Building CXX object src/CMakeFiles/MIOpen.dir/solver/softmax/softmax.cpp.obj
[542/722] Building CXX object src/CMakeFiles/MIOpen.dir/solver/tensorOp/Op4dTensorLite.cpp.obj
[543/722] Building CXX object src/CMakeFiles/MIOpen.dir/exec_utils.cpp.obj
[544/722] Building CXX object src/CMakeFiles/MIOpen.dir/solver/conv/conv_multipass_wino3x3WrW.cpp.obj
[545/722] Building CXX object src/CMakeFiles/MIOpen.dir/solver/softmax/softmax_noncontiguous.cpp.obj
[546/722] Building CXX object src/CMakeFiles/MIOpen.dir/transformers_adam_w_api.cpp.obj
[547/722] Building CXX object src/CMakeFiles/MIOpen.dir/solver/tensorOp/Op3dTensorGeneric.cpp.obj
[548/722] Building CXX object src/CMakeFiles/MIOpen.dir/solver/tensorOp/Op2dTensorSquash.cpp.obj
[549/722] Building CXX object src/CMakeFiles/MIOpen.dir/solver/tensorOp/Op4dTensorGeneric.cpp.obj
[550/722] Building CXX object src/CMakeFiles/MIOpen.dir/seq_tensor.cpp.obj
[551/722] Building CXX object src/CMakeFiles/MIOpen.dir/kern_db.cpp.obj
[552/722] Building CXX object src/CMakeFiles/MIOpen.dir/solver/tensorOp/OpTensorFwdBias.cpp.obj
[553/722] Building CXX object src/CMakeFiles/MIOpen.dir/binary_cache.cpp.obj
[554/722] Building CXX object src/CMakeFiles/MIOpen.dir/tensor_api.cpp.obj
[555/722] Building CXX object src/CMakeFiles/MIOpen.dir/activ.cpp.obj
[556/722] Building CXX object src/CMakeFiles/MIOpen.dir/adam.cpp.obj
[557/722] Building CXX object src/CMakeFiles/MIOpen.dir/solver/tensorOp/OpTensorLeadingOnes.cpp.obj
[558/722] Building CXX object src/CMakeFiles/MIOpen.dir/lrn.cpp.obj
[559/722] Building CXX object src/CMakeFiles/MIOpen.dir/solver/tensorOp/Op5dTensorGeneric.cpp.obj
[560/722] Building CXX object src/CMakeFiles/MIOpen.dir/hip/gcn_asm_utils.cpp.obj
[561/722] Building CXX object src/CMakeFiles/MIOpen.dir/groupnorm.cpp.obj
[562/722] Building CXX object src/CMakeFiles/MIOpen.dir/sqlite_db.cpp.obj
[563/722] Building CXX object src/CMakeFiles/MIOpen.dir/cat.cpp.obj
[564/722] Building CXX object src/CMakeFiles/MIOpen.dir/glu.cpp.obj
[565/722] Building CXX object src/CMakeFiles/MIOpen.dir/hip/fusionopconvocl.cpp.obj
[566/722] Building CXX object src/CMakeFiles/MIOpen.dir/hip/hip_build_utils.cpp.obj
[567/722] Building CXX object src/CMakeFiles/MIOpen.dir/kthvalue.cpp.obj
[568/722] Building CXX object src/CMakeFiles/MIOpen.dir/getitem.cpp.obj
[569/722] Building CXX object src/CMakeFiles/MIOpen.dir/kernel_cache.cpp.obj
[570/722] Building CXX object src/CMakeFiles/MIOpen.dir/multimarginloss.cpp.obj
[571/722] Building CXX object src/CMakeFiles/MIOpen.dir/hip/dropoutocl.cpp.obj
[572/722] Building CXX object src/CMakeFiles/MIOpen.dir/hip/hiperrors.cpp.obj
[573/722] Building CXX object src/CMakeFiles/MIOpen.dir/addlayernorm.cpp.obj
[574/722] Building CXX object src/CMakeFiles/MIOpen.dir/hip/activ_ocl.cpp.obj
[575/722] Building CXX object src/CMakeFiles/MIOpen.dir/hip/general_tensor_reorder_sol.cpp.obj
[576/722] Building CXX object src/CMakeFiles/MIOpen.dir/hip/fusionopbiasbnactivocl.cpp.obj
[577/722] Building CXX object src/CMakeFiles/MIOpen.dir/hip/mloNorm.cpp.obj
[578/722] Building CXX object src/CMakeFiles/MIOpen.dir/hip/lrn_ocl.cpp.obj
[579/722] Building CXX object src/CMakeFiles/MIOpen.dir/hipoc/hipoc_program.cpp.obj
[580/722] Building CXX object src/CMakeFiles/MIOpen.dir/__/inlined_kernels/batch_0.cpp.obj
[581/722] Building CXX object src/CMakeFiles/MIOpen.dir/reducecalculation.cpp.obj
[582/722] Building CXX object src/CMakeFiles/MIOpen.dir/hip/batched_transpose_sol.cpp.obj
[583/722] Building CXX object src/CMakeFiles/MIOpen.dir/transformers_adam_w.cpp.obj
[584/722] Building CXX object src/CMakeFiles/MIOpen.dir/rope.cpp.obj
[585/722] Building CXX object src/CMakeFiles/MIOpen.dir/gemm_v2.cpp.obj
[586/722] Building CXX object src/CMakeFiles/MIOpen.dir/__/db_path.cpp.obj
[587/722] Building CXX object src/CMakeFiles/MIOpen.dir/hipoc/hipoc_kernel.cpp.obj
[588/722] Building CXX object src/CMakeFiles/MIOpen.dir/hip/utilocl.cpp.obj
[589/722] Building CXX object src/CMakeFiles/MIOpen.dir/solver/conv/conv_hipconv.cpp.obj
[590/722] Building CXX object src/CMakeFiles/MIOpen.dir/softmarginloss.cpp.obj
[591/722] Building CXX object src/CMakeFiles/MIOpen.dir/hip/batchnormocl.cpp.obj
[592/722] Building CXX object src/CMakeFiles/MIOpen.dir/prelu.cpp.obj
[593/722] Building CXX object src/CMakeFiles/MIOpen.dir/__/inlined_kernels/batch_3.cpp.obj
[594/722] Building CXX object src/CMakeFiles/MIOpen.dir/hip/handlehip.cpp.obj
[595/722] Building CXX object src/CMakeFiles/MIOpen.dir/__/inlined_kernels/batch_1.cpp.obj
[596/722] Building CXX object src/CMakeFiles/MIOpen.dir/__/inlined_kernels/batch_4.cpp.obj
[597/722] Building CXX object src/CMakeFiles/MIOpen.dir/t5layernorm.cpp.obj
[598/722] Building CXX object src/CMakeFiles/MIOpen.dir/__/inlined_kernels/batch_2.cpp.obj
[599/722] Building CXX object src/CMakeFiles/MIOpen.dir/__/inlined_kernels/batch_8.cpp.obj
[600/722] Building CXX object src/CMakeFiles/MIOpen.dir/hip/rnnocl.cpp.obj
[601/722] Building CXX object src/CMakeFiles/MIOpen.dir/__/inlined_kernels/batch_6.cpp.obj
[602/722] Building CXX object src/CMakeFiles/MIOpen.dir/__/inlined_kernels/batch_10.cpp.obj
[603/722] Building CXX object src/CMakeFiles/MIOpen.dir/reduceextreme.cpp.obj
[604/722] Building CXX object src/CMakeFiles/MIOpen.dir/__/inlined_kernels/batch_5.cpp.obj
[605/722] Building CXX object src/CMakeFiles/MIOpen.dir/__/inlined_kernels/batch_9.cpp.obj
[606/722] Building CXX object src/CMakeFiles/MIOpen.dir/__/inlined_kernels/batch_7.cpp.obj
[607/722] Building CXX object src/CMakeFiles/MIOpen.dir/hip/convolutionocl.cpp.obj
[608/722] Building CXX object src/CMakeFiles/MIOpen.dir/__/inlined_kernels/batch_13.cpp.obj
[609/722] Building CXX object src/CMakeFiles/MIOpen.dir/__/inlined_kernels/batch_12.cpp.obj
[610/722] Building CXX object src/CMakeFiles/MIOpen.dir/__/inlined_kernels/batch_23.cpp.obj
[611/722] Building CXX object src/CMakeFiles/MIOpen.dir/layernorm.cpp.obj
[612/722] Building CXX object src/CMakeFiles/MIOpen.dir/__/inlined_kernels/batch_14.cpp.obj
[613/722] Building CXX object src/CMakeFiles/MIOpen.dir/__/inlined_kernels/batch_11.cpp.obj
[614/722] Building CXX object src/CMakeFiles/MIOpen.dir/__/inlined_kernels/batch_22.cpp.obj
[615/722] Building CXX object src/CMakeFiles/MIOpen.dir/__/inlined_kernels/batch_28.cpp.obj
[616/722] Building CXX object src/CMakeFiles/MIOpen.dir/__/inlined_kernels/batch_16.cpp.obj
[617/722] Building CXX object src/CMakeFiles/MIOpen.dir/__/inlined_kernels/batch_21.cpp.obj
[618/722] Building CXX object src/CMakeFiles/MIOpen.dir/__/inlined_kernels/batch_24.cpp.obj
[619/722] Building CXX object src/CMakeFiles/MIOpen.dir/__/inlined_kernels/batch_26.cpp.obj
[620/722] Building CXX object src/CMakeFiles/MIOpen.dir/__/inlined_kernels/batch_18.cpp.obj
[621/722] Building CXX object src/CMakeFiles/MIOpen.dir/__/inlined_kernels/batch_32.cpp.obj
[622/722] Building CXX object src/CMakeFiles/MIOpen.dir/__/inlined_kernels/batch_29.cpp.obj
[623/722] Building CXX object src/CMakeFiles/MIOpen.dir/tensor.cpp.obj
[624/722] Building CXX object src/CMakeFiles/MIOpen.dir/__/inlined_kernels/batch_20.cpp.obj
[625/722] Building CXX object src/CMakeFiles/MIOpen.dir/__/inlined_kernels/batch_30.cpp.obj
[626/722] Building CXX object src/CMakeFiles/MIOpen.dir/__/inlined_kernels/batch_19.cpp.obj
[627/722] Building CXX object src/CMakeFiles/MIOpen.dir/__/inlined_kernels/batch_33.cpp.obj
[628/722] Building CXX object src/CMakeFiles/MIOpen.dir/__/inlined_kernels/batch_34.cpp.obj
[629/722] Building CXX object src/CMakeFiles/MIOpen.dir/__/inlined_kernels/batch_17.cpp.obj
[630/722] Building CXX object src/CMakeFiles/MIOpen.dir/__/inlined_kernels/batch_35.cpp.obj
[631/722] Building CXX object src/CMakeFiles/MIOpen.dir/__/inlined_kernels/batch_36.cpp.obj
[632/722] Building CXX object src/CMakeFiles/MIOpen.dir/__/inlined_kernels/batch_27.cpp.obj
[633/722] Building CXX object src/CMakeFiles/MIOpen.dir/__/inlined_kernels/batch_39.cpp.obj
[634/722] Building CXX object src/CMakeFiles/MIOpen.dir/__/inlined_kernels/batch_25.cpp.obj
[635/722] Building CXX object src/CMakeFiles/MIOpen.dir/__/inlined_kernels/batch_37.cpp.obj
[636/722] Building CXX object src/CMakeFiles/MIOpen.dir/__/inlined_kernels/batch_31.cpp.obj
[637/722] Building CXX object src/CMakeFiles/MIOpen.dir/__/inlined_kernels/batch_15.cpp.obj
[638/722] Building CXX object src/CMakeFiles/MIOpen.dir/__/inlined_kernels/batch_38.cpp.obj
[639/722] Building CXX object src/CMakeFiles/MIOpen.dir/__/inlined_kernels/batch_44.cpp.obj
[640/722] Building CXX object src/CMakeFiles/MIOpen.dir/__/inlined_kernels/batch_47.cpp.obj
[641/722] Building CXX object src/CMakeFiles/MIOpen.dir/__/inlined_kernels/batch_43.cpp.obj
[642/722] Building CXX object src/CMakeFiles/MIOpen.dir/__/inlined_kernels/batch_45.cpp.obj
[643/722] Building CXX object src/CMakeFiles/MIOpen.dir/__/inlined_kernels/batch_48.cpp.obj
[644/722] Building CXX object src/CMakeFiles/MIOpen.dir/__/inlined_kernels/batch_41.cpp.obj
[645/722] Building CXX object src/CMakeFiles/MIOpen.dir/__/inlined_kernels/batch_46.cpp.obj
[646/722] Building CXX object src/CMakeFiles/MIOpen.dir/__/inlined_kernels/batch_51.cpp.obj
[647/722] Building CXX object src/CMakeFiles/MIOpen.dir/__/inlined_kernels/batch_55.cpp.obj
[648/722] Building CXX object src/CMakeFiles/MIOpen.dir/__/inlined_kernels/batch_42.cpp.obj
[649/722] Building CXX object src/CMakeFiles/MIOpen.dir/__/inlined_kernels/batch_49.cpp.obj
[650/722] Building CXX object src/CMakeFiles/MIOpen.dir/__/inlined_kernels/batch_53.cpp.obj
[651/722] Building CXX object src/CMakeFiles/MIOpen.dir/__/inlined_kernels/batch_59.cpp.obj
[652/722] Building CXX object src/CMakeFiles/MIOpen.dir/__/inlined_kernels/batch_56.cpp.obj
[653/722] Building CXX object src/CMakeFiles/MIOpen.dir/__/inlined_kernels/batch_40.cpp.obj
[654/722] Building CXX object src/CMakeFiles/MIOpen.dir/__/inlined_kernels/batch_58.cpp.obj
[655/722] Building CXX object src/CMakeFiles/MIOpen.dir/__/inlined_kernels/batch_65.cpp.obj
[656/722] Building CXX object src/CMakeFiles/MIOpen.dir/__/inlined_kernels/batch_54.cpp.obj
[657/722] Building CXX object src/CMakeFiles/MIOpen.dir/__/inlined_kernels/batch_66.cpp.obj
[658/722] Building CXX object src/CMakeFiles/MIOpen.dir/__/inlined_kernels/batch_68.cpp.obj
[659/722] Building CXX object src/CMakeFiles/MIOpen.dir/__/inlined_kernels/batch_63.cpp.obj
[660/722] Building CXX object src/CMakeFiles/MIOpen.dir/__/inlined_kernels/batch_57.cpp.obj
[661/722] Building CXX object src/CMakeFiles/MIOpen.dir/__/inlined_kernels/batch_67.cpp.obj
[662/722] Building CXX object src/CMakeFiles/MIOpen.dir/__/inlined_kernels/batch_62.cpp.obj
[663/722] Building CXX object src/CMakeFiles/MIOpen.dir/__/inlined_kernels/batch_60.cpp.obj
[664/722] Building CXX object src/CMakeFiles/MIOpen.dir/__/inlined_kernels/batch_69.cpp.obj
[665/722] Building CXX object src/CMakeFiles/MIOpen.dir/__/inlined_kernels/batch_52.cpp.obj
[666/722] Building CXX object src/CMakeFiles/MIOpen.dir/__/inlined_kernels/batch_70.cpp.obj
[667/722] Building CXX object src/CMakeFiles/MIOpen.dir/__/inlined_kernels/batch_73.cpp.obj
[668/722] Building CXX object src/CMakeFiles/MIOpen.dir/__/inlined_kernels/batch_71.cpp.obj
[669/722] Building CXX object src/CMakeFiles/MIOpen.dir/__/inlined_kernels/batch_50.cpp.obj
[670/722] Building CXX object src/CMakeFiles/MIOpen.dir/__/inlined_kernels/batch_61.cpp.obj
[671/722] Building CXX object src/CMakeFiles/MIOpen.dir/__/inlined_kernels/batch_72.cpp.obj
[672/722] Building CXX object src/CMakeFiles/MIOpen.dir/__/inlined_kernels/batch_74.cpp.obj
[673/722] Building CXX object src/CMakeFiles/MIOpen.dir/__/inlined_kernels/batch_64.cpp.obj
[674/722] Building CXX object src/CMakeFiles/MIOpen.dir/__/inlined_kernels/batch_79.cpp.obj
[675/722] Building CXX object src/CMakeFiles/MIOpen.dir/__/inlined_kernels/batch_81.cpp.obj
[676/722] Building CXX object src/CMakeFiles/MIOpen.dir/__/inlined_kernels/batch_82.cpp.obj
[677/722] Building CXX object src/CMakeFiles/MIOpen.dir/__/inlined_kernels/batch_76.cpp.obj
[678/722] Building CXX object src/CMakeFiles/MIOpen.dir/__/inlined_kernels/batch_80.cpp.obj
[679/722] Building CXX object src/CMakeFiles/MIOpen.dir/__/inlined_kernels/batch_83.cpp.obj
[680/722] Building CXX object src/CMakeFiles/MIOpen.dir/__/inlined_kernels/batch_78.cpp.obj
[681/722] Building CXX object src/CMakeFiles/MIOpen.dir/__/inlined_kernels/batch_84.cpp.obj
[682/722] Building CXX object src/CMakeFiles/MIOpen.dir/__/inlined_kernels/batch_109.cpp.obj
[683/722] Building CXX object src/CMakeFiles/MIOpen.dir/__/inlined_kernels/batch_85.cpp.obj
[684/722] Building CXX object src/CMakeFiles/MIOpen.dir/__/inlined_kernels/batch_88.cpp.obj
[685/722] Building CXX object src/CMakeFiles/MIOpen.dir/__/inlined_kernels/batch_86.cpp.obj
[686/722] Building CXX object src/CMakeFiles/MIOpen.dir/__/inlined_kernels/batch_112.cpp.obj
[687/722] Building CXX object src/CMakeFiles/MIOpen.dir/__/inlined_kernels/batch_113.cpp.obj
[688/722] Building CXX object src/CMakeFiles/MIOpen.dir/__/inlined_kernels/batch_114.cpp.obj
[689/722] Building CXX object src/CMakeFiles/MIOpen.dir/__/inlined_kernels/batch_77.cpp.obj
[690/722] Building CXX object src/CMakeFiles/MIOpen.dir/__/inlined_kernels/batch_90.cpp.obj
[691/722] Building CXX object src/CMakeFiles/MIOpen.dir/__/inlined_kernels/batch_87.cpp.obj
[692/722] Building CXX object src/CMakeFiles/MIOpen.dir/__/inlined_kernels/batch_94.cpp.obj
[693/722] Building CXX object src/CMakeFiles/MIOpen.dir/__/inlined_kernels/batch_93.cpp.obj
[694/722] Building CXX object src/CMakeFiles/MIOpen.dir/__/inlined_kernels/batch_96.cpp.obj
[695/722] Building CXX object src/CMakeFiles/MIOpen.dir/__/inlined_kernels/batch_100.cpp.obj
[696/722] Building CXX object src/CMakeFiles/MIOpen.dir/pooling.cpp.obj
[697/722] Building CXX object src/CMakeFiles/MIOpen.dir/__/inlined_kernels/batch_98.cpp.obj
[698/722] Building CXX object src/CMakeFiles/MIOpen.dir/__/inlined_kernels/batch_75.cpp.obj
[699/722] Building CXX object src/CMakeFiles/MIOpen.dir/__/inlined_kernels/batch_97.cpp.obj
[700/722] Building CXX object src/CMakeFiles/MIOpen.dir/__/inlined_kernels/batch_92.cpp.obj
[701/722] Building CXX object src/CMakeFiles/MIOpen.dir/__/inlined_kernels/batch_91.cpp.obj
[702/722] Building CXX object src/CMakeFiles/MIOpen.dir/__/inlined_kernels/batch_89.cpp.obj
[703/722] Building CXX object src/CMakeFiles/MIOpen.dir/__/inlined_kernels/batch_95.cpp.obj
[704/722] Building CXX object src/CMakeFiles/MIOpen.dir/__/inlined_kernels/batch_110.cpp.obj
[705/722] Building CXX object src/CMakeFiles/MIOpen.dir/__/inlined_kernels/batch_99.cpp.obj
[706/722] Building CXX object src/CMakeFiles/MIOpen.dir/__/inlined_kernels/batch_105.cpp.obj
[707/722] Building CXX object src/CMakeFiles/MIOpen.dir/__/inlined_kernels/batch_102.cpp.obj
[708/722] Building CXX object src/CMakeFiles/MIOpen.dir/__/inlined_kernels/batch_101.cpp.obj
[709/722] Building CXX object src/CMakeFiles/MIOpen.dir/__/inlined_kernels/batch_106.cpp.obj
[710/722] Building CXX object src/CMakeFiles/MIOpen.dir/__/inlined_kernels/batch_108.cpp.obj
[711/722] Building CXX object src/CMakeFiles/MIOpen.dir/__/inlined_kernels/batch_107.cpp.obj
[712/722] Building CXX object src/CMakeFiles/MIOpen.dir/comgr.cpp.obj
[713/722] Building CXX object src/CMakeFiles/MIOpen.dir/__/inlined_kernels/batch_104.cpp.obj
[714/722] Building CXX object src/CMakeFiles/MIOpen.dir/__/inlined_kernels/batch_103.cpp.obj
[715/722] Building CXX object src/CMakeFiles/MIOpen.dir/__/inlined_kernels/batch_117.cpp.obj
[716/722] Building CXX object src/CMakeFiles/MIOpen.dir/__/inlined_kernels/batch_115.cpp.obj
[717/722] Building CXX object src/CMakeFiles/MIOpen.dir/__/inlined_kernels/batch_116.cpp.obj
[718/722] Building CXX object src/CMakeFiles/MIOpen.dir/__/inlined_kernels/batch_111.cpp.obj
[719/722] Building CXX object src/CMakeFiles/MIOpen.dir/mlo_dir_conv.cpp.obj
[720/722] Building CXX object src/CMakeFiles/MIOpen.dir/solver.cpp.obj
[721/722] Linking CXX shared library bin\MIOpen.dll
