{
  "ok": true,
  "method": "B: isolated index; git apply --cached + write-tree",
  "tree": "605d0d214acdbc06086fdb27c61fec970c0f2798",
  "expected_tree": "605d0d214acdbc06086fdb27c61fec970c0f2798",
  "tree_match": true,
  "all_changes_under_projects_miopen": true,
  "changed_files": [
    "projects/miopen/src/CMakeLists.txt",
    "projects/miopen/src/kernels/miopen_freestanding_initializer_list.hpp",
    "projects/miopen/src/kernels/miopen_freestanding_type_traits.hpp",
    "projects/miopen/src/kernels/miopen_freestanding_utility.hpp",
    "projects/miopen/src/kernels/miopen_type_traits.hpp",
    "projects/miopen/src/kernels/miopen_utility.hpp",
    "projects/miopen/src/kernels/radix.hpp",
    "projects/miopen/src/kernels/tensor_view.hpp",
    "projects/miopen/test/CMakeLists.txt",
    "projects/miopen/test/hiprtc_selfcontained.cpp"
  ],
  "apply_log": [
    {
      "patch": "patches/phase5_1/canonical/0001-MIOpen-keep-RTC-type-traits-self-contained-when-no-h.patch",
      "exit": 0,
      "stderr": ""
    },
    {
      "patch": "patches/phase5_1/canonical/0002-MIOpen-make-remaining-RTC-kernel-std-includes-self-c.patch",
      "exit": 0,
      "stderr": ""
    },
    {
      "patch": "patches/phase5_1/canonical/0003-MIOpen-add-HIPRTC-no-host-STL-regression-test.patch",
      "exit": 0,
      "stderr": ""
    }
  ],
  "worktree": "/workspace/miopen-w7900-validation/build/recon/method-b-apply-index"
}