$ C:\Users\rocm\Desktop\YOLO_AMD\phase3_buildtools\Lib\site-packages\cmake\data\bin\cmake.exe --build C:\Users\rocm\Desktop\YOLO_AMD\phase5_4_build\miopen --target MIOpen -- -k 0
exit=0
[0/2] Re-checking globbed directories...
[1/652] Building CXX object src/sqlite/CMakeFiles/sqlite_memvfs.dir/memvfs.cpp.obj
[2/652] Inlining rocrand_xorwow.h with all dependencies as C++ source
Successfully created C:/Users/rocm/Desktop/YOLO_AMD/phase5_4_build/miopen/kernels/rocrand_xorwow_inlined.h
[3/652] Building CXX object src/hipconv/src/arch/cdna4/CMakeFiles/hipconv_arch_cdna4_patch_embed_autoshard.dir/patch_embed_autoshard.cpp.obj
[4/652] Building CXX object src/hipconv/src/arch/cdna4/CMakeFiles/hipconv_arch_cdna4_direct_l1_autoshard.dir/direct_l1_autoshard.cpp.obj
[5/652] Building CXX object src/hipconv/src/arch/cdna4/CMakeFiles/hipconv_arch_cdna4_direct_autoshard.dir/direct_autoshard.cpp.obj
[6/652] Building CXX object src/hipconv/src/arch/cdna5/CMakeFiles/hipconv_arch_cdna5_grouped_multi_g_autoshard.dir/grouped_multi_g_autoshard.cpp.obj
[7/652] Building CXX object src/hipconv/src/arch/cdna4/CMakeFiles/hipconv_arch_cdna4_depthwise_wgrad_hankel_autoshard.dir/depthwise_wgrad_hankel_autoshard.cpp.obj
[8/652] Building CXX object src/hipconv/src/arch/cdna5/CMakeFiles/hipconv_arch_cdna5_grouped_multi_g_wgrad_autoshard.dir/grouped_multi_g_wgrad_autoshard.cpp.obj
[9/652] Building CXX object src/hipconv/src/arch/cdna5/CMakeFiles/hipconv_arch_cdna5_direct_autoshard.dir/direct_autoshard.cpp.obj
[10/652] Building CXX object src/hipconv/src/arch/cdna4/CMakeFiles/hipconv_arch_cdna4_direct_wgrad_autoshard.dir/direct_wgrad_autoshard.cpp.obj
[11/652] Building CXX object src/hipconv/src/arch/cdna5/CMakeFiles/hipconv_arch_cdna5_depthwise_wgrad_hankel_autoshard.dir/depthwise_wgrad_hankel_autoshard.cpp.obj
[12/652] Building CXX object src/hipconv/src/arch/cdna4/CMakeFiles/hipconv_arch_cdna4_depthwise_1d_toeplitz_autoshard.dir/depthwise_1d_toeplitz_autoshard.cpp.obj
[13/652] Building CXX object src/hipconv/src/arch/cdna5/CMakeFiles/hipconv_arch_cdna5_depthwise_1d_toeplitz_autoshard.dir/depthwise_1d_toeplitz_autoshard.cpp.obj
[14/652] Building CXX object src/hipconv/src/arch/cdna4/CMakeFiles/libautoshard.dir/__/__/__/cmake/libautoshard.cpp.obj
[15/652] Building HIP object src/hipconv/src/arch/cdna3/CMakeFiles/hipconv_arch_cdna3.dir/grouped_backend.cpp.obj
[16/652] Building HIP object src/hipconv/src/arch/cdna3/CMakeFiles/hipconv_arch_cdna3.dir/direct_backend.cpp.obj
[17/652] Building HIP object src/hipconv/src/arch/cdna3/CMakeFiles/hipconv_arch_cdna3.dir/depthwise_backend.cpp.obj
[18/652] Linking CXX static library lib\libautoshard.lib
[19/652] Linking CXX executable bin\hipconv_arch_cdna4_direct_autoshard.exe
[20/652] Linking CXX executable bin\hipconv_arch_cdna4_direct_l1_autoshard.exe
[21/652] Linking CXX executable bin\hipconv_arch_cdna4_direct_wgrad_autoshard.exe
[22/652] Linking CXX executable bin\hipconv_arch_cdna4_depthwise_1d_toeplitz_autoshard.exe
[23/652] Linking CXX executable bin\hipconv_arch_cdna4_patch_embed_autoshard.exe
[24/652] Linking CXX executable bin\hipconv_arch_cdna5_direct_autoshard.exe
[25/652] Linking CXX executable bin\hipconv_arch_cdna4_depthwise_wgrad_hankel_autoshard.exe
[26/652] Linking CXX executable bin\hipconv_arch_cdna5_grouped_multi_g_wgrad_autoshard.exe
[27/652] Linking CXX executable bin\hipconv_arch_cdna5_grouped_multi_g_autoshard.exe
[28/652] Linking CXX executable bin\hipconv_arch_cdna5_depthwise_1d_toeplitz_autoshard.exe
[29/652] Linking CXX executable bin\hipconv_arch_cdna5_depthwise_wgrad_hankel_autoshard.exe
[30/652] Building CXX object addkernels/CMakeFiles/addkernels.dir/include_inliner.cpp.obj
[31/652] Generating autoshard/direct_l1_kernel_table.cpp, autoshard/direct_l1_shard0.cpp, autoshard/direct_l1_shard1.cpp, autoshard/direct_l1_shard2.cpp, autoshard/direct_l1_shard3.cpp, autoshard/direct_l1_shard4.cpp, autoshard/direct_l1_shard5.cpp, autoshard/direct_l1_shard6.cpp, autoshard/direct_l1_shard7.cpp
[32/652] Building CXX object addkernels/CMakeFiles/addkernels.dir/addkernels.cpp.obj
[33/652] Generating autoshard/patch_embed_kernel_table.cpp, autoshard/patch_embed_shard0.cpp, autoshard/patch_embed_shard1.cpp, autoshard/patch_embed_shard2.cpp, autoshard/patch_embed_shard3.cpp, autoshard/patch_embed_shard4.cpp, autoshard/patch_embed_shard5.cpp, autoshard/patch_embed_shard6.cpp, autoshard/patch_embed_shard7.cpp
[34/652] Generating autoshard/direct_kernel_table.cpp, autoshard/direct_shard0.cpp, autoshard/direct_shard1.cpp, autoshard/direct_shard2.cpp, autoshard/direct_shard3.cpp, autoshard/direct_shard4.cpp, autoshard/direct_shard5.cpp, autoshard/direct_shard6.cpp, autoshard/direct_shard7.cpp
[35/652] Generating autoshard/depthwise_1d_toeplitz_kernel_table.cpp, autoshard/depthwise_1d_toeplitz_shard0.cpp, autoshard/depthwise_1d_toeplitz_shard1.cpp, autoshard/depthwise_1d_toeplitz_shard2.cpp, autoshard/depthwise_1d_toeplitz_shard3.cpp, autoshard/depthwise_1d_toeplitz_shard4.cpp, autoshard/depthwise_1d_toeplitz_shard5.cpp, autoshard/depthwise_1d_toeplitz_shard6.cpp, autoshard/depthwise_1d_toeplitz_shard7.cpp
[36/652] Generating autoshard/direct_kernel_table.cpp, autoshard/direct_shard0.cpp, autoshard/direct_shard1.cpp, autoshard/direct_shard2.cpp, autoshard/direct_shard3.cpp, autoshard/direct_shard4.cpp, autoshard/direct_shard5.cpp, autoshard/direct_shard6.cpp, autoshard/direct_shard7.cpp
[37/652] Generating autoshard/direct_wgrad_kernel_table.cpp, autoshard/direct_wgrad_shard0.cpp, autoshard/direct_wgrad_shard1.cpp, autoshard/direct_wgrad_shard2.cpp, autoshard/direct_wgrad_shard3.cpp, autoshard/direct_wgrad_shard4.cpp, autoshard/direct_wgrad_shard5.cpp, autoshard/direct_wgrad_shard6.cpp, autoshard/direct_wgrad_shard7.cpp
[38/652] Generating autoshard/grouped_multi_g_kernel_table.cpp, autoshard/grouped_multi_g_shard0.cpp, autoshard/grouped_multi_g_shard1.cpp, autoshard/grouped_multi_g_shard2.cpp, autoshard/grouped_multi_g_shard3.cpp, autoshard/grouped_multi_g_shard4.cpp, autoshard/grouped_multi_g_shard5.cpp, autoshard/grouped_multi_g_shard6.cpp, autoshard/grouped_multi_g_shard7.cpp
[39/652] Linking CXX executable bin\addkernels.exe
[40/652] Generating autoshard/grouped_multi_g_wgrad_kernel_table.cpp, autoshard/grouped_multi_g_wgrad_shard0.cpp, autoshard/grouped_multi_g_wgrad_shard1.cpp, autoshard/grouped_multi_g_wgrad_shard2.cpp, autoshard/grouped_multi_g_wgrad_shard3.cpp, autoshard/grouped_multi_g_wgrad_shard4.cpp, autoshard/grouped_multi_g_wgrad_shard5.cpp, autoshard/grouped_multi_g_wgrad_shard6.cpp, autoshard/grouped_multi_g_wgrad_shard7.cpp
[41/652] Generating autoshard/depthwise_wgrad_hankel_kernel_table.cpp, autoshard/depthwise_wgrad_hankel_shard0.cpp, autoshard/depthwise_wgrad_hankel_shard1.cpp, autoshard/depthwise_wgrad_hankel_shard2.cpp, autoshard/depthwise_wgrad_hankel_shard3.cpp, autoshard/depthwise_wgrad_hankel_shard4.cpp, autoshard/depthwise_wgrad_hankel_shard5.cpp, autoshard/depthwise_wgrad_hankel_shard6.cpp, autoshard/depthwise_wgrad_hankel_shard7.cpp
[42/652] Generating autoshard/depthwise_1d_toeplitz_kernel_table.cpp, autoshard/depthwise_1d_toeplitz_shard0.cpp, autoshard/depthwise_1d_toeplitz_shard1.cpp, autoshard/depthwise_1d_toeplitz_shard2.cpp, autoshard/depthwise_1d_toeplitz_shard3.cpp, autoshard/depthwise_1d_toeplitz_shard4.cpp, autoshard/depthwise_1d_toeplitz_shard5.cpp, autoshard/depthwise_1d_toeplitz_shard6.cpp, autoshard/depthwise_1d_toeplitz_shard7.cpp
[43/652] Generating autoshard/depthwise_wgrad_hankel_kernel_table.cpp, autoshard/depthwise_wgrad_hankel_shard0.cpp, autoshard/depthwise_wgrad_hankel_shard1.cpp, autoshard/depthwise_wgrad_hankel_shard2.cpp, autoshard/depthwise_wgrad_hankel_shard3.cpp, autoshard/depthwise_wgrad_hankel_shard4.cpp, autoshard/depthwise_wgrad_hankel_shard5.cpp, autoshard/depthwise_wgrad_hankel_shard6.cpp, autoshard/depthwise_wgrad_hankel_shard7.cpp
[44/652] Building HIP object src/hipconv/src/arch/cdna4/CMakeFiles/hipconv_arch_cdna4.dir/grouped_backend.cpp.obj
[45/652] Building HIP object src/hipconv/src/arch/cdna4/CMakeFiles/hipconv_arch_cdna4.dir/direct/direct/config_matcher.cpp.obj
[46/652] Building HIP object src/hipconv/src/arch/cdna4/CMakeFiles/hipconv_arch_cdna4.dir/depthwise_backend.cpp.obj
[47/652] Building HIP object src/hipconv/src/arch/cdna4/CMakeFiles/hipconv_arch_cdna4.dir/direct_backend.cpp.obj
[48/652] Building HIP object src/hipconv/src/arch/cdna4/CMakeFiles/hipconv_arch_cdna4.dir/direct/direct_wgrad/config_desc.cpp.obj
[49/652] Building HIP object src/hipconv/src/arch/cdna4/CMakeFiles/hipconv_arch_cdna4.dir/depthwise/depthwise_wgrad_hankel/config_desc.cpp.obj
[50/652] Building HIP object src/hipconv/CMakeFiles/hipconv.dir/src/conv_params.cpp.obj
[51/652] Building HIP object src/hipconv/src/arch/cdna4/CMakeFiles/hipconv_arch_cdna4.dir/direct/patch_embed/config_desc.cpp.obj
[52/652] Building HIP object src/hipconv/src/arch/cdna4/CMakeFiles/hipconv_arch_cdna4.dir/direct/direct_l1/config_desc.cpp.obj
[53/652] Building HIP object src/hipconv/src/arch/cdna4/CMakeFiles/hipconv_arch_cdna4.dir/grouped/grouped_4c_wgrad_tf32.cpp.obj
[54/652] Building HIP object src/hipconv/src/arch/cdna4/CMakeFiles/hipconv_arch_cdna4.dir/autoshard/direct_kernel_table.cpp.obj
[55/652] Building HIP object src/hipconv/src/arch/cdna4/CMakeFiles/hipconv_arch_cdna4.dir/grouped/grouped_16c_wgrad_fp16bf16.cpp.obj
[56/652] Building HIP object src/hipconv/src/arch/cdna4/CMakeFiles/hipconv_arch_cdna4.dir/grouped/grouped_4c_wgrad_fp16bf16.cpp.obj
[57/652] Building HIP object src/hipconv/src/arch/cdna4/CMakeFiles/hipconv_arch_cdna4.dir/autoshard/direct_shard2.cpp.obj
[58/652] Building HIP object src/hipconv/src/arch/cdna4/CMakeFiles/hipconv_arch_cdna4.dir/autoshard/direct_shard0.cpp.obj
[59/652] Building HIP object src/hipconv/src/arch/cdna4/CMakeFiles/hipconv_arch_cdna4.dir/grouped/grouped_32c_wgrad_fp16bf16.cpp.obj
[60/652] Building HIP object src/hipconv/src/arch/cdna4/CMakeFiles/hipconv_arch_cdna4.dir/grouped/grouped_32c.cpp.obj
[61/652] Building HIP object src/hipconv/src/arch/cdna4/CMakeFiles/hipconv_arch_cdna4.dir/autoshard/direct_shard5.cpp.obj
[62/652] Building HIP object src/hipconv/src/arch/cdna4/CMakeFiles/hipconv_arch_cdna4.dir/autoshard/direct_shard1.cpp.obj
[63/652] Building HIP object src/hipconv/src/arch/cdna4/CMakeFiles/hipconv_arch_cdna4.dir/autoshard/direct_shard3.cpp.obj
[64/652] Building HIP object src/hipconv/src/arch/cdna4/CMakeFiles/hipconv_arch_cdna4.dir/autoshard/direct_shard6.cpp.obj
[65/652] Building HIP object src/hipconv/src/arch/cdna4/CMakeFiles/hipconv_arch_cdna4.dir/grouped/grouped_8c_wgrad_fp16bf16.cpp.obj
[66/652] Building HIP object src/hipconv/src/arch/cdna4/CMakeFiles/hipconv_arch_cdna4.dir/autoshard/direct_shard4.cpp.obj
[67/652] Building HIP object src/hipconv/src/arch/cdna4/CMakeFiles/hipconv_arch_cdna4.dir/grouped/grouped_16c_wgrad_tf32.cpp.obj
[68/652] Building HIP object src/hipconv/src/arch/cdna4/CMakeFiles/hipconv_arch_cdna4.dir/autoshard/direct_shard7.cpp.obj
[69/652] Building HIP object src/hipconv/src/arch/cdna4/CMakeFiles/hipconv_arch_cdna4.dir/autoshard/direct_l1_kernel_table.cpp.obj
[70/652] Building HIP object src/hipconv/src/arch/cdna4/CMakeFiles/hipconv_arch_cdna4.dir/grouped/grouped_8c_wgrad_tf32.cpp.obj
[71/652] Building HIP object src/hipconv/src/arch/cdna4/CMakeFiles/hipconv_arch_cdna4.dir/grouped/grouped_32c_wgrad_tf32.cpp.obj
[72/652] Building HIP object src/hipconv/src/arch/cdna4/CMakeFiles/hipconv_arch_cdna4.dir/grouped/grouped_4c.cpp.obj
[73/652] Building HIP object src/hipconv/src/arch/cdna4/CMakeFiles/hipconv_arch_cdna4.dir/grouped/grouped_8c.cpp.obj
[74/652] Building HIP object src/hipconv/CMakeFiles/hipconv.dir/src/tolerance.cpp.obj
[75/652] Building HIP object src/hipconv/src/arch/cdna4/CMakeFiles/hipconv_arch_cdna4.dir/grouped/grouped_16c.cpp.obj
[76/652] Building HIP object src/hipconv/CMakeFiles/hipconv.dir/src/arch_registry.cpp.obj
[77/652] Building HIP object src/hipconv/CMakeFiles/hipconv.dir/src/conv_kernel.cpp.obj
[78/652] Building HIP object src/hipconv/CMakeFiles/hipconv.dir/src/kv_descriptor.cpp.obj
[79/652] Building HIP object src/hipconv/src/arch/cdna4/CMakeFiles/hipconv_arch_cdna4.dir/autoshard/direct_l1_shard2.cpp.obj
[80/652] Building HIP object src/hipconv/src/arch/cdna4/CMakeFiles/hipconv_arch_cdna4.dir/autoshard/direct_l1_shard0.cpp.obj
[81/652] Building HIP object src/hipconv/CMakeFiles/hipconv.dir/src/registry.cpp.obj
[82/652] Building HIP object src/hipconv/src/arch/cdna4/CMakeFiles/hipconv_arch_cdna4.dir/autoshard/direct_l1_shard1.cpp.obj
[83/652] Building HIP object src/hipconv/src/arch/cdna4/CMakeFiles/hipconv_arch_cdna4.dir/autoshard/patch_embed_kernel_table.cpp.obj
[84/652] Building HIP object src/hipconv/src/arch/cdna4/CMakeFiles/hipconv_arch_cdna4.dir/autoshard/direct_wgrad_kernel_table.cpp.obj
In file included from C:/Users/rocm/Desktop/YOLO_AMD/phase5_4_build/miopen/src/hipconv/src/arch/cdna4/autoshard/direct_wgrad_kernel_table.cpp:2:
In file included from C:/Users/rocm/Desktop/YOLO_AMD/rocm-libraries-phase5.4-develop-replay/projects/miopen/src/hipconv/src/arch/cdna4\direct/direct_wgrad/kernel.h:11:
In file included from C:/Users/rocm/Desktop/YOLO_AMD/rocm-libraries-phase5.4-develop-replay/projects/miopen/src/hipconv/src/arch/cdna4\direct/direct_wgrad\epilogue.h:16:
In file included from C:/Users/rocm/Desktop/YOLO_AMD/rocm-libraries-phase5.4-develop-replay/projects/miopen/src/hipconv/src/arch/cdna4\direct/direct_wgrad\main_loop.h:15:
In file included from C:/Users/rocm/Desktop/YOLO_AMD/rocm-libraries-phase5.4-develop-replay/projects/miopen/src/hipconv/src/arch/cdna4\direct/direct_wgrad\workgroup_tiles.h:10:
C:/Users/rocm/Desktop/YOLO_AMD/rocm-libraries-phase5.4-develop-replay/projects/miopen/src/hipconv/src/arch/cdna4\direct/direct_wgrad\row_loader.h:545:7: warning: unknown attribute 'no_unique_address' ignored [-Wunknown-attributes]
  545 |     [[no_unique_address]] std::conditional_t<Tiled, TileState, NoTileState> tile_;
      |       ^~~~~~~~~~~~~~~~~
1 warning generated when compiling for host.
[85/652] Building HIP object src/hipconv/src/arch/cdna4/CMakeFiles/hipconv_arch_cdna4.dir/autoshard/patch_embed_shard4.cpp.obj
[86/652] Building HIP object src/hipconv/src/arch/cdna4/CMakeFiles/hipconv_arch_cdna4.dir/autoshard/direct_l1_shard3.cpp.obj
[87/652] Building HIP object src/hipconv/src/arch/cdna4/CMakeFiles/hipconv_arch_cdna4.dir/autoshard/depthwise_1d_toeplitz_kernel_table.cpp.obj
[88/652] Building HIP object src/hipconv/src/arch/cdna4/CMakeFiles/hipconv_arch_cdna4.dir/autoshard/patch_embed_shard3.cpp.obj
[89/652] Building HIP object src/hipconv/src/arch/cdna4/CMakeFiles/hipconv_arch_cdna4.dir/autoshard/patch_embed_shard5.cpp.obj
[90/652] Building HIP object src/hipconv/src/arch/cdna4/CMakeFiles/hipconv_arch_cdna4.dir/autoshard/patch_embed_shard7.cpp.obj
[91/652] Building HIP object src/hipconv/src/arch/cdna4/CMakeFiles/hipconv_arch_cdna4.dir/autoshard/direct_l1_shard5.cpp.obj
[92/652] Building HIP object src/hipconv/src/arch/cdna4/CMakeFiles/hipconv_arch_cdna4.dir/autoshard/direct_l1_shard6.cpp.obj
[93/652] Building HIP object src/hipconv/src/arch/cdna4/CMakeFiles/hipconv_arch_cdna4.dir/autoshard/direct_l1_shard4.cpp.obj
[94/652] Building HIP object src/hipconv/src/arch/cdna4/CMakeFiles/hipconv_arch_cdna4.dir/autoshard/patch_embed_shard1.cpp.obj
[95/652] Building HIP object src/hipconv/src/arch/cdna4/CMakeFiles/hipconv_arch_cdna4.dir/autoshard/patch_embed_shard6.cpp.obj
[96/652] Building HIP object src/hipconv/src/arch/cdna4/CMakeFiles/hipconv_arch_cdna4.dir/autoshard/patch_embed_shard2.cpp.obj
[97/652] Building HIP object src/hipconv/src/arch/cdna4/CMakeFiles/hipconv_arch_cdna4.dir/autoshard/patch_embed_shard0.cpp.obj
[98/652] Building HIP object src/hipconv/src/arch/cdna4/CMakeFiles/hipconv_arch_cdna4.dir/autoshard/depthwise_wgrad_hankel_kernel_table.cpp.obj
[99/652] Building HIP object src/hipconv/src/arch/cdna4/CMakeFiles/hipconv_arch_cdna4.dir/autoshard/direct_l1_shard7.cpp.obj
[100/652] Building HIP object src/hipconv/src/arch/cdna5/CMakeFiles/hipconv_arch_cdna5.dir/grouped_backend.cpp.obj
[101/652] Building HIP object src/hipconv/src/arch/cdna5/CMakeFiles/hipconv_arch_cdna5.dir/depthwise_backend.cpp.obj
[102/652] Building HIP object src/hipconv/src/arch/cdna5/CMakeFiles/hipconv_arch_cdna5.dir/direct_backend.cpp.obj
[103/652] Building HIP object src/hipconv/src/arch/cdna5/CMakeFiles/hipconv_arch_cdna5.dir/depthwise/depthwise_wgrad_hankel/reduction.cpp.obj
[104/652] Building HIP object src/hipconv/src/arch/cdna5/CMakeFiles/hipconv_arch_cdna5.dir/grouped/reduction.cpp.obj
[105/652] Building HIP object src/hipconv/src/arch/cdna5/CMakeFiles/hipconv_arch_cdna5.dir/depthwise/depthwise_1d_toeplitz/config_matcher.cpp.obj
[106/652] Building HIP object src/hipconv/src/arch/cdna5/CMakeFiles/hipconv_arch_cdna5.dir/direct/config_matcher.cpp.obj
[107/652] Building HIP object src/hipconv/src/arch/cdna5/CMakeFiles/hipconv_arch_cdna5.dir/depthwise/depthwise_wgrad_hankel/config_matcher.cpp.obj
[108/652] Building HIP object src/hipconv/src/arch/cdna5/CMakeFiles/hipconv_arch_cdna5.dir/autoshard/direct_kernel_table.cpp.obj
[109/652] Building HIP object src/hipconv/src/arch/cdna5/CMakeFiles/hipconv_arch_cdna5.dir/autoshard/direct_shard0.cpp.obj
[110/652] Building HIP object src/hipconv/src/arch/cdna5/CMakeFiles/hipconv_arch_cdna5.dir/autoshard/grouped_multi_g_kernel_table.cpp.obj
[111/652] Building HIP object src/hipconv/src/arch/cdna4/CMakeFiles/hipconv_arch_cdna4.dir/autoshard/depthwise_wgrad_hankel_shard0.cpp.obj
[112/652] Building HIP object src/hipconv/src/arch/cdna4/CMakeFiles/hipconv_arch_cdna4.dir/autoshard/depthwise_wgrad_hankel_shard1.cpp.obj
[113/652] Building HIP object src/hipconv/src/arch/cdna4/CMakeFiles/hipconv_arch_cdna4.dir/autoshard/depthwise_wgrad_hankel_shard2.cpp.obj
[114/652] Building HIP object src/hipconv/src/arch/cdna4/CMakeFiles/hipconv_arch_cdna4.dir/autoshard/depthwise_wgrad_hankel_shard5.cpp.obj
[115/652] Building HIP object src/hipconv/src/arch/cdna4/CMakeFiles/hipconv_arch_cdna4.dir/autoshard/depthwise_wgrad_hankel_shard3.cpp.obj
[116/652] Building HIP object src/hipconv/src/arch/cdna5/CMakeFiles/hipconv_arch_cdna5.dir/autoshard/direct_shard2.cpp.obj
[117/652] Building HIP object src/hipconv/src/arch/cdna4/CMakeFiles/hipconv_arch_cdna4.dir/autoshard/depthwise_wgrad_hankel_shard4.cpp.obj
[118/652] Building HIP object src/hipconv/src/arch/cdna4/CMakeFiles/hipconv_arch_cdna4.dir/autoshard/depthwise_wgrad_hankel_shard7.cpp.obj
[119/652] Building HIP object src/hipconv/src/arch/cdna5/CMakeFiles/hipconv_arch_cdna5.dir/autoshard/direct_shard5.cpp.obj
[120/652] Building HIP object src/hipconv/src/arch/cdna5/CMakeFiles/hipconv_arch_cdna5.dir/autoshard/direct_shard4.cpp.obj
[121/652] Building HIP object src/hipconv/src/arch/cdna5/CMakeFiles/hipconv_arch_cdna5.dir/autoshard/direct_shard1.cpp.obj
[122/652] Building HIP object src/hipconv/src/arch/cdna5/CMakeFiles/hipconv_arch_cdna5.dir/autoshard/direct_shard3.cpp.obj
[123/652] Building HIP object src/hipconv/src/arch/cdna5/CMakeFiles/hipconv_arch_cdna5.dir/autoshard/direct_shard6.cpp.obj
[124/652] Building HIP object src/hipconv/src/arch/cdna5/CMakeFiles/hipconv_arch_cdna5.dir/autoshard/direct_shard7.cpp.obj
[125/652] Building HIP object src/hipconv/src/arch/cdna4/CMakeFiles/hipconv_arch_cdna4.dir/autoshard/depthwise_wgrad_hankel_shard6.cpp.obj
[126/652] Building HIP object src/hipconv/src/arch/cdna5/CMakeFiles/hipconv_arch_cdna5.dir/autoshard/grouped_multi_g_shard0.cpp.obj
[127/652] Building HIP object src/hipconv/src/arch/cdna4/CMakeFiles/hipconv_arch_cdna4.dir/autoshard/depthwise_1d_toeplitz_shard1.cpp.obj
[128/652] Building HIP object src/hipconv/src/arch/cdna4/CMakeFiles/hipconv_arch_cdna4.dir/autoshard/depthwise_1d_toeplitz_shard0.cpp.obj
[129/652] Building HIP object src/hipconv/src/arch/cdna5/CMakeFiles/hipconv_arch_cdna5.dir/autoshard/grouped_multi_g_shard1.cpp.obj
[130/652] Building HIP object src/hipconv/src/arch/cdna5/CMakeFiles/hipconv_arch_cdna5.dir/autoshard/grouped_multi_g_shard3.cpp.obj
[131/652] Building HIP object src/hipconv/src/arch/cdna5/CMakeFiles/hipconv_arch_cdna5.dir/autoshard/grouped_multi_g_shard2.cpp.obj
[132/652] Building HIP object src/hipconv/src/arch/cdna4/CMakeFiles/hipconv_arch_cdna4.dir/autoshard/depthwise_1d_toeplitz_shard5.cpp.obj
[133/652] Building HIP object src/hipconv/src/arch/cdna5/CMakeFiles/hipconv_arch_cdna5.dir/autoshard/grouped_multi_g_wgrad_kernel_table.cpp.obj
[134/652] Building HIP object src/hipconv/src/arch/cdna5/CMakeFiles/hipconv_arch_cdna5.dir/autoshard/grouped_multi_g_shard4.cpp.obj
[135/652] Building HIP object src/hipconv/src/arch/cdna5/CMakeFiles/hipconv_arch_cdna5.dir/autoshard/grouped_multi_g_shard5.cpp.obj
[136/652] Building HIP object src/hipconv/src/arch/cdna5/CMakeFiles/hipconv_arch_cdna5.dir/autoshard/grouped_multi_g_wgrad_shard0.cpp.obj
[137/652] Building HIP object src/hipconv/src/arch/cdna4/CMakeFiles/hipconv_arch_cdna4.dir/autoshard/depthwise_1d_toeplitz_shard2.cpp.obj
[138/652] Building HIP object src/hipconv/src/arch/cdna4/CMakeFiles/hipconv_arch_cdna4.dir/autoshard/depthwise_1d_toeplitz_shard6.cpp.obj
[139/652] Building HIP object src/hipconv/src/arch/cdna5/CMakeFiles/hipconv_arch_cdna5.dir/autoshard/grouped_multi_g_wgrad_shard1.cpp.obj
[140/652] Building HIP object src/hipconv/src/arch/cdna4/CMakeFiles/hipconv_arch_cdna4.dir/autoshard/depthwise_1d_toeplitz_shard7.cpp.obj
[141/652] Building HIP object src/hipconv/src/arch/cdna5/CMakeFiles/hipconv_arch_cdna5.dir/autoshard/grouped_multi_g_shard6.cpp.obj
[142/652] Building HIP object src/hipconv/src/arch/cdna4/CMakeFiles/hipconv_arch_cdna4.dir/autoshard/depthwise_1d_toeplitz_shard4.cpp.obj
[143/652] Building HIP object src/hipconv/src/arch/cdna5/CMakeFiles/hipconv_arch_cdna5.dir/autoshard/grouped_multi_g_wgrad_shard6.cpp.obj
[144/652] Building HIP object src/hipconv/src/arch/cdna5/CMakeFiles/hipconv_arch_cdna5.dir/autoshard/grouped_multi_g_shard7.cpp.obj
[145/652] Building HIP object src/hipconv/src/arch/cdna4/CMakeFiles/hipconv_arch_cdna4.dir/autoshard/depthwise_1d_toeplitz_shard3.cpp.obj
[146/652] Building HIP object src/hipconv/src/arch/cdna5/CMakeFiles/hipconv_arch_cdna5.dir/autoshard/grouped_multi_g_wgrad_shard2.cpp.obj
[147/652] Building HIP object src/hipconv/src/arch/cdna5/CMakeFiles/hipconv_arch_cdna5.dir/autoshard/grouped_multi_g_wgrad_shard4.cpp.obj
[148/652] Building HIP object src/hipconv/src/arch/cdna5/CMakeFiles/hipconv_arch_cdna5.dir/autoshard/grouped_multi_g_wgrad_shard3.cpp.obj
[149/652] Building HIP object src/hipconv/src/arch/cdna5/CMakeFiles/hipconv_arch_cdna5.dir/autoshard/grouped_multi_g_wgrad_shard5.cpp.obj
[150/652] Building HIP object src/hipconv/src/arch/cdna5/CMakeFiles/hipconv_arch_cdna5.dir/autoshard/depthwise_1d_toeplitz_kernel_table.cpp.obj
[151/652] Building HIP object src/hipconv/src/arch/cdna5/CMakeFiles/hipconv_arch_cdna5.dir/autoshard/grouped_multi_g_wgrad_shard7.cpp.obj
[152/652] Building HIP object src/hipconv/src/arch/cdna5/CMakeFiles/hipconv_arch_cdna5.dir/autoshard/depthwise_wgrad_hankel_kernel_table.cpp.obj
[153/652] Building HIP object src/hipconv/src/arch/cdna5/CMakeFiles/hipconv_arch_cdna5.dir/autoshard/depthwise_wgrad_hankel_shard4.cpp.obj
[154/652] Building HIP object src/hipconv/src/arch/cdna5/CMakeFiles/hipconv_arch_cdna5.dir/autoshard/depthwise_wgrad_hankel_shard2.cpp.obj
[155/652] Building HIP object src/hipconv/src/arch/cdna5/CMakeFiles/hipconv_arch_cdna5.dir/autoshard/depthwise_wgrad_hankel_shard1.cpp.obj
[156/652] Building HIP object src/hipconv/src/arch/cdna5/CMakeFiles/hipconv_arch_cdna5.dir/autoshard/depthwise_wgrad_hankel_shard5.cpp.obj
[157/652] Building HIP object src/hipconv/src/arch/cdna5/CMakeFiles/hipconv_arch_cdna5.dir/autoshard/depthwise_wgrad_hankel_shard6.cpp.obj
[158/652] Building HIP object src/hipconv/src/arch/cdna5/CMakeFiles/hipconv_arch_cdna5.dir/autoshard/depthwise_wgrad_hankel_shard3.cpp.obj
[159/652] Building HIP object src/hipconv/src/arch/cdna5/CMakeFiles/hipconv_arch_cdna5.dir/autoshard/depthwise_wgrad_hankel_shard0.cpp.obj
[160/652] Building HIP object src/hipconv/src/arch/cdna5/CMakeFiles/hipconv_arch_cdna5.dir/autoshard/depthwise_wgrad_hankel_shard7.cpp.obj
[161/652] Building HIP object src/hipconv/src/arch/cdna5/CMakeFiles/hipconv_arch_cdna5.dir/autoshard/depthwise_1d_toeplitz_shard0.cpp.obj
[162/652] Building HIP object src/hipconv/src/arch/cdna5/CMakeFiles/hipconv_arch_cdna5.dir/autoshard/depthwise_1d_toeplitz_shard5.cpp.obj
[163/652] Building HIP object src/hipconv/src/arch/cdna5/CMakeFiles/hipconv_arch_cdna5.dir/autoshard/depthwise_1d_toeplitz_shard1.cpp.obj
[164/652] Building HIP object src/hipconv/src/arch/cdna5/CMakeFiles/hipconv_arch_cdna5.dir/autoshard/depthwise_1d_toeplitz_shard2.cpp.obj
[165/652] Building HIP object src/hipconv/src/arch/cdna5/CMakeFiles/hipconv_arch_cdna5.dir/autoshard/depthwise_1d_toeplitz_shard3.cpp.obj
[166/652] Building HIP object src/hipconv/src/arch/cdna5/CMakeFiles/hipconv_arch_cdna5.dir/autoshard/depthwise_1d_toeplitz_shard7.cpp.obj
[167/652] Building HIP object src/hipconv/src/arch/cdna5/CMakeFiles/hipconv_arch_cdna5.dir/autoshard/depthwise_1d_toeplitz_shard6.cpp.obj
[168/652] Building HIP object src/hipconv/src/arch/cdna5/CMakeFiles/hipconv_arch_cdna5.dir/autoshard/depthwise_1d_toeplitz_shard4.cpp.obj
[169/652] Building HIP object src/hipconv/src/arch/cdna4/CMakeFiles/hipconv_arch_cdna4.dir/autoshard/direct_wgrad_shard6.cpp.obj
In file included from C:/Users/rocm/Desktop/YOLO_AMD/phase5_4_build/miopen/src/hipconv/src/arch/cdna4/autoshard/direct_wgrad_shard6.cpp:2:
In file included from C:/Users/rocm/Desktop/YOLO_AMD/rocm-libraries-phase5.4-develop-replay/projects/miopen/src/hipconv/src/arch/cdna4\direct/direct_wgrad/kernel.h:11:
In file included from C:/Users/rocm/Desktop/YOLO_AMD/rocm-libraries-phase5.4-develop-replay/projects/miopen/src/hipconv/src/arch/cdna4\direct/direct_wgrad\epilogue.h:16:
In file included from C:/Users/rocm/Desktop/YOLO_AMD/rocm-libraries-phase5.4-develop-replay/projects/miopen/src/hipconv/src/arch/cdna4\direct/direct_wgrad\main_loop.h:15:
In file included from C:/Users/rocm/Desktop/YOLO_AMD/rocm-libraries-phase5.4-develop-replay/projects/miopen/src/hipconv/src/arch/cdna4\direct/direct_wgrad\workgroup_tiles.h:10:
C:/Users/rocm/Desktop/YOLO_AMD/rocm-libraries-phase5.4-develop-replay/projects/miopen/src/hipconv/src/arch/cdna4\direct/direct_wgrad\row_loader.h:545:7: warning: unknown attribute 'no_unique_address' ignored [-Wunknown-attributes]
  545 |     [[no_unique_address]] std::conditional_t<Tiled, TileState, NoTileState> tile_;
      |       ^~~~~~~~~~~~~~~~~
1 warning generated when compiling for host.
[170/652] Building HIP object src/hipconv/src/arch/cdna4/CMakeFiles/hipconv_arch_cdna4.dir/autoshard/direct_wgrad_shard7.cpp.obj
In file included from C:/Users/rocm/Desktop/YOLO_AMD/phase5_4_build/miopen/src/hipconv/src/arch/cdna4/autoshard/direct_wgrad_shard7.cpp:2:
In file included from C:/Users/rocm/Desktop/YOLO_AMD/rocm-libraries-phase5.4-develop-replay/projects/miopen/src/hipconv/src/arch/cdna4\direct/direct_wgrad/kernel.h:11:
In file included from C:/Users/rocm/Desktop/YOLO_AMD/rocm-libraries-phase5.4-develop-replay/projects/miopen/src/hipconv/src/arch/cdna4\direct/direct_wgrad\epilogue.h:16:
In file included from C:/Users/rocm/Desktop/YOLO_AMD/rocm-libraries-phase5.4-develop-replay/projects/miopen/src/hipconv/src/arch/cdna4\direct/direct_wgrad\main_loop.h:15:
In file included from C:/Users/rocm/Desktop/YOLO_AMD/rocm-libraries-phase5.4-develop-replay/projects/miopen/src/hipconv/src/arch/cdna4\direct/direct_wgrad\workgroup_tiles.h:10:
C:/Users/rocm/Desktop/YOLO_AMD/rocm-libraries-phase5.4-develop-replay/projects/miopen/src/hipconv/src/arch/cdna4\direct/direct_wgrad\row_loader.h:545:7: warning: unknown attribute 'no_unique_address' ignored [-Wunknown-attributes]
  545 |     [[no_unique_address]] std::conditional_t<Tiled, TileState, NoTileState> tile_;
      |       ^~~~~~~~~~~~~~~~~
1 warning generated when compiling for host.
[171/652] Building HIP object src/hipconv/src/arch/cdna4/CMakeFiles/hipconv_arch_cdna4.dir/autoshard/direct_wgrad_shard0.cpp.obj
In file included from C:/Users/rocm/Desktop/YOLO_AMD/phase5_4_build/miopen/src/hipconv/src/arch/cdna4/autoshard/direct_wgrad_shard0.cpp:2:
In file included from C:/Users/rocm/Desktop/YOLO_AMD/rocm-libraries-phase5.4-develop-replay/projects/miopen/src/hipconv/src/arch/cdna4\direct/direct_wgrad/kernel.h:11:
In file included from C:/Users/rocm/Desktop/YOLO_AMD/rocm-libraries-phase5.4-develop-replay/projects/miopen/src/hipconv/src/arch/cdna4\direct/direct_wgrad\epilogue.h:16:
In file included from C:/Users/rocm/Desktop/YOLO_AMD/rocm-libraries-phase5.4-develop-replay/projects/miopen/src/hipconv/src/arch/cdna4\direct/direct_wgrad\main_loop.h:15:
In file included from C:/Users/rocm/Desktop/YOLO_AMD/rocm-libraries-phase5.4-develop-replay/projects/miopen/src/hipconv/src/arch/cdna4\direct/direct_wgrad\workgroup_tiles.h:10:
C:/Users/rocm/Desktop/YOLO_AMD/rocm-libraries-phase5.4-develop-replay/projects/miopen/src/hipconv/src/arch/cdna4\direct/direct_wgrad\row_loader.h:545:7: warning: unknown attribute 'no_unique_address' ignored [-Wunknown-attributes]
  545 |     [[no_unique_address]] std::conditional_t<Tiled, TileState, NoTileState> tile_;
      |       ^~~~~~~~~~~~~~~~~
1 warning generated when compiling for host.
[172/652] Building HIP object src/hipconv/src/arch/cdna4/CMakeFiles/hipconv_arch_cdna4.dir/autoshard/direct_wgrad_shard4.cpp.obj
In file included from C:/Users/rocm/Desktop/YOLO_AMD/phase5_4_build/miopen/src/hipconv/src/arch/cdna4/autoshard/direct_wgrad_shard4.cpp:2:
In file included from C:/Users/rocm/Desktop/YOLO_AMD/rocm-libraries-phase5.4-develop-replay/projects/miopen/src/hipconv/src/arch/cdna4\direct/direct_wgrad/kernel.h:11:
In file included from C:/Users/rocm/Desktop/YOLO_AMD/rocm-libraries-phase5.4-develop-replay/projects/miopen/src/hipconv/src/arch/cdna4\direct/direct_wgrad\epilogue.h:16:
In file included from C:/Users/rocm/Desktop/YOLO_AMD/rocm-libraries-phase5.4-develop-replay/projects/miopen/src/hipconv/src/arch/cdna4\direct/direct_wgrad\main_loop.h:15:
In file included from C:/Users/rocm/Desktop/YOLO_AMD/rocm-libraries-phase5.4-develop-replay/projects/miopen/src/hipconv/src/arch/cdna4\direct/direct_wgrad\workgroup_tiles.h:10:
C:/Users/rocm/Desktop/YOLO_AMD/rocm-libraries-phase5.4-develop-replay/projects/miopen/src/hipconv/src/arch/cdna4\direct/direct_wgrad\row_loader.h:545:7: warning: unknown attribute 'no_unique_address' ignored [-Wunknown-attributes]
  545 |     [[no_unique_address]] std::conditional_t<Tiled, TileState, NoTileState> tile_;
      |       ^~~~~~~~~~~~~~~~~
1 warning generated when compiling for host.
[173/652] Building HIP object src/hipconv/src/arch/cdna4/CMakeFiles/hipconv_arch_cdna4.dir/autoshard/direct_wgrad_shard5.cpp.obj
In file included from C:/Users/rocm/Desktop/YOLO_AMD/phase5_4_build/miopen/src/hipconv/src/arch/cdna4/autoshard/direct_wgrad_shard5.cpp:2:
In file included from C:/Users/rocm/Desktop/YOLO_AMD/rocm-libraries-phase5.4-develop-replay/projects/miopen/src/hipconv/src/arch/cdna4\direct/direct_wgrad/kernel.h:11:
In file included from C:/Users/rocm/Desktop/YOLO_AMD/rocm-libraries-phase5.4-develop-replay/projects/miopen/src/hipconv/src/arch/cdna4\direct/direct_wgrad\epilogue.h:16:
In file included from C:/Users/rocm/Desktop/YOLO_AMD/rocm-libraries-phase5.4-develop-replay/projects/miopen/src/hipconv/src/arch/cdna4\direct/direct_wgrad\main_loop.h:15:
In file included from C:/Users/rocm/Desktop/YOLO_AMD/rocm-libraries-phase5.4-develop-replay/projects/miopen/src/hipconv/src/arch/cdna4\direct/direct_wgrad\workgroup_tiles.h:10:
C:/Users/rocm/Desktop/YOLO_AMD/rocm-libraries-phase5.4-develop-replay/projects/miopen/src/hipconv/src/arch/cdna4\direct/direct_wgrad\row_loader.h:545:7: warning: unknown attribute 'no_unique_address' ignored [-Wunknown-attributes]
  545 |     [[no_unique_address]] std::conditional_t<Tiled, TileState, NoTileState> tile_;
      |       ^~~~~~~~~~~~~~~~~
1 warning generated when compiling for host.
[174/652] Building HIP object src/hipconv/src/arch/cdna4/CMakeFiles/hipconv_arch_cdna4.dir/autoshard/direct_wgrad_shard1.cpp.obj
In file included from C:/Users/rocm/Desktop/YOLO_AMD/phase5_4_build/miopen/src/hipconv/src/arch/cdna4/autoshard/direct_wgrad_shard1.cpp:2:
In file included from C:/Users/rocm/Desktop/YOLO_AMD/rocm-libraries-phase5.4-develop-replay/projects/miopen/src/hipconv/src/arch/cdna4\direct/direct_wgrad/kernel.h:11:
In file included from C:/Users/rocm/Desktop/YOLO_AMD/rocm-libraries-phase5.4-develop-replay/projects/miopen/src/hipconv/src/arch/cdna4\direct/direct_wgrad\epilogue.h:16:
In file included from C:/Users/rocm/Desktop/YOLO_AMD/rocm-libraries-phase5.4-develop-replay/projects/miopen/src/hipconv/src/arch/cdna4\direct/direct_wgrad\main_loop.h:15:
In file included from C:/Users/rocm/Desktop/YOLO_AMD/rocm-libraries-phase5.4-develop-replay/projects/miopen/src/hipconv/src/arch/cdna4\direct/direct_wgrad\workgroup_tiles.h:10:
C:/Users/rocm/Desktop/YOLO_AMD/rocm-libraries-phase5.4-develop-replay/projects/miopen/src/hipconv/src/arch/cdna4\direct/direct_wgrad\row_loader.h:545:7: warning: unknown attribute 'no_unique_address' ignored [-Wunknown-attributes]
  545 |     [[no_unique_address]] std::conditional_t<Tiled, TileState, NoTileState> tile_;
      |       ^~~~~~~~~~~~~~~~~
1 warning generated when compiling for host.
[175/652] Building HIP object src/hipconv/src/arch/cdna4/CMakeFiles/hipconv_arch_cdna4.dir/autoshard/direct_wgrad_shard2.cpp.obj
In file included from C:/Users/rocm/Desktop/YOLO_AMD/phase5_4_build/miopen/src/hipconv/src/arch/cdna4/autoshard/direct_wgrad_shard2.cpp:2:
In file included from C:/Users/rocm/Desktop/YOLO_AMD/rocm-libraries-phase5.4-develop-replay/projects/miopen/src/hipconv/src/arch/cdna4\direct/direct_wgrad/kernel.h:11:
In file included from C:/Users/rocm/Desktop/YOLO_AMD/rocm-libraries-phase5.4-develop-replay/projects/miopen/src/hipconv/src/arch/cdna4\direct/direct_wgrad\epilogue.h:16:
In file included from C:/Users/rocm/Desktop/YOLO_AMD/rocm-libraries-phase5.4-develop-replay/projects/miopen/src/hipconv/src/arch/cdna4\direct/direct_wgrad\main_loop.h:15:
In file included from C:/Users/rocm/Desktop/YOLO_AMD/rocm-libraries-phase5.4-develop-replay/projects/miopen/src/hipconv/src/arch/cdna4\direct/direct_wgrad\workgroup_tiles.h:10:
C:/Users/rocm/Desktop/YOLO_AMD/rocm-libraries-phase5.4-develop-replay/projects/miopen/src/hipconv/src/arch/cdna4\direct/direct_wgrad\row_loader.h:545:7: warning: unknown attribute 'no_unique_address' ignored [-Wunknown-attributes]
  545 |     [[no_unique_address]] std::conditional_t<Tiled, TileState, NoTileState> tile_;
      |       ^~~~~~~~~~~~~~~~~
1 warning generated when compiling for host.
[176/652] Building HIP object src/hipconv/src/arch/cdna4/CMakeFiles/hipconv_arch_cdna4.dir/autoshard/direct_wgrad_shard3.cpp.obj
In file included from C:/Users/rocm/Desktop/YOLO_AMD/phase5_4_build/miopen/src/hipconv/src/arch/cdna4/autoshard/direct_wgrad_shard3.cpp:2:
In file included from C:/Users/rocm/Desktop/YOLO_AMD/rocm-libraries-phase5.4-develop-replay/projects/miopen/src/hipconv/src/arch/cdna4\direct/direct_wgrad/kernel.h:11:
In file included from C:/Users/rocm/Desktop/YOLO_AMD/rocm-libraries-phase5.4-develop-replay/projects/miopen/src/hipconv/src/arch/cdna4\direct/direct_wgrad\epilogue.h:16:
In file included from C:/Users/rocm/Desktop/YOLO_AMD/rocm-libraries-phase5.4-develop-replay/projects/miopen/src/hipconv/src/arch/cdna4\direct/direct_wgrad\main_loop.h:15:
In file included from C:/Users/rocm/Desktop/YOLO_AMD/rocm-libraries-phase5.4-develop-replay/projects/miopen/src/hipconv/src/arch/cdna4\direct/direct_wgrad\workgroup_tiles.h:10:
C:/Users/rocm/Desktop/YOLO_AMD/rocm-libraries-phase5.4-develop-replay/projects/miopen/src/hipconv/src/arch/cdna4\direct/direct_wgrad\row_loader.h:545:7: warning: unknown attribute 'no_unique_address' ignored [-Wunknown-attributes]
  545 |     [[no_unique_address]] std::conditional_t<Tiled, TileState, NoTileState> tile_;
      |       ^~~~~~~~~~~~~~~~~
1 warning generated when compiling for host.
[177/652] Linking HIP static library lib\hipconv.lib
[178/652] Inlining kernels batch #0
[179/652] Inlining kernels batch #29
[180/652] Inlining kernels batch #23
[181/652] Inlining kernels batch #26
[182/652] Inlining kernels batch #22
[183/652] Inlining kernels batch #32
[184/652] Inlining kernels batch #28
[185/652] Inlining kernels batch #24
[186/652] Inlining kernels batch #3
[187/652] Inlining kernels batch #30
[188/652] Inlining kernels batch #33
[189/652] Inlining kernels batch #4
[190/652] Inlining kernels batch #2
[191/652] Inlining kernels batch #25
[192/652] Inlining kernels batch #7
[193/652] Inlining kernels batch #8
[194/652] Inlining kernels batch #27
[195/652] Inlining kernels batch #1
[196/652] Inlining kernels batch #6
[197/652] Inlining kernels batch #13
[198/652] Inlining kernels batch #31
[199/652] Inlining kernels batch #10
[200/652] Inlining kernels batch #9
[201/652] Inlining kernels batch #19
[202/652] Inlining kernels batch #17
[203/652] Inlining kernels batch #12
[204/652] Inlining kernels batch #14
[205/652] Inlining kernels batch #15
[206/652] Inlining kernels batch #18
[207/652] Inlining kernels batch #21
[208/652] Inlining kernels batch #11
[209/652] Inlining kernels batch #20
[210/652] Inlining kernels batch #5
[211/652] Inlining kernels batch #16
[212/652] Inlining kernels batch #34
[213/652] Inlining kernels batch #35
[214/652] Inlining kernels batch #36
[215/652] Inlining kernels batch #39
[216/652] Inlining kernels batch #38
[217/652] Inlining kernels batch #37
[218/652] Inlining kernels batch #41
[219/652] Inlining kernels batch #42
[220/652] Inlining kernels batch #45
[221/652] Inlining kernels batch #43
[222/652] Inlining kernels batch #44
[223/652] Inlining kernels batch #50
[224/652] Inlining kernels batch #40
[225/652] Inlining kernels batch #55
[226/652] Inlining kernels batch #48
[227/652] Inlining kernels batch #46
[228/652] Inlining kernels batch #51
[229/652] Inlining kernels batch #78 (includes)
[230/652] Inlining kernels batch #77 (includes)
[231/652] Inlining kernels batch #52
[232/652] Inlining kernels batch #56
[233/652] Inlining kernels batch #57
[234/652] Inlining kernels batch #61
[235/652] Inlining kernels batch #79 (includes)
[236/652] Inlining kernels batch #58
[237/652] Inlining kernels batch #63
[238/652] Inlining kernels batch #74
[239/652] Inlining kernels batch #53
[240/652] Inlining kernels batch #60
[241/652] Inlining kernels batch #62
[242/652] Inlining kernels batch #54
[243/652] Inlining kernels batch #59
[244/652] Inlining kernels batch #64
[245/652] Inlining kernels batch #67
[246/652] Inlining kernels batch #73
[247/652] Inlining kernels batch #65
[248/652] Inlining kernels batch #49
[249/652] Inlining kernels batch #66
[250/652] Inlining kernels batch #47
[251/652] Inlining kernels batch #68
[252/652] Inlining kernels batch #69
[253/652] Inlining kernels batch #76
[254/652] Inlining kernels batch #70
[255/652] Inlining kernels batch #82 (includes)
[256/652] Inlining kernels batch #71
[257/652] Inlining kernels batch #72
[258/652] Inlining kernels batch #80 (includes)
[259/652] Inlining kernels batch #81 (includes)
[260/652] Inlining kernels batch #75
[261/652] Building CXX object src/CMakeFiles/MIOpen.dir/buffer_info.cpp.obj
[262/652] Building CXX object src/CMakeFiles/MIOpen.dir/activ/problem_description.cpp.obj
[263/652] Building CXX object src/CMakeFiles/MIOpen.dir/cat/problem_description.cpp.obj
[264/652] Building CXX object src/CMakeFiles/MIOpen.dir/adam/problem_description.cpp.obj
[265/652] Building CXX object src/CMakeFiles/MIOpen.dir/conv_algo_name.cpp.obj
[266/652] Building CXX object src/CMakeFiles/MIOpen.dir/demangle.cpp.obj
[267/652] Building CXX object src/CMakeFiles/MIOpen.dir/db_record.cpp.obj
[268/652] Building CXX object src/CMakeFiles/MIOpen.dir/env_debug.cpp.obj
[269/652] Building CXX object src/CMakeFiles/MIOpen.dir/api/tuning.cpp.obj
[270/652] Building CXX object src/CMakeFiles/MIOpen.dir/batch_norm.cpp.obj
[271/652] Building CXX object src/CMakeFiles/MIOpen.dir/fin/fin_interface.cpp.obj
[272/652] Building CXX object src/CMakeFiles/MIOpen.dir/conv/kernel_interface/winograd_kernel_interface.cpp.obj
[273/652] Building CXX object src/CMakeFiles/MIOpen.dir/addlayernorm_api.cpp.obj
[274/652] Building CXX object src/CMakeFiles/MIOpen.dir/conv/invokers/wrw_rdc.cpp.obj
[275/652] Building CXX object src/CMakeFiles/MIOpen.dir/check_numerics.cpp.obj
[276/652] Building CXX object src/CMakeFiles/MIOpen.dir/__/kernel_includes.cpp.obj
[277/652] Building CXX object src/CMakeFiles/MIOpen.dir/__/kernel.cpp.obj
[278/652] Building CXX object src/CMakeFiles/MIOpen.dir/cat_api.cpp.obj
[279/652] Building CXX object src/CMakeFiles/MIOpen.dir/activ_api.cpp.obj
[280/652] Building CXX object src/CMakeFiles/MIOpen.dir/conv/invokers/gen_x_w_y_pad.cpp.obj
[281/652] Building CXX object src/CMakeFiles/MIOpen.dir/conv/invokers/gcn_asm_1x1u.cpp.obj
[282/652] Building CXX object src/CMakeFiles/MIOpen.dir/db.cpp.obj
[283/652] Building CXX object src/CMakeFiles/MIOpen.dir/adam_api.cpp.obj
[284/652] Building CXX object src/CMakeFiles/MIOpen.dir/conv/invokers/gcn_asm_1x1u_ss.cpp.obj
[285/652] Building CXX object src/CMakeFiles/MIOpen.dir/conv/invokers/impl_gemm.cpp.obj
[286/652] Building CXX object src/CMakeFiles/MIOpen.dir/conv/invokers/gcn_asm_1x1u_us.cpp.obj
[287/652] Building CXX object src/CMakeFiles/MIOpen.dir/conv/invokers/gcn_asm_wino.cpp.obj
[288/652] Building CXX object src/CMakeFiles/MIOpen.dir/ctc_api.cpp.obj
[289/652] Building CXX object src/CMakeFiles/MIOpen.dir/batchnorm/problem_description.cpp.obj
[290/652] Building CXX object src/CMakeFiles/MIOpen.dir/batch_norm_api.cpp.obj
[291/652] Building CXX object src/CMakeFiles/MIOpen.dir/env.cpp.obj
[292/652] Building CXX object src/CMakeFiles/MIOpen.dir/filesystem_checker.cpp.obj
[293/652] Building CXX object src/CMakeFiles/MIOpen.dir/conv/problem_description.cpp.obj
[294/652] Building CXX object src/CMakeFiles/MIOpen.dir/expanduser.cpp.obj
[295/652] Building CXX object src/CMakeFiles/MIOpen.dir/ctc.cpp.obj
[296/652] Building CXX object src/CMakeFiles/MIOpen.dir/dropout.cpp.obj
[297/652] Building CXX object src/CMakeFiles/MIOpen.dir/groupnorm/problem_description.cpp.obj
[298/652] Building CXX object src/CMakeFiles/MIOpen.dir/dropout_api.cpp.obj
[299/652] Building CXX object src/CMakeFiles/MIOpen.dir/glu/problem_description.cpp.obj
[300/652] Building CXX object src/CMakeFiles/MIOpen.dir/driver_arguments.cpp.obj
[301/652] Building CXX object src/CMakeFiles/MIOpen.dir/getitem/problem_description.cpp.obj
[302/652] Building CXX object src/CMakeFiles/MIOpen.dir/kernel_build_params.cpp.obj
[303/652] Building CXX object src/CMakeFiles/MIOpen.dir/invoker_cache.cpp.obj
[304/652] Building CXX object src/CMakeFiles/MIOpen.dir/kernel_warnings.cpp.obj
[305/652] Building CXX object src/CMakeFiles/MIOpen.dir/kthvalue/problem_description.cpp.obj
[306/652] Building CXX object src/CMakeFiles/MIOpen.dir/execution_context.cpp.obj
[307/652] Building CXX object src/CMakeFiles/MIOpen.dir/handle_api.cpp.obj
[308/652] Building CXX object src/CMakeFiles/MIOpen.dir/glu_api.cpp.obj
[309/652] Building CXX object src/CMakeFiles/MIOpen.dir/generic_search.cpp.obj
[310/652] Building CXX object src/CMakeFiles/MIOpen.dir/getitem_api.cpp.obj
[311/652] Building CXX object src/CMakeFiles/MIOpen.dir/conv/solver_finders.cpp.obj
[312/652] Building CXX object src/CMakeFiles/MIOpen.dir/find_controls.cpp.obj
[313/652] Building CXX object src/CMakeFiles/MIOpen.dir/groupnorm_api.cpp.obj
[314/652] Building CXX object src/CMakeFiles/MIOpen.dir/load_file.cpp.obj
[315/652] Building CXX object src/CMakeFiles/MIOpen.dir/performance_config.cpp.obj
[316/652] Building CXX object src/CMakeFiles/MIOpen.dir/multimarginloss/problem_description.cpp.obj
[317/652] Building CXX object src/CMakeFiles/MIOpen.dir/mha/problem_description.cpp.obj
[318/652] Building CXX object src/CMakeFiles/MIOpen.dir/kthvalue_api.cpp.obj
[319/652] Building CXX object src/CMakeFiles/MIOpen.dir/logger.cpp.obj
[320/652] Building CXX object src/CMakeFiles/MIOpen.dir/gpu_conv_reference.cpp.obj
[321/652] Building CXX object src/CMakeFiles/MIOpen.dir/layernorm_api.cpp.obj
[322/652] Building CXX object src/CMakeFiles/MIOpen.dir/lock_file.cpp.obj
[323/652] Building CXX object src/CMakeFiles/MIOpen.dir/prelu/problem_description.cpp.obj
[324/652] Building CXX object src/CMakeFiles/MIOpen.dir/conv/invokers/impl_gemm_dynamic.cpp.obj
[325/652] Building CXX object src/CMakeFiles/MIOpen.dir/lrn_api.cpp.obj
[326/652] Building CXX object src/CMakeFiles/MIOpen.dir/mha/mha_descriptor.cpp.obj
[327/652] Building CXX object src/CMakeFiles/MIOpen.dir/convolution_api.cpp.obj
[328/652] Building CXX object src/CMakeFiles/MIOpen.dir/op_args.cpp.obj
[329/652] Building CXX object src/CMakeFiles/MIOpen.dir/find_db.cpp.obj
[330/652] Building CXX object src/CMakeFiles/MIOpen.dir/process.cpp.obj
[331/652] Building CXX object src/CMakeFiles/MIOpen.dir/operator.cpp.obj
[332/652] Building CXX object src/CMakeFiles/MIOpen.dir/layernorm/problem_description.cpp.obj
[333/652] Building CXX object src/CMakeFiles/MIOpen.dir/fused_api.cpp.obj
[334/652] Building CXX object src/CMakeFiles/MIOpen.dir/readonlyramdb.cpp.obj
[335/652] Building CXX object src/CMakeFiles/MIOpen.dir/multimarginloss_api.cpp.obj
[336/652] Building CXX object src/CMakeFiles/MIOpen.dir/api/find2_0_commons.cpp.obj
[337/652] Building CXX object src/CMakeFiles/MIOpen.dir/reduce/problem_description.cpp.obj
[338/652] Building CXX object src/CMakeFiles/MIOpen.dir/prelu_api.cpp.obj
[339/652] Building CXX object src/CMakeFiles/MIOpen.dir/reducecalculation_api.cpp.obj
[340/652] Building CXX object src/CMakeFiles/MIOpen.dir/reduceextreme_api.cpp.obj
[341/652] Building CXX object src/CMakeFiles/MIOpen.dir/pooling/problem_description.cpp.obj
[342/652] Building CXX object src/CMakeFiles/MIOpen.dir/ramdb.cpp.obj
[343/652] Building CXX object src/CMakeFiles/MIOpen.dir/pooling_api.cpp.obj
[344/652] Building CXX object src/CMakeFiles/MIOpen.dir/reducetensor_api.cpp.obj
[345/652] Building CXX object src/CMakeFiles/MIOpen.dir/rope/problem_description.cpp.obj
[346/652] Building CXX object src/CMakeFiles/MIOpen.dir/convolution.cpp.obj
[347/652] Building CXX object src/CMakeFiles/MIOpen.dir/softmarginloss/problem_description.cpp.obj
[348/652] Building CXX object src/CMakeFiles/MIOpen.dir/reducetensor.cpp.obj
[349/652] Building CXX object src/CMakeFiles/MIOpen.dir/rnn/Solutions/rnn_transformer.cpp.obj
[350/652] Building CXX object src/CMakeFiles/MIOpen.dir/fusion/problem_description.cpp.obj
[351/652] Building CXX object src/CMakeFiles/MIOpen.dir/rnn.cpp.obj
[352/652] Building CXX object src/CMakeFiles/MIOpen.dir/rnn/rnn_util.cpp.obj
[353/652] Building CXX object src/CMakeFiles/MIOpen.dir/scalar.cpp.obj
[354/652] Building CXX object src/CMakeFiles/MIOpen.dir/rope_api.cpp.obj
[355/652] Building CXX object src/CMakeFiles/MIOpen.dir/rnn/Solutions/Base/bw_weights_modular.cpp.obj
[356/652] Building CXX object src/CMakeFiles/MIOpen.dir/rnn/Solutions/fwd_s_stream.cpp.obj
[357/652] Building CXX object src/CMakeFiles/MIOpen.dir/softmarginloss_api.cpp.obj
[358/652] Building CXX object src/CMakeFiles/MIOpen.dir/rnn/selector.cpp.obj
[359/652] Building CXX object src/CMakeFiles/MIOpen.dir/rnn/Solutions/Base/fw_data_modular.cpp.obj
[360/652] Building CXX object src/CMakeFiles/MIOpen.dir/rnn/Solutions/bww_s_steam.cpp.obj
[361/652] Building CXX object src/CMakeFiles/MIOpen.dir/rnn/Solutions/bww_multi_stream.cpp.obj
[362/652] Building CXX object src/CMakeFiles/MIOpen.dir/rnn/Solutions/bwd_s_stream.cpp.obj
[363/652] Building CXX object src/CMakeFiles/MIOpen.dir/softmax_api.cpp.obj
[364/652] Building CXX object src/CMakeFiles/MIOpen.dir/rnn/Solutions/bwd_multi_stream.cpp.obj
[365/652] Building CXX object src/CMakeFiles/MIOpen.dir/rnn/Solutions/Base/bw_data_modular.cpp.obj
[366/652] Building CXX object src/CMakeFiles/MIOpen.dir/softmax/problem_description.cpp.obj
[367/652] Building CXX object src/CMakeFiles/MIOpen.dir/solver/activ/fwd_1.cpp.obj
[368/652] Building CXX object src/CMakeFiles/MIOpen.dir/solver/activ/bwd_1.cpp.obj
[369/652] Building CXX object src/CMakeFiles/MIOpen.dir/rnn_api.cpp.obj
[370/652] Building CXX object src/CMakeFiles/MIOpen.dir/solver/activ/bwd_0.cpp.obj
[371/652] Building CXX object src/CMakeFiles/MIOpen.dir/solver/adam/transformers_adam_w.cpp.obj
[372/652] Building CXX object src/CMakeFiles/MIOpen.dir/solver/activ/fwd_0.cpp.obj
[373/652] Building CXX object src/CMakeFiles/MIOpen.dir/solver/adam/adam.cpp.obj
[374/652] Building CXX object src/CMakeFiles/MIOpen.dir/solver/cat/forward_cat.cpp.obj
[375/652] Building CXX object src/CMakeFiles/MIOpen.dir/solver/batchnorm/backward_per_activation.cpp.obj
[376/652] Building CXX object src/CMakeFiles/MIOpen.dir/solver/batchnorm/forward_inference.cpp.obj
[377/652] Building CXX object src/CMakeFiles/MIOpen.dir/solver/batchnorm/forward_per_activation.cpp.obj
[378/652] Building CXX object src/CMakeFiles/MIOpen.dir/fusion.cpp.obj
[379/652] Building CXX object src/CMakeFiles/MIOpen.dir/problem.cpp.obj
[380/652] Building CXX object src/CMakeFiles/MIOpen.dir/solver/batchnorm/backward_per_activation_fused.cpp.obj
[381/652] Building CXX object src/CMakeFiles/MIOpen.dir/solver/conv/conv_asm_5x10u2v2f1.cpp.obj
[382/652] Building CXX object src/CMakeFiles/MIOpen.dir/solver/batchnorm/forward_inference_fused.cpp.obj
[383/652] Building CXX object src/CMakeFiles/MIOpen.dir/softmax.cpp.obj
[384/652] Building CXX object src/CMakeFiles/MIOpen.dir/solver/conv/conv_asm_5x10u2v2b1.cpp.obj
[385/652] Building CXX object src/CMakeFiles/MIOpen.dir/solver/batchnorm/forward_per_activation_fused.cpp.obj
[386/652] Building CXX object src/CMakeFiles/MIOpen.dir/solver/conv/conv_asm_implicit_gemm_bwd_v4r1_dynamic.cpp.obj
[387/652] Building CXX object src/CMakeFiles/MIOpen.dir/solver/conv/conv_asm_3x3u.cpp.obj
[388/652] Building CXX object src/CMakeFiles/MIOpen.dir/solver/conv/conv_asm_implicit_gemm_gtc_perf_config.cpp.obj
[389/652] Building CXX object src/CMakeFiles/MIOpen.dir/solver/conv/conv_asm_1x1u.cpp.obj
[390/652] Building CXX object src/CMakeFiles/MIOpen.dir/solver/conv/conv_asm_7x7c3h224w224k64u2v2p3q3f1.cpp.obj
[391/652] Building CXX object src/CMakeFiles/MIOpen.dir/solver/batchnorm/backward_spatial.cpp.obj
[392/652] Building CXX object src/CMakeFiles/MIOpen.dir/solution.cpp.obj
[393/652] Building CXX object src/CMakeFiles/MIOpen.dir/solver/conv/conv_asm_implicit_gemm_wrw_v4r1_dynamic.cpp.obj
[394/652] Building CXX object src/CMakeFiles/MIOpen.dir/solver/conv/conv_asm_1x1u_stride2.cpp.obj
[395/652] Building CXX object src/CMakeFiles/MIOpen.dir/solver/conv/conv_asm_implicit_gemm_v4r1_dynamic.cpp.obj
[396/652] Building CXX object src/CMakeFiles/MIOpen.dir/solver/conv/conv_asm_dir_BwdWrW3x3.cpp.obj
[397/652] Building CXX object src/CMakeFiles/MIOpen.dir/solver/conv/conv_asm_dir_BwdWrW1x1.cpp.obj
[398/652] Building CXX object src/CMakeFiles/MIOpen.dir/solver/conv/conv_asm_implicit_gemm_gtc_bwd_nhwc.cpp.obj
[399/652] Building CXX object src/CMakeFiles/MIOpen.dir/solver/conv/conv_asm_implicit_gemm_gtc_fwd_nhwc.cpp.obj
[400/652] Building CXX object src/CMakeFiles/MIOpen.dir/solver/conv/conv_bin_wino3x3U.cpp.obj
[401/652] Building CXX object src/CMakeFiles/MIOpen.dir/solver/conv/conv_asm_implicit_gemm_gtc_bwd.cpp.obj
[402/652] Building CXX object src/CMakeFiles/MIOpen.dir/solver/batchnorm/forward_spatial.cpp.obj
[403/652] Building CXX object src/CMakeFiles/MIOpen.dir/solver/conv/conv_bin_winoRxS.cpp.obj
[404/652] Building CXX object src/CMakeFiles/MIOpen.dir/solver/conv/conv_direct_naive_conv_fwd.cpp.obj
[405/652] Building CXX object src/CMakeFiles/MIOpen.dir/solver/conv/conv_direct_naive_conv_bwd.cpp.obj
[406/652] Building CXX object src/CMakeFiles/MIOpen.dir/solver/conv/conv_asm_implicit_gemm_gtc_fwd_nchwc.cpp.obj
[407/652] Building CXX object src/CMakeFiles/MIOpen.dir/solver/conv/conv_asm_implicit_gemm_wrw_gtc_dynamic_xdlops.cpp.obj
[408/652] Building CXX object src/CMakeFiles/MIOpen.dir/solver/conv/conv_direct_naive_conv_wrw.cpp.obj
[409/652] Building CXX object src/CMakeFiles/MIOpen.dir/solver/ck_impl_lib_loader.cpp.obj
[410/652] Building CXX object src/CMakeFiles/MIOpen.dir/solver/conv/conv_direct_naive_conv.cpp.obj
[411/652] Building CXX object src/CMakeFiles/MIOpen.dir/solver/conv/conv_asm_implicit_gemm_gtc_wrw_nhwc.cpp.obj
[412/652] Building CXX object src/CMakeFiles/MIOpen.dir/solver/conv/conv_asm_implicit_gemm_gtc_fwd.cpp.obj
[413/652] Building CXX object src/CMakeFiles/MIOpen.dir/solver/conv/conv_hip_implicit_gemm_nonxdlops_common.cpp.obj
[414/652] Building CXX object src/CMakeFiles/MIOpen.dir/solver/conv/conv_hip_implicit_gemm_grouped_fwd_xdlops.cpp.obj
[415/652] Building CXX object src/CMakeFiles/MIOpen.dir/solver/conv/conv_hip_implicit_gemm_bwd_v1r1.cpp.obj
[416/652] Building CXX object src/CMakeFiles/MIOpen.dir/solver/conv/conv_hip_implicit_gemm_grouped_bwd_xdlops.cpp.obj
[417/652] Building CXX object src/CMakeFiles/MIOpen.dir/solver/conv/conv_hip_implicit_gemm_fwd_v4r4.cpp.obj
[418/652] Building CXX object src/CMakeFiles/MIOpen.dir/solver/conv/conv_hip_implicit_gemm_bwd_v4r1_xdlops.cpp.obj
[419/652] Building CXX object src/CMakeFiles/MIOpen.dir/solver/conv/conv_hip_implicit_gemm_grouped_wrw_xdlops.cpp.obj
[420/652] Building CXX object src/CMakeFiles/MIOpen.dir/solver/conv/conv_hip_implicit_gemm_3d_grouped_wrw_xdlops.cpp.obj
[421/652] Building CXX object src/CMakeFiles/MIOpen.dir/solver/conv/conv_hip_implicit_gemm_3d_grouped_bwd_xdlops.cpp.obj
[422/652] Building CXX object src/CMakeFiles/MIOpen.dir/solver/conv/conv_hip_implicit_gemm_3d_grouped_fwd_xdlops.cpp.obj
[423/652] Building CXX object src/CMakeFiles/MIOpen.dir/solver/conv/conv_hip_implicit_gemm_fwd_v4r4_xdlops.cpp.obj
[424/652] Building CXX object src/CMakeFiles/MIOpen.dir/solver/conv/conv_hip_implicit_gemm_fwd_v4r5_xdlops.cpp.obj
[425/652] Building CXX object src/CMakeFiles/MIOpen.dir/solver/conv/conv_mlir_igemm_bwd.cpp.obj
[426/652] Building CXX object src/CMakeFiles/MIOpen.dir/solver/conv/conv_mlir_igemm_fwd_xdlops.cpp.obj
[427/652] Building CXX object src/CMakeFiles/MIOpen.dir/solver/conv/conv_mlir_igemm_bwd_xdlops.cpp.obj
[428/652] Building CXX object src/CMakeFiles/MIOpen.dir/solver/conv/conv_hip_implicit_gemm_fwd_v4r4_xdlops_padded_gemm.cpp.obj
[429/652] Building CXX object src/CMakeFiles/MIOpen.dir/solver/conv/conv_hip_implicit_gemm_fwd_v4r1.cpp.obj
[430/652] Building CXX object src/CMakeFiles/MIOpen.dir/solver/conv/conv_mlir_igemm_fwd.cpp.obj
[431/652] Building CXX object src/CMakeFiles/MIOpen.dir/solver/conv/conv_hip_dir2D11x11.cpp.obj
[432/652] Building CXX object src/CMakeFiles/MIOpen.dir/solver/conv/conv_mlir_igemm_wrw.cpp.obj
[433/652] Building CXX object src/CMakeFiles/MIOpen.dir/solver/conv/conv_hip_dir2Dfwd.cpp.obj
[434/652] Building CXX object src/CMakeFiles/MIOpen.dir/solver/conv/conv_mlir_igemm_wrw_xdlops.cpp.obj
[435/652] Building CXX object src/CMakeFiles/MIOpen.dir/solver/conv/conv_hip_implicit_gemm_wrw_v4r4_xdlops_padded_gemm.cpp.obj
[436/652] Building CXX object src/CMakeFiles/MIOpen.dir/solver/conv/conv_hip_implicit_gemm_wrw_v4r4_xdlops.cpp.obj
[437/652] Building CXX object src/CMakeFiles/MIOpen.dir/solver/conv/fft.cpp.obj
[438/652] Building CXX object src/CMakeFiles/MIOpen.dir/solver/conv/conv_hip_dir2D_bwdWrW_53.cpp.obj
[439/652] Building CXX object src/CMakeFiles/MIOpen.dir/solver/conv/conv_hip_implicit_gemm_wrw_v4r4.cpp.obj
[440/652] Building CXX object src/CMakeFiles/MIOpen.dir/solver/conv/conv_hip_dir2Dfwd_exhaustive_search.cpp.obj
[441/652] Building CXX object src/CMakeFiles/MIOpen.dir/solver/conv/gemm_common.cpp.obj
[442/652] Building CXX object src/CMakeFiles/MIOpen.dir/solver/groupnorm/forward_groupnorm.cpp.obj
[443/652] Building CXX object src/CMakeFiles/MIOpen.dir/solver/glu/forward_glu.cpp.obj
[444/652] Building CXX object src/CMakeFiles/MIOpen.dir/solver/kthvalue/forward_kthvalue.cpp.obj
[445/652] Building CXX object src/CMakeFiles/MIOpen.dir/solver/getitem/backward_getitem.cpp.obj
[446/652] Building CXX object src/CMakeFiles/MIOpen.dir/solver/glu/backward_glu.cpp.obj
[447/652] Building CXX object src/CMakeFiles/MIOpen.dir/solver/layernorm/common_layernorm.cpp.obj
[448/652] Building CXX object src/CMakeFiles/MIOpen.dir/solver/mha/mha_solver_forward.cpp.obj
[449/652] Building CXX object src/CMakeFiles/MIOpen.dir/solver/conv/gemm.cpp.obj
[450/652] Building CXX object src/CMakeFiles/MIOpen.dir/solver/conv/conv_wino_fury_RxS.cpp.obj
[451/652] Building CXX object src/CMakeFiles/MIOpen.dir/solver/mha/mha_solver_backward.cpp.obj
[452/652] Building CXX object src/CMakeFiles/MIOpen.dir/solver/layernorm/forward_t5layernorm.cpp.obj
[453/652] Building CXX object src/CMakeFiles/MIOpen.dir/solver/multimarginloss/forward_multimarginloss.cpp.obj
[454/652] Building CXX object src/CMakeFiles/MIOpen.dir/solver/conv/gemm_wrw.cpp.obj
[455/652] Building CXX object src/CMakeFiles/MIOpen.dir/solver/conv/conv_3d_depthwise_fwd.cpp.obj
[456/652] Building CXX object src/CMakeFiles/MIOpen.dir/solver/layernorm/backward_t5layernorm.cpp.obj
[457/652] Building CXX object src/CMakeFiles/MIOpen.dir/solver/conv/gemm_bwd.cpp.obj
[458/652] Building CXX object src/CMakeFiles/MIOpen.dir/solver/layernorm/backward_layernorm.cpp.obj
[459/652] Building CXX object src/CMakeFiles/MIOpen.dir/solver/layernorm/forward_addlayernorm.cpp.obj
[460/652] Building CXX object src/CMakeFiles/MIOpen.dir/solver/conv/conv_wino_rage_RxS.cpp.obj
[461/652] Building CXX object src/CMakeFiles/MIOpen.dir/solver/conv/conv_MP_bidirectional_winograd.cpp.obj
[462/652] Building CXX object src/CMakeFiles/MIOpen.dir/solver/layernorm/forward_layernorm.cpp.obj
[463/652] Building CXX object src/CMakeFiles/MIOpen.dir/solver/conv_winoRxS_fused.cpp.obj
[464/652] Building CXX object src/CMakeFiles/MIOpen.dir/solver/conv_ck_igemm_fwd_bias_res_add_activ_fused.cpp.obj
[465/652] Building CXX object src/CMakeFiles/MIOpen.dir/solver/conv_ck_igemm_grp_fwd_activ_fused.cpp.obj
[466/652] Building CXX object src/CMakeFiles/MIOpen.dir/solver/pooling/forwardNaive.cpp.obj
[467/652] Building CXX object src/CMakeFiles/MIOpen.dir/solver/conv/conv_ck_grouped_conv_fwd.cpp.obj
[468/652] Building CXX object src/CMakeFiles/MIOpen.dir/solver/conv_hip_dir2Dfwd_fused.cpp.obj
[469/652] Building CXX object src/CMakeFiles/MIOpen.dir/solver/pooling/forward2d.cpp.obj
[470/652] Building CXX object src/CMakeFiles/MIOpen.dir/solver/conv_ck_igemm_fwd_bias_activ_fused.cpp.obj
[471/652] Building CXX object src/CMakeFiles/MIOpen.dir/solver/conv/conv_winoRxS.cpp.obj
[472/652] Building CXX object src/CMakeFiles/MIOpen.dir/solver/conv_asm_1x1u_bias_activ_fused.cpp.obj
[473/652] Building CXX object src/CMakeFiles/MIOpen.dir/solver/prelu/utils.cpp.obj
[474/652] Building CXX object src/CMakeFiles/MIOpen.dir/solver/prelu/backward_prelu_multi_weights.cpp.obj
[475/652] Building CXX object src/CMakeFiles/MIOpen.dir/solver/prelu/backward_prelu_single_weight.cpp.obj
[476/652] Building CXX object src/CMakeFiles/MIOpen.dir/solver/rope/forward_rope.cpp.obj
[477/652] Building CXX object src/CMakeFiles/MIOpen.dir/solver/pooling/performanceConfigNd.cpp.obj
[478/652] Building CXX object src/CMakeFiles/MIOpen.dir/solver/pooling/performanceConfig2d.cpp.obj
[479/652] Building CXX object src/CMakeFiles/MIOpen.dir/solver/rope/backward_rope.cpp.obj
[480/652] Building CXX object src/CMakeFiles/MIOpen.dir/solver/pooling/backward2d.cpp.obj
[481/652] Building CXX object src/CMakeFiles/MIOpen.dir/solver/pooling/forwardNd.cpp.obj
[482/652] Building CXX object src/CMakeFiles/MIOpen.dir/solver/reduce/forward_argmax.cpp.obj
[483/652] Building CXX object src/CMakeFiles/MIOpen.dir/subbuffers.cpp.obj
[484/652] Building CXX object src/CMakeFiles/MIOpen.dir/solver/reduce/forward_max.cpp.obj
[485/652] Building CXX object src/CMakeFiles/MIOpen.dir/solver/reduce/forward_argmin.cpp.obj
[486/652] Building CXX object src/CMakeFiles/MIOpen.dir/solver/softmarginloss/forward_softmarginloss.cpp.obj
[487/652] Building CXX object src/CMakeFiles/MIOpen.dir/solver/reduce/forward_min.cpp.obj
[488/652] Building CXX object src/CMakeFiles/MIOpen.dir/solver/pooling/backwardNd.cpp.obj
[489/652] Building CXX object src/CMakeFiles/MIOpen.dir/solver/reduce/forward_prod.cpp.obj
[490/652] Building CXX object src/CMakeFiles/MIOpen.dir/solver/conv_ck_igemm_grp_fwd_bias_activ_fused.cpp.obj
[491/652] Building CXX object src/CMakeFiles/MIOpen.dir/solver/reduce/forward_sum.cpp.obj
[492/652] Building CXX object src/CMakeFiles/MIOpen.dir/solver/softmarginloss/backward_softmarginloss.cpp.obj
[493/652] Building CXX object src/CMakeFiles/MIOpen.dir/sysinfo_utils.cpp.obj
[494/652] Building CXX object src/CMakeFiles/MIOpen.dir/solver/softmax/attn_softmax.cpp.obj
[495/652] Building CXX object src/CMakeFiles/MIOpen.dir/md5.cpp.obj
[496/652] Building CXX object src/CMakeFiles/MIOpen.dir/solver/softmax/softmax_noncontiguous.cpp.obj
[497/652] Building CXX object src/CMakeFiles/MIOpen.dir/solver/softmax/softmax.cpp.obj
[498/652] Building CXX object src/CMakeFiles/MIOpen.dir/bz2.cpp.obj
[499/652] Building CXX object src/CMakeFiles/MIOpen.dir/solver/conv/conv_multipass_wino3x3WrW.cpp.obj
[500/652] Building CXX object src/CMakeFiles/MIOpen.dir/tensorOp/problem_description.cpp.obj
[501/652] Building CXX object src/CMakeFiles/MIOpen.dir/temp_file.cpp.obj
[502/652] Building CXX object src/CMakeFiles/MIOpen.dir/unique_path.cpp.obj
[503/652] Building CXX object src/CMakeFiles/MIOpen.dir/solver/tensorOp/Op2dTensorGeneric.cpp.obj
[504/652] Building CXX object src/CMakeFiles/MIOpen.dir/target_properties.cpp.obj
[505/652] Building CXX object src/CMakeFiles/MIOpen.dir/tmp_dir.cpp.obj
[506/652] Building CXX object src/CMakeFiles/MIOpen.dir/t5layernorm_api.cpp.obj
[507/652] Building CXX object src/CMakeFiles/MIOpen.dir/solver/tensorOp/Op2dTensorSquash.cpp.obj
[508/652] Building CXX object src/CMakeFiles/MIOpen.dir/solver/tensorOp/Op1dTensorGeneric.cpp.obj
[509/652] Building CXX object src/CMakeFiles/MIOpen.dir/solver/tensorOp/Op4dTensorGeneric.cpp.obj
[510/652] Building CXX object src/CMakeFiles/MIOpen.dir/solver/tensorOp/Op3dTensorGeneric.cpp.obj
[511/652] Building CXX object src/CMakeFiles/MIOpen.dir/exec_utils.cpp.obj
[512/652] Building CXX object src/CMakeFiles/MIOpen.dir/transformers_adam_w_api.cpp.obj
[513/652] Building CXX object src/CMakeFiles/MIOpen.dir/solver/tensorOp/Op2dTensorLite.cpp.obj
[514/652] Building CXX object src/CMakeFiles/MIOpen.dir/solver/tensorOp/Op4dTensorLite.cpp.obj
[515/652] Building CXX object src/CMakeFiles/MIOpen.dir/solver/tensorOp/Op5dTensorGeneric.cpp.obj
[516/652] Building CXX object src/CMakeFiles/MIOpen.dir/kern_db.cpp.obj
[517/652] Building CXX object src/CMakeFiles/MIOpen.dir/solver/tensorOp/OpTensorLeadingOnes.cpp.obj
[518/652] Building CXX object src/CMakeFiles/MIOpen.dir/activ.cpp.obj
[519/652] Building CXX object src/CMakeFiles/MIOpen.dir/solver/tensorOp/OpTensorFwdBias.cpp.obj
[520/652] Building CXX object src/CMakeFiles/MIOpen.dir/seq_tensor.cpp.obj
[521/652] Building CXX object src/CMakeFiles/MIOpen.dir/adam.cpp.obj
[522/652] Building CXX object src/CMakeFiles/MIOpen.dir/binary_cache.cpp.obj
[523/652] Building CXX object src/CMakeFiles/MIOpen.dir/sqlite_db.cpp.obj
[524/652] Building CXX object src/CMakeFiles/MIOpen.dir/tensor_api.cpp.obj
[525/652] Building CXX object src/CMakeFiles/MIOpen.dir/hip/gcn_asm_utils.cpp.obj
[526/652] Building CXX object src/CMakeFiles/MIOpen.dir/lrn.cpp.obj
[527/652] Building CXX object src/CMakeFiles/MIOpen.dir/kernel_cache.cpp.obj
[528/652] Building CXX object src/CMakeFiles/MIOpen.dir/addlayernorm.cpp.obj
[529/652] Building CXX object src/CMakeFiles/MIOpen.dir/cat.cpp.obj
[530/652] Building CXX object src/CMakeFiles/MIOpen.dir/groupnorm.cpp.obj
[531/652] Building CXX object src/CMakeFiles/MIOpen.dir/glu.cpp.obj
[532/652] Building CXX object src/CMakeFiles/MIOpen.dir/kthvalue.cpp.obj
[533/652] Building CXX object src/CMakeFiles/MIOpen.dir/hip/hip_build_utils.cpp.obj
[534/652] Building CXX object src/CMakeFiles/MIOpen.dir/getitem.cpp.obj
[535/652] Building CXX object src/CMakeFiles/MIOpen.dir/hip/fusionopconvocl.cpp.obj
[536/652] Building CXX object src/CMakeFiles/MIOpen.dir/multimarginloss.cpp.obj
[537/652] Building CXX object src/CMakeFiles/MIOpen.dir/hip/activ_ocl.cpp.obj
[538/652] Building CXX object src/CMakeFiles/MIOpen.dir/hip/fusionopbiasbnactivocl.cpp.obj
[539/652] Building CXX object src/CMakeFiles/MIOpen.dir/hip/general_tensor_reorder_sol.cpp.obj
[540/652] Building CXX object src/CMakeFiles/MIOpen.dir/hip/mloNorm.cpp.obj
[541/652] Building CXX object src/CMakeFiles/MIOpen.dir/hip/dropoutocl.cpp.obj
[542/652] Building CXX object src/CMakeFiles/MIOpen.dir/hip/hiperrors.cpp.obj
[543/652] Building CXX object src/CMakeFiles/MIOpen.dir/hip/lrn_ocl.cpp.obj
[544/652] Building CXX object src/CMakeFiles/MIOpen.dir/__/db_path.cpp.obj
[545/652] Building CXX object src/CMakeFiles/MIOpen.dir/hip/batched_transpose_sol.cpp.obj
[546/652] Building CXX object src/CMakeFiles/MIOpen.dir/hipoc/hipoc_program.cpp.obj
[547/652] Building CXX object src/CMakeFiles/MIOpen.dir/rope.cpp.obj
[548/652] Building CXX object src/CMakeFiles/MIOpen.dir/transformers_adam_w.cpp.obj
[549/652] Building CXX object src/CMakeFiles/MIOpen.dir/reducecalculation.cpp.obj
[550/652] Building CXX object src/CMakeFiles/MIOpen.dir/t5layernorm.cpp.obj
[551/652] Building CXX object src/CMakeFiles/MIOpen.dir/solver/conv/conv_hipconv.cpp.obj
[552/652] Building CXX object src/CMakeFiles/MIOpen.dir/softmarginloss.cpp.obj
[553/652] Building CXX object src/CMakeFiles/MIOpen.dir/gemm_v2.cpp.obj
[554/652] Building CXX object src/CMakeFiles/MIOpen.dir/prelu.cpp.obj
[555/652] Building CXX object src/CMakeFiles/MIOpen.dir/__/inlined_kernels/batch_0.cpp.obj
[556/652] Building CXX object src/CMakeFiles/MIOpen.dir/hip/utilocl.cpp.obj
[557/652] Building CXX object src/CMakeFiles/MIOpen.dir/hip/handlehip.cpp.obj
[558/652] Building CXX object src/CMakeFiles/MIOpen.dir/__/inlined_kernels/batch_3.cpp.obj
[559/652] Building CXX object src/CMakeFiles/MIOpen.dir/__/inlined_kernels/batch_1.cpp.obj
[560/652] Building CXX object src/CMakeFiles/MIOpen.dir/reduceextreme.cpp.obj
[561/652] Building CXX object src/CMakeFiles/MIOpen.dir/hip/batchnormocl.cpp.obj
[562/652] Building CXX object src/CMakeFiles/MIOpen.dir/hipoc/hipoc_kernel.cpp.obj
[563/652] Building CXX object src/CMakeFiles/MIOpen.dir/hip/rnnocl.cpp.obj
[564/652] Building CXX object src/CMakeFiles/MIOpen.dir/__/inlined_kernels/batch_7.cpp.obj
[565/652] Building CXX object src/CMakeFiles/MIOpen.dir/__/inlined_kernels/batch_2.cpp.obj
[566/652] Building CXX object src/CMakeFiles/MIOpen.dir/layernorm.cpp.obj
[567/652] Building CXX object src/CMakeFiles/MIOpen.dir/__/inlined_kernels/batch_8.cpp.obj
[568/652] Building CXX object src/CMakeFiles/MIOpen.dir/__/inlined_kernels/batch_4.cpp.obj
[569/652] Building CXX object src/CMakeFiles/MIOpen.dir/hip/convolutionocl.cpp.obj
[570/652] Building CXX object src/CMakeFiles/MIOpen.dir/__/inlined_kernels/batch_13.cpp.obj
[571/652] Building CXX object src/CMakeFiles/MIOpen.dir/__/inlined_kernels/batch_5.cpp.obj
[572/652] Building CXX object src/CMakeFiles/MIOpen.dir/__/inlined_kernels/batch_10.cpp.obj
[573/652] Building CXX object src/CMakeFiles/MIOpen.dir/__/inlined_kernels/batch_9.cpp.obj
[574/652] Building CXX object src/CMakeFiles/MIOpen.dir/__/inlined_kernels/batch_15.cpp.obj
[575/652] Building CXX object src/CMakeFiles/MIOpen.dir/__/inlined_kernels/batch_14.cpp.obj
[576/652] Building CXX object src/CMakeFiles/MIOpen.dir/__/inlined_kernels/batch_12.cpp.obj
[577/652] Building CXX object src/CMakeFiles/MIOpen.dir/__/inlined_kernels/batch_17.cpp.obj
[578/652] Building CXX object src/CMakeFiles/MIOpen.dir/__/inlined_kernels/batch_29.cpp.obj
[579/652] Building CXX object src/CMakeFiles/MIOpen.dir/tensor.cpp.obj
[580/652] Building CXX object src/CMakeFiles/MIOpen.dir/__/inlined_kernels/batch_22.cpp.obj
[581/652] Building CXX object src/CMakeFiles/MIOpen.dir/__/inlined_kernels/batch_26.cpp.obj
[582/652] Building CXX object src/CMakeFiles/MIOpen.dir/__/inlined_kernels/batch_11.cpp.obj
[583/652] Building CXX object src/CMakeFiles/MIOpen.dir/__/inlined_kernels/batch_16.cpp.obj
[584/652] Building CXX object src/CMakeFiles/MIOpen.dir/__/inlined_kernels/batch_19.cpp.obj
[585/652] Building CXX object src/CMakeFiles/MIOpen.dir/__/inlined_kernels/batch_23.cpp.obj
[586/652] Building CXX object src/CMakeFiles/MIOpen.dir/__/inlined_kernels/batch_21.cpp.obj
[587/652] Building CXX object src/CMakeFiles/MIOpen.dir/__/inlined_kernels/batch_24.cpp.obj
[588/652] Building CXX object src/CMakeFiles/MIOpen.dir/__/inlined_kernels/batch_35.cpp.obj
[589/652] Building CXX object src/CMakeFiles/MIOpen.dir/__/inlined_kernels/batch_25.cpp.obj
[590/652] Building CXX object src/CMakeFiles/MIOpen.dir/__/inlined_kernels/batch_31.cpp.obj
[591/652] Building CXX object src/CMakeFiles/MIOpen.dir/__/inlined_kernels/batch_34.cpp.obj
[592/652] Building CXX object src/CMakeFiles/MIOpen.dir/__/inlined_kernels/batch_18.cpp.obj
[593/652] Building CXX object src/CMakeFiles/MIOpen.dir/__/inlined_kernels/batch_20.cpp.obj
[594/652] Building CXX object src/CMakeFiles/MIOpen.dir/__/inlined_kernels/batch_27.cpp.obj
[595/652] Building CXX object src/CMakeFiles/MIOpen.dir/__/inlined_kernels/batch_6.cpp.obj
[596/652] Building CXX object src/CMakeFiles/MIOpen.dir/__/inlined_kernels/batch_33.cpp.obj
[597/652] Building CXX object src/CMakeFiles/MIOpen.dir/__/inlined_kernels/batch_36.cpp.obj
[598/652] Building CXX object src/CMakeFiles/MIOpen.dir/__/inlined_kernels/batch_32.cpp.obj
[599/652] Building CXX object src/CMakeFiles/MIOpen.dir/__/inlined_kernels/batch_28.cpp.obj
[600/652] Building CXX object src/CMakeFiles/MIOpen.dir/__/inlined_kernels/batch_30.cpp.obj
[601/652] Building CXX object src/CMakeFiles/MIOpen.dir/__/inlined_kernels/batch_39.cpp.obj
[602/652] Building CXX object src/CMakeFiles/MIOpen.dir/__/inlined_kernels/batch_37.cpp.obj
[603/652] Building CXX object src/CMakeFiles/MIOpen.dir/__/inlined_kernels/batch_38.cpp.obj
[604/652] Building CXX object src/CMakeFiles/MIOpen.dir/__/inlined_kernels/batch_40.cpp.obj
[605/652] Building CXX object src/CMakeFiles/MIOpen.dir/__/inlined_kernels/batch_41.cpp.obj
[606/652] Building CXX object src/CMakeFiles/MIOpen.dir/__/inlined_kernels/batch_42.cpp.obj
[607/652] Building CXX object src/CMakeFiles/MIOpen.dir/__/inlined_kernels/batch_43.cpp.obj
[608/652] Building CXX object src/CMakeFiles/MIOpen.dir/__/inlined_kernels/batch_50.cpp.obj
[609/652] Building CXX object src/CMakeFiles/MIOpen.dir/__/inlined_kernels/batch_45.cpp.obj
[610/652] Building CXX object src/CMakeFiles/MIOpen.dir/__/inlined_kernels/batch_44.cpp.obj
[611/652] Building CXX object src/CMakeFiles/MIOpen.dir/__/inlined_kernels/batch_55.cpp.obj
[612/652] Building CXX object src/CMakeFiles/MIOpen.dir/__/inlined_kernels/batch_48.cpp.obj
[613/652] Building CXX object src/CMakeFiles/MIOpen.dir/__/inlined_kernels/batch_51.cpp.obj
[614/652] Building CXX object src/CMakeFiles/MIOpen.dir/__/inlined_kernels/batch_56.cpp.obj
[615/652] Building CXX object src/CMakeFiles/MIOpen.dir/__/inlined_kernels/batch_46.cpp.obj
[616/652] Building CXX object src/CMakeFiles/MIOpen.dir/__/inlined_kernels/batch_57.cpp.obj
[617/652] Building CXX object src/CMakeFiles/MIOpen.dir/__/inlined_kernels/batch_52.cpp.obj
[618/652] Building CXX object src/CMakeFiles/MIOpen.dir/__/inlined_kernels/batch_54.cpp.obj
[619/652] Building CXX object src/CMakeFiles/MIOpen.dir/__/inlined_kernels/batch_58.cpp.obj
[620/652] Building CXX object src/CMakeFiles/MIOpen.dir/__/inlined_kernels/batch_63.cpp.obj
[621/652] Building CXX object src/CMakeFiles/MIOpen.dir/__/inlined_kernels/batch_53.cpp.obj
[622/652] Building CXX object src/CMakeFiles/MIOpen.dir/__/inlined_kernels/batch_78.cpp.obj
[623/652] Building CXX object src/CMakeFiles/MIOpen.dir/__/inlined_kernels/batch_59.cpp.obj
[624/652] Building CXX object src/CMakeFiles/MIOpen.dir/__/inlined_kernels/batch_77.cpp.obj
[625/652] Building CXX object src/CMakeFiles/MIOpen.dir/__/inlined_kernels/batch_79.cpp.obj
[626/652] Building CXX object src/CMakeFiles/MIOpen.dir/__/inlined_kernels/batch_60.cpp.obj
[627/652] Building CXX object src/CMakeFiles/MIOpen.dir/__/inlined_kernels/batch_49.cpp.obj
[628/652] Building CXX object src/CMakeFiles/MIOpen.dir/__/inlined_kernels/batch_65.cpp.obj
[629/652] Building CXX object src/CMakeFiles/MIOpen.dir/__/inlined_kernels/batch_73.cpp.obj
[630/652] Building CXX object src/CMakeFiles/MIOpen.dir/__/inlined_kernels/batch_67.cpp.obj
[631/652] Building CXX object src/CMakeFiles/MIOpen.dir/__/inlined_kernels/batch_68.cpp.obj
[632/652] Building CXX object src/CMakeFiles/MIOpen.dir/__/inlined_kernels/batch_74.cpp.obj
[633/652] Building CXX object src/CMakeFiles/MIOpen.dir/__/inlined_kernels/batch_47.cpp.obj
[634/652] Building CXX object src/CMakeFiles/MIOpen.dir/__/inlined_kernels/batch_61.cpp.obj
[635/652] Building CXX object src/CMakeFiles/MIOpen.dir/__/inlined_kernels/batch_69.cpp.obj
[636/652] Building CXX object src/CMakeFiles/MIOpen.dir/__/inlined_kernels/batch_62.cpp.obj
[637/652] Building CXX object src/CMakeFiles/MIOpen.dir/__/inlined_kernels/batch_66.cpp.obj
[638/652] Building CXX object src/CMakeFiles/MIOpen.dir/__/inlined_kernels/batch_64.cpp.obj
[639/652] Building CXX object src/CMakeFiles/MIOpen.dir/__/inlined_kernels/batch_71.cpp.obj
[640/652] Building CXX object src/CMakeFiles/MIOpen.dir/__/inlined_kernels/batch_70.cpp.obj
[641/652] Building CXX object src/CMakeFiles/MIOpen.dir/__/inlined_kernels/batch_76.cpp.obj
[642/652] Building CXX object src/CMakeFiles/MIOpen.dir/__/inlined_kernels/batch_72.cpp.obj
[643/652] Building CXX object src/CMakeFiles/MIOpen.dir/comgr.cpp.obj
[644/652] Building CXX object src/CMakeFiles/MIOpen.dir/__/inlined_kernels/batch_82.cpp.obj
[645/652] Building CXX object src/CMakeFiles/MIOpen.dir/__/inlined_kernels/batch_80.cpp.obj
[646/652] Building CXX object src/CMakeFiles/MIOpen.dir/pooling.cpp.obj
[647/652] Building CXX object src/CMakeFiles/MIOpen.dir/__/inlined_kernels/batch_81.cpp.obj
[648/652] Building CXX object src/CMakeFiles/MIOpen.dir/__/inlined_kernels/batch_75.cpp.obj
[649/652] Building CXX object src/CMakeFiles/MIOpen.dir/mlo_dir_conv.cpp.obj
[650/652] Building CXX object src/CMakeFiles/MIOpen.dir/solver.cpp.obj
[651/652] Linking CXX shared library bin\MIOpen.dll
