[0/2] Re-checking globbed directories...
[1/620] cd /workspace/miopen-w7900-validation/build/patched-miopen/_deps/functionalplus-build && /workspace/miopen-w7900-validation/tools/rocm7141-venv/bin/python3.12 /workspace/miopen-w7900-validation/build/thirdparty-preseed/functionalplus/generate/auto_generate.py
[2/620] Inlining kernels batch #15
[3/620] Inlining kernels batch #13
[4/620] Inlining kernels batch #10
[5/620] Inlining kernels batch #12
[6/620] Inlining kernels batch #22
[7/620] Inlining kernels batch #32
[8/620] Inlining kernels batch #39
[9/620] Inlining kernels batch #8
[10/620] Inlining kernels batch #7
[11/620] Inlining kernels batch #51
[12/620] Inlining kernels batch #36
[13/620] Inlining kernels batch #34
[14/620] Inlining kernels batch #17
[15/620] Inlining kernels batch #6
[16/620] Inlining kernels batch #14
[17/620] Inlining kernels batch #59
[18/620] Inlining kernels batch #55
[19/620] Inlining kernels batch #23
[20/620] Inlining kernels batch #31
[21/620] Inlining kernels batch #26
[22/620] Inlining kernels batch #30
[23/620] Inlining kernels batch #18
[24/620] Inlining kernels batch #19
[25/620] Inlining kernels batch #33
[26/620] Inlining kernels batch #16
[27/620] Inlining kernels batch #42
[28/620] Inlining kernels batch #28
[29/620] Inlining kernels batch #24
[30/620] Inlining kernels batch #46
[31/620] Inlining kernels batch #2
[32/620] Inlining kernels batch #29
[33/620] Inlining kernels batch #3
[34/620] Inlining kernels batch #47
[35/620] Inlining kernels batch #54
[36/620] Inlining kernels batch #35
[37/620] Inlining kernels batch #45
[38/620] Inlining kernels batch #38
[39/620] Inlining kernels batch #25
[40/620] Inlining kernels batch #21
[41/620] Inlining kernels batch #49
[42/620] Inlining kernels batch #41
[43/620] Inlining kernels batch #53
[44/620] Inlining kernels batch #0
[45/620] Inlining kernels batch #1
[46/620] Inlining kernels batch #67
[47/620] Inlining kernels batch #4
[48/620] Inlining kernels batch #37
[49/620] Inlining kernels batch #43
[50/620] Inlining kernels batch #27
[51/620] Inlining kernels batch #9
[52/620] Inlining kernels batch #20
[53/620] Inlining kernels batch #5
[54/620] Inlining kernels batch #11
[55/620] Inlining kernels batch #44
[56/620] Inlining kernels batch #56
[57/620] Inlining kernels batch #68
[58/620] Inlining kernels batch #57
[59/620] Inlining kernels batch #71
[60/620] Inlining kernels batch #76
[61/620] Inlining kernels batch #61
[62/620] Inlining kernels batch #69
[63/620] Inlining kernels batch #70
[64/620] Inlining kernels batch #48
[65/620] Inlining kernels batch #120
[66/620] Inlining kernels batch #60
[67/620] Inlining kernels batch #66
[68/620] Inlining kernels batch #123 (includes)
[69/620] Inlining kernels batch #58
[70/620] Inlining kernels batch #125 (includes)
[71/620] Inlining kernels batch #124 (includes)
[72/620] Inlining kernels batch #75
[73/620] Inlining kernels batch #103
[74/620] Inlining kernels batch #52
[75/620] Inlining kernels batch #62
[76/620] Inlining kernels batch #84
[77/620] Inlining kernels batch #74
[78/620] Inlining kernels batch #86
[79/620] Inlining kernels batch #93
[80/620] Inlining kernels batch #64
[81/620] Inlining kernels batch #85
[82/620] Inlining kernels batch #87
[83/620] Inlining kernels batch #40
[84/620] Inlining kernels batch #101
[85/620] Inlining kernels batch #107
[86/620] Inlining kernels batch #104
[87/620] Inlining kernels batch #100
[88/620] Inlining kernels batch #73
[89/620] Inlining kernels batch #79
[90/620] Inlining kernels batch #81
[91/620] Inlining kernels batch #83
[92/620] Inlining kernels batch #121
[93/620] Inlining kernels batch #88
[94/620] Inlining kernels batch #109
[95/620] Inlining kernels batch #110
[96/620] Inlining kernels batch #95
[97/620] Inlining kernels batch #50
[98/620] Inlining kernels batch #117
[99/620] Inlining kernels batch #92
[100/620] Inlining kernels batch #105
[101/620] Inlining kernels batch #89
[102/620] Inlining kernels batch #111
[103/620] Inlining kernels batch #78
[104/620] Inlining kernels batch #98
[105/620] Inlining kernels batch #102
[106/620] Inlining kernels batch #106
[107/620] Inlining kernels batch #72
[108/620] Inlining kernels batch #91
[109/620] Inlining kernels batch #77
[110/620] Inlining kernels batch #114
[111/620] Inlining kernels batch #90
[112/620] Inlining kernels batch #108
[113/620] Inlining kernels batch #116
[114/620] Inlining kernels batch #115
[115/620] Inlining kernels batch #63
[116/620] Inlining kernels batch #112
[117/620] Inlining kernels batch #118
[118/620] Inlining kernels batch #65
[119/620] Inlining kernels batch #113
[120/620] Inlining kernels batch #82
[121/620] Inlining kernels batch #119
[122/620] Inlining kernels batch #99
[123/620] Inlining kernels batch #128 (includes)
[124/620] Inlining kernels batch #126 (includes)
[125/620] Inlining kernels batch #80
[126/620] Inlining kernels batch #94
[127/620] Inlining kernels batch #97
[128/620] Inlining kernels batch #96
[129/620] Inlining kernels batch #127 (includes)
[130/620] Inlining kernels batch #122
[131/620] Building CXX object src/CMakeFiles/MIOpen.dir/env_debug.cpp.o
[132/620] Building CXX object src/CMakeFiles/MIOpen.dir/fin/fin_interface.cpp.o
[133/620] Building CXX object src/CMakeFiles/MIOpen.dir/demangle.cpp.o
[134/620] Building CXX object src/CMakeFiles/MIOpen.dir/kthvalue/problem_description.cpp.o
[135/620] Building CXX object src/CMakeFiles/MIOpen.dir/buffer_info.cpp.o
[136/620] Building CXX object src/CMakeFiles/MIOpen.dir/activ/problem_description.cpp.o
[137/620] Building CXX object src/CMakeFiles/MIOpen.dir/env.cpp.o
[138/620] Building CXX object src/CMakeFiles/MIOpen.dir/groupnorm/problem_description.cpp.o
[139/620] Building CXX object src/CMakeFiles/MIOpen.dir/cat/problem_description.cpp.o
[140/620] Building CXX object src/CMakeFiles/MIOpen.dir/glu/problem_description.cpp.o
[141/620] Building CXX object src/CMakeFiles/MIOpen.dir/expanduser.cpp.o
[142/620] Building CXX object src/CMakeFiles/MIOpen.dir/kernel_warnings.cpp.o
[143/620] Building CXX object src/CMakeFiles/MIOpen.dir/filesystem_checker.cpp.o
[144/620] Building CXX object src/CMakeFiles/MIOpen.dir/getitem/problem_description.cpp.o
[145/620] Building CXX object src/CMakeFiles/MIOpen.dir/conv_algo_name.cpp.o
[146/620] Building CXX object src/CMakeFiles/MIOpen.dir/db_record.cpp.o
[147/620] Building CXX object src/CMakeFiles/MIOpen.dir/kernel_build_params.cpp.o
[148/620] Building CXX object src/CMakeFiles/MIOpen.dir/db.cpp.o
[149/620] Building CXX object src/CMakeFiles/MIOpen.dir/api/tuning.cpp.o
[150/620] Building CXX object src/CMakeFiles/MIOpen.dir/dropout.cpp.o
[151/620] Building CXX object src/CMakeFiles/MIOpen.dir/cat_api.cpp.o
[152/620] Building CXX object src/CMakeFiles/MIOpen.dir/invoker_cache.cpp.o
[153/620] Building CXX object src/CMakeFiles/MIOpen.dir/load_file.cpp.o
[154/620] Building CXX object src/CMakeFiles/MIOpen.dir/layernorm_api.cpp.o
[155/620] Building CXX object src/CMakeFiles/MIOpen.dir/groupnorm_api.cpp.o
[156/620] Building CXX object src/CMakeFiles/MIOpen.dir/__/kernel_includes.cpp.o
[157/620] Building CXX object src/CMakeFiles/MIOpen.dir/adam/problem_description.cpp.o
[158/620] Building CXX object src/CMakeFiles/MIOpen.dir/find_controls.cpp.o
[159/620] Building CXX object src/CMakeFiles/MIOpen.dir/conv/invokers/gcn_asm_1x1u.cpp.o
[160/620] Building CXX object src/CMakeFiles/MIOpen.dir/lock_file.cpp.o
[161/620] Building CXX object src/CMakeFiles/MIOpen.dir/conv/kernel_interface/winograd_kernel_interface.cpp.o
[162/620] Building CXX object src/CMakeFiles/MIOpen.dir/execution_context.cpp.o
[163/620] Building CXX object src/CMakeFiles/MIOpen.dir/handle_api.cpp.o
[164/620] Building CXX object src/CMakeFiles/MIOpen.dir/glu_api.cpp.o
[165/620] Building CXX object src/CMakeFiles/MIOpen.dir/addlayernorm_api.cpp.o
[166/620] Building CXX object src/CMakeFiles/MIOpen.dir/adam_api.cpp.o
[167/620] Building CXX object src/CMakeFiles/MIOpen.dir/conv/invokers/gen_x_w_y_pad.cpp.o
[168/620] Building CXX object src/CMakeFiles/MIOpen.dir/performance_config.cpp.o
[169/620] Building CXX object src/CMakeFiles/MIOpen.dir/conv/invokers/wrw_rdc.cpp.o
[170/620] Building CXX object src/CMakeFiles/MIOpen.dir/kthvalue_api.cpp.o
[171/620] Building CXX object src/CMakeFiles/MIOpen.dir/check_numerics.cpp.o
[172/620] Building CXX object src/CMakeFiles/MIOpen.dir/batch_norm.cpp.o
[173/620] Building CXX object src/CMakeFiles/MIOpen.dir/getitem_api.cpp.o
[174/620] Building CXX object src/CMakeFiles/MIOpen.dir/conv/invokers/impl_gemm.cpp.o
[175/620] Building CXX object src/CMakeFiles/MIOpen.dir/dropout_api.cpp.o
[176/620] Building CXX object src/CMakeFiles/MIOpen.dir/activ_api.cpp.o
[177/620] Building CXX object src/CMakeFiles/MIOpen.dir/batchnorm/problem_description.cpp.o
[178/620] Building CXX object src/CMakeFiles/MIOpen.dir/conv/invokers/gcn_asm_1x1u_ss.cpp.o
[179/620] Building CXX object src/CMakeFiles/MIOpen.dir/multimarginloss/problem_description.cpp.o
[180/620] Building CXX object src/CMakeFiles/MIOpen.dir/logger.cpp.o
[181/620] Building CXX object src/CMakeFiles/MIOpen.dir/conv/invokers/gcn_asm_1x1u_us.cpp.o
[182/620] Building CXX object src/CMakeFiles/MIOpen.dir/mha/problem_description.cpp.o
[183/620] Building CXX object src/CMakeFiles/MIOpen.dir/layernorm/problem_description.cpp.o
[184/620] Building CXX object src/CMakeFiles/MIOpen.dir/prelu/problem_description.cpp.o
[185/620] Building CXX object src/CMakeFiles/MIOpen.dir/conv/invokers/gcn_asm_wino.cpp.o
[186/620] Building CXX object src/CMakeFiles/MIOpen.dir/ctc_api.cpp.o
[187/620] Building CXX object src/CMakeFiles/MIOpen.dir/conv/problem_description.cpp.o
[188/620] Building CXX object src/CMakeFiles/MIOpen.dir/generic_search.cpp.o
[189/620] Building CXX object src/CMakeFiles/MIOpen.dir/driver_arguments.cpp.o
[190/620] Building CXX object src/CMakeFiles/MIOpen.dir/batch_norm_api.cpp.o
[191/620] Building CXX object src/CMakeFiles/MIOpen.dir/reduce/problem_description.cpp.o
[192/620] Building CXX object src/CMakeFiles/MIOpen.dir/multimarginloss_api.cpp.o
[193/620] Building CXX object src/CMakeFiles/MIOpen.dir/gpu_conv_reference.cpp.o
[194/620] Building CXX object src/CMakeFiles/MIOpen.dir/ctc.cpp.o
[195/620] Building CXX object src/CMakeFiles/MIOpen.dir/lrn_api.cpp.o
[196/620] Building CXX object src/CMakeFiles/MIOpen.dir/readonlyramdb.cpp.o
[197/620] Building CXX object src/CMakeFiles/MIOpen.dir/process.cpp.o
[198/620] Building CXX object src/CMakeFiles/MIOpen.dir/find_db.cpp.o
[199/620] Building CXX object src/CMakeFiles/MIOpen.dir/mha/mha_descriptor.cpp.o
[200/620] Building CXX object src/CMakeFiles/MIOpen.dir/op_args.cpp.o
[201/620] Building CXX object src/CMakeFiles/MIOpen.dir/rope/problem_description.cpp.o
[202/620] Building CXX object src/CMakeFiles/MIOpen.dir/reducecalculation_api.cpp.o
[203/620] Building CXX object src/CMakeFiles/MIOpen.dir/operator.cpp.o
[204/620] Building CXX object src/CMakeFiles/MIOpen.dir/reduceextreme_api.cpp.o
[205/620] Building CXX object src/CMakeFiles/MIOpen.dir/ramdb.cpp.o
[206/620] Building CXX object src/CMakeFiles/MIOpen.dir/softmarginloss/problem_description.cpp.o
[207/620] Building CXX object src/CMakeFiles/MIOpen.dir/prelu_api.cpp.o
[208/620] Building CXX object src/CMakeFiles/MIOpen.dir/fused_api.cpp.o
[209/620] Building CXX object src/CMakeFiles/MIOpen.dir/pooling_api.cpp.o
[210/620] Building CXX object src/CMakeFiles/MIOpen.dir/rnn.cpp.o
[211/620] Building CXX object src/CMakeFiles/MIOpen.dir/rnn/Solutions/rnn_transformer.cpp.o
[212/620] Building CXX object src/CMakeFiles/MIOpen.dir/conv/solver_finders.cpp.o
[213/620] Building CXX object src/CMakeFiles/MIOpen.dir/pooling/problem_description.cpp.o
[214/620] Building CXX object src/CMakeFiles/MIOpen.dir/reducetensor.cpp.o
[215/620] Building CXX object src/CMakeFiles/MIOpen.dir/reducetensor_api.cpp.o
[216/620] Building CXX object src/CMakeFiles/MIOpen.dir/softmarginloss_api.cpp.o
[217/620] Building CXX object src/CMakeFiles/MIOpen.dir/rnn/Solutions/Base/bw_weights_modular.cpp.o
[218/620] Building CXX object src/CMakeFiles/MIOpen.dir/scalar.cpp.o
[219/620] Building CXX object src/CMakeFiles/MIOpen.dir/rnn/selector.cpp.o
[220/620] Building CXX object src/CMakeFiles/MIOpen.dir/rope_api.cpp.o
[221/620] Building CXX object src/CMakeFiles/MIOpen.dir/rnn/rnn_util.cpp.o
[222/620] Building CXX object src/CMakeFiles/MIOpen.dir/rnn/Solutions/fwd_s_stream.cpp.o
[223/620] Building CXX object src/CMakeFiles/MIOpen.dir/rnn/Solutions/bwd_s_stream.cpp.o
[224/620] Building CXX object src/CMakeFiles/MIOpen.dir/rnn/Solutions/bww_s_steam.cpp.o
[225/620] Building CXX object src/CMakeFiles/MIOpen.dir/softmax_api.cpp.o
[226/620] Building CXX object src/CMakeFiles/MIOpen.dir/rnn/Solutions/Base/fw_data_modular.cpp.o
[227/620] Building CXX object src/CMakeFiles/MIOpen.dir/fusion/problem_description.cpp.o
[228/620] Building CXX object src/CMakeFiles/MIOpen.dir/rnn/Solutions/bww_multi_stream.cpp.o
[229/620] Building CXX object src/CMakeFiles/MIOpen.dir/softmax/problem_description.cpp.o
[230/620] Building CXX object src/CMakeFiles/MIOpen.dir/rnn/Solutions/Base/bw_data_modular.cpp.o
[231/620] Building CXX object src/CMakeFiles/MIOpen.dir/rnn/Solutions/bwd_multi_stream.cpp.o
[232/620] Building CXX object src/CMakeFiles/MIOpen.dir/solver/activ/bwd_0.cpp.o
[233/620] Building CXX object src/CMakeFiles/MIOpen.dir/solver/activ/fwd_1.cpp.o
[234/620] Building CXX object src/CMakeFiles/MIOpen.dir/solver/activ/fwd_0.cpp.o
[235/620] Building CXX object src/CMakeFiles/MIOpen.dir/solver/batchnorm/forward_per_activation.cpp.o
[236/620] Building CXX object src/CMakeFiles/MIOpen.dir/solver/activ/bwd_1.cpp.o
[237/620] Building CXX object src/CMakeFiles/MIOpen.dir/solver/cat/forward_cat.cpp.o
[238/620] Building CXX object src/CMakeFiles/MIOpen.dir/conv/invokers/impl_gemm_dynamic.cpp.o
[239/620] Building CXX object src/CMakeFiles/MIOpen.dir/solver/adam/transformers_adam_w.cpp.o
[240/620] Building CXX object src/CMakeFiles/MIOpen.dir/solver/batchnorm/forward_inference.cpp.o
[241/620] Building CXX object src/CMakeFiles/MIOpen.dir/api/find2_0_commons.cpp.o
[242/620] Building CXX object src/CMakeFiles/MIOpen.dir/solver/batchnorm/backward_per_activation.cpp.o
[243/620] Building CXX object src/CMakeFiles/MIOpen.dir/convolution_api.cpp.o
[244/620] Building CXX object src/CMakeFiles/MIOpen.dir/solver/adam/adam.cpp.o
[245/620] Building CXX object src/CMakeFiles/MIOpen.dir/rnn_api.cpp.o
[246/620] Building CXX object src/CMakeFiles/MIOpen.dir/solver/batchnorm/forward_inference_fused.cpp.o
[247/620] Building CXX object src/CMakeFiles/MIOpen.dir/solver/ck_impl_lib_loader.cpp.o
[248/620] Building CXX object src/CMakeFiles/MIOpen.dir/solver/conv/conv_asm_5x10u2v2f1.cpp.o
[249/620] Building CXX object src/CMakeFiles/MIOpen.dir/convolution.cpp.o
[250/620] Building CXX object src/CMakeFiles/MIOpen.dir/solver/conv/conv_asm_implicit_gemm_bwd_v4r1_dynamic.cpp.o
[251/620] Building CXX object src/CMakeFiles/MIOpen.dir/solver/batchnorm/backward_per_activation_fused.cpp.o
[252/620] Building CXX object src/CMakeFiles/MIOpen.dir/solver/conv/conv_asm_7x7c3h224w224k64u2v2p3q3f1.cpp.o
[253/620] Building CXX object src/CMakeFiles/MIOpen.dir/__/kernel.cpp.o
[254/620] Building CXX object src/CMakeFiles/MIOpen.dir/softmax.cpp.o
[255/620] Building CXX object src/CMakeFiles/MIOpen.dir/solver/conv/conv_direct_naive_conv_wrw.cpp.o
[256/620] Building CXX object src/CMakeFiles/MIOpen.dir/solver/batchnorm/backward_spatial.cpp.o
[257/620] Building CXX object src/CMakeFiles/MIOpen.dir/solver/batchnorm/forward_per_activation_fused.cpp.o
[258/620] Building CXX object src/CMakeFiles/MIOpen.dir/solver/conv/conv_asm_5x10u2v2b1.cpp.o
[259/620] Building CXX object src/CMakeFiles/MIOpen.dir/solver/conv/conv_asm_3x3u.cpp.o
[260/620] Building CXX object src/CMakeFiles/MIOpen.dir/solver/conv/conv_asm_1x1u_stride2.cpp.o
[261/620] Building CXX object src/CMakeFiles/MIOpen.dir/solver/conv/conv_bin_wino3x3U.cpp.o
[262/620] Building CXX object src/CMakeFiles/MIOpen.dir/solver/conv/conv_direct_naive_conv_fwd.cpp.o
[263/620] Building CXX object src/CMakeFiles/MIOpen.dir/solver/batchnorm/forward_spatial.cpp.o
[264/620] Building CXX object src/CMakeFiles/MIOpen.dir/solver/conv/conv_asm_implicit_gemm_wrw_v4r1_dynamic.cpp.o
[265/620] Building CXX object src/CMakeFiles/MIOpen.dir/solver/conv/conv_direct_naive_conv_bwd.cpp.o
[266/620] Building CXX object src/CMakeFiles/MIOpen.dir/solver/conv/conv_bin_winoRxS.cpp.o
[267/620] Building CXX object src/CMakeFiles/MIOpen.dir/solver/conv/conv_asm_implicit_gemm_gtc_perf_config.cpp.o
[268/620] Building CXX object src/CMakeFiles/MIOpen.dir/problem.cpp.o
[269/620] Building CXX object src/CMakeFiles/MIOpen.dir/solver/conv/conv_asm_implicit_gemm_v4r1_dynamic.cpp.o
[270/620] Building CXX object src/CMakeFiles/MIOpen.dir/solver/conv/conv_asm_dir_BwdWrW3x3.cpp.o
[271/620] Building CXX object src/CMakeFiles/MIOpen.dir/fusion.cpp.o
[272/620] Building CXX object src/CMakeFiles/MIOpen.dir/solver/conv/conv_asm_implicit_gemm_wrw_gtc_dynamic_xdlops.cpp.o
[273/620] Building CXX object src/CMakeFiles/MIOpen.dir/solver/conv/conv_asm_1x1u.cpp.o
[274/620] Building CXX object src/CMakeFiles/MIOpen.dir/solution.cpp.o
[275/620] Building CXX object src/CMakeFiles/MIOpen.dir/solver/conv/conv_direct_naive_conv.cpp.o
[276/620] Building CXX object src/CMakeFiles/MIOpen.dir/solver/conv/conv_asm_implicit_gemm_gtc_bwd.cpp.o
[277/620] Building CXX object src/CMakeFiles/MIOpen.dir/solver/conv/conv_asm_dir_BwdWrW1x1.cpp.o
[278/620] Building CXX object src/CMakeFiles/MIOpen.dir/solver/conv/conv_asm_implicit_gemm_gtc_fwd_nhwc.cpp.o
[279/620] Building CXX object src/CMakeFiles/MIOpen.dir/solver/conv/gemm_common.cpp.o
[280/620] Building CXX object src/CMakeFiles/MIOpen.dir/solver/conv/conv_hip_implicit_gemm_nonxdlops_common.cpp.o
[281/620] Building CXX object src/CMakeFiles/MIOpen.dir/solver/conv/conv_hip_implicit_gemm_bwd_v1r1.cpp.o
[282/620] Building CXX object src/CMakeFiles/MIOpen.dir/solver/conv/conv_asm_implicit_gemm_gtc_bwd_nhwc.cpp.o
[283/620] Building CXX object src/CMakeFiles/MIOpen.dir/solver/conv/conv_mlir_igemm_bwd_xdlops.cpp.o
[284/620] Building CXX object src/CMakeFiles/MIOpen.dir/solver/conv/conv_asm_implicit_gemm_gtc_fwd_nchwc.cpp.o
[285/620] Building CXX object src/CMakeFiles/MIOpen.dir/solver/conv/conv_hip_implicit_gemm_fwd_v4r4_xdlops_padded_gemm.cpp.o
[286/620] Building CXX object src/CMakeFiles/MIOpen.dir/solver/conv/conv_asm_implicit_gemm_gtc_fwd.cpp.o
[287/620] Building CXX object src/CMakeFiles/MIOpen.dir/solver/conv/conv_hip_implicit_gemm_fwd_v4r4.cpp.o
[288/620] Building CXX object src/CMakeFiles/MIOpen.dir/solver/conv/conv_hip_implicit_gemm_fwd_v4r1.cpp.o
[289/620] Building CXX object src/CMakeFiles/MIOpen.dir/solver/conv/conv_mlir_igemm_wrw.cpp.o
[290/620] Building CXX object src/CMakeFiles/MIOpen.dir/solver/conv/conv_hip_implicit_gemm_3d_grouped_wrw_xdlops.cpp.o
[291/620] Building CXX object src/CMakeFiles/MIOpen.dir/solver/conv/conv_hip_implicit_gemm_bwd_v4r1_xdlops.cpp.o
[292/620] Building CXX object src/CMakeFiles/MIOpen.dir/solver/conv/conv_mlir_igemm_fwd.cpp.o
[293/620] Building CXX object src/CMakeFiles/MIOpen.dir/solver/conv/conv_hip_implicit_gemm_3d_grouped_fwd_xdlops.cpp.o
[294/620] Building CXX object src/CMakeFiles/MIOpen.dir/solver/conv/conv_mlir_igemm_fwd_xdlops.cpp.o
[295/620] Building CXX object src/CMakeFiles/MIOpen.dir/solver/conv/conv_hip_implicit_gemm_fwd_v4r5_xdlops.cpp.o
[296/620] Building CXX object src/CMakeFiles/MIOpen.dir/solver/glu/forward_glu.cpp.o
[297/620] Building CXX object src/CMakeFiles/MIOpen.dir/solver/conv/conv_asm_implicit_gemm_gtc_wrw_nhwc.cpp.o
[298/620] Building CXX object src/CMakeFiles/MIOpen.dir/solver/conv/conv_hip_implicit_gemm_fwd_v4r4_xdlops.cpp.o
[299/620] Building CXX object src/CMakeFiles/MIOpen.dir/solver/conv/conv_mlir_igemm_bwd.cpp.o
[300/620] Building CXX object src/CMakeFiles/MIOpen.dir/solver/conv/conv_mlir_igemm_wrw_xdlops.cpp.o
[301/620] Building CXX object src/CMakeFiles/MIOpen.dir/solver/conv/conv_hip_dir2Dfwd.cpp.o
[302/620] Building CXX object src/CMakeFiles/MIOpen.dir/solver/conv/conv_hip_implicit_gemm_grouped_wrw_xdlops.cpp.o
[303/620] Building CXX object src/CMakeFiles/MIOpen.dir/solver/kthvalue/forward_kthvalue.cpp.o
[304/620] Building CXX object src/CMakeFiles/MIOpen.dir/solver/conv/conv_hip_dir2D11x11.cpp.o
[305/620] Building CXX object src/CMakeFiles/MIOpen.dir/solver/glu/backward_glu.cpp.o
[306/620] Building CXX object src/CMakeFiles/MIOpen.dir/solver/conv/conv_hip_implicit_gemm_wrw_v4r4.cpp.o
[307/620] Building CXX object src/CMakeFiles/MIOpen.dir/solver/conv/conv_hip_implicit_gemm_grouped_fwd_xdlops.cpp.o
[308/620] Building CXX object src/CMakeFiles/MIOpen.dir/solver/conv/conv_hip_implicit_gemm_wrw_v4r4_xdlops_padded_gemm.cpp.o
[309/620] Building CXX object src/CMakeFiles/MIOpen.dir/solver/conv/conv_hip_dir2D_bwdWrW_53.cpp.o
[310/620] Building CXX object src/CMakeFiles/MIOpen.dir/solver/groupnorm/forward_groupnorm.cpp.o
[311/620] Building CXX object src/CMakeFiles/MIOpen.dir/solver/getitem/backward_getitem.cpp.o
[312/620] Building CXX object src/CMakeFiles/MIOpen.dir/solver/conv/conv_hip_implicit_gemm_wrw_v4r4_xdlops.cpp.o
[313/620] Building CXX object src/CMakeFiles/MIOpen.dir/solver/conv/conv_hip_implicit_gemm_3d_grouped_bwd_xdlops.cpp.o
[314/620] Building CXX object src/CMakeFiles/MIOpen.dir/solver/mha/mha_solver_backward.cpp.o
[315/620] Building CXX object src/CMakeFiles/MIOpen.dir/solver/conv/gemm_bwd.cpp.o
[316/620] Building CXX object src/CMakeFiles/MIOpen.dir/solver/conv/conv_hip_implicit_gemm_grouped_bwd_xdlops.cpp.o
[317/620] Building CXX object src/CMakeFiles/MIOpen.dir/solver/conv/conv_3d_depthwise_fwd.cpp.o
[318/620] Building CXX object src/CMakeFiles/MIOpen.dir/solver/layernorm/backward_t5layernorm.cpp.o
[319/620] Building CXX object src/CMakeFiles/MIOpen.dir/solver/layernorm/common_layernorm.cpp.o
[320/620] Building CXX object src/CMakeFiles/MIOpen.dir/solver/conv/fft.cpp.o
[321/620] Building CXX object src/CMakeFiles/MIOpen.dir/solver/conv/conv_hip_dir2Dfwd_exhaustive_search.cpp.o
[322/620] Building CXX object src/CMakeFiles/MIOpen.dir/sysinfo_utils.cpp.o
[323/620] Building CXX object src/CMakeFiles/MIOpen.dir/solver/layernorm/forward_addlayernorm.cpp.o
[324/620] Building CXX object src/CMakeFiles/MIOpen.dir/solver/conv/conv_wino_rage_RxS.cpp.o
[325/620] Building CXX object src/CMakeFiles/MIOpen.dir/subbuffers.cpp.o
[326/620] Building CXX object src/CMakeFiles/MIOpen.dir/solver/multimarginloss/forward_multimarginloss.cpp.o
[327/620] Building CXX object src/CMakeFiles/MIOpen.dir/solver/layernorm/forward_t5layernorm.cpp.o
[328/620] Building CXX object src/CMakeFiles/MIOpen.dir/solver/conv/conv_wino_fury_RxS.cpp.o
[329/620] Building CXX object src/CMakeFiles/MIOpen.dir/solver/mha/mha_solver_forward.cpp.o
[330/620] Building CXX object src/CMakeFiles/MIOpen.dir/solver/conv_winoRxS_fused.cpp.o
[331/620] Building CXX object src/CMakeFiles/MIOpen.dir/solver/conv/gemm_wrw.cpp.o
[332/620] Building CXX object src/CMakeFiles/MIOpen.dir/solver/layernorm/backward_layernorm.cpp.o
[333/620] Building CXX object src/CMakeFiles/MIOpen.dir/solver/conv/gemm.cpp.o
[334/620] Building CXX object src/CMakeFiles/MIOpen.dir/solver/layernorm/forward_layernorm.cpp.o
[335/620] Building CXX object src/CMakeFiles/MIOpen.dir/solver/prelu/backward_prelu_single_weight.cpp.o
[336/620] Building CXX object src/CMakeFiles/MIOpen.dir/solver/rope/backward_rope.cpp.o
[337/620] Building CXX object src/CMakeFiles/MIOpen.dir/unique_path.cpp.o
[338/620] Building CXX object src/CMakeFiles/MIOpen.dir/solver/prelu/backward_prelu_multi_weights.cpp.o
[339/620] Building CXX object src/CMakeFiles/MIOpen.dir/solver/prelu/utils.cpp.o
[340/620] Building CXX object src/CMakeFiles/MIOpen.dir/solver/reduce/forward_argmin.cpp.o
[341/620] Building CXX object src/CMakeFiles/MIOpen.dir/solver/conv_ck_igemm_fwd_bias_activ_fused.cpp.o
[342/620] Building CXX object src/CMakeFiles/MIOpen.dir/solver/conv_hip_dir2Dfwd_fused.cpp.o
[343/620] Building CXX object src/CMakeFiles/MIOpen.dir/solver/conv_asm_1x1u_bias_activ_fused.cpp.o
[344/620] Building CXX object src/CMakeFiles/MIOpen.dir/tensorOp/problem_description.cpp.o
[345/620] Building CXX object src/CMakeFiles/MIOpen.dir/solver/reduce/forward_max.cpp.o
[346/620] Building CXX object src/CMakeFiles/MIOpen.dir/solver/conv_ck_igemm_grp_fwd_activ_fused.cpp.o
[347/620] Building CXX object src/CMakeFiles/MIOpen.dir/solver/reduce/forward_min.cpp.o
[348/620] Building CXX object src/CMakeFiles/MIOpen.dir/solver/conv_ck_igemm_grp_fwd_bias_activ_fused.cpp.o
[349/620] Building CXX object src/CMakeFiles/MIOpen.dir/solver/rope/forward_rope.cpp.o
[350/620] Building CXX object src/CMakeFiles/MIOpen.dir/md5.cpp.o
[351/620] Building CXX object src/CMakeFiles/MIOpen.dir/solver/softmarginloss/backward_softmarginloss.cpp.o
[352/620] Building CXX object src/CMakeFiles/MIOpen.dir/solver/tensorOp/Op2dTensorLite.cpp.o
[353/620] Building CXX object src/CMakeFiles/MIOpen.dir/solver/tensorOp/Op1dTensorGeneric.cpp.o
[354/620] Building CXX object src/CMakeFiles/MIOpen.dir/temp_file.cpp.o
[355/620] Building CXX object src/CMakeFiles/MIOpen.dir/target_properties.cpp.o
[356/620] Building CXX object src/CMakeFiles/MIOpen.dir/bz2.cpp.o
[357/620] Building CXX object src/CMakeFiles/MIOpen.dir/solver/softmarginloss/forward_softmarginloss.cpp.o
[358/620] Building CXX object src/CMakeFiles/MIOpen.dir/solver/tensorOp/Op4dTensorLite.cpp.o
[359/620] Building CXX object src/CMakeFiles/MIOpen.dir/solver/reduce/forward_prod.cpp.o
[360/620] Building CXX object src/CMakeFiles/MIOpen.dir/solver/reduce/forward_sum.cpp.o
[361/620] Building CXX object src/CMakeFiles/MIOpen.dir/solver/tensorOp/Op2dTensorGeneric.cpp.o
[362/620] Building CXX object src/CMakeFiles/MIOpen.dir/solver/conv_ck_igemm_fwd_bias_res_add_activ_fused.cpp.o
[363/620] Building CXX object src/CMakeFiles/MIOpen.dir/solver/reduce/forward_argmax.cpp.o
[364/620] Building CXX object src/CMakeFiles/MIOpen.dir/solver/conv/conv_ck_grouped_conv_fwd.cpp.o
[365/620] Building CXX object src/CMakeFiles/MIOpen.dir/solver/tensorOp/Op2dTensorSquash.cpp.o
[366/620] Building CXX object src/CMakeFiles/MIOpen.dir/solver/softmax/attn_softmax.cpp.o
[367/620] Building CXX object src/CMakeFiles/MIOpen.dir/t5layernorm_api.cpp.o
[368/620] Building CXX object src/CMakeFiles/MIOpen.dir/solver/pooling/performanceConfig2d.cpp.o
[369/620] Building CXX object src/CMakeFiles/MIOpen.dir/solver/tensorOp/Op4dTensorGeneric.cpp.o
[370/620] Building CXX object src/CMakeFiles/MIOpen.dir/solver/tensorOp/Op3dTensorGeneric.cpp.o
[371/620] Building CXX object src/CMakeFiles/MIOpen.dir/conv/heuristics/lgbm_forest.cpp.o
[372/620] Building CXX object src/CMakeFiles/MIOpen.dir/solver/tensorOp/Op5dTensorGeneric.cpp.o
[373/620] Building CXX object src/CMakeFiles/MIOpen.dir/solver/tensorOp/OpTensorFwdBias.cpp.o
[374/620] Building CXX object src/CMakeFiles/MIOpen.dir/anyramdb.cpp.o
[375/620] Building CXX object src/CMakeFiles/MIOpen.dir/tmp_dir.cpp.o
[376/620] Building CXX object src/CMakeFiles/MIOpen.dir/solver/pooling/performanceConfigNd.cpp.o
[377/620] Building CXX object src/CMakeFiles/MIOpen.dir/transformers_adam_w_api.cpp.o
[378/620] Building CXX object src/CMakeFiles/MIOpen.dir/conv/heuristics/lgbm_pcfg_metadata.cpp.o
[379/620] Building CXX object src/CMakeFiles/MIOpen.dir/exec_utils.cpp.o
[380/620] Building CXX object src/CMakeFiles/MIOpen.dir/solver/softmax/softmax_noncontiguous.cpp.o
[381/620] Building CXX object src/CMakeFiles/MIOpen.dir/solver/softmax/softmax.cpp.o
[382/620] Building CXX object src/CMakeFiles/MIOpen.dir/solver/conv/conv_winoRxS.cpp.o
[383/620] Building CXX object src/CMakeFiles/MIOpen.dir/tensor_api.cpp.o
[384/620] Building CXX object src/CMakeFiles/MIOpen.dir/solver/tensorOp/OpTensorLeadingOnes.cpp.o
[385/620] Building CXX object src/CMakeFiles/MIOpen.dir/solver/conv/conv_MP_bidirectional_winograd.cpp.o
[386/620] Building CXX object src/CMakeFiles/MIOpen.dir/solver/pooling/forwardNaive.cpp.o
[387/620] Building CXX object src/CMakeFiles/MIOpen.dir/solver/pooling/forward2d.cpp.o
[388/620] Building CXX object src/CMakeFiles/MIOpen.dir/kern_db.cpp.o
[389/620] Building CXX object src/CMakeFiles/MIOpen.dir/lrn.cpp.o
[390/620] Building CXX object src/CMakeFiles/MIOpen.dir/solver/pooling/forwardNd.cpp.o
[391/620] Building CXX object src/CMakeFiles/MIOpen.dir/solver/conv/conv_multipass_wino3x3WrW.cpp.o
[392/620] Building CXX object src/CMakeFiles/MIOpen.dir/hip/gcn_asm_utils.cpp.o
[393/620] Building CXX object src/CMakeFiles/MIOpen.dir/seq_tensor.cpp.o
[394/620] Building CXX object src/CMakeFiles/MIOpen.dir/solver/pooling/backwardNd.cpp.o
[395/620] Building CXX object src/CMakeFiles/MIOpen.dir/solver/pooling/backward2d.cpp.o
[396/620] Building CXX object src/CMakeFiles/MIOpen.dir/activ.cpp.o
[397/620] Building CXX object src/CMakeFiles/MIOpen.dir/binary_cache.cpp.o
[398/620] Building CXX object src/CMakeFiles/MIOpen.dir/cat.cpp.o
[399/620] Building CXX object src/CMakeFiles/MIOpen.dir/kernel_cache.cpp.o
[400/620] Building CXX object src/CMakeFiles/MIOpen.dir/groupnorm.cpp.o
[401/620] Building CXX object src/CMakeFiles/MIOpen.dir/hip/fusionopconvocl.cpp.o
[402/620] Building CXX object src/CMakeFiles/MIOpen.dir/hip/hip_build_utils.cpp.o
[403/620] Building CXX object src/CMakeFiles/MIOpen.dir/sqlite_db.cpp.o
[404/620] Building CXX object src/CMakeFiles/MIOpen.dir/__/db_path.cpp.o
[405/620] Building CXX object src/CMakeFiles/MIOpen.dir/hip/hiperrors.cpp.o
[406/620] Building CXX object src/CMakeFiles/MIOpen.dir/getitem.cpp.o
[407/620] Building CXX object src/CMakeFiles/MIOpen.dir/conv/heuristics/lgbm_pcfg_pick.cpp.o
[408/620] Building CXX object src/CMakeFiles/MIOpen.dir/glu.cpp.o
[409/620] Building CXX object src/CMakeFiles/MIOpen.dir/hip/general_tensor_reorder_sol.cpp.o
[410/620] Building CXX object src/CMakeFiles/MIOpen.dir/hip/fusionopbiasbnactivocl.cpp.o
[411/620] Building CXX object src/CMakeFiles/MIOpen.dir/adam.cpp.o
[412/620] Building CXX object src/CMakeFiles/MIOpen.dir/addlayernorm.cpp.o
[413/620] Building CXX object src/CMakeFiles/MIOpen.dir/kthvalue.cpp.o
[414/620] Building CXX object src/CMakeFiles/MIOpen.dir/conv/heuristics/lgbm_pick.cpp.o
[415/620] Building CXX object src/CMakeFiles/MIOpen.dir/multimarginloss.cpp.o
[416/620] Building CXX object src/CMakeFiles/MIOpen.dir/hip/dropoutocl.cpp.o
[417/620] Building CXX object src/CMakeFiles/MIOpen.dir/hip/batched_transpose_sol.cpp.o
[418/620] Building CXX object src/CMakeFiles/MIOpen.dir/conv/heuristics/lgbm_metadata.cpp.o
[419/620] Building CXX object src/CMakeFiles/MIOpen.dir/hip/activ_ocl.cpp.o
[420/620] Building CXX object src/CMakeFiles/MIOpen.dir/conv/heuristics/ai_conv_nd_kernel_tuning_utils.cpp.o
[421/620] Building CXX object src/CMakeFiles/MIOpen.dir/hipoc/hipoc_program.cpp.o
[422/620] Building CXX object src/CMakeFiles/MIOpen.dir/reducecalculation.cpp.o
[423/620] Building CXX object src/CMakeFiles/MIOpen.dir/hipoc/hipoc_kernel.cpp.o
[424/620] Building CXX object src/CMakeFiles/MIOpen.dir/reduceextreme.cpp.o
[425/620] Building CXX object src/CMakeFiles/MIOpen.dir/hip/mloNorm.cpp.o
[426/620] Building CXX object src/CMakeFiles/MIOpen.dir/conv/heuristics/metadata_nd.cpp.o
[427/620] Building CXX object src/CMakeFiles/MIOpen.dir/transformers_adam_w.cpp.o
[428/620] Building CXX object src/CMakeFiles/MIOpen.dir/prelu.cpp.o
[429/620] Building CXX object src/CMakeFiles/MIOpen.dir/hip/utilocl.cpp.o
[430/620] Building CXX object src/CMakeFiles/MIOpen.dir/rope.cpp.o
[431/620] Building CXX object src/CMakeFiles/MIOpen.dir/__/inlined_kernels/batch_0.cpp.o
[432/620] Building CXX object src/CMakeFiles/MIOpen.dir/hip/lrn_ocl.cpp.o
[433/620] Building CXX object src/CMakeFiles/MIOpen.dir/softmarginloss.cpp.o
[434/620] Building CXX object src/CMakeFiles/MIOpen.dir/hip/batchnormocl.cpp.o
[435/620] Building CXX object src/CMakeFiles/MIOpen.dir/gemm_v2.cpp.o
[436/620] Building CXX object src/CMakeFiles/MIOpen.dir/hip/handlehip.cpp.o
[437/620] Building CXX object src/CMakeFiles/MIOpen.dir/__/inlined_kernels/batch_7.cpp.o
[438/620] Building CXX object src/CMakeFiles/MIOpen.dir/t5layernorm.cpp.o
[439/620] Building CXX object src/CMakeFiles/MIOpen.dir/__/inlined_kernels/batch_10.cpp.o
[440/620] Building CXX object src/CMakeFiles/MIOpen.dir/layernorm.cpp.o
[441/620] Building CXX object src/CMakeFiles/MIOpen.dir/__/inlined_kernels/batch_2.cpp.o
[442/620] Building CXX object src/CMakeFiles/MIOpen.dir/__/inlined_kernels/batch_1.cpp.o
[443/620] Building CXX object src/CMakeFiles/MIOpen.dir/hip/rnnocl.cpp.o
[444/620] Building CXX object src/CMakeFiles/MIOpen.dir/__/inlined_kernels/batch_4.cpp.o
[445/620] Building CXX object src/CMakeFiles/MIOpen.dir/__/inlined_kernels/batch_6.cpp.o
[446/620] Building CXX object src/CMakeFiles/MIOpen.dir/__/inlined_kernels/batch_13.cpp.o
[447/620] Building CXX object src/CMakeFiles/MIOpen.dir/__/inlined_kernels/batch_8.cpp.o
[448/620] Building CXX object src/CMakeFiles/MIOpen.dir/__/inlined_kernels/batch_23.cpp.o
[449/620] Building CXX object src/CMakeFiles/MIOpen.dir/solver/conv/conv_hipconv.cpp.o
[450/620] Building CXX object src/CMakeFiles/MIOpen.dir/__/inlined_kernels/batch_22.cpp.o
[451/620] Building CXX object src/CMakeFiles/MIOpen.dir/conv/heuristics/ai_candidate_selection.cpp.o
[452/620] Building CXX object src/CMakeFiles/MIOpen.dir/__/inlined_kernels/batch_5.cpp.o
[453/620] Building CXX object src/CMakeFiles/MIOpen.dir/__/inlined_kernels/batch_14.cpp.o
[454/620] Building CXX object src/CMakeFiles/MIOpen.dir/__/inlined_kernels/batch_21.cpp.o
[455/620] Building CXX object src/CMakeFiles/MIOpen.dir/__/inlined_kernels/batch_3.cpp.o
[456/620] Building CXX object src/CMakeFiles/MIOpen.dir/__/inlined_kernels/batch_29.cpp.o
[457/620] Building CXX object src/CMakeFiles/MIOpen.dir/__/inlined_kernels/batch_17.cpp.o
[458/620] Building CXX object src/CMakeFiles/MIOpen.dir/__/inlined_kernels/batch_18.cpp.o
[459/620] Building CXX object src/CMakeFiles/MIOpen.dir/__/inlined_kernels/batch_24.cpp.o
[460/620] Building CXX object src/CMakeFiles/MIOpen.dir/__/inlined_kernels/batch_26.cpp.o
[461/620] Building CXX object src/CMakeFiles/MIOpen.dir/__/inlined_kernels/batch_9.cpp.o
[462/620] Building CXX object src/CMakeFiles/MIOpen.dir/__/inlined_kernels/batch_32.cpp.o
[463/620] Building CXX object src/CMakeFiles/MIOpen.dir/__/inlined_kernels/batch_27.cpp.o
[464/620] Building CXX object src/CMakeFiles/MIOpen.dir/__/inlined_kernels/batch_31.cpp.o
[465/620] Building CXX object src/CMakeFiles/MIOpen.dir/__/inlined_kernels/batch_12.cpp.o
[466/620] Building CXX object src/CMakeFiles/MIOpen.dir/hip/convolutionocl.cpp.o
[467/620] Building CXX object src/CMakeFiles/MIOpen.dir/__/inlined_kernels/batch_15.cpp.o
[468/620] Building CXX object src/CMakeFiles/MIOpen.dir/__/inlined_kernels/batch_34.cpp.o
[469/620] Building CXX object src/CMakeFiles/MIOpen.dir/__/inlined_kernels/batch_11.cpp.o
[470/620] Building CXX object src/CMakeFiles/MIOpen.dir/__/inlined_kernels/batch_20.cpp.o
[471/620] Building CXX object src/CMakeFiles/MIOpen.dir/__/inlined_kernels/batch_36.cpp.o
[472/620] Building CXX object src/CMakeFiles/MIOpen.dir/__/inlined_kernels/batch_25.cpp.o
[473/620] Building CXX object src/CMakeFiles/MIOpen.dir/__/inlined_kernels/batch_30.cpp.o
[474/620] Building CXX object src/CMakeFiles/MIOpen.dir/__/inlined_kernels/batch_19.cpp.o
[475/620] Building CXX object src/CMakeFiles/MIOpen.dir/__/inlined_kernels/batch_35.cpp.o
[476/620] Building CXX object src/CMakeFiles/MIOpen.dir/__/inlined_kernels/batch_28.cpp.o
[477/620] Building CXX object src/CMakeFiles/MIOpen.dir/__/inlined_kernels/batch_16.cpp.o
[478/620] Building CXX object src/CMakeFiles/MIOpen.dir/__/inlined_kernels/batch_33.cpp.o
[479/620] Building CXX object src/CMakeFiles/MIOpen.dir/__/inlined_kernels/batch_38.cpp.o
[480/620] Building CXX object src/CMakeFiles/MIOpen.dir/__/inlined_kernels/batch_37.cpp.o
[481/620] Building CXX object src/CMakeFiles/MIOpen.dir/tensor.cpp.o
[482/620] Building CXX object src/CMakeFiles/MIOpen.dir/__/inlined_kernels/batch_43.cpp.o
[483/620] Building CXX object src/CMakeFiles/MIOpen.dir/__/inlined_kernels/batch_46.cpp.o
[484/620] Building CXX object src/CMakeFiles/MIOpen.dir/__/inlined_kernels/batch_44.cpp.o
[485/620] Building CXX object src/CMakeFiles/MIOpen.dir/__/inlined_kernels/batch_47.cpp.o
[486/620] Building CXX object src/CMakeFiles/MIOpen.dir/__/inlined_kernels/batch_40.cpp.o
[487/620] Building CXX object src/CMakeFiles/MIOpen.dir/__/inlined_kernels/batch_39.cpp.o
[488/620] Building CXX object src/CMakeFiles/MIOpen.dir/__/inlined_kernels/batch_51.cpp.o
[489/620] Building CXX object src/CMakeFiles/MIOpen.dir/__/inlined_kernels/batch_45.cpp.o
[490/620] Building CXX object src/CMakeFiles/MIOpen.dir/__/inlined_kernels/batch_48.cpp.o
[491/620] Building CXX object src/CMakeFiles/MIOpen.dir/__/inlined_kernels/batch_53.cpp.o
[492/620] Building CXX object src/CMakeFiles/MIOpen.dir/__/inlined_kernels/batch_42.cpp.o
[493/620] Building CXX object src/CMakeFiles/MIOpen.dir/__/inlined_kernels/batch_59.cpp.o
[494/620] Building CXX object src/CMakeFiles/MIOpen.dir/__/inlined_kernels/batch_55.cpp.o
[495/620] Building CXX object src/CMakeFiles/MIOpen.dir/__/inlined_kernels/batch_67.cpp.o
[496/620] Building CXX object src/CMakeFiles/MIOpen.dir/__/inlined_kernels/batch_64.cpp.o
[497/620] Building CXX object src/CMakeFiles/MIOpen.dir/__/inlined_kernels/batch_57.cpp.o
[498/620] Building CXX object src/CMakeFiles/MIOpen.dir/__/inlined_kernels/batch_71.cpp.o
[499/620] Building CXX object src/CMakeFiles/MIOpen.dir/__/inlined_kernels/batch_56.cpp.o
[500/620] Building CXX object src/CMakeFiles/MIOpen.dir/__/inlined_kernels/batch_41.cpp.o
[501/620] Building CXX object src/CMakeFiles/MIOpen.dir/__/inlined_kernels/batch_54.cpp.o
[502/620] Building CXX object src/CMakeFiles/MIOpen.dir/__/inlined_kernels/batch_70.cpp.o
[503/620] Building CXX object src/CMakeFiles/MIOpen.dir/__/inlined_kernels/batch_66.cpp.o
[504/620] Building CXX object src/CMakeFiles/MIOpen.dir/__/inlined_kernels/batch_49.cpp.o
[505/620] Building CXX object src/CMakeFiles/MIOpen.dir/__/inlined_kernels/batch_58.cpp.o
[506/620] Building CXX object src/CMakeFiles/MIOpen.dir/__/inlined_kernels/batch_60.cpp.o
[507/620] Building CXX object src/CMakeFiles/MIOpen.dir/__/inlined_kernels/batch_85.cpp.o
[508/620] Building CXX object src/CMakeFiles/MIOpen.dir/__/inlined_kernels/batch_68.cpp.o
[509/620] Building CXX object src/CMakeFiles/MIOpen.dir/__/inlined_kernels/batch_84.cpp.o
[510/620] Building CXX object src/CMakeFiles/MIOpen.dir/__/inlined_kernels/batch_62.cpp.o
[511/620] Building CXX object src/CMakeFiles/MIOpen.dir/__/inlined_kernels/batch_76.cpp.o
[512/620] Building CXX object src/CMakeFiles/MIOpen.dir/__/inlined_kernels/batch_83.cpp.o
[513/620] Building CXX object src/CMakeFiles/MIOpen.dir/__/inlined_kernels/batch_75.cpp.o
[514/620] Building CXX object src/CMakeFiles/MIOpen.dir/__/inlined_kernels/batch_69.cpp.o
[515/620] Building CXX object src/CMakeFiles/MIOpen.dir/__/inlined_kernels/batch_52.cpp.o
[516/620] Building CXX object src/CMakeFiles/MIOpen.dir/__/inlined_kernels/batch_72.cpp.o
[517/620] Building CXX object src/CMakeFiles/MIOpen.dir/__/inlined_kernels/batch_65.cpp.o
[518/620] Building CXX object src/CMakeFiles/MIOpen.dir/__/inlined_kernels/batch_120.cpp.o
[519/620] Building CXX object src/CMakeFiles/MIOpen.dir/__/inlined_kernels/batch_81.cpp.o
[520/620] Building CXX object src/CMakeFiles/MIOpen.dir/__/inlined_kernels/batch_50.cpp.o
[521/620] Building CXX object src/CMakeFiles/MIOpen.dir/__/inlined_kernels/batch_104.cpp.o
[522/620] Building CXX object src/CMakeFiles/MIOpen.dir/__/inlined_kernels/batch_87.cpp.o
[523/620] Building CXX object src/CMakeFiles/MIOpen.dir/__/inlined_kernels/batch_101.cpp.o
[524/620] Building CXX object src/CMakeFiles/MIOpen.dir/__/inlined_kernels/batch_92.cpp.o
[525/620] Building CXX object src/CMakeFiles/MIOpen.dir/__/inlined_kernels/batch_79.cpp.o
[526/620] Building CXX object src/CMakeFiles/MIOpen.dir/__/inlined_kernels/batch_78.cpp.o
[527/620] Building CXX object src/CMakeFiles/MIOpen.dir/pooling.cpp.o
[528/620] Building CXX object src/CMakeFiles/MIOpen.dir/__/inlined_kernels/batch_100.cpp.o
[529/620] Building CXX object src/CMakeFiles/MIOpen.dir/__/inlined_kernels/batch_90.cpp.o
[530/620] Building CXX object src/CMakeFiles/MIOpen.dir/__/inlined_kernels/batch_61.cpp.o
[531/620] Building CXX object src/CMakeFiles/MIOpen.dir/__/inlined_kernels/batch_124.cpp.o
[532/620] Building CXX object src/CMakeFiles/MIOpen.dir/__/inlined_kernels/batch_74.cpp.o
[533/620] Building CXX object src/CMakeFiles/MIOpen.dir/__/inlined_kernels/batch_86.cpp.o
[534/620] Building CXX object src/CMakeFiles/MIOpen.dir/__/inlined_kernels/batch_125.cpp.o
[535/620] Building CXX object src/CMakeFiles/MIOpen.dir/__/inlined_kernels/batch_105.cpp.o
[536/620] Building CXX object src/CMakeFiles/MIOpen.dir/__/inlined_kernels/batch_88.cpp.o
[537/620] Building CXX object src/CMakeFiles/MIOpen.dir/__/inlined_kernels/batch_107.cpp.o
[538/620] Building CXX object src/CMakeFiles/MIOpen.dir/__/inlined_kernels/batch_89.cpp.o
[539/620] Building CXX object src/CMakeFiles/MIOpen.dir/__/inlined_kernels/batch_103.cpp.o
[540/620] Building CXX object src/CMakeFiles/MIOpen.dir/__/inlined_kernels/batch_123.cpp.o
[541/620] Building CXX object src/CMakeFiles/MIOpen.dir/__/inlined_kernels/batch_93.cpp.o
[542/620] Building CXX object src/CMakeFiles/MIOpen.dir/__/inlined_kernels/batch_109.cpp.o
[543/620] Building CXX object src/CMakeFiles/MIOpen.dir/__/inlined_kernels/batch_91.cpp.o
[544/620] Building CXX object src/CMakeFiles/MIOpen.dir/__/inlined_kernels/batch_102.cpp.o
[545/620] Building CXX object src/CMakeFiles/MIOpen.dir/__/inlined_kernels/batch_108.cpp.o
[546/620] Building CXX object src/CMakeFiles/MIOpen.dir/__/inlined_kernels/batch_97.cpp.o
[547/620] Building CXX object src/CMakeFiles/MIOpen.dir/__/inlined_kernels/batch_95.cpp.o
[548/620] Building CXX object src/CMakeFiles/MIOpen.dir/__/inlined_kernels/batch_99.cpp.o
[549/620] Building CXX object src/CMakeFiles/MIOpen.dir/__/inlined_kernels/batch_111.cpp.o
[550/620] Building CXX object src/CMakeFiles/MIOpen.dir/__/inlined_kernels/batch_63.cpp.o
[551/620] Building CXX object src/CMakeFiles/MIOpen.dir/__/inlined_kernels/batch_110.cpp.o
[552/620] Building CXX object src/CMakeFiles/MIOpen.dir/__/inlined_kernels/batch_73.cpp.o
[553/620] Building CXX object src/CMakeFiles/MIOpen.dir/__/inlined_kernels/batch_121.cpp.o
[554/620] Building CXX object driver/CMakeFiles/MIOpenDriver.dir/conv_common.cpp.o
[555/620] Building CXX object src/CMakeFiles/MIOpen.dir/__/inlined_kernels/batch_106.cpp.o
[556/620] Building CXX object src/CMakeFiles/MIOpen.dir/__/inlined_kernels/batch_98.cpp.o
[557/620] Building CXX object src/CMakeFiles/MIOpen.dir/__/inlined_kernels/batch_94.cpp.o
[558/620] Building CXX object driver/CMakeFiles/MIOpenDriver.dir/driver.cpp.o
[559/620] Building CXX object src/CMakeFiles/MIOpen.dir/__/inlined_kernels/batch_112.cpp.o
[560/620] Building CXX object driver/CMakeFiles/MIOpenDriver.dir/InputFlags.cpp.o
[561/620] Building CXX object src/CMakeFiles/MIOpen.dir/__/inlined_kernels/batch_77.cpp.o
[562/620] Building CXX object src/CMakeFiles/MIOpen.dir/__/inlined_kernels/batch_114.cpp.o
[563/620] Building CXX object src/CMakeFiles/MIOpen.dir/comgr.cpp.o
[564/620] Building CXX object src/CMakeFiles/MIOpen.dir/__/inlined_kernels/batch_82.cpp.o
[565/620] Building CXX object src/CMakeFiles/MIOpen.dir/__/inlined_kernels/batch_119.cpp.o
[566/620] Building CXX object src/CMakeFiles/MIOpen.dir/__/inlined_kernels/batch_96.cpp.o
[567/620] Building CXX object src/CMakeFiles/MIOpen.dir/__/inlined_kernels/batch_80.cpp.o
[568/620] Building CXX object driver/CMakeFiles/MIOpenDriver.dir/rocrand_wrapper.cpp.o
[569/620] Building CXX object src/CMakeFiles/MIOpen.dir/__/inlined_kernels/batch_118.cpp.o
[570/620] Building CXX object driver/CMakeFiles/MIOpenDriver.dir/dm_adam.cpp.o
[571/620] Building CXX object src/CMakeFiles/MIOpen.dir/__/inlined_kernels/batch_113.cpp.o
[572/620] Building CXX object src/CMakeFiles/MIOpen.dir/__/inlined_kernels/batch_115.cpp.o
[573/620] Building CXX object src/CMakeFiles/MIOpen.dir/__/inlined_kernels/batch_117.cpp.o
[574/620] Building CXX object driver/CMakeFiles/MIOpenDriver.dir/dm_activ.cpp.o
[575/620] Building CXX object src/CMakeFiles/MIOpen.dir/__/inlined_kernels/batch_128.cpp.o
[576/620] Building CXX object src/CMakeFiles/MIOpen.dir/__/inlined_kernels/batch_116.cpp.o
[577/620] Building CXX object driver/CMakeFiles/MIOpenDriver.dir/dm_addlayernorm.cpp.o
[578/620] Building CXX object driver/CMakeFiles/MIOpenDriver.dir/dm_getitem.cpp.o
[579/620] Building CXX object driver/CMakeFiles/MIOpenDriver.dir/dm_dropout.cpp.o
[580/620] Building CXX object driver/CMakeFiles/MIOpenDriver.dir/dm_gemm.cpp.o
[581/620] Building CXX object src/CMakeFiles/MIOpen.dir/__/inlined_kernels/batch_126.cpp.o
[582/620] Building CXX object driver/CMakeFiles/MIOpenDriver.dir/dm_glu.cpp.o
[583/620] Building CXX object driver/CMakeFiles/MIOpenDriver.dir/dm_cat.cpp.o
[584/620] Building CXX object driver/CMakeFiles/MIOpenDriver.dir/registry_driver_maker.cpp.o
[585/620] Building CXX object driver/CMakeFiles/MIOpenDriver.dir/dm_lrn.cpp.o
[586/620] Building CXX object driver/CMakeFiles/MIOpenDriver.dir/dm_multimarginloss.cpp.o
[587/620] Building CXX object driver/CMakeFiles/MIOpenDriver.dir/dm_reduceextreme.cpp.o
[588/620] Building CXX object driver/CMakeFiles/MIOpenDriver.dir/dm_reducecalculation.cpp.o
[589/620] Building CXX object driver/CMakeFiles/MIOpenDriver.dir/dm_groupnorm.cpp.o
[590/620] Building CXX object driver/CMakeFiles/MIOpenDriver.dir/dm_tensorop.cpp.o
[591/620] Building CXX object driver/CMakeFiles/MIOpenDriver.dir/dm_rope.cpp.o
[592/620] Building CXX object driver/CMakeFiles/MIOpenDriver.dir/dm_prelu.cpp.o
[593/620] Building CXX object driver/CMakeFiles/MIOpenDriver.dir/dm_kthvalue.cpp.o
[594/620] Building CXX object driver/CMakeFiles/MIOpenDriver.dir/dm_transformers_adam_w.cpp.o
[595/620] Building CXX object driver/CMakeFiles/MIOpenDriver.dir/dm_softmax.cpp.o
[596/620] Building CXX object driver/CMakeFiles/MIOpenDriver.dir/main.cpp.o
[597/620] Building CXX object driver/CMakeFiles/MIOpenDriver.dir/dm_softmarginloss.cpp.o
[598/620] Building CXX object driver/CMakeFiles/MIOpenDriver.dir/dm_reduce.cpp.o
[599/620] Building CXX object driver/CMakeFiles/MIOpenDriver.dir/dm_t5layernorm.cpp.o
[600/620] Building CXX object driver/CMakeFiles/MIOpenDriver.dir/dm_layernorm.cpp.o
[601/620] Building CXX object driver/CMakeFiles/MIOpenDriver.dir/dm_fusion.cpp.o
[602/620] Building CXX object src/CMakeFiles/MIOpen.dir/conv/heuristics/ai_heuristics.cpp.o
[603/620] Building CXX object driver/CMakeFiles/MIOpenDriver.dir/dm_rnn.cpp.o
[604/620] Building CXX object src/CMakeFiles/MIOpen.dir/__/inlined_kernels/batch_127.cpp.o
[605/620] Building CXX object driver/CMakeFiles/MIOpenDriver.dir/dm_pool.cpp.o
[606/620] Building CXX object driver/CMakeFiles/MIOpenDriver.dir/dm_convbfp16.cpp.o
[607/620] Building CXX object driver/CMakeFiles/MIOpenDriver.dir/dm_conv.cpp.o
[608/620] Building CXX object driver/CMakeFiles/MIOpenDriver.dir/dm_convbfp8.cpp.o
[609/620] Building CXX object driver/CMakeFiles/MIOpenDriver.dir/dm_convint8.cpp.o
[610/620] Building CXX object driver/CMakeFiles/MIOpenDriver.dir/dm_convfp32.cpp.o
[611/620] Building CXX object driver/CMakeFiles/MIOpenDriver.dir/dm_convfp16.cpp.o
[612/620] Building CXX object driver/CMakeFiles/MIOpenDriver.dir/dm_convfp8.cpp.o
[613/620] Building CXX object src/CMakeFiles/MIOpen.dir/mlo_dir_conv.cpp.o
[614/620] Building CXX object driver/CMakeFiles/MIOpenDriver.dir/dm_bnorm.cpp.o
[615/620] Building CXX object src/CMakeFiles/MIOpen.dir/__/inlined_kernels/batch_122.cpp.o
[616/620] Building CXX object src/CMakeFiles/MIOpen.dir/solver.cpp.o
[617/620] Linking CXX shared library lib/libMIOpen.so.1.0
[618/620] Creating library symlink lib/libMIOpen.so.1 lib/libMIOpen.so
[619/620] Linking CXX executable bin/MIOpenDriver
