CONTAMINATION: 79f8dc2b1000-79f8dc2ce000 r--p 00000000 00:155 226630349                 /opt/rocm-7.2.1/lib/libhsa-runtime64.so.1.18.70201
CONTAMINATION: 79f8dc2ce000-79f8dc40a000 r-xp 0001d000 00:155 226630349                 /opt/rocm-7.2.1/lib/libhsa-runtime64.so.1.18.70201
CONTAMINATION: 79f8dc40a000-79f8dc485000 r--p 00159000 00:155 226630349                 /opt/rocm-7.2.1/lib/libhsa-runtime64.so.1.18.70201
CONTAMINATION: 79f8dc485000-79f8dc48e000 r--p 001d4000 00:155 226630349                 /opt/rocm-7.2.1/lib/libhsa-runtime64.so.1.18.70201
CONTAMINATION: 79f8dc48e000-79f8dc6be000 rw-p 001dd000 00:155 226630349                 /opt/rocm-7.2.1/lib/libhsa-runtime64.so.1.18.70201
CONTAMINATION: 79f8dc6c1000-79f8dc6cf000 r--p 00000000 00:155 226630403                 /opt/rocm-7.2.1/lib/librocprofiler-register.so.0.6.0
CONTAMINATION: 79f8dc6cf000-79f8dc722000 r-xp 0000e000 00:155 226630403                 /opt/rocm-7.2.1/lib/librocprofiler-register.so.0.6.0
CONTAMINATION: 79f8dc722000-79f8dc734000 r--p 00061000 00:155 226630403                 /opt/rocm-7.2.1/lib/librocprofiler-register.so.0.6.0
CONTAMINATION: 79f8dc734000-79f8dc735000 r--p 00073000 00:155 226630403                 /opt/rocm-7.2.1/lib/librocprofiler-register.so.0.6.0
CONTAMINATION: 79f8dc735000-79f8dc736000 rw-p 00074000 00:155 226630403                 /opt/rocm-7.2.1/lib/librocprofiler-register.so.0.6.0
CONTAMINATION: 79f8dc750000-79f8dd184000 r--p 00000000 00:155 226630427                 /opt/rocm-7.2.1/lib/librocroller.so.1.0.0
CONTAMINATION: 79f8dd184000-79f8de72c000 r-xp 00a33000 00:155 226630427                 /opt/rocm-7.2.1/lib/librocroller.so.1.0.0
CONTAMINATION: 79f8de72c000-79f8de78e000 r--p 01fda000 00:155 226630427                 /opt/rocm-7.2.1/lib/librocroller.so.1.0.0
CONTAMINATION: 79f8de78e000-79f8de79a000 rw-p 0203b000 00:155 226630427                 /opt/rocm-7.2.1/lib/librocroller.so.1.0.0
CONTAMINATION: 79f8deb09000-79f8deb2c000 r--p 00000000 00:155 226630299                 /opt/rocm-7.2.1/lib/libamdhip64.so.7.2.70201
CONTAMINATION: 79f8deb2c000-79f8defad000 r-xp 00023000 00:155 226630299                 /opt/rocm-7.2.1/lib/libamdhip64.so.7.2.70201
CONTAMINATION: 79f8defad000-79f8df052000 r--p 004a4000 00:155 226630299                 /opt/rocm-7.2.1/lib/libamdhip64.so.7.2.70201
CONTAMINATION: 79f8df052000-79f8df05a000 r--p 00549000 00:155 226630299                 /opt/rocm-7.2.1/lib/libamdhip64.so.7.2.70201
CONTAMINATION: 79f8df05a000-79f8e04ee000 rw-p 00551000 00:155 226630299                 /opt/rocm-7.2.1/lib/libamdhip64.so.7.2.70201
CONTAMINATION: 79f8e065b000-79f8e07da000 r--p 00000000 00:155 226630313                 /opt/rocm-7.2.1/lib/libhipblaslt.so.1.2.70201
CONTAMINATION: 79f8e07da000-79f8e0c1b000 r-xp 0017e000 00:155 226630313                 /opt/rocm-7.2.1/lib/libhipblaslt.so.1.2.70201
CONTAMINATION: 79f8e0c1b000-79f8e0c2d000 r--p 005be000 00:155 226630313                 /opt/rocm-7.2.1/lib/libhipblaslt.so.1.2.70201
CONTAMINATION: 79f8e0c2d000-79f8e0c30000 rw-p 005cf000 00:155 226630313                 /opt/rocm-7.2.1/lib/libhipblaslt.so.1.2.70201
CONTAMINATION: 79f8e0c32000-79f8e2c4d000 r--p 00000000 00:155 226630374                 /opt/rocm-7.2.1/lib/librocblas.so.5.2.70201
CONTAMINATION: 79f8e2c4d000-79f8e3b95000 r-xp 0201a000 00:155 226630374                 /opt/rocm-7.2.1/lib/librocblas.so.5.2.70201
CONTAMINATION: 79f8e3b95000-79f8e3bb3000 r--p 02f61000 00:155 226630374                 /opt/rocm-7.2.1/lib/librocblas.so.5.2.70201
CONTAMINATION: 79f8e3bb3000-79f8e3bb9000 rw-p 02f7e000 00:155 226630374                 /opt/rocm-7.2.1/lib/librocblas.so.5.2.70201
CONTAMINATION: 79f8e3bd5000-79f8e40e7000 r--p 00000000 00:155 226630293                 /opt/rocm-7.2.1/lib/libamd_comgr.so.3.0.0
CONTAMINATION: 79f8e40e7000-79f8ea5fd000 r-xp 00512000 00:155 226630293                 /opt/rocm-7.2.1/lib/libamd_comgr.so.3.0.0
CONTAMINATION: 79f8ea5fd000-79f8ed19c000 r--p 06a28000 00:155 226630293                 /opt/rocm-7.2.1/lib/libamd_comgr.so.3.0.0
CONTAMINATION: 79f8ed19c000-79f8ed42e000 r--p 095c6000 00:155 226630293                 /opt/rocm-7.2.1/lib/libamd_comgr.so.3.0.0
CONTAMINATION: 79f8ed42e000-79f8ed47f000 rw-p 09858000 00:155 226630293                 /opt/rocm-7.2.1/lib/libamd_comgr.so.3.0.0
CONTAMINATION: 79f8ed52d000-79f8ed533000 r--p 00000000 00:155 226630328                 /opt/rocm-7.2.1/lib/libhiprtc.so.7.2.70201
CONTAMINATION: 79f8ed533000-79f8ed564000 r-xp 00006000 00:155 226630328                 /opt/rocm-7.2.1/lib/libhiprtc.so.7.2.70201
CONTAMINATION: 79f8ed564000-79f8ed5fd000 r--p 00037000 00:155 226630328                 /opt/rocm-7.2.1/lib/libhiprtc.so.7.2.70201
CONTAMINATION: 79f8ed5fd000-79f8ed5fe000 r--p 000cf000 00:155 226630328                 /opt/rocm-7.2.1/lib/libhiprtc.so.7.2.70201
CONTAMINATION: 79f8ed5fe000-79f8ed600000 rw-p 000d0000 00:155 226630328                 /opt/rocm-7.2.1/lib/libhiprtc.so.7.2.70201
CONTAMINATION: 79f90b695000-79f90b696000 r--p 00000000 00:155 226630439                 /opt/rocm-7.2.1/lib/libroctx64.so.4.1.70201
CONTAMINATION: 79f90b696000-79f90b697000 r-xp 00001000 00:155 226630439                 /opt/rocm-7.2.1/lib/libroctx64.so.4.1.70201
CONTAMINATION: 79f90b697000-79f90b698000 r--p 00002000 00:155 226630439                 /opt/rocm-7.2.1/lib/libroctx64.so.4.1.70201
CONTAMINATION: 79f90b698000-79f90b699000 r--p 00002000 00:155 226630439                 /opt/rocm-7.2.1/lib/libroctx64.so.4.1.70201
CONTAMINATION: 79f90b699000-79f90b69a000 rw-p 00003000 00:155 226630439                 /opt/rocm-7.2.1/lib/libroctx64.so.4.1.70201
contamination=1
