{
  "gate": "L02",
  "mode": "check-only",
  "tool": "check_final_handoff_r2.py (phase5_3 R2 schema consumer)",
  "timestamp": "2026-10-09T09:56:42.079881+00:00",
  "verdict": "FAIL",
  "failures": [
    "manifest sha256 58a6f9ce8afe2f41e80db8593c8711813b30c6418dfe0a5348dd6131d3bbafd8 != frozen pinned R2 manifest 55e88f4c2c9bbc0195a2a4b63ceb52786e36d49e4fd0e097808cdf5aab4df393 (wrong or altered manifest)",
    "candidate_id mismatch: expected 'P5.1-CANDIDATE-R2', got 'P5.1-CANDIDATE-R1'",
    "superseded candidate rejected: P5.1-CANDIDATE-R1",
    "base_repo mismatch: expected the ACTUAL R2 URL form 'https://github.com/ROCm/rocm-libraries', got 'ROCm/rocm-libraries'",
    "stale R1 series hash present outside the supersedes record",
    "stale R1 head tree SHA present outside the supersedes record",
    "ordered_commits mismatch: expected (exact order) ['01a77dab8c4cf23d1e49273fa3c88bb0bb4fc887', '8188b803b8304fc5933caa52ee27a58d01a78b04', 'f18c4de94b229bbe3e8501d70e3e2461425c69de'], got ['d4003de1a7cabc3715f73e48d3fd414f312a40de', '3b18a0655b991890b63587ee18cb0950234a47f0', 'e7ff6d75fac3e7b683e81e671555ada99af13b74']",
    "windows_validation_status.ctest_clean_env_execution is not PASS: None",
    "windows_validation_status.exit_code_fixture is not PASS: None",
    "windows_validation_status.restricted_list_parity is not PASS: None",
    "windows_validation_status.hiprtc_dll_provenance is not PASS: None",
    "canonical patch directory must be 'patches/phase5_1_r2/canonical', got 'patches/phase5_1/canonical'",
    "declared file missing under rca-root: patches/phase5_1/canonical/0001-MIOpen-keep-RTC-type-traits-self-contained-when-no-h.patch",
    "declared file missing under rca-root: patches/phase5_1/canonical/0002-MIOpen-make-remaining-RTC-kernel-std-includes-self-c.patch",
    "declared file missing under rca-root: patches/phase5_1/canonical/0003-MIOpen-add-HIPRTC-no-host-STL-regression-test.patch",
    "head_tree_sha1 mismatch: expected b983caddf9f9f561e7d1b590deadb16267c2de15, got 605d0d214acdbc06086fdb27c61fec970c0f2798 (wrong candidate source identity)",
    "head_tree_sha1 605d0d214acdbc06086fdb27c61fec970c0f2798 is the superseded R1 tree"
  ],
  "notes": [
    "manifest_sha256=58a6f9ce8afe2f41e80db8593c8711813b30c6418dfe0a5348dd6131d3bbafd8",
    "rca checkout pinned clean at c8417161125dc33275b7ac615298b449a81e7cf8"
  ],
  "manifest": "/tmp/opencode/p53/l11-r1-h1cV/findings/phase5_1/FINAL_HANDOFF.json",
  "rca_root": "/workspace/miopen-w7900-validation/repos/rca-evidence",
  "rca_evidence_sha": "c8417161125dc33275b7ac615298b449a81e7cf8",
  "effective_expect_pins": {
    "candidate_id": "P5.1-CANDIDATE-R2",
    "base_sha": "7c5866144ac4b879be442563e2b49fa1c142ea36",
    "head_tree_sha1": "b983caddf9f9f561e7d1b590deadb16267c2de15",
    "series_sha256": "48308f6dccfd80f099a458ad5033f815d95f86d2ab54dba1a0344c976b5a3f02",
    "ordered_commits": [
      "01a77dab8c4cf23d1e49273fa3c88bb0bb4fc887",
      "8188b803b8304fc5933caa52ee27a58d01a78b04",
      "f18c4de94b229bbe3e8501d70e3e2461425c69de"
    ],
    "rca_evidence_sha": "c8417161125dc33275b7ac615298b449a81e7cf8",
    "canonical_patch_dir": "patches/phase5_1_r2/canonical",
    "manifest_sha256": "55e88f4c2c9bbc0195a2a4b63ceb52786e36d49e4fd0e097808cdf5aab4df393"
  }
}
