$ C:\Users\rocm\Desktop\YOLO_AMD\phase3_buildtools\Lib\site-packages\cmake\data\bin\cmake.exe --build C:\Users\rocm\Desktop\YOLO_AMD\phase5_1_build\miopen --target MIOpen -- -k 0
exit=0
[0/2] Re-checking globbed directories...
[1/704] Building CXX object src/sqlite/CMakeFiles/sqlite_memvfs.dir/memvfs.cpp.obj
[2/704] Inlining rocrand_xorwow.h with all dependencies as C++ source
Successfully created C:/Users/rocm/Desktop/YOLO_AMD/phase5_1_build/miopen/kernels/rocrand_xorwow_inlined.h
[3/704] Building CXX object src/hipconv/src/arch/cdna4/CMakeFiles/hipconv_arch_cdna4_direct_l1_autoshard.dir/direct_l1_autoshard.cpp.obj
[4/704] Building CXX object src/hipconv/src/arch/cdna4/CMakeFiles/hipconv_arch_cdna4_depthwise_wgrad_hankel_autoshard.dir/depthwise_wgrad_hankel_autoshard.cpp.obj
[5/704] Building CXX object src/hipconv/src/arch/cdna4/CMakeFiles/hipconv_arch_cdna4_direct_autoshard.dir/direct_autoshard.cpp.obj
[6/704] Building CXX object src/hipconv/src/arch/cdna4/CMakeFiles/hipconv_arch_cdna4_patch_embed_autoshard.dir/patch_embed_autoshard.cpp.obj
[7/704] Building CXX object src/hipconv/src/arch/cdna4/CMakeFiles/hipconv_arch_cdna4_direct_wgrad_autoshard.dir/direct_wgrad_autoshard.cpp.obj
[8/704] Building CXX object src/hipconv/src/arch/cdna5/CMakeFiles/hipconv_arch_cdna5_grouped_multi_g_autoshard.dir/grouped_multi_g_autoshard.cpp.obj
[9/704] Building CXX object src/hipconv/src/arch/cdna5/CMakeFiles/hipconv_arch_cdna5_direct_autoshard.dir/direct_autoshard.cpp.obj
[10/704] Building CXX object src/hipconv/src/arch/cdna5/CMakeFiles/hipconv_arch_cdna5_grouped_multi_g_wgrad_autoshard.dir/grouped_multi_g_wgrad_autoshard.cpp.obj
[11/704] Building CXX object src/hipconv/src/arch/cdna5/CMakeFiles/hipconv_arch_cdna5_depthwise_1d_toeplitz_autoshard.dir/depthwise_1d_toeplitz_autoshard.cpp.obj
[12/704] Building CXX object src/hipconv/src/arch/cdna4/CMakeFiles/hipconv_arch_cdna4_depthwise_1d_toeplitz_autoshard.dir/depthwise_1d_toeplitz_autoshard.cpp.obj
[13/704] Building CXX object src/hipconv/src/arch/cdna5/CMakeFiles/hipconv_arch_cdna5_depthwise_wgrad_hankel_autoshard.dir/depthwise_wgrad_hankel_autoshard.cpp.obj
[14/704] Building CXX object src/hipconv/src/arch/cdna4/CMakeFiles/libautoshard.dir/__/__/__/cmake/libautoshard.cpp.obj
[15/704] Linking CXX static library lib\libautoshard.lib
[16/704] Building HIP object src/hipconv/src/arch/cdna3/CMakeFiles/hipconv_arch_cdna3.dir/direct_backend.cpp.obj
[17/704] Linking CXX executable bin\hipconv_arch_cdna4_direct_l1_autoshard.exe
[18/704] Linking CXX executable bin\hipconv_arch_cdna4_patch_embed_autoshard.exe
[19/704] Linking CXX executable bin\hipconv_arch_cdna4_direct_autoshard.exe
[20/704] Building HIP object src/hipconv/src/arch/cdna3/CMakeFiles/hipconv_arch_cdna3.dir/depthwise_backend.cpp.obj
[21/704] Linking CXX executable bin\hipconv_arch_cdna4_direct_wgrad_autoshard.exe
[22/704] Linking CXX executable bin\hipconv_arch_cdna4_depthwise_1d_toeplitz_autoshard.exe
[23/704] Linking CXX executable bin\hipconv_arch_cdna5_direct_autoshard.exe
[24/704] Linking CXX executable bin\hipconv_arch_cdna4_depthwise_wgrad_hankel_autoshard.exe
[25/704] Linking CXX executable bin\hipconv_arch_cdna5_grouped_multi_g_wgrad_autoshard.exe
[26/704] Linking CXX executable bin\hipconv_arch_cdna5_grouped_multi_g_autoshard.exe
[27/704] Linking CXX executable bin\hipconv_arch_cdna5_depthwise_1d_toeplitz_autoshard.exe
[28/704] Linking CXX executable bin\hipconv_arch_cdna5_depthwise_wgrad_hankel_autoshard.exe
[29/704] Building HIP object src/hipconv/src/arch/cdna3/CMakeFiles/hipconv_arch_cdna3.dir/grouped_backend.cpp.obj
[30/704] Generating autoshard/patch_embed_kernel_table.cpp, autoshard/patch_embed_shard0.cpp, autoshard/patch_embed_shard1.cpp, autoshard/patch_embed_shard2.cpp, autoshard/patch_embed_shard3.cpp, autoshard/patch_embed_shard4.cpp, autoshard/patch_embed_shard5.cpp, autoshard/patch_embed_shard6.cpp, autoshard/patch_embed_shard7.cpp
[31/704] Generating autoshard/direct_kernel_table.cpp, autoshard/direct_shard0.cpp, autoshard/direct_shard1.cpp, autoshard/direct_shard2.cpp, autoshard/direct_shard3.cpp, autoshard/direct_shard4.cpp, autoshard/direct_shard5.cpp, autoshard/direct_shard6.cpp, autoshard/direct_shard7.cpp
[32/704] Generating autoshard/direct_wgrad_kernel_table.cpp, autoshard/direct_wgrad_shard0.cpp, autoshard/direct_wgrad_shard1.cpp, autoshard/direct_wgrad_shard2.cpp, autoshard/direct_wgrad_shard3.cpp, autoshard/direct_wgrad_shard4.cpp, autoshard/direct_wgrad_shard5.cpp, autoshard/direct_wgrad_shard6.cpp, autoshard/direct_wgrad_shard7.cpp
[33/704] Generating autoshard/depthwise_1d_toeplitz_kernel_table.cpp, autoshard/depthwise_1d_toeplitz_shard0.cpp, autoshard/depthwise_1d_toeplitz_shard1.cpp, autoshard/depthwise_1d_toeplitz_shard2.cpp, autoshard/depthwise_1d_toeplitz_shard3.cpp, autoshard/depthwise_1d_toeplitz_shard4.cpp, autoshard/depthwise_1d_toeplitz_shard5.cpp, autoshard/depthwise_1d_toeplitz_shard6.cpp, autoshard/depthwise_1d_toeplitz_shard7.cpp
[34/704] Generating autoshard/direct_l1_kernel_table.cpp, autoshard/direct_l1_shard0.cpp, autoshard/direct_l1_shard1.cpp, autoshard/direct_l1_shard2.cpp, autoshard/direct_l1_shard3.cpp, autoshard/direct_l1_shard4.cpp, autoshard/direct_l1_shard5.cpp, autoshard/direct_l1_shard6.cpp, autoshard/direct_l1_shard7.cpp
[35/704] Building CXX object addkernels/CMakeFiles/addkernels.dir/addkernels.cpp.obj
[36/704] Building CXX object addkernels/CMakeFiles/addkernels.dir/include_inliner.cpp.obj
[37/704] Generating autoshard/direct_kernel_table.cpp, autoshard/direct_shard0.cpp, autoshard/direct_shard1.cpp, autoshard/direct_shard2.cpp, autoshard/direct_shard3.cpp, autoshard/direct_shard4.cpp, autoshard/direct_shard5.cpp, autoshard/direct_shard6.cpp, autoshard/direct_shard7.cpp
[38/704] Generating autoshard/depthwise_1d_toeplitz_kernel_table.cpp, autoshard/depthwise_1d_toeplitz_shard0.cpp, autoshard/depthwise_1d_toeplitz_shard1.cpp, autoshard/depthwise_1d_toeplitz_shard2.cpp, autoshard/depthwise_1d_toeplitz_shard3.cpp, autoshard/depthwise_1d_toeplitz_shard4.cpp, autoshard/depthwise_1d_toeplitz_shard5.cpp, autoshard/depthwise_1d_toeplitz_shard6.cpp, autoshard/depthwise_1d_toeplitz_shard7.cpp
[39/704] Generating autoshard/grouped_multi_g_wgrad_kernel_table.cpp, autoshard/grouped_multi_g_wgrad_shard0.cpp, autoshard/grouped_multi_g_wgrad_shard1.cpp, autoshard/grouped_multi_g_wgrad_shard2.cpp, autoshard/grouped_multi_g_wgrad_shard3.cpp, autoshard/grouped_multi_g_wgrad_shard4.cpp, autoshard/grouped_multi_g_wgrad_shard5.cpp, autoshard/grouped_multi_g_wgrad_shard6.cpp, autoshard/grouped_multi_g_wgrad_shard7.cpp
[40/704] Generating autoshard/depthwise_wgrad_hankel_kernel_table.cpp, autoshard/depthwise_wgrad_hankel_shard0.cpp, autoshard/depthwise_wgrad_hankel_shard1.cpp, autoshard/depthwise_wgrad_hankel_shard2.cpp, autoshard/depthwise_wgrad_hankel_shard3.cpp, autoshard/depthwise_wgrad_hankel_shard4.cpp, autoshard/depthwise_wgrad_hankel_shard5.cpp, autoshard/depthwise_wgrad_hankel_shard6.cpp, autoshard/depthwise_wgrad_hankel_shard7.cpp
[41/704] Generating autoshard/depthwise_wgrad_hankel_kernel_table.cpp, autoshard/depthwise_wgrad_hankel_shard0.cpp, autoshard/depthwise_wgrad_hankel_shard1.cpp, autoshard/depthwise_wgrad_hankel_shard2.cpp, autoshard/depthwise_wgrad_hankel_shard3.cpp, autoshard/depthwise_wgrad_hankel_shard4.cpp, autoshard/depthwise_wgrad_hankel_shard5.cpp, autoshard/depthwise_wgrad_hankel_shard6.cpp, autoshard/depthwise_wgrad_hankel_shard7.cpp
[42/704] Generating autoshard/grouped_multi_g_kernel_table.cpp, autoshard/grouped_multi_g_shard0.cpp, autoshard/grouped_multi_g_shard1.cpp, autoshard/grouped_multi_g_shard2.cpp, autoshard/grouped_multi_g_shard3.cpp, autoshard/grouped_multi_g_shard4.cpp, autoshard/grouped_multi_g_shard5.cpp, autoshard/grouped_multi_g_shard6.cpp, autoshard/grouped_multi_g_shard7.cpp
[43/704] Linking CXX executable bin\addkernels.exe
[44/704] Building HIP object src/hipconv/src/arch/cdna4/CMakeFiles/hipconv_arch_cdna4.dir/direct_backend.cpp.obj
[45/704] Building HIP object src/hipconv/src/arch/cdna4/CMakeFiles/hipconv_arch_cdna4.dir/grouped_backend.cpp.obj
[46/704] Building HIP object src/hipconv/src/arch/cdna4/CMakeFiles/hipconv_arch_cdna4.dir/direct/patch_embed/config_desc.cpp.obj
[47/704] Building HIP object src/hipconv/src/arch/cdna4/CMakeFiles/hipconv_arch_cdna4.dir/direct/direct_wgrad/config_desc.cpp.obj
[48/704] Building HIP object src/hipconv/src/arch/cdna4/CMakeFiles/hipconv_arch_cdna4.dir/depthwise/depthwise_wgrad_hankel/config_desc.cpp.obj
[49/704] Building HIP object src/hipconv/src/arch/cdna4/CMakeFiles/hipconv_arch_cdna4.dir/direct/direct/config_matcher.cpp.obj
[50/704] Building HIP object src/hipconv/src/arch/cdna4/CMakeFiles/hipconv_arch_cdna4.dir/depthwise_backend.cpp.obj
[51/704] Building HIP object src/hipconv/CMakeFiles/hipconv.dir/src/conv_params.cpp.obj
[52/704] Building HIP object src/hipconv/src/arch/cdna4/CMakeFiles/hipconv_arch_cdna4.dir/direct/direct_l1/config_desc.cpp.obj
[53/704] Building HIP object src/hipconv/CMakeFiles/hipconv.dir/src/conv_kernel.cpp.obj
[54/704] Building HIP object src/hipconv/src/arch/cdna4/CMakeFiles/hipconv_arch_cdna4.dir/grouped/grouped_4c_wgrad_fp16bf16.cpp.obj
[55/704] Building HIP object src/hipconv/src/arch/cdna4/CMakeFiles/hipconv_arch_cdna4.dir/autoshard/direct_kernel_table.cpp.obj
[56/704] Building HIP object src/hipconv/src/arch/cdna4/CMakeFiles/hipconv_arch_cdna4.dir/grouped/grouped_4c_wgrad_tf32.cpp.obj
[57/704] Building HIP object src/hipconv/src/arch/cdna4/CMakeFiles/hipconv_arch_cdna4.dir/autoshard/direct_shard7.cpp.obj
[58/704] Building HIP object src/hipconv/src/arch/cdna4/CMakeFiles/hipconv_arch_cdna4.dir/autoshard/direct_shard5.cpp.obj
[59/704] Building HIP object src/hipconv/src/arch/cdna4/CMakeFiles/hipconv_arch_cdna4.dir/grouped/grouped_32c_wgrad_fp16bf16.cpp.obj
[60/704] Building HIP object src/hipconv/src/arch/cdna4/CMakeFiles/hipconv_arch_cdna4.dir/grouped/grouped_16c_wgrad_fp16bf16.cpp.obj
[61/704] Building HIP object src/hipconv/src/arch/cdna4/CMakeFiles/hipconv_arch_cdna4.dir/autoshard/direct_shard6.cpp.obj
[62/704] Building HIP object src/hipconv/src/arch/cdna4/CMakeFiles/hipconv_arch_cdna4.dir/autoshard/direct_shard1.cpp.obj
[63/704] Building HIP object src/hipconv/src/arch/cdna4/CMakeFiles/hipconv_arch_cdna4.dir/autoshard/direct_l1_kernel_table.cpp.obj
[64/704] Building HIP object src/hipconv/src/arch/cdna4/CMakeFiles/hipconv_arch_cdna4.dir/autoshard/direct_shard0.cpp.obj
[65/704] Building HIP object src/hipconv/src/arch/cdna4/CMakeFiles/hipconv_arch_cdna4.dir/autoshard/direct_shard4.cpp.obj
[66/704] Building HIP object src/hipconv/src/arch/cdna4/CMakeFiles/hipconv_arch_cdna4.dir/autoshard/direct_shard3.cpp.obj
[67/704] Building HIP object src/hipconv/src/arch/cdna4/CMakeFiles/hipconv_arch_cdna4.dir/grouped/grouped_16c_wgrad_tf32.cpp.obj
[68/704] Building HIP object src/hipconv/src/arch/cdna4/CMakeFiles/hipconv_arch_cdna4.dir/grouped/grouped_32c.cpp.obj
[69/704] Building HIP object src/hipconv/src/arch/cdna4/CMakeFiles/hipconv_arch_cdna4.dir/grouped/grouped_8c_wgrad_fp16bf16.cpp.obj
[70/704] Building HIP object src/hipconv/src/arch/cdna4/CMakeFiles/hipconv_arch_cdna4.dir/autoshard/direct_shard2.cpp.obj
[71/704] Building HIP object src/hipconv/src/arch/cdna4/CMakeFiles/hipconv_arch_cdna4.dir/grouped/grouped_8c_wgrad_tf32.cpp.obj
[72/704] Building HIP object src/hipconv/src/arch/cdna4/CMakeFiles/hipconv_arch_cdna4.dir/grouped/grouped_32c_wgrad_tf32.cpp.obj
[73/704] Building HIP object src/hipconv/src/arch/cdna4/CMakeFiles/hipconv_arch_cdna4.dir/grouped/grouped_4c.cpp.obj
[74/704] Building HIP object src/hipconv/src/arch/cdna4/CMakeFiles/hipconv_arch_cdna4.dir/grouped/grouped_8c.cpp.obj
[75/704] Building HIP object src/hipconv/CMakeFiles/hipconv.dir/src/tolerance.cpp.obj
[76/704] Building HIP object src/hipconv/src/arch/cdna4/CMakeFiles/hipconv_arch_cdna4.dir/grouped/grouped_16c.cpp.obj
[77/704] Building HIP object src/hipconv/src/arch/cdna4/CMakeFiles/hipconv_arch_cdna4.dir/autoshard/direct_l1_shard1.cpp.obj
[78/704] Building HIP object src/hipconv/CMakeFiles/hipconv.dir/src/kv_descriptor.cpp.obj
[79/704] Building HIP object src/hipconv/CMakeFiles/hipconv.dir/src/arch_registry.cpp.obj
[80/704] Building HIP object src/hipconv/src/arch/cdna4/CMakeFiles/hipconv_arch_cdna4.dir/autoshard/direct_l1_shard0.cpp.obj
[81/704] Building HIP object src/hipconv/CMakeFiles/hipconv.dir/src/registry.cpp.obj
[82/704] Building HIP object src/hipconv/src/arch/cdna4/CMakeFiles/hipconv_arch_cdna4.dir/autoshard/patch_embed_kernel_table.cpp.obj
[83/704] Building HIP object src/hipconv/src/arch/cdna4/CMakeFiles/hipconv_arch_cdna4.dir/autoshard/direct_wgrad_kernel_table.cpp.obj
In file included from C:/Users/rocm/Desktop/YOLO_AMD/phase5_1_build/miopen/src/hipconv/src/arch/cdna4/autoshard/direct_wgrad_kernel_table.cpp:2:
In file included from C:/Users/rocm/Desktop/YOLO_AMD/rocm-libraries-phase5.1-candidate/projects/miopen/src/hipconv/src/arch/cdna4\direct/direct_wgrad/kernel.h:11:
In file included from C:/Users/rocm/Desktop/YOLO_AMD/rocm-libraries-phase5.1-candidate/projects/miopen/src/hipconv/src/arch/cdna4\direct/direct_wgrad\epilogue.h:16:
In file included from C:/Users/rocm/Desktop/YOLO_AMD/rocm-libraries-phase5.1-candidate/projects/miopen/src/hipconv/src/arch/cdna4\direct/direct_wgrad\main_loop.h:15:
In file included from C:/Users/rocm/Desktop/YOLO_AMD/rocm-libraries-phase5.1-candidate/projects/miopen/src/hipconv/src/arch/cdna4\direct/direct_wgrad\workgroup_tiles.h:10:
C:/Users/rocm/Desktop/YOLO_AMD/rocm-libraries-phase5.1-candidate/projects/miopen/src/hipconv/src/arch/cdna4\direct/direct_wgrad\row_loader.h:545:7: warning: unknown attribute 'no_unique_address' ignored [-Wunknown-attributes]
  545 |     [[no_unique_address]] std::conditional_t<Tiled, TileState, NoTileState> tile_;
      |       ^~~~~~~~~~~~~~~~~
1 warning generated when compiling for host.
[84/704] Building HIP object src/hipconv/src/arch/cdna4/CMakeFiles/hipconv_arch_cdna4.dir/autoshard/patch_embed_shard6.cpp.obj
[85/704] Building HIP object src/hipconv/src/arch/cdna4/CMakeFiles/hipconv_arch_cdna4.dir/autoshard/patch_embed_shard4.cpp.obj
[86/704] Building HIP object src/hipconv/src/arch/cdna4/CMakeFiles/hipconv_arch_cdna4.dir/autoshard/patch_embed_shard7.cpp.obj
[87/704] Building HIP object src/hipconv/src/arch/cdna4/CMakeFiles/hipconv_arch_cdna4.dir/autoshard/direct_l1_shard2.cpp.obj
[88/704] Building HIP object src/hipconv/src/arch/cdna4/CMakeFiles/hipconv_arch_cdna4.dir/autoshard/direct_l1_shard4.cpp.obj
[89/704] Building HIP object src/hipconv/src/arch/cdna4/CMakeFiles/hipconv_arch_cdna4.dir/autoshard/depthwise_1d_toeplitz_kernel_table.cpp.obj
[90/704] Building HIP object src/hipconv/src/arch/cdna4/CMakeFiles/hipconv_arch_cdna4.dir/autoshard/patch_embed_shard2.cpp.obj
[91/704] Building HIP object src/hipconv/src/arch/cdna4/CMakeFiles/hipconv_arch_cdna4.dir/autoshard/direct_l1_shard5.cpp.obj
[92/704] Building HIP object src/hipconv/src/arch/cdna4/CMakeFiles/hipconv_arch_cdna4.dir/autoshard/patch_embed_shard3.cpp.obj
[93/704] Building HIP object src/hipconv/src/arch/cdna4/CMakeFiles/hipconv_arch_cdna4.dir/autoshard/patch_embed_shard5.cpp.obj
[94/704] Building HIP object src/hipconv/src/arch/cdna4/CMakeFiles/hipconv_arch_cdna4.dir/autoshard/direct_l1_shard3.cpp.obj
[95/704] Building HIP object src/hipconv/src/arch/cdna4/CMakeFiles/hipconv_arch_cdna4.dir/autoshard/patch_embed_shard0.cpp.obj
[96/704] Building HIP object src/hipconv/src/arch/cdna4/CMakeFiles/hipconv_arch_cdna4.dir/autoshard/direct_l1_shard6.cpp.obj
[97/704] Building HIP object src/hipconv/src/arch/cdna4/CMakeFiles/hipconv_arch_cdna4.dir/autoshard/patch_embed_shard1.cpp.obj
[98/704] Building HIP object src/hipconv/src/arch/cdna4/CMakeFiles/hipconv_arch_cdna4.dir/autoshard/direct_l1_shard7.cpp.obj
[99/704] Building HIP object src/hipconv/src/arch/cdna4/CMakeFiles/hipconv_arch_cdna4.dir/autoshard/depthwise_wgrad_hankel_kernel_table.cpp.obj
[100/704] Building HIP object src/hipconv/src/arch/cdna5/CMakeFiles/hipconv_arch_cdna5.dir/depthwise/depthwise_wgrad_hankel/config_matcher.cpp.obj
[101/704] Building HIP object src/hipconv/src/arch/cdna5/CMakeFiles/hipconv_arch_cdna5.dir/depthwise_backend.cpp.obj
[102/704] Building HIP object src/hipconv/src/arch/cdna5/CMakeFiles/hipconv_arch_cdna5.dir/grouped_backend.cpp.obj
[103/704] Building HIP object src/hipconv/src/arch/cdna5/CMakeFiles/hipconv_arch_cdna5.dir/depthwise/depthwise_1d_toeplitz/config_matcher.cpp.obj
[104/704] Building HIP object src/hipconv/src/arch/cdna5/CMakeFiles/hipconv_arch_cdna5.dir/direct/config_matcher.cpp.obj
[105/704] Building HIP object src/hipconv/src/arch/cdna5/CMakeFiles/hipconv_arch_cdna5.dir/direct_backend.cpp.obj
[106/704] Building HIP object src/hipconv/src/arch/cdna5/CMakeFiles/hipconv_arch_cdna5.dir/grouped/reduction.cpp.obj
[107/704] Building HIP object src/hipconv/src/arch/cdna5/CMakeFiles/hipconv_arch_cdna5.dir/depthwise/depthwise_wgrad_hankel/reduction.cpp.obj
[108/704] Building HIP object src/hipconv/src/arch/cdna5/CMakeFiles/hipconv_arch_cdna5.dir/autoshard/direct_kernel_table.cpp.obj
[109/704] Building HIP object src/hipconv/src/arch/cdna5/CMakeFiles/hipconv_arch_cdna5.dir/autoshard/grouped_multi_g_kernel_table.cpp.obj
[110/704] Building HIP object src/hipconv/src/arch/cdna4/CMakeFiles/hipconv_arch_cdna4.dir/autoshard/depthwise_wgrad_hankel_shard1.cpp.obj
[111/704] Building HIP object src/hipconv/src/arch/cdna5/CMakeFiles/hipconv_arch_cdna5.dir/autoshard/direct_shard0.cpp.obj
[112/704] Building HIP object src/hipconv/src/arch/cdna4/CMakeFiles/hipconv_arch_cdna4.dir/autoshard/depthwise_wgrad_hankel_shard5.cpp.obj
[113/704] Building HIP object src/hipconv/src/arch/cdna4/CMakeFiles/hipconv_arch_cdna4.dir/autoshard/depthwise_wgrad_hankel_shard4.cpp.obj
[114/704] Building HIP object src/hipconv/src/arch/cdna4/CMakeFiles/hipconv_arch_cdna4.dir/autoshard/depthwise_wgrad_hankel_shard3.cpp.obj
[115/704] Building HIP object src/hipconv/src/arch/cdna4/CMakeFiles/hipconv_arch_cdna4.dir/autoshard/depthwise_wgrad_hankel_shard0.cpp.obj
[116/704] Building HIP object src/hipconv/src/arch/cdna5/CMakeFiles/hipconv_arch_cdna5.dir/autoshard/direct_shard5.cpp.obj
[117/704] Building HIP object src/hipconv/src/arch/cdna4/CMakeFiles/hipconv_arch_cdna4.dir/autoshard/depthwise_wgrad_hankel_shard2.cpp.obj
[118/704] Building HIP object src/hipconv/src/arch/cdna4/CMakeFiles/hipconv_arch_cdna4.dir/autoshard/depthwise_wgrad_hankel_shard6.cpp.obj
[119/704] Building HIP object src/hipconv/src/arch/cdna4/CMakeFiles/hipconv_arch_cdna4.dir/autoshard/depthwise_wgrad_hankel_shard7.cpp.obj
[120/704] Building HIP object src/hipconv/src/arch/cdna5/CMakeFiles/hipconv_arch_cdna5.dir/autoshard/direct_shard1.cpp.obj
[121/704] Building HIP object src/hipconv/src/arch/cdna5/CMakeFiles/hipconv_arch_cdna5.dir/autoshard/direct_shard2.cpp.obj
[122/704] Building HIP object src/hipconv/src/arch/cdna5/CMakeFiles/hipconv_arch_cdna5.dir/autoshard/direct_shard4.cpp.obj
[123/704] Building HIP object src/hipconv/src/arch/cdna5/CMakeFiles/hipconv_arch_cdna5.dir/autoshard/direct_shard3.cpp.obj
[124/704] Building HIP object src/hipconv/src/arch/cdna5/CMakeFiles/hipconv_arch_cdna5.dir/autoshard/direct_shard6.cpp.obj
[125/704] Building HIP object src/hipconv/src/arch/cdna5/CMakeFiles/hipconv_arch_cdna5.dir/autoshard/grouped_multi_g_shard0.cpp.obj
[126/704] Building HIP object src/hipconv/src/arch/cdna5/CMakeFiles/hipconv_arch_cdna5.dir/autoshard/direct_shard7.cpp.obj
[127/704] Building HIP object src/hipconv/src/arch/cdna4/CMakeFiles/hipconv_arch_cdna4.dir/autoshard/depthwise_1d_toeplitz_shard0.cpp.obj
[128/704] Building HIP object src/hipconv/src/arch/cdna5/CMakeFiles/hipconv_arch_cdna5.dir/autoshard/grouped_multi_g_shard1.cpp.obj
[129/704] Building HIP object src/hipconv/src/arch/cdna4/CMakeFiles/hipconv_arch_cdna4.dir/autoshard/depthwise_1d_toeplitz_shard4.cpp.obj
[130/704] Building HIP object src/hipconv/src/arch/cdna5/CMakeFiles/hipconv_arch_cdna5.dir/autoshard/grouped_multi_g_shard3.cpp.obj
[131/704] Building HIP object src/hipconv/src/arch/cdna4/CMakeFiles/hipconv_arch_cdna4.dir/autoshard/depthwise_1d_toeplitz_shard5.cpp.obj
[132/704] Building HIP object src/hipconv/src/arch/cdna5/CMakeFiles/hipconv_arch_cdna5.dir/autoshard/grouped_multi_g_wgrad_kernel_table.cpp.obj
[133/704] Building HIP object src/hipconv/src/arch/cdna5/CMakeFiles/hipconv_arch_cdna5.dir/autoshard/grouped_multi_g_shard6.cpp.obj
[134/704] Building HIP object src/hipconv/src/arch/cdna5/CMakeFiles/hipconv_arch_cdna5.dir/autoshard/grouped_multi_g_shard5.cpp.obj
[135/704] Building HIP object src/hipconv/src/arch/cdna4/CMakeFiles/hipconv_arch_cdna4.dir/autoshard/depthwise_1d_toeplitz_shard3.cpp.obj
[136/704] Building HIP object src/hipconv/src/arch/cdna5/CMakeFiles/hipconv_arch_cdna5.dir/autoshard/grouped_multi_g_shard7.cpp.obj
[137/704] Building HIP object src/hipconv/src/arch/cdna4/CMakeFiles/hipconv_arch_cdna4.dir/autoshard/depthwise_1d_toeplitz_shard2.cpp.obj
[138/704] Building HIP object src/hipconv/src/arch/cdna5/CMakeFiles/hipconv_arch_cdna5.dir/autoshard/grouped_multi_g_shard2.cpp.obj
[139/704] Building HIP object src/hipconv/src/arch/cdna4/CMakeFiles/hipconv_arch_cdna4.dir/autoshard/depthwise_1d_toeplitz_shard1.cpp.obj
[140/704] Building HIP object src/hipconv/src/arch/cdna5/CMakeFiles/hipconv_arch_cdna5.dir/autoshard/grouped_multi_g_shard4.cpp.obj
[141/704] Building HIP object src/hipconv/src/arch/cdna4/CMakeFiles/hipconv_arch_cdna4.dir/autoshard/depthwise_1d_toeplitz_shard7.cpp.obj
[142/704] Building HIP object src/hipconv/src/arch/cdna4/CMakeFiles/hipconv_arch_cdna4.dir/autoshard/depthwise_1d_toeplitz_shard6.cpp.obj
[143/704] Building HIP object src/hipconv/src/arch/cdna5/CMakeFiles/hipconv_arch_cdna5.dir/autoshard/grouped_multi_g_wgrad_shard2.cpp.obj
[144/704] Building HIP object src/hipconv/src/arch/cdna5/CMakeFiles/hipconv_arch_cdna5.dir/autoshard/grouped_multi_g_wgrad_shard1.cpp.obj
[145/704] Building HIP object src/hipconv/src/arch/cdna5/CMakeFiles/hipconv_arch_cdna5.dir/autoshard/grouped_multi_g_wgrad_shard6.cpp.obj
[146/704] Building HIP object src/hipconv/src/arch/cdna5/CMakeFiles/hipconv_arch_cdna5.dir/autoshard/grouped_multi_g_wgrad_shard3.cpp.obj
[147/704] Building HIP object src/hipconv/src/arch/cdna5/CMakeFiles/hipconv_arch_cdna5.dir/autoshard/grouped_multi_g_wgrad_shard0.cpp.obj
[148/704] Building HIP object src/hipconv/src/arch/cdna5/CMakeFiles/hipconv_arch_cdna5.dir/autoshard/grouped_multi_g_wgrad_shard4.cpp.obj
[149/704] Building HIP object src/hipconv/src/arch/cdna5/CMakeFiles/hipconv_arch_cdna5.dir/autoshard/depthwise_1d_toeplitz_kernel_table.cpp.obj
[150/704] Building HIP object src/hipconv/src/arch/cdna5/CMakeFiles/hipconv_arch_cdna5.dir/autoshard/grouped_multi_g_wgrad_shard5.cpp.obj
[151/704] Building HIP object src/hipconv/src/arch/cdna5/CMakeFiles/hipconv_arch_cdna5.dir/autoshard/grouped_multi_g_wgrad_shard7.cpp.obj
[152/704] Building HIP object src/hipconv/src/arch/cdna5/CMakeFiles/hipconv_arch_cdna5.dir/autoshard/depthwise_wgrad_hankel_kernel_table.cpp.obj
[153/704] Building HIP object src/hipconv/src/arch/cdna5/CMakeFiles/hipconv_arch_cdna5.dir/autoshard/depthwise_wgrad_hankel_shard5.cpp.obj
[154/704] Building HIP object src/hipconv/src/arch/cdna5/CMakeFiles/hipconv_arch_cdna5.dir/autoshard/depthwise_wgrad_hankel_shard4.cpp.obj
[155/704] Building HIP object src/hipconv/src/arch/cdna5/CMakeFiles/hipconv_arch_cdna5.dir/autoshard/depthwise_wgrad_hankel_shard2.cpp.obj
[156/704] Building HIP object src/hipconv/src/arch/cdna5/CMakeFiles/hipconv_arch_cdna5.dir/autoshard/depthwise_wgrad_hankel_shard3.cpp.obj
[157/704] Building HIP object src/hipconv/src/arch/cdna5/CMakeFiles/hipconv_arch_cdna5.dir/autoshard/depthwise_wgrad_hankel_shard6.cpp.obj
[158/704] Building HIP object src/hipconv/src/arch/cdna5/CMakeFiles/hipconv_arch_cdna5.dir/autoshard/depthwise_wgrad_hankel_shard1.cpp.obj
[159/704] Building HIP object src/hipconv/src/arch/cdna5/CMakeFiles/hipconv_arch_cdna5.dir/autoshard/depthwise_wgrad_hankel_shard0.cpp.obj
[160/704] Building HIP object src/hipconv/src/arch/cdna5/CMakeFiles/hipconv_arch_cdna5.dir/autoshard/depthwise_wgrad_hankel_shard7.cpp.obj
[161/704] Building HIP object src/hipconv/src/arch/cdna5/CMakeFiles/hipconv_arch_cdna5.dir/autoshard/depthwise_1d_toeplitz_shard0.cpp.obj
[162/704] Building HIP object src/hipconv/src/arch/cdna5/CMakeFiles/hipconv_arch_cdna5.dir/autoshard/depthwise_1d_toeplitz_shard1.cpp.obj
[163/704] Building HIP object src/hipconv/src/arch/cdna5/CMakeFiles/hipconv_arch_cdna5.dir/autoshard/depthwise_1d_toeplitz_shard2.cpp.obj
[164/704] Building HIP object src/hipconv/src/arch/cdna5/CMakeFiles/hipconv_arch_cdna5.dir/autoshard/depthwise_1d_toeplitz_shard3.cpp.obj
[165/704] Building HIP object src/hipconv/src/arch/cdna5/CMakeFiles/hipconv_arch_cdna5.dir/autoshard/depthwise_1d_toeplitz_shard4.cpp.obj
[166/704] Building HIP object src/hipconv/src/arch/cdna5/CMakeFiles/hipconv_arch_cdna5.dir/autoshard/depthwise_1d_toeplitz_shard6.cpp.obj
[167/704] Building HIP object src/hipconv/src/arch/cdna5/CMakeFiles/hipconv_arch_cdna5.dir/autoshard/depthwise_1d_toeplitz_shard5.cpp.obj
[168/704] Building HIP object src/hipconv/src/arch/cdna5/CMakeFiles/hipconv_arch_cdna5.dir/autoshard/depthwise_1d_toeplitz_shard7.cpp.obj
[169/704] Building HIP object src/hipconv/src/arch/cdna4/CMakeFiles/hipconv_arch_cdna4.dir/autoshard/direct_wgrad_shard6.cpp.obj
In file included from C:/Users/rocm/Desktop/YOLO_AMD/phase5_1_build/miopen/src/hipconv/src/arch/cdna4/autoshard/direct_wgrad_shard6.cpp:2:
In file included from C:/Users/rocm/Desktop/YOLO_AMD/rocm-libraries-phase5.1-candidate/projects/miopen/src/hipconv/src/arch/cdna4\direct/direct_wgrad/kernel.h:11:
In file included from C:/Users/rocm/Desktop/YOLO_AMD/rocm-libraries-phase5.1-candidate/projects/miopen/src/hipconv/src/arch/cdna4\direct/direct_wgrad\epilogue.h:16:
In file included from C:/Users/rocm/Desktop/YOLO_AMD/rocm-libraries-phase5.1-candidate/projects/miopen/src/hipconv/src/arch/cdna4\direct/direct_wgrad\main_loop.h:15:
In file included from C:/Users/rocm/Desktop/YOLO_AMD/rocm-libraries-phase5.1-candidate/projects/miopen/src/hipconv/src/arch/cdna4\direct/direct_wgrad\workgroup_tiles.h:10:
C:/Users/rocm/Desktop/YOLO_AMD/rocm-libraries-phase5.1-candidate/projects/miopen/src/hipconv/src/arch/cdna4\direct/direct_wgrad\row_loader.h:545:7: warning: unknown attribute 'no_unique_address' ignored [-Wunknown-attributes]
  545 |     [[no_unique_address]] std::conditional_t<Tiled, TileState, NoTileState> tile_;
      |       ^~~~~~~~~~~~~~~~~
1 warning generated when compiling for host.
[170/704] Building HIP object src/hipconv/src/arch/cdna4/CMakeFiles/hipconv_arch_cdna4.dir/autoshard/direct_wgrad_shard7.cpp.obj
In file included from C:/Users/rocm/Desktop/YOLO_AMD/phase5_1_build/miopen/src/hipconv/src/arch/cdna4/autoshard/direct_wgrad_shard7.cpp:2:
In file included from C:/Users/rocm/Desktop/YOLO_AMD/rocm-libraries-phase5.1-candidate/projects/miopen/src/hipconv/src/arch/cdna4\direct/direct_wgrad/kernel.h:11:
In file included from C:/Users/rocm/Desktop/YOLO_AMD/rocm-libraries-phase5.1-candidate/projects/miopen/src/hipconv/src/arch/cdna4\direct/direct_wgrad\epilogue.h:16:
In file included from C:/Users/rocm/Desktop/YOLO_AMD/rocm-libraries-phase5.1-candidate/projects/miopen/src/hipconv/src/arch/cdna4\direct/direct_wgrad\main_loop.h:15:
In file included from C:/Users/rocm/Desktop/YOLO_AMD/rocm-libraries-phase5.1-candidate/projects/miopen/src/hipconv/src/arch/cdna4\direct/direct_wgrad\workgroup_tiles.h:10:
C:/Users/rocm/Desktop/YOLO_AMD/rocm-libraries-phase5.1-candidate/projects/miopen/src/hipconv/src/arch/cdna4\direct/direct_wgrad\row_loader.h:545:7: warning: unknown attribute 'no_unique_address' ignored [-Wunknown-attributes]
  545 |     [[no_unique_address]] std::conditional_t<Tiled, TileState, NoTileState> tile_;
      |       ^~~~~~~~~~~~~~~~~
1 warning generated when compiling for host.
[171/704] Building HIP object src/hipconv/src/arch/cdna4/CMakeFiles/hipconv_arch_cdna4.dir/autoshard/direct_wgrad_shard0.cpp.obj
In file included from C:/Users/rocm/Desktop/YOLO_AMD/phase5_1_build/miopen/src/hipconv/src/arch/cdna4/autoshard/direct_wgrad_shard0.cpp:2:
In file included from C:/Users/rocm/Desktop/YOLO_AMD/rocm-libraries-phase5.1-candidate/projects/miopen/src/hipconv/src/arch/cdna4\direct/direct_wgrad/kernel.h:11:
In file included from C:/Users/rocm/Desktop/YOLO_AMD/rocm-libraries-phase5.1-candidate/projects/miopen/src/hipconv/src/arch/cdna4\direct/direct_wgrad\epilogue.h:16:
In file included from C:/Users/rocm/Desktop/YOLO_AMD/rocm-libraries-phase5.1-candidate/projects/miopen/src/hipconv/src/arch/cdna4\direct/direct_wgrad\main_loop.h:15:
In file included from C:/Users/rocm/Desktop/YOLO_AMD/rocm-libraries-phase5.1-candidate/projects/miopen/src/hipconv/src/arch/cdna4\direct/direct_wgrad\workgroup_tiles.h:10:
C:/Users/rocm/Desktop/YOLO_AMD/rocm-libraries-phase5.1-candidate/projects/miopen/src/hipconv/src/arch/cdna4\direct/direct_wgrad\row_loader.h:545:7: warning: unknown attribute 'no_unique_address' ignored [-Wunknown-attributes]
  545 |     [[no_unique_address]] std::conditional_t<Tiled, TileState, NoTileState> tile_;
      |       ^~~~~~~~~~~~~~~~~
1 warning generated when compiling for host.
[172/704] Building HIP object src/hipconv/src/arch/cdna4/CMakeFiles/hipconv_arch_cdna4.dir/autoshard/direct_wgrad_shard4.cpp.obj
In file included from C:/Users/rocm/Desktop/YOLO_AMD/phase5_1_build/miopen/src/hipconv/src/arch/cdna4/autoshard/direct_wgrad_shard4.cpp:2:
In file included from C:/Users/rocm/Desktop/YOLO_AMD/rocm-libraries-phase5.1-candidate/projects/miopen/src/hipconv/src/arch/cdna4\direct/direct_wgrad/kernel.h:11:
In file included from C:/Users/rocm/Desktop/YOLO_AMD/rocm-libraries-phase5.1-candidate/projects/miopen/src/hipconv/src/arch/cdna4\direct/direct_wgrad\epilogue.h:16:
In file included from C:/Users/rocm/Desktop/YOLO_AMD/rocm-libraries-phase5.1-candidate/projects/miopen/src/hipconv/src/arch/cdna4\direct/direct_wgrad\main_loop.h:15:
In file included from C:/Users/rocm/Desktop/YOLO_AMD/rocm-libraries-phase5.1-candidate/projects/miopen/src/hipconv/src/arch/cdna4\direct/direct_wgrad\workgroup_tiles.h:10:
C:/Users/rocm/Desktop/YOLO_AMD/rocm-libraries-phase5.1-candidate/projects/miopen/src/hipconv/src/arch/cdna4\direct/direct_wgrad\row_loader.h:545:7: warning: unknown attribute 'no_unique_address' ignored [-Wunknown-attributes]
  545 |     [[no_unique_address]] std::conditional_t<Tiled, TileState, NoTileState> tile_;
      |       ^~~~~~~~~~~~~~~~~
1 warning generated when compiling for host.
[173/704] Building HIP object src/hipconv/src/arch/cdna4/CMakeFiles/hipconv_arch_cdna4.dir/autoshard/direct_wgrad_shard5.cpp.obj
In file included from C:/Users/rocm/Desktop/YOLO_AMD/phase5_1_build/miopen/src/hipconv/src/arch/cdna4/autoshard/direct_wgrad_shard5.cpp:2:
In file included from C:/Users/rocm/Desktop/YOLO_AMD/rocm-libraries-phase5.1-candidate/projects/miopen/src/hipconv/src/arch/cdna4\direct/direct_wgrad/kernel.h:11:
In file included from C:/Users/rocm/Desktop/YOLO_AMD/rocm-libraries-phase5.1-candidate/projects/miopen/src/hipconv/src/arch/cdna4\direct/direct_wgrad\epilogue.h:16:
In file included from C:/Users/rocm/Desktop/YOLO_AMD/rocm-libraries-phase5.1-candidate/projects/miopen/src/hipconv/src/arch/cdna4\direct/direct_wgrad\main_loop.h:15:
In file included from C:/Users/rocm/Desktop/YOLO_AMD/rocm-libraries-phase5.1-candidate/projects/miopen/src/hipconv/src/arch/cdna4\direct/direct_wgrad\workgroup_tiles.h:10:
C:/Users/rocm/Desktop/YOLO_AMD/rocm-libraries-phase5.1-candidate/projects/miopen/src/hipconv/src/arch/cdna4\direct/direct_wgrad\row_loader.h:545:7: warning: unknown attribute 'no_unique_address' ignored [-Wunknown-attributes]
  545 |     [[no_unique_address]] std::conditional_t<Tiled, TileState, NoTileState> tile_;
      |       ^~~~~~~~~~~~~~~~~
1 warning generated when compiling for host.
[174/704] Building HIP object src/hipconv/src/arch/cdna4/CMakeFiles/hipconv_arch_cdna4.dir/autoshard/direct_wgrad_shard1.cpp.obj
In file included from C:/Users/rocm/Desktop/YOLO_AMD/phase5_1_build/miopen/src/hipconv/src/arch/cdna4/autoshard/direct_wgrad_shard1.cpp:2:
In file included from C:/Users/rocm/Desktop/YOLO_AMD/rocm-libraries-phase5.1-candidate/projects/miopen/src/hipconv/src/arch/cdna4\direct/direct_wgrad/kernel.h:11:
In file included from C:/Users/rocm/Desktop/YOLO_AMD/rocm-libraries-phase5.1-candidate/projects/miopen/src/hipconv/src/arch/cdna4\direct/direct_wgrad\epilogue.h:16:
In file included from C:/Users/rocm/Desktop/YOLO_AMD/rocm-libraries-phase5.1-candidate/projects/miopen/src/hipconv/src/arch/cdna4\direct/direct_wgrad\main_loop.h:15:
In file included from C:/Users/rocm/Desktop/YOLO_AMD/rocm-libraries-phase5.1-candidate/projects/miopen/src/hipconv/src/arch/cdna4\direct/direct_wgrad\workgroup_tiles.h:10:
C:/Users/rocm/Desktop/YOLO_AMD/rocm-libraries-phase5.1-candidate/projects/miopen/src/hipconv/src/arch/cdna4\direct/direct_wgrad\row_loader.h:545:7: warning: unknown attribute 'no_unique_address' ignored [-Wunknown-attributes]
  545 |     [[no_unique_address]] std::conditional_t<Tiled, TileState, NoTileState> tile_;
      |       ^~~~~~~~~~~~~~~~~
1 warning generated when compiling for host.
[175/704] Building HIP object src/hipconv/src/arch/cdna4/CMakeFiles/hipconv_arch_cdna4.dir/autoshard/direct_wgrad_shard2.cpp.obj
In file included from C:/Users/rocm/Desktop/YOLO_AMD/phase5_1_build/miopen/src/hipconv/src/arch/cdna4/autoshard/direct_wgrad_shard2.cpp:2:
In file included from C:/Users/rocm/Desktop/YOLO_AMD/rocm-libraries-phase5.1-candidate/projects/miopen/src/hipconv/src/arch/cdna4\direct/direct_wgrad/kernel.h:11:
In file included from C:/Users/rocm/Desktop/YOLO_AMD/rocm-libraries-phase5.1-candidate/projects/miopen/src/hipconv/src/arch/cdna4\direct/direct_wgrad\epilogue.h:16:
In file included from C:/Users/rocm/Desktop/YOLO_AMD/rocm-libraries-phase5.1-candidate/projects/miopen/src/hipconv/src/arch/cdna4\direct/direct_wgrad\main_loop.h:15:
In file included from C:/Users/rocm/Desktop/YOLO_AMD/rocm-libraries-phase5.1-candidate/projects/miopen/src/hipconv/src/arch/cdna4\direct/direct_wgrad\workgroup_tiles.h:10:
C:/Users/rocm/Desktop/YOLO_AMD/rocm-libraries-phase5.1-candidate/projects/miopen/src/hipconv/src/arch/cdna4\direct/direct_wgrad\row_loader.h:545:7: warning: unknown attribute 'no_unique_address' ignored [-Wunknown-attributes]
  545 |     [[no_unique_address]] std::conditional_t<Tiled, TileState, NoTileState> tile_;
      |       ^~~~~~~~~~~~~~~~~
1 warning generated when compiling for host.
[176/704] Building HIP object src/hipconv/src/arch/cdna4/CMakeFiles/hipconv_arch_cdna4.dir/autoshard/direct_wgrad_shard3.cpp.obj
In file included from C:/Users/rocm/Desktop/YOLO_AMD/phase5_1_build/miopen/src/hipconv/src/arch/cdna4/autoshard/direct_wgrad_shard3.cpp:2:
In file included from C:/Users/rocm/Desktop/YOLO_AMD/rocm-libraries-phase5.1-candidate/projects/miopen/src/hipconv/src/arch/cdna4\direct/direct_wgrad/kernel.h:11:
In file included from C:/Users/rocm/Desktop/YOLO_AMD/rocm-libraries-phase5.1-candidate/projects/miopen/src/hipconv/src/arch/cdna4\direct/direct_wgrad\epilogue.h:16:
In file included from C:/Users/rocm/Desktop/YOLO_AMD/rocm-libraries-phase5.1-candidate/projects/miopen/src/hipconv/src/arch/cdna4\direct/direct_wgrad\main_loop.h:15:
In file included from C:/Users/rocm/Desktop/YOLO_AMD/rocm-libraries-phase5.1-candidate/projects/miopen/src/hipconv/src/arch/cdna4\direct/direct_wgrad\workgroup_tiles.h:10:
C:/Users/rocm/Desktop/YOLO_AMD/rocm-libraries-phase5.1-candidate/projects/miopen/src/hipconv/src/arch/cdna4\direct/direct_wgrad\row_loader.h:545:7: warning: unknown attribute 'no_unique_address' ignored [-Wunknown-attributes]
  545 |     [[no_unique_address]] std::conditional_t<Tiled, TileState, NoTileState> tile_;
      |       ^~~~~~~~~~~~~~~~~
1 warning generated when compiling for host.
[177/704] Linking HIP static library lib\hipconv.lib
[178/704] Inlining kernels batch #29
[179/704] Inlining kernels batch #26
[180/704] Inlining kernels batch #15
[181/704] Inlining kernels batch #19
[182/704] Inlining kernels batch #23
[183/704] Inlining kernels batch #28
[184/704] Inlining kernels batch #0
[185/704] Inlining kernels batch #18
[186/704] Inlining kernels batch #17
[187/704] Inlining kernels batch #32
[188/704] Inlining kernels batch #21
[189/704] Inlining kernels batch #6
[190/704] Inlining kernels batch #22
[191/704] Inlining kernels batch #24
[192/704] Inlining kernels batch #16
[193/704] Inlining kernels batch #31
[194/704] Inlining kernels batch #33
[195/704] Inlining kernels batch #30
[196/704] Inlining kernels batch #20
[197/704] Inlining kernels batch #4
[198/704] Inlining kernels batch #10
[199/704] Inlining kernels batch #25
[200/704] Inlining kernels batch #7
[201/704] Inlining kernels batch #27
[202/704] Inlining kernels batch #13
[203/704] Inlining kernels batch #5
[204/704] Inlining kernels batch #9
[205/704] Inlining kernels batch #8
[206/704] Inlining kernels batch #2
[207/704] Inlining kernels batch #3
[208/704] Inlining kernels batch #14
[209/704] Inlining kernels batch #12
[210/704] Inlining kernels batch #1
[211/704] Inlining kernels batch #11
[212/704] Inlining kernels batch #35
[213/704] Inlining kernels batch #34
[214/704] Inlining kernels batch #39
[215/704] Inlining kernels batch #38
[216/704] Inlining kernels batch #36
[217/704] Inlining kernels batch #46
[218/704] Inlining kernels batch #42
[219/704] Inlining kernels batch #44
[220/704] Inlining kernels batch #37
[221/704] Inlining kernels batch #47
[222/704] Inlining kernels batch #45
[223/704] Inlining kernels batch #40
[224/704] Inlining kernels batch #43
[225/704] Inlining kernels batch #48
[226/704] Inlining kernels batch #65
[227/704] Inlining kernels batch #55
[228/704] Inlining kernels batch #60
[229/704] Inlining kernels batch #62
[230/704] Inlining kernels batch #51
[231/704] Inlining kernels batch #57
[232/704] Inlining kernels batch #53
[233/704] Inlining kernels batch #59
[234/704] Inlining kernels batch #54
[235/704] Inlining kernels batch #56
[236/704] Inlining kernels batch #58
[237/704] Inlining kernels batch #41
[238/704] Inlining kernels batch #63
[239/704] Inlining kernels batch #49
[240/704] Inlining kernels batch #64
[241/704] Inlining kernels batch #67
[242/704] Inlining kernels batch #61
[243/704] Inlining kernels batch #66
[244/704] Inlining kernels batch #52
[245/704] Inlining kernels batch #50
[246/704] Inlining kernels batch #70
[247/704] Inlining kernels batch #68
[248/704] Inlining kernels batch #71
[249/704] Inlining kernels batch #73
[250/704] Inlining kernels batch #72
[251/704] Inlining kernels batch #100
[252/704] Inlining kernels batch #76
[253/704] Inlining kernels batch #77
[254/704] Inlining kernels batch #74
[255/704] Inlining kernels batch #78
[256/704] Inlining kernels batch #75
[257/704] Inlining kernels batch #105 (includes)
[258/704] Inlining kernels batch #69
[259/704] Inlining kernels batch #86
[260/704] Inlining kernels batch #88
[261/704] Inlining kernels batch #103 (includes)
[262/704] Inlining kernels batch #80
[263/704] Inlining kernels batch #104 (includes)
[264/704] Inlining kernels batch #91
[265/704] Inlining kernels batch #92
[266/704] Inlining kernels batch #79
[267/704] Inlining kernels batch #83
[268/704] Inlining kernels batch #81
[269/704] Inlining kernels batch #93
[270/704] Inlining kernels batch #82
[271/704] Inlining kernels batch #87
[272/704] Inlining kernels batch #94
[273/704] Inlining kernels batch #89
[274/704] Inlining kernels batch #90
[275/704] Inlining kernels batch #84
[276/704] Inlining kernels batch #99
[277/704] Inlining kernels batch #85
[278/704] Inlining kernels batch #96
[279/704] Inlining kernels batch #101
[280/704] Inlining kernels batch #95
[281/704] Inlining kernels batch #98
[282/704] Inlining kernels batch #97
[283/704] Inlining kernels batch #108 (includes)
[284/704] Inlining kernels batch #106 (includes)
[285/704] Inlining kernels batch #107 (includes)
[286/704] Inlining kernels batch #102
[287/704] Building CXX object src/CMakeFiles/MIOpen.dir/buffer_info.cpp.obj
[288/704] Building CXX object src/CMakeFiles/MIOpen.dir/activ/problem_description.cpp.obj
[289/704] Building CXX object src/CMakeFiles/MIOpen.dir/adam/problem_description.cpp.obj
[290/704] Building CXX object src/CMakeFiles/MIOpen.dir/cat/problem_description.cpp.obj
[291/704] Building CXX object src/CMakeFiles/MIOpen.dir/db_record.cpp.obj
[292/704] Building CXX object src/CMakeFiles/MIOpen.dir/conv_algo_name.cpp.obj
[293/704] Building CXX object src/CMakeFiles/MIOpen.dir/env_debug.cpp.obj
[294/704] Building CXX object src/CMakeFiles/MIOpen.dir/demangle.cpp.obj
[295/704] Building CXX object src/CMakeFiles/MIOpen.dir/api/tuning.cpp.obj
[296/704] Building CXX object src/CMakeFiles/MIOpen.dir/conv/invokers/wrw_rdc.cpp.obj
[297/704] Building CXX object src/CMakeFiles/MIOpen.dir/__/kernel_includes.cpp.obj
[298/704] Building CXX object src/CMakeFiles/MIOpen.dir/fin/fin_interface.cpp.obj
[299/704] Building CXX object src/CMakeFiles/MIOpen.dir/batch_norm.cpp.obj
[300/704] Building CXX object src/CMakeFiles/MIOpen.dir/addlayernorm_api.cpp.obj
[301/704] Building CXX object src/CMakeFiles/MIOpen.dir/conv/kernel_interface/winograd_kernel_interface.cpp.obj
[302/704] Building CXX object src/CMakeFiles/MIOpen.dir/check_numerics.cpp.obj
[303/704] Building CXX object src/CMakeFiles/MIOpen.dir/cat_api.cpp.obj
[304/704] Building CXX object src/CMakeFiles/MIOpen.dir/activ_api.cpp.obj
[305/704] Building CXX object src/CMakeFiles/MIOpen.dir/adam_api.cpp.obj
[306/704] Building CXX object src/CMakeFiles/MIOpen.dir/conv/invokers/gcn_asm_1x1u_ss.cpp.obj
[307/704] Building CXX object src/CMakeFiles/MIOpen.dir/conv/invokers/gen_x_w_y_pad.cpp.obj
[308/704] Building CXX object src/CMakeFiles/MIOpen.dir/conv/invokers/gcn_asm_1x1u.cpp.obj
[309/704] Building CXX object src/CMakeFiles/MIOpen.dir/__/kernel.cpp.obj
[310/704] Building CXX object src/CMakeFiles/MIOpen.dir/conv/invokers/gcn_asm_1x1u_us.cpp.obj
[311/704] Building CXX object src/CMakeFiles/MIOpen.dir/conv/invokers/impl_gemm.cpp.obj
[312/704] Building CXX object src/CMakeFiles/MIOpen.dir/conv/invokers/gcn_asm_wino.cpp.obj
[313/704] Building CXX object src/CMakeFiles/MIOpen.dir/db.cpp.obj
[314/704] Building CXX object src/CMakeFiles/MIOpen.dir/conv/problem_description.cpp.obj
[315/704] Building CXX object src/CMakeFiles/MIOpen.dir/ctc_api.cpp.obj
[316/704] Building CXX object src/CMakeFiles/MIOpen.dir/batchnorm/problem_description.cpp.obj
[317/704] Building CXX object src/CMakeFiles/MIOpen.dir/env.cpp.obj
[318/704] Building CXX object src/CMakeFiles/MIOpen.dir/expanduser.cpp.obj
[319/704] Building CXX object src/CMakeFiles/MIOpen.dir/batch_norm_api.cpp.obj
[320/704] Building CXX object src/CMakeFiles/MIOpen.dir/dropout.cpp.obj
[321/704] Building CXX object src/CMakeFiles/MIOpen.dir/filesystem_checker.cpp.obj
[322/704] Building CXX object src/CMakeFiles/MIOpen.dir/ctc.cpp.obj
[323/704] Building CXX object src/CMakeFiles/MIOpen.dir/groupnorm/problem_description.cpp.obj
[324/704] Building CXX object src/CMakeFiles/MIOpen.dir/dropout_api.cpp.obj
[325/704] Building CXX object src/CMakeFiles/MIOpen.dir/glu/problem_description.cpp.obj
[326/704] Building CXX object src/CMakeFiles/MIOpen.dir/driver_arguments.cpp.obj
[327/704] Building CXX object src/CMakeFiles/MIOpen.dir/kernel_build_params.cpp.obj
[328/704] Building CXX object src/CMakeFiles/MIOpen.dir/getitem/problem_description.cpp.obj
[329/704] Building CXX object src/CMakeFiles/MIOpen.dir/kernel_warnings.cpp.obj
[330/704] Building CXX object src/CMakeFiles/MIOpen.dir/kthvalue/problem_description.cpp.obj
[331/704] Building CXX object src/CMakeFiles/MIOpen.dir/invoker_cache.cpp.obj
[332/704] Building CXX object src/CMakeFiles/MIOpen.dir/execution_context.cpp.obj
[333/704] Building CXX object src/CMakeFiles/MIOpen.dir/glu_api.cpp.obj
[334/704] Building CXX object src/CMakeFiles/MIOpen.dir/find_controls.cpp.obj
[335/704] Building CXX object src/CMakeFiles/MIOpen.dir/getitem_api.cpp.obj
[336/704] Building CXX object src/CMakeFiles/MIOpen.dir/generic_search.cpp.obj
[337/704] Building CXX object src/CMakeFiles/MIOpen.dir/handle_api.cpp.obj
[338/704] Building CXX object src/CMakeFiles/MIOpen.dir/load_file.cpp.obj
[339/704] Building CXX object src/CMakeFiles/MIOpen.dir/conv/solver_finders.cpp.obj
[340/704] Building CXX object src/CMakeFiles/MIOpen.dir/groupnorm_api.cpp.obj
[341/704] Building CXX object src/CMakeFiles/MIOpen.dir/performance_config.cpp.obj
[342/704] Building CXX object src/CMakeFiles/MIOpen.dir/mha/problem_description.cpp.obj
[343/704] Building CXX object src/CMakeFiles/MIOpen.dir/kthvalue_api.cpp.obj
[344/704] Building CXX object src/CMakeFiles/MIOpen.dir/multimarginloss/problem_description.cpp.obj
[345/704] Building CXX object src/CMakeFiles/MIOpen.dir/logger.cpp.obj
[346/704] Building CXX object src/CMakeFiles/MIOpen.dir/gpu_conv_reference.cpp.obj
[347/704] Building CXX object src/CMakeFiles/MIOpen.dir/prelu/problem_description.cpp.obj
[348/704] Building CXX object src/CMakeFiles/MIOpen.dir/lrn_api.cpp.obj
[349/704] Building CXX object src/CMakeFiles/MIOpen.dir/layernorm_api.cpp.obj
[350/704] Building CXX object src/CMakeFiles/MIOpen.dir/lock_file.cpp.obj
[351/704] Building CXX object src/CMakeFiles/MIOpen.dir/convolution_api.cpp.obj
[352/704] Building CXX object src/CMakeFiles/MIOpen.dir/find_db.cpp.obj
[353/704] Building CXX object src/CMakeFiles/MIOpen.dir/mha/mha_descriptor.cpp.obj
[354/704] Building CXX object src/CMakeFiles/MIOpen.dir/api/find2_0_commons.cpp.obj
[355/704] Building CXX object src/CMakeFiles/MIOpen.dir/layernorm/problem_description.cpp.obj
[356/704] Building CXX object src/CMakeFiles/MIOpen.dir/op_args.cpp.obj
[357/704] Building CXX object src/CMakeFiles/MIOpen.dir/multimarginloss_api.cpp.obj
[358/704] Building CXX object src/CMakeFiles/MIOpen.dir/fused_api.cpp.obj
[359/704] Building CXX object src/CMakeFiles/MIOpen.dir/conv/invokers/impl_gemm_dynamic.cpp.obj
[360/704] Building CXX object src/CMakeFiles/MIOpen.dir/operator.cpp.obj
[361/704] Building CXX object src/CMakeFiles/MIOpen.dir/process.cpp.obj
[362/704] Building CXX object src/CMakeFiles/MIOpen.dir/reduce/problem_description.cpp.obj
[363/704] Building CXX object src/CMakeFiles/MIOpen.dir/readonlyramdb.cpp.obj
[364/704] Building CXX object src/CMakeFiles/MIOpen.dir/pooling/problem_description.cpp.obj
[365/704] Building CXX object src/CMakeFiles/MIOpen.dir/prelu_api.cpp.obj
[366/704] Building CXX object src/CMakeFiles/MIOpen.dir/reducecalculation_api.cpp.obj
[367/704] Building CXX object src/CMakeFiles/MIOpen.dir/ramdb.cpp.obj
[368/704] Building CXX object src/CMakeFiles/MIOpen.dir/pooling_api.cpp.obj
[369/704] Building CXX object src/CMakeFiles/MIOpen.dir/reduceextreme_api.cpp.obj
[370/704] Building CXX object src/CMakeFiles/MIOpen.dir/rope/problem_description.cpp.obj
[371/704] Building CXX object src/CMakeFiles/MIOpen.dir/rnn/Solutions/rnn_transformer.cpp.obj
[372/704] Building CXX object src/CMakeFiles/MIOpen.dir/softmarginloss/problem_description.cpp.obj
[373/704] Building CXX object src/CMakeFiles/MIOpen.dir/rnn.cpp.obj
[374/704] Building CXX object src/CMakeFiles/MIOpen.dir/reducetensor_api.cpp.obj
[375/704] Building CXX object src/CMakeFiles/MIOpen.dir/reducetensor.cpp.obj
[376/704] Building CXX object src/CMakeFiles/MIOpen.dir/fusion/problem_description.cpp.obj
[377/704] Building CXX object src/CMakeFiles/MIOpen.dir/convolution.cpp.obj
[378/704] Building CXX object src/CMakeFiles/MIOpen.dir/rnn/rnn_util.cpp.obj
[379/704] Building CXX object src/CMakeFiles/MIOpen.dir/rnn/selector.cpp.obj
[380/704] Building CXX object src/CMakeFiles/MIOpen.dir/rope_api.cpp.obj
[381/704] Building CXX object src/CMakeFiles/MIOpen.dir/rnn/Solutions/Base/fw_data_modular.cpp.obj
[382/704] Building CXX object src/CMakeFiles/MIOpen.dir/rnn/Solutions/Base/bw_weights_modular.cpp.obj
[383/704] Building CXX object src/CMakeFiles/MIOpen.dir/scalar.cpp.obj
[384/704] Building CXX object src/CMakeFiles/MIOpen.dir/rnn/Solutions/fwd_s_stream.cpp.obj
[385/704] Building CXX object src/CMakeFiles/MIOpen.dir/rnn/Solutions/bwd_s_stream.cpp.obj
[386/704] Building CXX object src/CMakeFiles/MIOpen.dir/rnn/Solutions/Base/bw_data_modular.cpp.obj
[387/704] Building CXX object src/CMakeFiles/MIOpen.dir/rnn/Solutions/bwd_multi_stream.cpp.obj
[388/704] Building CXX object src/CMakeFiles/MIOpen.dir/softmarginloss_api.cpp.obj
[389/704] Building CXX object src/CMakeFiles/MIOpen.dir/rnn/Solutions/bww_multi_stream.cpp.obj
[390/704] Building CXX object src/CMakeFiles/MIOpen.dir/rnn/Solutions/bww_s_steam.cpp.obj
[391/704] Building CXX object src/CMakeFiles/MIOpen.dir/softmax_api.cpp.obj
[392/704] Building CXX object src/CMakeFiles/MIOpen.dir/softmax/problem_description.cpp.obj
[393/704] Building CXX object src/CMakeFiles/MIOpen.dir/rnn_api.cpp.obj
[394/704] Building CXX object src/CMakeFiles/MIOpen.dir/solver/activ/bwd_1.cpp.obj
[395/704] Building CXX object src/CMakeFiles/MIOpen.dir/solver/activ/bwd_0.cpp.obj
[396/704] Building CXX object src/CMakeFiles/MIOpen.dir/solver/activ/fwd_0.cpp.obj
[397/704] Building CXX object src/CMakeFiles/MIOpen.dir/solver/activ/fwd_1.cpp.obj
[398/704] Building CXX object src/CMakeFiles/MIOpen.dir/solver/adam/adam.cpp.obj
[399/704] Building CXX object src/CMakeFiles/MIOpen.dir/solver/adam/transformers_adam_w.cpp.obj
[400/704] Building CXX object src/CMakeFiles/MIOpen.dir/solver/cat/forward_cat.cpp.obj
[401/704] Building CXX object src/CMakeFiles/MIOpen.dir/solver/batchnorm/forward_inference.cpp.obj
[402/704] Building CXX object src/CMakeFiles/MIOpen.dir/solver/batchnorm/backward_per_activation.cpp.obj
[403/704] Building CXX object src/CMakeFiles/MIOpen.dir/solver/batchnorm/forward_per_activation.cpp.obj
[404/704] Building CXX object src/CMakeFiles/MIOpen.dir/fusion.cpp.obj
[405/704] Building CXX object src/CMakeFiles/MIOpen.dir/solver/conv/conv_asm_5x10u2v2b1.cpp.obj
[406/704] Building CXX object src/CMakeFiles/MIOpen.dir/softmax.cpp.obj
[407/704] Building CXX object src/CMakeFiles/MIOpen.dir/problem.cpp.obj
[408/704] Building CXX object src/CMakeFiles/MIOpen.dir/solver/conv/conv_asm_5x10u2v2f1.cpp.obj
[409/704] Building CXX object src/CMakeFiles/MIOpen.dir/solver/batchnorm/backward_per_activation_fused.cpp.obj
[410/704] Building CXX object src/CMakeFiles/MIOpen.dir/solver/conv/conv_asm_implicit_gemm_bwd_v4r1_dynamic.cpp.obj
[411/704] Building CXX object src/CMakeFiles/MIOpen.dir/solver/conv/conv_asm_7x7c3h224w224k64u2v2p3q3f1.cpp.obj
[412/704] Building CXX object src/CMakeFiles/MIOpen.dir/solver/batchnorm/backward_spatial.cpp.obj
[413/704] Building CXX object src/CMakeFiles/MIOpen.dir/solver/batchnorm/forward_inference_fused.cpp.obj
[414/704] Building CXX object src/CMakeFiles/MIOpen.dir/solver/batchnorm/forward_per_activation_fused.cpp.obj
[415/704] Building CXX object src/CMakeFiles/MIOpen.dir/solver/conv/conv_asm_1x1u_stride2.cpp.obj
[416/704] Building CXX object src/CMakeFiles/MIOpen.dir/solver/batchnorm/forward_spatial.cpp.obj
[417/704] Building CXX object src/CMakeFiles/MIOpen.dir/solver/conv/conv_asm_implicit_gemm_gtc_bwd.cpp.obj
[418/704] Building CXX object src/CMakeFiles/MIOpen.dir/solver/conv/conv_asm_implicit_gemm_gtc_perf_config.cpp.obj
[419/704] Building CXX object src/CMakeFiles/MIOpen.dir/solver/conv/conv_asm_dir_BwdWrW3x3.cpp.obj
[420/704] Building CXX object src/CMakeFiles/MIOpen.dir/solution.cpp.obj
[421/704] Building CXX object src/CMakeFiles/MIOpen.dir/solver/conv/conv_bin_wino3x3U.cpp.obj
[422/704] Building CXX object src/CMakeFiles/MIOpen.dir/solver/conv/conv_asm_1x1u.cpp.obj
[423/704] Building CXX object src/CMakeFiles/MIOpen.dir/solver/conv/conv_asm_3x3u.cpp.obj
[424/704] Building CXX object src/CMakeFiles/MIOpen.dir/solver/conv/conv_asm_implicit_gemm_wrw_gtc_dynamic_xdlops.cpp.obj
[425/704] Building CXX object src/CMakeFiles/MIOpen.dir/solver/conv/conv_asm_implicit_gemm_wrw_v4r1_dynamic.cpp.obj
[426/704] Building CXX object src/CMakeFiles/MIOpen.dir/solver/conv/conv_asm_dir_BwdWrW1x1.cpp.obj
[427/704] Building CXX object src/CMakeFiles/MIOpen.dir/solver/conv/conv_direct_naive_conv_bwd.cpp.obj
[428/704] Building CXX object src/CMakeFiles/MIOpen.dir/solver/conv/conv_asm_implicit_gemm_gtc_fwd_nchwc.cpp.obj
[429/704] Building CXX object src/CMakeFiles/MIOpen.dir/solver/conv/conv_asm_implicit_gemm_gtc_bwd_nhwc.cpp.obj
[430/704] Building CXX object src/CMakeFiles/MIOpen.dir/solver/conv/conv_direct_naive_conv_fwd.cpp.obj
[431/704] Building CXX object src/CMakeFiles/MIOpen.dir/solver/conv/conv_asm_implicit_gemm_gtc_fwd.cpp.obj
[432/704] Building CXX object src/CMakeFiles/MIOpen.dir/solver/conv/conv_asm_implicit_gemm_v4r1_dynamic.cpp.obj
[433/704] Building CXX object src/CMakeFiles/MIOpen.dir/solver/conv/conv_direct_naive_conv.cpp.obj
[434/704] Building CXX object src/CMakeFiles/MIOpen.dir/solver/conv/conv_asm_implicit_gemm_gtc_fwd_nhwc.cpp.obj
[435/704] Building CXX object src/CMakeFiles/MIOpen.dir/solver/conv/conv_bin_winoRxS.cpp.obj
[436/704] Building CXX object src/CMakeFiles/MIOpen.dir/solver/conv/conv_asm_implicit_gemm_gtc_wrw_nhwc.cpp.obj
[437/704] Building CXX object src/CMakeFiles/MIOpen.dir/solver/conv/conv_direct_naive_conv_wrw.cpp.obj
[438/704] Building CXX object src/CMakeFiles/MIOpen.dir/solver/ck_impl_lib_loader.cpp.obj
[439/704] Building CXX object src/CMakeFiles/MIOpen.dir/solver/conv/conv_hip_implicit_gemm_nonxdlops_common.cpp.obj
[440/704] Building CXX object src/CMakeFiles/MIOpen.dir/solver/conv/conv_hip_implicit_gemm_fwd_v4r4.cpp.obj
[441/704] Building CXX object src/CMakeFiles/MIOpen.dir/solver/conv/conv_hip_implicit_gemm_grouped_fwd_xdlops.cpp.obj
[442/704] Building CXX object src/CMakeFiles/MIOpen.dir/solver/conv/conv_hip_implicit_gemm_bwd_v4r1_xdlops.cpp.obj
[443/704] Building CXX object src/CMakeFiles/MIOpen.dir/solver/conv/conv_hip_implicit_gemm_bwd_v1r1.cpp.obj
[444/704] Building CXX object src/CMakeFiles/MIOpen.dir/solver/conv/conv_hip_implicit_gemm_grouped_bwd_xdlops.cpp.obj
[445/704] Building CXX object src/CMakeFiles/MIOpen.dir/solver/conv/conv_hip_implicit_gemm_grouped_wrw_xdlops.cpp.obj
[446/704] Building CXX object src/CMakeFiles/MIOpen.dir/solver/conv/conv_hip_implicit_gemm_fwd_v4r4_xdlops_padded_gemm.cpp.obj
[447/704] Building CXX object src/CMakeFiles/MIOpen.dir/solver/conv/conv_hip_implicit_gemm_fwd_v4r5_xdlops.cpp.obj
[448/704] Building CXX object src/CMakeFiles/MIOpen.dir/solver/conv/conv_hip_implicit_gemm_3d_grouped_fwd_xdlops.cpp.obj
[449/704] Building CXX object src/CMakeFiles/MIOpen.dir/solver/conv/conv_hip_implicit_gemm_fwd_v4r4_xdlops.cpp.obj
[450/704] Building CXX object src/CMakeFiles/MIOpen.dir/solver/conv/conv_hip_implicit_gemm_3d_grouped_wrw_xdlops.cpp.obj
[451/704] Building CXX object src/CMakeFiles/MIOpen.dir/solver/conv/conv_hip_implicit_gemm_3d_grouped_bwd_xdlops.cpp.obj
[452/704] Building CXX object src/CMakeFiles/MIOpen.dir/solver/conv/conv_mlir_igemm_bwd.cpp.obj
[453/704] Building CXX object src/CMakeFiles/MIOpen.dir/solver/conv/conv_mlir_igemm_fwd.cpp.obj
[454/704] Building CXX object src/CMakeFiles/MIOpen.dir/solver/conv/conv_mlir_igemm_bwd_xdlops.cpp.obj
[455/704] Building CXX object src/CMakeFiles/MIOpen.dir/solver/conv/conv_hip_implicit_gemm_wrw_v4r4.cpp.obj
[456/704] Building CXX object src/CMakeFiles/MIOpen.dir/solver/conv/conv_hip_implicit_gemm_fwd_v4r1.cpp.obj
[457/704] Building CXX object src/CMakeFiles/MIOpen.dir/solver/conv/conv_hip_implicit_gemm_wrw_v4r4_xdlops_padded_gemm.cpp.obj
[458/704] Building CXX object src/CMakeFiles/MIOpen.dir/solver/conv/conv_hip_implicit_gemm_wrw_v4r4_xdlops.cpp.obj
[459/704] Building CXX object src/CMakeFiles/MIOpen.dir/solver/conv/gemm_common.cpp.obj
[460/704] Building CXX object src/CMakeFiles/MIOpen.dir/solver/conv/conv_hip_dir2Dfwd.cpp.obj
[461/704] Building CXX object src/CMakeFiles/MIOpen.dir/solver/conv/conv_mlir_igemm_wrw_xdlops.cpp.obj
[462/704] Building CXX object src/CMakeFiles/MIOpen.dir/solver/conv/conv_mlir_igemm_wrw.cpp.obj
[463/704] Building CXX object src/CMakeFiles/MIOpen.dir/solver/conv/fft.cpp.obj
[464/704] Building CXX object src/CMakeFiles/MIOpen.dir/solver/conv/conv_hip_dir2D_bwdWrW_53.cpp.obj
[465/704] Building CXX object src/CMakeFiles/MIOpen.dir/solver/conv/conv_hip_dir2D11x11.cpp.obj
[466/704] Building CXX object src/CMakeFiles/MIOpen.dir/solver/conv/conv_mlir_igemm_fwd_xdlops.cpp.obj
[467/704] Building CXX object src/CMakeFiles/MIOpen.dir/solver/conv/conv_hip_dir2Dfwd_exhaustive_search.cpp.obj
[468/704] Building CXX object src/CMakeFiles/MIOpen.dir/solver/conv/conv_wino_fury_RxS.cpp.obj
[469/704] Building CXX object src/CMakeFiles/MIOpen.dir/solver/glu/forward_glu.cpp.obj
[470/704] Building CXX object src/CMakeFiles/MIOpen.dir/solver/glu/backward_glu.cpp.obj
[471/704] Building CXX object src/CMakeFiles/MIOpen.dir/solver/getitem/backward_getitem.cpp.obj
[472/704] Building CXX object src/CMakeFiles/MIOpen.dir/solver/groupnorm/forward_groupnorm.cpp.obj
[473/704] Building CXX object src/CMakeFiles/MIOpen.dir/solver/conv/conv_3d_depthwise_fwd.cpp.obj
[474/704] Building CXX object src/CMakeFiles/MIOpen.dir/solver/conv/conv_wino_rage_RxS.cpp.obj
[475/704] Building CXX object src/CMakeFiles/MIOpen.dir/solver/kthvalue/forward_kthvalue.cpp.obj
[476/704] Building CXX object src/CMakeFiles/MIOpen.dir/solver/conv/gemm.cpp.obj
[477/704] Building CXX object src/CMakeFiles/MIOpen.dir/solver/conv/gemm_wrw.cpp.obj
[478/704] Building CXX object src/CMakeFiles/MIOpen.dir/solver/layernorm/common_layernorm.cpp.obj
[479/704] Building CXX object src/CMakeFiles/MIOpen.dir/solver/layernorm/backward_layernorm.cpp.obj
[480/704] Building CXX object src/CMakeFiles/MIOpen.dir/solver/mha/mha_solver_forward.cpp.obj
[481/704] Building CXX object src/CMakeFiles/MIOpen.dir/solver/mha/mha_solver_backward.cpp.obj
[482/704] Building CXX object src/CMakeFiles/MIOpen.dir/solver/layernorm/forward_layernorm.cpp.obj
[483/704] Building CXX object src/CMakeFiles/MIOpen.dir/solver/layernorm/forward_t5layernorm.cpp.obj
[484/704] Building CXX object src/CMakeFiles/MIOpen.dir/solver/conv/conv_MP_bidirectional_winograd.cpp.obj
[485/704] Building CXX object src/CMakeFiles/MIOpen.dir/solver/layernorm/forward_addlayernorm.cpp.obj
[486/704] Building CXX object src/CMakeFiles/MIOpen.dir/solver/conv/gemm_bwd.cpp.obj
[487/704] Building CXX object src/CMakeFiles/MIOpen.dir/solver/multimarginloss/forward_multimarginloss.cpp.obj
[488/704] Building CXX object src/CMakeFiles/MIOpen.dir/solver/layernorm/backward_t5layernorm.cpp.obj
[489/704] Building CXX object src/CMakeFiles/MIOpen.dir/solver/conv/conv_winoRxS.cpp.obj
[490/704] Building CXX object src/CMakeFiles/MIOpen.dir/solver/conv_ck_igemm_grp_fwd_activ_fused.cpp.obj
[491/704] Building CXX object src/CMakeFiles/MIOpen.dir/solver/conv_asm_1x1u_bias_activ_fused.cpp.obj
[492/704] Building CXX object src/CMakeFiles/MIOpen.dir/solver/conv_ck_igemm_fwd_bias_activ_fused.cpp.obj
[493/704] Building CXX object src/CMakeFiles/MIOpen.dir/solver/conv_winoRxS_fused.cpp.obj
[494/704] Building CXX object src/CMakeFiles/MIOpen.dir/solver/conv/conv_ck_grouped_conv_fwd.cpp.obj
[495/704] Building CXX object src/CMakeFiles/MIOpen.dir/solver/conv_hip_dir2Dfwd_fused.cpp.obj
[496/704] Building CXX object src/CMakeFiles/MIOpen.dir/solver/conv_ck_igemm_grp_fwd_bias_activ_fused.cpp.obj
[497/704] Building CXX object src/CMakeFiles/MIOpen.dir/solver/pooling/forward2d.cpp.obj
[498/704] Building CXX object src/CMakeFiles/MIOpen.dir/solver/pooling/forwardNaive.cpp.obj
[499/704] Building CXX object src/CMakeFiles/MIOpen.dir/solver/conv_ck_igemm_fwd_bias_res_add_activ_fused.cpp.obj
[500/704] Building CXX object src/CMakeFiles/MIOpen.dir/solver/prelu/backward_prelu_single_weight.cpp.obj
[501/704] Building CXX object src/CMakeFiles/MIOpen.dir/solver/reduce/forward_argmax.cpp.obj
[502/704] Building CXX object src/CMakeFiles/MIOpen.dir/solver/prelu/utils.cpp.obj
[503/704] Building CXX object src/CMakeFiles/MIOpen.dir/solver/prelu/backward_prelu_multi_weights.cpp.obj
[504/704] Building CXX object src/CMakeFiles/MIOpen.dir/subbuffers.cpp.obj
[505/704] Building CXX object src/CMakeFiles/MIOpen.dir/solver/reduce/forward_min.cpp.obj
[506/704] Building CXX object src/CMakeFiles/MIOpen.dir/solver/pooling/backwardNd.cpp.obj
[507/704] Building CXX object src/CMakeFiles/MIOpen.dir/solver/pooling/forwardNd.cpp.obj
[508/704] Building CXX object src/CMakeFiles/MIOpen.dir/solver/reduce/forward_argmin.cpp.obj
[509/704] Building CXX object src/CMakeFiles/MIOpen.dir/solver/pooling/performanceConfigNd.cpp.obj
[510/704] Building CXX object src/CMakeFiles/MIOpen.dir/solver/pooling/backward2d.cpp.obj
[511/704] Building CXX object src/CMakeFiles/MIOpen.dir/solver/rope/forward_rope.cpp.obj
[512/704] Building CXX object src/CMakeFiles/MIOpen.dir/sysinfo_utils.cpp.obj
[513/704] Building CXX object src/CMakeFiles/MIOpen.dir/solver/reduce/forward_max.cpp.obj
[514/704] Building CXX object src/CMakeFiles/MIOpen.dir/solver/reduce/forward_sum.cpp.obj
[515/704] Building CXX object src/CMakeFiles/MIOpen.dir/solver/pooling/performanceConfig2d.cpp.obj
[516/704] Building CXX object src/CMakeFiles/MIOpen.dir/solver/rope/backward_rope.cpp.obj
[517/704] Building CXX object src/CMakeFiles/MIOpen.dir/solver/reduce/forward_prod.cpp.obj
[518/704] Building CXX object src/CMakeFiles/MIOpen.dir/solver/softmarginloss/forward_softmarginloss.cpp.obj
[519/704] Building CXX object src/CMakeFiles/MIOpen.dir/solver/softmarginloss/backward_softmarginloss.cpp.obj
[520/704] Building CXX object src/CMakeFiles/MIOpen.dir/tensorOp/problem_description.cpp.obj
[521/704] Building CXX object src/CMakeFiles/MIOpen.dir/temp_file.cpp.obj
[522/704] Building CXX object src/CMakeFiles/MIOpen.dir/md5.cpp.obj
[523/704] Building CXX object src/CMakeFiles/MIOpen.dir/unique_path.cpp.obj
[524/704] Building CXX object src/CMakeFiles/MIOpen.dir/solver/softmax/attn_softmax.cpp.obj
[525/704] Building CXX object src/CMakeFiles/MIOpen.dir/solver/tensorOp/Op1dTensorGeneric.cpp.obj
[526/704] Building CXX object src/CMakeFiles/MIOpen.dir/bz2.cpp.obj
[527/704] Building CXX object src/CMakeFiles/MIOpen.dir/solver/tensorOp/Op2dTensorLite.cpp.obj
[528/704] Building CXX object src/CMakeFiles/MIOpen.dir/solver/tensorOp/Op4dTensorLite.cpp.obj
[529/704] Building CXX object src/CMakeFiles/MIOpen.dir/solver/softmax/softmax.cpp.obj
[530/704] Building CXX object src/CMakeFiles/MIOpen.dir/target_properties.cpp.obj
[531/704] Building CXX object src/CMakeFiles/MIOpen.dir/solver/tensorOp/Op2dTensorGeneric.cpp.obj
[532/704] Building CXX object src/CMakeFiles/MIOpen.dir/solver/tensorOp/Op3dTensorGeneric.cpp.obj
[533/704] Building CXX object src/CMakeFiles/MIOpen.dir/solver/softmax/softmax_noncontiguous.cpp.obj
[534/704] Building CXX object src/CMakeFiles/MIOpen.dir/t5layernorm_api.cpp.obj
[535/704] Building CXX object src/CMakeFiles/MIOpen.dir/tmp_dir.cpp.obj
[536/704] Building CXX object src/CMakeFiles/MIOpen.dir/solver/conv/conv_multipass_wino3x3WrW.cpp.obj
[537/704] Building CXX object src/CMakeFiles/MIOpen.dir/solver/tensorOp/Op2dTensorSquash.cpp.obj
[538/704] Building CXX object src/CMakeFiles/MIOpen.dir/transformers_adam_w_api.cpp.obj
[539/704] Building CXX object src/CMakeFiles/MIOpen.dir/exec_utils.cpp.obj
[540/704] Building CXX object src/CMakeFiles/MIOpen.dir/solver/tensorOp/Op4dTensorGeneric.cpp.obj
[541/704] Building CXX object src/CMakeFiles/MIOpen.dir/solver/tensorOp/OpTensorFwdBias.cpp.obj
[542/704] Building CXX object src/CMakeFiles/MIOpen.dir/activ.cpp.obj
[543/704] Building CXX object src/CMakeFiles/MIOpen.dir/solver/tensorOp/Op5dTensorGeneric.cpp.obj
[544/704] Building CXX object src/CMakeFiles/MIOpen.dir/kern_db.cpp.obj
[545/704] Building CXX object src/CMakeFiles/MIOpen.dir/solver/tensorOp/OpTensorLeadingOnes.cpp.obj
[546/704] Building CXX object src/CMakeFiles/MIOpen.dir/binary_cache.cpp.obj
[547/704] Building CXX object src/CMakeFiles/MIOpen.dir/seq_tensor.cpp.obj
[548/704] Building CXX object src/CMakeFiles/MIOpen.dir/tensor_api.cpp.obj
[549/704] Building CXX object src/CMakeFiles/MIOpen.dir/sqlite_db.cpp.obj
[550/704] Building CXX object src/CMakeFiles/MIOpen.dir/hip/gcn_asm_utils.cpp.obj
[551/704] Building CXX object src/CMakeFiles/MIOpen.dir/lrn.cpp.obj
[552/704] Building CXX object src/CMakeFiles/MIOpen.dir/adam.cpp.obj
[553/704] Building CXX object src/CMakeFiles/MIOpen.dir/kernel_cache.cpp.obj
[554/704] Building CXX object src/CMakeFiles/MIOpen.dir/cat.cpp.obj
[555/704] Building CXX object src/CMakeFiles/MIOpen.dir/glu.cpp.obj
[556/704] Building CXX object src/CMakeFiles/MIOpen.dir/getitem.cpp.obj
[557/704] Building CXX object src/CMakeFiles/MIOpen.dir/addlayernorm.cpp.obj
[558/704] Building CXX object src/CMakeFiles/MIOpen.dir/hip/fusionopconvocl.cpp.obj
[559/704] Building CXX object src/CMakeFiles/MIOpen.dir/groupnorm.cpp.obj
[560/704] Building CXX object src/CMakeFiles/MIOpen.dir/hip/hip_build_utils.cpp.obj
[561/704] Building CXX object src/CMakeFiles/MIOpen.dir/kthvalue.cpp.obj
[562/704] Building CXX object src/CMakeFiles/MIOpen.dir/multimarginloss.cpp.obj
[563/704] Building CXX object src/CMakeFiles/MIOpen.dir/hip/activ_ocl.cpp.obj
[564/704] Building CXX object src/CMakeFiles/MIOpen.dir/hip/fusionopbiasbnactivocl.cpp.obj
[565/704] Building CXX object src/CMakeFiles/MIOpen.dir/hip/dropoutocl.cpp.obj
[566/704] Building CXX object src/CMakeFiles/MIOpen.dir/hip/hiperrors.cpp.obj
[567/704] Building CXX object src/CMakeFiles/MIOpen.dir/hip/lrn_ocl.cpp.obj
[568/704] Building CXX object src/CMakeFiles/MIOpen.dir/hip/general_tensor_reorder_sol.cpp.obj
[569/704] Building CXX object src/CMakeFiles/MIOpen.dir/hip/mloNorm.cpp.obj
[570/704] Building CXX object src/CMakeFiles/MIOpen.dir/hip/batched_transpose_sol.cpp.obj
[571/704] Building CXX object src/CMakeFiles/MIOpen.dir/hipoc/hipoc_program.cpp.obj
[572/704] Building CXX object src/CMakeFiles/MIOpen.dir/reduceextreme.cpp.obj
[573/704] Building CXX object src/CMakeFiles/MIOpen.dir/rope.cpp.obj
[574/704] Building CXX object src/CMakeFiles/MIOpen.dir/reducecalculation.cpp.obj
[575/704] Building CXX object src/CMakeFiles/MIOpen.dir/__/inlined_kernels/batch_0.cpp.obj
[576/704] Building CXX object src/CMakeFiles/MIOpen.dir/__/db_path.cpp.obj
[577/704] Building CXX object src/CMakeFiles/MIOpen.dir/prelu.cpp.obj
[578/704] Building CXX object src/CMakeFiles/MIOpen.dir/transformers_adam_w.cpp.obj
[579/704] Building CXX object src/CMakeFiles/MIOpen.dir/solver/conv/conv_hipconv.cpp.obj
[580/704] Building CXX object src/CMakeFiles/MIOpen.dir/hip/utilocl.cpp.obj
[581/704] Building CXX object src/CMakeFiles/MIOpen.dir/t5layernorm.cpp.obj
[582/704] Building CXX object src/CMakeFiles/MIOpen.dir/hipoc/hipoc_kernel.cpp.obj
[583/704] Building CXX object src/CMakeFiles/MIOpen.dir/hip/batchnormocl.cpp.obj
[584/704] Building CXX object src/CMakeFiles/MIOpen.dir/hip/rnnocl.cpp.obj
[585/704] Building CXX object src/CMakeFiles/MIOpen.dir/softmarginloss.cpp.obj
[586/704] Building CXX object src/CMakeFiles/MIOpen.dir/gemm_v2.cpp.obj
[587/704] Building CXX object src/CMakeFiles/MIOpen.dir/__/inlined_kernels/batch_4.cpp.obj
[588/704] Building CXX object src/CMakeFiles/MIOpen.dir/__/inlined_kernels/batch_3.cpp.obj
[589/704] Building CXX object src/CMakeFiles/MIOpen.dir/__/inlined_kernels/batch_1.cpp.obj
[590/704] Building CXX object src/CMakeFiles/MIOpen.dir/hip/handlehip.cpp.obj
[591/704] Building CXX object src/CMakeFiles/MIOpen.dir/layernorm.cpp.obj
[592/704] Building CXX object src/CMakeFiles/MIOpen.dir/__/inlined_kernels/batch_2.cpp.obj
[593/704] Building CXX object src/CMakeFiles/MIOpen.dir/__/inlined_kernels/batch_6.cpp.obj
[594/704] Building CXX object src/CMakeFiles/MIOpen.dir/__/inlined_kernels/batch_8.cpp.obj
[595/704] Building CXX object src/CMakeFiles/MIOpen.dir/__/inlined_kernels/batch_7.cpp.obj
[596/704] Building CXX object src/CMakeFiles/MIOpen.dir/hip/convolutionocl.cpp.obj
[597/704] Building CXX object src/CMakeFiles/MIOpen.dir/__/inlined_kernels/batch_5.cpp.obj
[598/704] Building CXX object src/CMakeFiles/MIOpen.dir/__/inlined_kernels/batch_10.cpp.obj
[599/704] Building CXX object src/CMakeFiles/MIOpen.dir/__/inlined_kernels/batch_9.cpp.obj
[600/704] Building CXX object src/CMakeFiles/MIOpen.dir/__/inlined_kernels/batch_13.cpp.obj
[601/704] Building CXX object src/CMakeFiles/MIOpen.dir/tensor.cpp.obj
[602/704] Building CXX object src/CMakeFiles/MIOpen.dir/__/inlined_kernels/batch_29.cpp.obj
[603/704] Building CXX object src/CMakeFiles/MIOpen.dir/__/inlined_kernels/batch_18.cpp.obj
[604/704] Building CXX object src/CMakeFiles/MIOpen.dir/__/inlined_kernels/batch_15.cpp.obj
[605/704] Building CXX object src/CMakeFiles/MIOpen.dir/__/inlined_kernels/batch_11.cpp.obj
[606/704] Building CXX object src/CMakeFiles/MIOpen.dir/__/inlined_kernels/batch_14.cpp.obj
[607/704] Building CXX object src/CMakeFiles/MIOpen.dir/__/inlined_kernels/batch_24.cpp.obj
[608/704] Building CXX object src/CMakeFiles/MIOpen.dir/__/inlined_kernels/batch_17.cpp.obj
[609/704] Building CXX object src/CMakeFiles/MIOpen.dir/__/inlined_kernels/batch_26.cpp.obj
[610/704] Building CXX object src/CMakeFiles/MIOpen.dir/__/inlined_kernels/batch_23.cpp.obj
[611/704] Building CXX object src/CMakeFiles/MIOpen.dir/__/inlined_kernels/batch_12.cpp.obj
[612/704] Building CXX object src/CMakeFiles/MIOpen.dir/__/inlined_kernels/batch_22.cpp.obj
[613/704] Building CXX object src/CMakeFiles/MIOpen.dir/__/inlined_kernels/batch_21.cpp.obj
[614/704] Building CXX object src/CMakeFiles/MIOpen.dir/__/inlined_kernels/batch_16.cpp.obj
[615/704] Building CXX object src/CMakeFiles/MIOpen.dir/__/inlined_kernels/batch_28.cpp.obj
[616/704] Building CXX object src/CMakeFiles/MIOpen.dir/__/inlined_kernels/batch_32.cpp.obj
[617/704] Building CXX object src/CMakeFiles/MIOpen.dir/__/inlined_kernels/batch_31.cpp.obj
[618/704] Building CXX object src/CMakeFiles/MIOpen.dir/__/inlined_kernels/batch_25.cpp.obj
[619/704] Building CXX object src/CMakeFiles/MIOpen.dir/__/inlined_kernels/batch_19.cpp.obj
[620/704] Building CXX object src/CMakeFiles/MIOpen.dir/__/inlined_kernels/batch_34.cpp.obj
[621/704] Building CXX object src/CMakeFiles/MIOpen.dir/__/inlined_kernels/batch_27.cpp.obj
[622/704] Building CXX object src/CMakeFiles/MIOpen.dir/__/inlined_kernels/batch_20.cpp.obj
[623/704] Building CXX object src/CMakeFiles/MIOpen.dir/__/inlined_kernels/batch_33.cpp.obj
[624/704] Building CXX object src/CMakeFiles/MIOpen.dir/__/inlined_kernels/batch_39.cpp.obj
[625/704] Building CXX object src/CMakeFiles/MIOpen.dir/__/inlined_kernels/batch_35.cpp.obj
[626/704] Building CXX object src/CMakeFiles/MIOpen.dir/__/inlined_kernels/batch_30.cpp.obj
[627/704] Building CXX object src/CMakeFiles/MIOpen.dir/__/inlined_kernels/batch_36.cpp.obj
[628/704] Building CXX object src/CMakeFiles/MIOpen.dir/__/inlined_kernels/batch_37.cpp.obj
[629/704] Building CXX object src/CMakeFiles/MIOpen.dir/__/inlined_kernels/batch_38.cpp.obj
[630/704] Building CXX object src/CMakeFiles/MIOpen.dir/__/inlined_kernels/batch_46.cpp.obj
[631/704] Building CXX object src/CMakeFiles/MIOpen.dir/__/inlined_kernels/batch_42.cpp.obj
[632/704] Building CXX object src/CMakeFiles/MIOpen.dir/__/inlined_kernels/batch_40.cpp.obj
[633/704] Building CXX object src/CMakeFiles/MIOpen.dir/__/inlined_kernels/batch_44.cpp.obj
[634/704] Building CXX object src/CMakeFiles/MIOpen.dir/__/inlined_kernels/batch_47.cpp.obj
[635/704] Building CXX object src/CMakeFiles/MIOpen.dir/__/inlined_kernels/batch_43.cpp.obj
[636/704] Building CXX object src/CMakeFiles/MIOpen.dir/__/inlined_kernels/batch_45.cpp.obj
[637/704] Building CXX object src/CMakeFiles/MIOpen.dir/__/inlined_kernels/batch_48.cpp.obj
[638/704] Building CXX object src/CMakeFiles/MIOpen.dir/__/inlined_kernels/batch_41.cpp.obj
[639/704] Building CXX object src/CMakeFiles/MIOpen.dir/__/inlined_kernels/batch_55.cpp.obj
[640/704] Building CXX object src/CMakeFiles/MIOpen.dir/__/inlined_kernels/batch_53.cpp.obj
[641/704] Building CXX object src/CMakeFiles/MIOpen.dir/__/inlined_kernels/batch_49.cpp.obj
[642/704] Building CXX object src/CMakeFiles/MIOpen.dir/__/inlined_kernels/batch_59.cpp.obj
[643/704] Building CXX object src/CMakeFiles/MIOpen.dir/__/inlined_kernels/batch_51.cpp.obj
[644/704] Building CXX object src/CMakeFiles/MIOpen.dir/__/inlined_kernels/batch_58.cpp.obj
[645/704] Building CXX object src/CMakeFiles/MIOpen.dir/__/inlined_kernels/batch_54.cpp.obj
[646/704] Building CXX object src/CMakeFiles/MIOpen.dir/__/inlined_kernels/batch_56.cpp.obj
[647/704] Building CXX object src/CMakeFiles/MIOpen.dir/__/inlined_kernels/batch_64.cpp.obj
[648/704] Building CXX object src/CMakeFiles/MIOpen.dir/__/inlined_kernels/batch_63.cpp.obj
[649/704] Building CXX object src/CMakeFiles/MIOpen.dir/__/inlined_kernels/batch_70.cpp.obj
[650/704] Building CXX object src/CMakeFiles/MIOpen.dir/__/inlined_kernels/batch_66.cpp.obj
[651/704] Building CXX object src/CMakeFiles/MIOpen.dir/__/inlined_kernels/batch_62.cpp.obj
[652/704] Building CXX object src/CMakeFiles/MIOpen.dir/__/inlined_kernels/batch_60.cpp.obj
[653/704] Building CXX object src/CMakeFiles/MIOpen.dir/__/inlined_kernels/batch_65.cpp.obj
[654/704] Building CXX object src/CMakeFiles/MIOpen.dir/__/inlined_kernels/batch_52.cpp.obj
[655/704] Building CXX object src/CMakeFiles/MIOpen.dir/__/inlined_kernels/batch_68.cpp.obj
[656/704] Building CXX object src/CMakeFiles/MIOpen.dir/pooling.cpp.obj
[657/704] Building CXX object src/CMakeFiles/MIOpen.dir/__/inlined_kernels/batch_50.cpp.obj
[658/704] Building CXX object src/CMakeFiles/MIOpen.dir/__/inlined_kernels/batch_67.cpp.obj
[659/704] Building CXX object src/CMakeFiles/MIOpen.dir/__/inlined_kernels/batch_61.cpp.obj
[660/704] Building CXX object src/CMakeFiles/MIOpen.dir/__/inlined_kernels/batch_57.cpp.obj
[661/704] Building CXX object src/CMakeFiles/MIOpen.dir/__/inlined_kernels/batch_75.cpp.obj
[662/704] Building CXX object src/CMakeFiles/MIOpen.dir/__/inlined_kernels/batch_74.cpp.obj
[663/704] Building CXX object src/CMakeFiles/MIOpen.dir/__/inlined_kernels/batch_100.cpp.obj
[664/704] Building CXX object src/CMakeFiles/MIOpen.dir/__/inlined_kernels/batch_71.cpp.obj
[665/704] Building CXX object src/CMakeFiles/MIOpen.dir/__/inlined_kernels/batch_76.cpp.obj
[666/704] Building CXX object src/CMakeFiles/MIOpen.dir/__/inlined_kernels/batch_72.cpp.obj
[667/704] Building CXX object src/CMakeFiles/MIOpen.dir/__/inlined_kernels/batch_73.cpp.obj
[668/704] Building CXX object src/CMakeFiles/MIOpen.dir/__/inlined_kernels/batch_69.cpp.obj
[669/704] Building CXX object src/CMakeFiles/MIOpen.dir/__/inlined_kernels/batch_77.cpp.obj
[670/704] Building CXX object src/CMakeFiles/MIOpen.dir/__/inlined_kernels/batch_78.cpp.obj
[671/704] Building CXX object src/CMakeFiles/MIOpen.dir/__/inlined_kernels/batch_104.cpp.obj
[672/704] Building CXX object src/CMakeFiles/MIOpen.dir/__/inlined_kernels/batch_105.cpp.obj
[673/704] Building CXX object src/CMakeFiles/MIOpen.dir/__/inlined_kernels/batch_103.cpp.obj
[674/704] Building CXX object src/CMakeFiles/MIOpen.dir/__/inlined_kernels/batch_79.cpp.obj
[675/704] Building CXX object src/CMakeFiles/MIOpen.dir/__/inlined_kernels/batch_86.cpp.obj
[676/704] Building CXX object src/CMakeFiles/MIOpen.dir/__/inlined_kernels/batch_81.cpp.obj
[677/704] Building CXX object src/CMakeFiles/MIOpen.dir/__/inlined_kernels/batch_80.cpp.obj
[678/704] Building CXX object src/CMakeFiles/MIOpen.dir/__/inlined_kernels/batch_88.cpp.obj
[679/704] Building CXX object src/CMakeFiles/MIOpen.dir/__/inlined_kernels/batch_82.cpp.obj
[680/704] Building CXX object src/CMakeFiles/MIOpen.dir/__/inlined_kernels/batch_84.cpp.obj
[681/704] Building CXX object src/CMakeFiles/MIOpen.dir/__/inlined_kernels/batch_92.cpp.obj
[682/704] Building CXX object src/CMakeFiles/MIOpen.dir/__/inlined_kernels/batch_87.cpp.obj
[683/704] Building CXX object src/CMakeFiles/MIOpen.dir/__/inlined_kernels/batch_101.cpp.obj
[684/704] Building CXX object src/CMakeFiles/MIOpen.dir/__/inlined_kernels/batch_89.cpp.obj
[685/704] Building CXX object src/CMakeFiles/MIOpen.dir/__/inlined_kernels/batch_91.cpp.obj
[686/704] Building CXX object src/CMakeFiles/MIOpen.dir/__/inlined_kernels/batch_85.cpp.obj
[687/704] Building CXX object src/CMakeFiles/MIOpen.dir/__/inlined_kernels/batch_93.cpp.obj
[688/704] Building CXX object src/CMakeFiles/MIOpen.dir/__/inlined_kernels/batch_83.cpp.obj
[689/704] Building CXX object src/CMakeFiles/MIOpen.dir/__/inlined_kernels/batch_94.cpp.obj
[690/704] Building CXX object src/CMakeFiles/MIOpen.dir/__/inlined_kernels/batch_90.cpp.obj
[691/704] Building CXX object src/CMakeFiles/MIOpen.dir/__/inlined_kernels/batch_96.cpp.obj
[692/704] Building CXX object src/CMakeFiles/MIOpen.dir/__/inlined_kernels/batch_99.cpp.obj
[693/704] Building CXX object src/CMakeFiles/MIOpen.dir/__/inlined_kernels/batch_95.cpp.obj
[694/704] Building CXX object src/CMakeFiles/MIOpen.dir/comgr.cpp.obj
[695/704] Building CXX object src/CMakeFiles/MIOpen.dir/__/inlined_kernels/batch_97.cpp.obj
[696/704] Building CXX object src/CMakeFiles/MIOpen.dir/__/inlined_kernels/batch_98.cpp.obj
[697/704] Building CXX object src/CMakeFiles/MIOpen.dir/__/inlined_kernels/batch_108.cpp.obj
[698/704] Building CXX object src/CMakeFiles/MIOpen.dir/__/inlined_kernels/batch_106.cpp.obj
[699/704] Building CXX object src/CMakeFiles/MIOpen.dir/__/inlined_kernels/batch_107.cpp.obj
[700/704] Building CXX object src/CMakeFiles/MIOpen.dir/__/inlined_kernels/batch_102.cpp.obj
[701/704] Building CXX object src/CMakeFiles/MIOpen.dir/mlo_dir_conv.cpp.obj
[702/704] Building CXX object src/CMakeFiles/MIOpen.dir/solver.cpp.obj
[703/704] Linking CXX shared library bin\MIOpen.dll
