ninja: Entering directory `builds/miopen-patched'
[0/2] Re-checking globbed directories...
[1/800] cd /home/amd/Desktop/YOLO_AMD/builds/miopen-patched/_deps/functionalplus-build && /home/amd/Desktop/YOLO_AMD/.venv/bin/python3 /home/amd/Desktop/YOLO_AMD/builds/miopen-unpatched/_deps/functionalplus-src/generate/auto_generate.py
[2/800] Generating share/miopen/db/gfx1030_36.db
[3/800] Inlining rocrand_xorwow.h with all dependencies as C++ source
Successfully created /home/amd/Desktop/YOLO_AMD/builds/miopen-patched/kernels/rocrand_xorwow_inlined.h
[4/800] Building CXX object src/sqlite/CMakeFiles/sqlite_memvfs.dir/memvfs.cpp.o
[5/800] Building CXX object src/hipconv/src/arch/cdna5/CMakeFiles/hipconv_arch_cdna5_direct_autoshard.dir/direct_autoshard.cpp.o
[6/800] Building CXX object src/hipconv/src/arch/cdna4/CMakeFiles/hipconv_arch_cdna4_depthwise_1d_toeplitz_autoshard.dir/depthwise_1d_toeplitz_autoshard.cpp.o
[7/800] Building CXX object src/hipconv/src/arch/cdna4/CMakeFiles/hipconv_arch_cdna4_direct_autoshard.dir/direct_autoshard.cpp.o
[8/800] Building CXX object src/hipconv/src/arch/cdna5/CMakeFiles/hipconv_arch_cdna5_grouped_multi_g_wgrad_autoshard.dir/grouped_multi_g_wgrad_autoshard.cpp.o
[9/800] Building CXX object src/hipconv/src/arch/cdna5/CMakeFiles/hipconv_arch_cdna5_depthwise_1d_toeplitz_autoshard.dir/depthwise_1d_toeplitz_autoshard.cpp.o
[10/800] Building CXX object src/hipconv/src/arch/cdna5/CMakeFiles/hipconv_arch_cdna5_depthwise_wgrad_hankel_autoshard.dir/depthwise_wgrad_hankel_autoshard.cpp.o
[11/800] Generating share/miopen/db/gfx900_56.db
[12/800] Building CXX object src/hipconv/src/arch/cdna4/CMakeFiles/hipconv_arch_cdna4_direct_wgrad_autoshard.dir/direct_wgrad_autoshard.cpp.o
[13/800] Building CXX object src/hipconv/src/arch/cdna4/CMakeFiles/hipconv_arch_cdna4_patch_embed_autoshard.dir/patch_embed_autoshard.cpp.o
[14/800] Building CXX object src/hipconv/src/arch/cdna5/CMakeFiles/hipconv_arch_cdna5_grouped_multi_g_autoshard.dir/grouped_multi_g_autoshard.cpp.o
[15/800] Building CXX object src/hipconv/src/arch/cdna4/CMakeFiles/hipconv_arch_cdna4_direct_l1_autoshard.dir/direct_l1_autoshard.cpp.o
[16/800] Building CXX object src/hipconv/src/arch/cdna4/CMakeFiles/hipconv_arch_cdna4_depthwise_wgrad_hankel_autoshard.dir/depthwise_wgrad_hankel_autoshard.cpp.o
[17/800] Generating share/miopen/db/gfx115128.db.txt
[18/800] Generating share/miopen/db/gfx115128.HIP.fdb.txt
[19/800] Generating share/miopen/db/gfx900_56.HIP.fdb.txt
[20/800] Generating share/miopen/db/gfx906_60.db
[21/800] Generating share/miopen/db/gfx110220.HIP.fdb.txt
[22/800] Generating share/miopen/db/gfx110220.db.txt
[23/800] Generating share/miopen/db/gfx906_64.HIP.fdb.txt
[24/800] Generating share/miopen/db/gfx120020.db.txt
[25/800] Generating share/miopen/db/gfx110060.db.txt
[26/800] Generating share/miopen/db/gfx900_64.HIP.fdb.txt
[27/800] Generating share/miopen/db/gfx906_60.HIP.fdb.txt
[28/800] Building CXX object src/hipconv/src/arch/cdna4/CMakeFiles/libautoshard.dir/__/__/__/cmake/libautoshard.cpp.o
[29/800] Linking CXX static library lib/liblibautoshard.a
[30/800] Generating share/miopen/db/gfx110060.HIP.fdb.txt
[31/800] Linking CXX executable bin/hipconv_arch_cdna4_direct_l1_autoshard
[32/800] Linking CXX executable bin/hipconv_arch_cdna4_direct_autoshard
[33/800] Linking CXX executable bin/hipconv_arch_cdna4_patch_embed_autoshard
[34/800] Linking CXX executable bin/hipconv_arch_cdna4_depthwise_1d_toeplitz_autoshard
[35/800] Linking CXX executable bin/hipconv_arch_cdna4_depthwise_wgrad_hankel_autoshard
[36/800] Linking CXX executable bin/hipconv_arch_cdna5_direct_autoshard
[37/800] Linking CXX executable bin/hipconv_arch_cdna4_direct_wgrad_autoshard
[38/800] Generating autoshard/patch_embed_kernel_table.cpp, autoshard/patch_embed_shard0.cpp, autoshard/patch_embed_shard1.cpp, autoshard/patch_embed_shard2.cpp, autoshard/patch_embed_shard3.cpp, autoshard/patch_embed_shard4.cpp, autoshard/patch_embed_shard5.cpp, autoshard/patch_embed_shard6.cpp, autoshard/patch_embed_shard7.cpp
[39/800] Generating autoshard/direct_l1_kernel_table.cpp, autoshard/direct_l1_shard0.cpp, autoshard/direct_l1_shard1.cpp, autoshard/direct_l1_shard2.cpp, autoshard/direct_l1_shard3.cpp, autoshard/direct_l1_shard4.cpp, autoshard/direct_l1_shard5.cpp, autoshard/direct_l1_shard6.cpp, autoshard/direct_l1_shard7.cpp
[40/800] Generating autoshard/direct_kernel_table.cpp, autoshard/direct_shard0.cpp, autoshard/direct_shard1.cpp, autoshard/direct_shard2.cpp, autoshard/direct_shard3.cpp, autoshard/direct_shard4.cpp, autoshard/direct_shard5.cpp, autoshard/direct_shard6.cpp, autoshard/direct_shard7.cpp
[41/800] Generating autoshard/depthwise_1d_toeplitz_kernel_table.cpp, autoshard/depthwise_1d_toeplitz_shard0.cpp, autoshard/depthwise_1d_toeplitz_shard1.cpp, autoshard/depthwise_1d_toeplitz_shard2.cpp, autoshard/depthwise_1d_toeplitz_shard3.cpp, autoshard/depthwise_1d_toeplitz_shard4.cpp, autoshard/depthwise_1d_toeplitz_shard5.cpp, autoshard/depthwise_1d_toeplitz_shard6.cpp, autoshard/depthwise_1d_toeplitz_shard7.cpp
[42/800] Generating autoshard/direct_wgrad_kernel_table.cpp, autoshard/direct_wgrad_shard0.cpp, autoshard/direct_wgrad_shard1.cpp, autoshard/direct_wgrad_shard2.cpp, autoshard/direct_wgrad_shard3.cpp, autoshard/direct_wgrad_shard4.cpp, autoshard/direct_wgrad_shard5.cpp, autoshard/direct_wgrad_shard6.cpp, autoshard/direct_wgrad_shard7.cpp
[43/800] Linking CXX executable bin/hipconv_arch_cdna5_grouped_multi_g_autoshard
[44/800] Generating autoshard/depthwise_wgrad_hankel_kernel_table.cpp, autoshard/depthwise_wgrad_hankel_shard0.cpp, autoshard/depthwise_wgrad_hankel_shard1.cpp, autoshard/depthwise_wgrad_hankel_shard2.cpp, autoshard/depthwise_wgrad_hankel_shard3.cpp, autoshard/depthwise_wgrad_hankel_shard4.cpp, autoshard/depthwise_wgrad_hankel_shard5.cpp, autoshard/depthwise_wgrad_hankel_shard6.cpp, autoshard/depthwise_wgrad_hankel_shard7.cpp
[45/800] Linking CXX executable bin/hipconv_arch_cdna5_grouped_multi_g_wgrad_autoshard
[46/800] Linking CXX executable bin/hipconv_arch_cdna5_depthwise_wgrad_hankel_autoshard
[47/800] Linking CXX executable bin/hipconv_arch_cdna5_depthwise_1d_toeplitz_autoshard
[48/800] Generating autoshard/direct_kernel_table.cpp, autoshard/direct_shard0.cpp, autoshard/direct_shard1.cpp, autoshard/direct_shard2.cpp, autoshard/direct_shard3.cpp, autoshard/direct_shard4.cpp, autoshard/direct_shard5.cpp, autoshard/direct_shard6.cpp, autoshard/direct_shard7.cpp
[49/800] Generating autoshard/grouped_multi_g_kernel_table.cpp, autoshard/grouped_multi_g_shard0.cpp, autoshard/grouped_multi_g_shard1.cpp, autoshard/grouped_multi_g_shard2.cpp, autoshard/grouped_multi_g_shard3.cpp, autoshard/grouped_multi_g_shard4.cpp, autoshard/grouped_multi_g_shard5.cpp, autoshard/grouped_multi_g_shard6.cpp, autoshard/grouped_multi_g_shard7.cpp
[50/800] Generating autoshard/grouped_multi_g_wgrad_kernel_table.cpp, autoshard/grouped_multi_g_wgrad_shard0.cpp, autoshard/grouped_multi_g_wgrad_shard1.cpp, autoshard/grouped_multi_g_wgrad_shard2.cpp, autoshard/grouped_multi_g_wgrad_shard3.cpp, autoshard/grouped_multi_g_wgrad_shard4.cpp, autoshard/grouped_multi_g_wgrad_shard5.cpp, autoshard/grouped_multi_g_wgrad_shard6.cpp, autoshard/grouped_multi_g_wgrad_shard7.cpp
[51/800] Generating autoshard/depthwise_1d_toeplitz_kernel_table.cpp, autoshard/depthwise_1d_toeplitz_shard0.cpp, autoshard/depthwise_1d_toeplitz_shard1.cpp, autoshard/depthwise_1d_toeplitz_shard2.cpp, autoshard/depthwise_1d_toeplitz_shard3.cpp, autoshard/depthwise_1d_toeplitz_shard4.cpp, autoshard/depthwise_1d_toeplitz_shard5.cpp, autoshard/depthwise_1d_toeplitz_shard6.cpp, autoshard/depthwise_1d_toeplitz_shard7.cpp
[52/800] Generating autoshard/depthwise_wgrad_hankel_kernel_table.cpp, autoshard/depthwise_wgrad_hankel_shard0.cpp, autoshard/depthwise_wgrad_hankel_shard1.cpp, autoshard/depthwise_wgrad_hankel_shard2.cpp, autoshard/depthwise_wgrad_hankel_shard3.cpp, autoshard/depthwise_wgrad_hankel_shard4.cpp, autoshard/depthwise_wgrad_hankel_shard5.cpp, autoshard/depthwise_wgrad_hankel_shard6.cpp, autoshard/depthwise_wgrad_hankel_shard7.cpp
[53/800] Generating share/miopen/db/gfx90a68.HIP.fdb.txt
[54/800] Generating share/miopen/db/gfx120140.db.txt
[55/800] Building CXX object _deps/gtest-build/googletest/CMakeFiles/gtest_main.dir/src/gtest_main.cc.o
[56/800] Building CXX object addkernels/CMakeFiles/addkernels.dir/include_inliner.cpp.o
[57/800] Building CXX object tools/sqlite2txt/CMakeFiles/sqlite2txt.dir/main.cpp.o
[58/800] Generating share/miopen/db/gfx1030_36.HIP.fdb.txt
[59/800] Building HIP object src/hipconv/src/arch/cdna3/CMakeFiles/hipconv_arch_cdna3.dir/depthwise_backend.cpp.o
[60/800] Building CXX object addkernels/CMakeFiles/addkernels.dir/addkernels.cpp.o
[61/800] Building CXX object _deps/gtest-build/googlemock/CMakeFiles/gmock_main.dir/src/gmock_main.cc.o
[62/800] Building HIP object src/hipconv/src/arch/cdna3/CMakeFiles/hipconv_arch_cdna3.dir/grouped_backend.cpp.o
[63/800] Generating share/miopen/db/gfx120020.HIP.fdb.txt
[64/800] Generating share/miopen/db/gfx90878.HIP.fdb.txt
[65/800] Building HIP object src/hipconv/src/arch/cdna3/CMakeFiles/hipconv_arch_cdna3.dir/direct_backend.cpp.o
[66/800] Generating share/miopen/db/gfx90a6e.db
[67/800] Generating share/miopen/db/gfx90a6e.HIP.fdb.txt
[68/800] Generating share/miopen/db/gfx950100.db.txt
[69/800] Generating share/miopen/db/gfx120140.HIP.fdb.txt
[70/800] Building HIP object src/hipconv/CMakeFiles/hipconv.dir/src/conv_params.cpp.o
[71/800] Building HIP object src/hipconv/src/arch/cdna4/CMakeFiles/hipconv_arch_cdna4.dir/direct_backend.cpp.o
[72/800] Generating share/miopen/db/gfx942e4.db.txt
[73/800] Building HIP object src/hipconv/src/arch/cdna4/CMakeFiles/hipconv_arch_cdna4.dir/grouped_backend.cpp.o
[74/800] Building HIP object src/hipconv/src/arch/cdna4/CMakeFiles/hipconv_arch_cdna4.dir/depthwise_backend.cpp.o
[75/800] Building HIP object src/hipconv/src/arch/cdna4/CMakeFiles/hipconv_arch_cdna4.dir/direct/direct/config_matcher.cpp.o
[76/800] Building HIP object src/hipconv/src/arch/cdna4/CMakeFiles/hipconv_arch_cdna4.dir/depthwise/depthwise_wgrad_hankel/config_desc.cpp.o
[77/800] Generating share/miopen/db/gfx90878.db.txt
[78/800] Building HIP object src/hipconv/src/arch/cdna4/CMakeFiles/hipconv_arch_cdna4.dir/direct/direct_wgrad/config_desc.cpp.o
[79/800] Building HIP object src/hipconv/CMakeFiles/hipconv.dir/src/tolerance.cpp.o
[80/800] Generating share/miopen/db/gfx90a68.db.txt
[81/800] Building HIP object src/hipconv/src/arch/cdna4/CMakeFiles/hipconv_arch_cdna4.dir/direct/patch_embed/config_desc.cpp.o
[82/800] Generating share/miopen/db/gfx942130.HIP.fdb.txt
[83/800] Building HIP object src/hipconv/src/arch/cdna4/CMakeFiles/hipconv_arch_cdna4.dir/direct/direct_l1/config_desc.cpp.o
[84/800] Building HIP object src/hipconv/CMakeFiles/hipconv.dir/src/conv_kernel.cpp.o
[85/800] Building CXX object _deps/gtest-build/googlemock/CMakeFiles/gmock.dir/src/gmock-all.cc.o
[86/800] Building HIP object src/hipconv/CMakeFiles/hipconv.dir/src/arch_registry.cpp.o
[87/800] Generating share/miopen/db/gfx950100.HIP.fdb.txt
[88/800] Building HIP object src/hipconv/CMakeFiles/hipconv.dir/src/kv_descriptor.cpp.o
[89/800] Generating share/miopen/db/gfx942e4.HIP.fdb.txt
[90/800] Generating share/miopen/db/gfx942130.db.txt
[91/800] Building HIP object src/hipconv/src/arch/cdna4/CMakeFiles/hipconv_arch_cdna4.dir/grouped/grouped_4c_wgrad_fp16bf16.cpp.o
[92/800] Building HIP object src/hipconv/CMakeFiles/hipconv.dir/src/registry.cpp.o
[93/800] Building HIP object src/hipconv/src/arch/cdna4/CMakeFiles/hipconv_arch_cdna4.dir/grouped/grouped_16c_wgrad_fp16bf16.cpp.o
[94/800] Building HIP object src/hipconv/src/arch/cdna4/CMakeFiles/hipconv_arch_cdna4.dir/grouped/grouped_32c_wgrad_fp16bf16.cpp.o
[95/800] Building HIP object src/hipconv/src/arch/cdna4/CMakeFiles/hipconv_arch_cdna4.dir/grouped/grouped_4c_wgrad_tf32.cpp.o
[96/800] Building HIP object src/hipconv/src/arch/cdna4/CMakeFiles/hipconv_arch_cdna4.dir/grouped/grouped_32c.cpp.o
[97/800] Building HIP object src/hipconv/src/arch/cdna4/CMakeFiles/hipconv_arch_cdna4.dir/autoshard/direct_shard1.cpp.o
[98/800] Building HIP object src/hipconv/src/arch/cdna4/CMakeFiles/hipconv_arch_cdna4.dir/grouped/grouped_16c_wgrad_tf32.cpp.o
[99/800] Building HIP object src/hipconv/src/arch/cdna4/CMakeFiles/hipconv_arch_cdna4.dir/grouped/grouped_32c_wgrad_tf32.cpp.o
[100/800] Building HIP object src/hipconv/src/arch/cdna4/CMakeFiles/hipconv_arch_cdna4.dir/grouped/grouped_8c_wgrad_fp16bf16.cpp.o
[101/800] Building HIP object src/hipconv/src/arch/cdna4/CMakeFiles/hipconv_arch_cdna4.dir/autoshard/direct_kernel_table.cpp.o
[102/800] Building HIP object src/hipconv/src/arch/cdna4/CMakeFiles/hipconv_arch_cdna4.dir/autoshard/direct_shard3.cpp.o
[103/800] Building HIP object src/hipconv/src/arch/cdna4/CMakeFiles/hipconv_arch_cdna4.dir/autoshard/direct_shard4.cpp.o
[104/800] Building HIP object src/hipconv/src/arch/cdna4/CMakeFiles/hipconv_arch_cdna4.dir/autoshard/direct_shard2.cpp.o
[105/800] Building HIP object src/hipconv/src/arch/cdna4/CMakeFiles/hipconv_arch_cdna4.dir/autoshard/direct_shard0.cpp.o
[106/800] Building HIP object src/hipconv/src/arch/cdna4/CMakeFiles/hipconv_arch_cdna4.dir/grouped/grouped_4c.cpp.o
[107/800] Building HIP object src/hipconv/src/arch/cdna4/CMakeFiles/hipconv_arch_cdna4.dir/autoshard/direct_shard5.cpp.o
[108/800] Building HIP object src/hipconv/src/arch/cdna4/CMakeFiles/hipconv_arch_cdna4.dir/autoshard/direct_shard7.cpp.o
[109/800] Building HIP object src/hipconv/src/arch/cdna4/CMakeFiles/hipconv_arch_cdna4.dir/autoshard/direct_l1_kernel_table.cpp.o
[110/800] Building HIP object src/hipconv/src/arch/cdna4/CMakeFiles/hipconv_arch_cdna4.dir/grouped/grouped_8c_wgrad_tf32.cpp.o
[111/800] Building HIP object src/hipconv/src/arch/cdna4/CMakeFiles/hipconv_arch_cdna4.dir/autoshard/direct_shard6.cpp.o
[112/800] Building HIP object src/hipconv/src/arch/cdna4/CMakeFiles/hipconv_arch_cdna4.dir/grouped/grouped_8c.cpp.o
[113/800] Building HIP object src/hipconv/src/arch/cdna4/CMakeFiles/hipconv_arch_cdna4.dir/grouped/grouped_16c.cpp.o
[114/800] Building HIP object src/hipconv/src/arch/cdna4/CMakeFiles/hipconv_arch_cdna4.dir/autoshard/patch_embed_kernel_table.cpp.o
[115/800] Building HIP object src/hipconv/src/arch/cdna4/CMakeFiles/hipconv_arch_cdna4.dir/autoshard/direct_wgrad_kernel_table.cpp.o
[116/800] Building HIP object src/hipconv/src/arch/cdna4/CMakeFiles/hipconv_arch_cdna4.dir/autoshard/direct_l1_shard3.cpp.o
[117/800] Building HIP object src/hipconv/src/arch/cdna4/CMakeFiles/hipconv_arch_cdna4.dir/autoshard/patch_embed_shard5.cpp.o
[118/800] Building HIP object src/hipconv/src/arch/cdna4/CMakeFiles/hipconv_arch_cdna4.dir/autoshard/patch_embed_shard0.cpp.o
[119/800] Building HIP object src/hipconv/src/arch/cdna4/CMakeFiles/hipconv_arch_cdna4.dir/autoshard/patch_embed_shard4.cpp.o
[120/800] Building HIP object src/hipconv/src/arch/cdna4/CMakeFiles/hipconv_arch_cdna4.dir/autoshard/depthwise_1d_toeplitz_kernel_table.cpp.o
[121/800] Building HIP object src/hipconv/src/arch/cdna4/CMakeFiles/hipconv_arch_cdna4.dir/autoshard/direct_l1_shard2.cpp.o
[122/800] Building HIP object src/hipconv/src/arch/cdna4/CMakeFiles/hipconv_arch_cdna4.dir/autoshard/direct_l1_shard0.cpp.o
[123/800] Building HIP object src/hipconv/src/arch/cdna4/CMakeFiles/hipconv_arch_cdna4.dir/autoshard/patch_embed_shard3.cpp.o
[124/800] Building HIP object src/hipconv/src/arch/cdna4/CMakeFiles/hipconv_arch_cdna4.dir/autoshard/direct_l1_shard1.cpp.o
[125/800] Building HIP object src/hipconv/src/arch/cdna4/CMakeFiles/hipconv_arch_cdna4.dir/autoshard/direct_l1_shard4.cpp.o
[126/800] Building HIP object src/hipconv/src/arch/cdna4/CMakeFiles/hipconv_arch_cdna4.dir/autoshard/direct_l1_shard6.cpp.o
[127/800] Building HIP object src/hipconv/src/arch/cdna4/CMakeFiles/hipconv_arch_cdna4.dir/autoshard/patch_embed_shard1.cpp.o
[128/800] Building HIP object src/hipconv/src/arch/cdna4/CMakeFiles/hipconv_arch_cdna4.dir/autoshard/patch_embed_shard6.cpp.o
[129/800] Building HIP object src/hipconv/src/arch/cdna4/CMakeFiles/hipconv_arch_cdna4.dir/autoshard/patch_embed_shard7.cpp.o
[130/800] Building HIP object src/hipconv/src/arch/cdna4/CMakeFiles/hipconv_arch_cdna4.dir/autoshard/direct_l1_shard5.cpp.o
[131/800] Building HIP object src/hipconv/src/arch/cdna4/CMakeFiles/hipconv_arch_cdna4.dir/autoshard/patch_embed_shard2.cpp.o
[132/800] Building HIP object src/hipconv/src/arch/cdna4/CMakeFiles/hipconv_arch_cdna4.dir/autoshard/depthwise_wgrad_hankel_kernel_table.cpp.o
[133/800] Building HIP object src/hipconv/src/arch/cdna5/CMakeFiles/hipconv_arch_cdna5.dir/grouped_backend.cpp.o
[134/800] Building HIP object src/hipconv/src/arch/cdna4/CMakeFiles/hipconv_arch_cdna4.dir/autoshard/direct_l1_shard7.cpp.o
[135/800] Building HIP object src/hipconv/src/arch/cdna5/CMakeFiles/hipconv_arch_cdna5.dir/depthwise/depthwise_wgrad_hankel/config_matcher.cpp.o
[136/800] Building CXX object _deps/gtest-build/googletest/CMakeFiles/gtest.dir/src/gtest-all.cc.o
[137/800] Building HIP object src/hipconv/src/arch/cdna5/CMakeFiles/hipconv_arch_cdna5.dir/depthwise_backend.cpp.o
[138/800] Building HIP object src/hipconv/src/arch/cdna5/CMakeFiles/hipconv_arch_cdna5.dir/direct_backend.cpp.o
[139/800] Building HIP object src/hipconv/src/arch/cdna5/CMakeFiles/hipconv_arch_cdna5.dir/depthwise/depthwise_1d_toeplitz/config_matcher.cpp.o
[140/800] Building HIP object src/hipconv/src/arch/cdna5/CMakeFiles/hipconv_arch_cdna5.dir/depthwise/depthwise_wgrad_hankel/reduction.cpp.o
[141/800] Building HIP object src/hipconv/src/arch/cdna5/CMakeFiles/hipconv_arch_cdna5.dir/direct/config_matcher.cpp.o
[142/800] Building HIP object src/hipconv/src/arch/cdna5/CMakeFiles/hipconv_arch_cdna5.dir/grouped/reduction.cpp.o
[143/800] Building HIP object src/hipconv/src/arch/cdna5/CMakeFiles/hipconv_arch_cdna5.dir/autoshard/grouped_multi_g_kernel_table.cpp.o
[144/800] Building HIP object src/hipconv/src/arch/cdna5/CMakeFiles/hipconv_arch_cdna5.dir/autoshard/direct_kernel_table.cpp.o
[145/800] Building HIP object src/hipconv/src/arch/cdna4/CMakeFiles/hipconv_arch_cdna4.dir/autoshard/depthwise_wgrad_hankel_shard4.cpp.o
[146/800] Building HIP object src/hipconv/src/arch/cdna5/CMakeFiles/hipconv_arch_cdna5.dir/autoshard/grouped_multi_g_shard0.cpp.o
[147/800] Building HIP object src/hipconv/src/arch/cdna5/CMakeFiles/hipconv_arch_cdna5.dir/autoshard/direct_shard2.cpp.o
[148/800] Building HIP object src/hipconv/src/arch/cdna5/CMakeFiles/hipconv_arch_cdna5.dir/autoshard/direct_shard0.cpp.o
[149/800] Building HIP object src/hipconv/src/arch/cdna5/CMakeFiles/hipconv_arch_cdna5.dir/autoshard/direct_shard7.cpp.o
[150/800] Building HIP object src/hipconv/src/arch/cdna5/CMakeFiles/hipconv_arch_cdna5.dir/autoshard/direct_shard3.cpp.o
[151/800] Building HIP object src/hipconv/src/arch/cdna5/CMakeFiles/hipconv_arch_cdna5.dir/autoshard/direct_shard1.cpp.o
[152/800] Building HIP object src/hipconv/src/arch/cdna5/CMakeFiles/hipconv_arch_cdna5.dir/autoshard/direct_shard4.cpp.o
[153/800] Building HIP object src/hipconv/src/arch/cdna4/CMakeFiles/hipconv_arch_cdna4.dir/autoshard/depthwise_wgrad_hankel_shard6.cpp.o
[154/800] Building HIP object src/hipconv/src/arch/cdna5/CMakeFiles/hipconv_arch_cdna5.dir/autoshard/grouped_multi_g_shard1.cpp.o
[155/800] Building HIP object src/hipconv/src/arch/cdna5/CMakeFiles/hipconv_arch_cdna5.dir/autoshard/direct_shard6.cpp.o
[156/800] Building HIP object src/hipconv/src/arch/cdna4/CMakeFiles/hipconv_arch_cdna4.dir/autoshard/depthwise_wgrad_hankel_shard3.cpp.o
[157/800] Building HIP object src/hipconv/src/arch/cdna4/CMakeFiles/hipconv_arch_cdna4.dir/autoshard/depthwise_wgrad_hankel_shard7.cpp.o
[158/800] Building HIP object src/hipconv/src/arch/cdna5/CMakeFiles/hipconv_arch_cdna5.dir/autoshard/direct_shard5.cpp.o
[159/800] Building HIP object src/hipconv/src/arch/cdna4/CMakeFiles/hipconv_arch_cdna4.dir/autoshard/depthwise_wgrad_hankel_shard2.cpp.o
[160/800] Building HIP object src/hipconv/src/arch/cdna5/CMakeFiles/hipconv_arch_cdna5.dir/autoshard/grouped_multi_g_shard2.cpp.o
[161/800] Building HIP object src/hipconv/src/arch/cdna4/CMakeFiles/hipconv_arch_cdna4.dir/autoshard/depthwise_wgrad_hankel_shard0.cpp.o
[162/800] Building HIP object src/hipconv/src/arch/cdna5/CMakeFiles/hipconv_arch_cdna5.dir/autoshard/grouped_multi_g_wgrad_kernel_table.cpp.o
[163/800] Building HIP object src/hipconv/src/arch/cdna5/CMakeFiles/hipconv_arch_cdna5.dir/autoshard/grouped_multi_g_shard3.cpp.o
[164/800] Building HIP object src/hipconv/src/arch/cdna5/CMakeFiles/hipconv_arch_cdna5.dir/autoshard/grouped_multi_g_shard6.cpp.o
[165/800] Building HIP object src/hipconv/src/arch/cdna4/CMakeFiles/hipconv_arch_cdna4.dir/autoshard/depthwise_wgrad_hankel_shard5.cpp.o
[166/800] Building HIP object src/hipconv/src/arch/cdna5/CMakeFiles/hipconv_arch_cdna5.dir/autoshard/grouped_multi_g_shard4.cpp.o
[167/800] Building HIP object src/hipconv/src/arch/cdna5/CMakeFiles/hipconv_arch_cdna5.dir/autoshard/grouped_multi_g_shard7.cpp.o
[168/800] Building HIP object src/hipconv/src/arch/cdna5/CMakeFiles/hipconv_arch_cdna5.dir/autoshard/grouped_multi_g_wgrad_shard2.cpp.o
[169/800] Building HIP object src/hipconv/src/arch/cdna4/CMakeFiles/hipconv_arch_cdna4.dir/autoshard/depthwise_1d_toeplitz_shard1.cpp.o
[170/800] Building HIP object src/hipconv/src/arch/cdna5/CMakeFiles/hipconv_arch_cdna5.dir/autoshard/grouped_multi_g_shard5.cpp.o
[171/800] Building HIP object src/hipconv/src/arch/cdna5/CMakeFiles/hipconv_arch_cdna5.dir/autoshard/grouped_multi_g_wgrad_shard6.cpp.o
[172/800] Building HIP object src/hipconv/src/arch/cdna4/CMakeFiles/hipconv_arch_cdna4.dir/autoshard/depthwise_wgrad_hankel_shard1.cpp.o
[173/800] Building HIP object src/hipconv/src/arch/cdna5/CMakeFiles/hipconv_arch_cdna5.dir/autoshard/depthwise_1d_toeplitz_kernel_table.cpp.o
[174/800] Building HIP object src/hipconv/src/arch/cdna5/CMakeFiles/hipconv_arch_cdna5.dir/autoshard/grouped_multi_g_wgrad_shard0.cpp.o
[175/800] Building HIP object src/hipconv/src/arch/cdna4/CMakeFiles/hipconv_arch_cdna4.dir/autoshard/depthwise_1d_toeplitz_shard2.cpp.o
[176/800] Building HIP object src/hipconv/src/arch/cdna5/CMakeFiles/hipconv_arch_cdna5.dir/autoshard/grouped_multi_g_wgrad_shard1.cpp.o
[177/800] Building HIP object src/hipconv/src/arch/cdna5/CMakeFiles/hipconv_arch_cdna5.dir/autoshard/grouped_multi_g_wgrad_shard4.cpp.o
[178/800] Building HIP object src/hipconv/src/arch/cdna5/CMakeFiles/hipconv_arch_cdna5.dir/autoshard/grouped_multi_g_wgrad_shard5.cpp.o
[179/800] Linking CXX executable bin/addkernels
[180/800] Linking CXX static library lib/libgtest.a
[181/800] Linking CXX static library lib/libgmock.a
[182/800] Linking CXX executable bin/sqlite2txt
[183/800] Building HIP object src/hipconv/src/arch/cdna5/CMakeFiles/hipconv_arch_cdna5.dir/autoshard/grouped_multi_g_wgrad_shard3.cpp.o
[184/800] Generating share/miopen/db/gfx900_56.db.txt
[185/800] Building HIP object src/hipconv/src/arch/cdna5/CMakeFiles/hipconv_arch_cdna5.dir/autoshard/grouped_multi_g_wgrad_shard7.cpp.o
[186/800] Generating share/miopen/db/gfx1030_36.db.txt
[187/800] Linking CXX static library lib/libgmock_main.a
[188/800] Linking CXX static library lib/libgtest_main.a
[189/800] Building HIP object src/hipconv/src/arch/cdna4/CMakeFiles/hipconv_arch_cdna4.dir/autoshard/depthwise_1d_toeplitz_shard6.cpp.o
[190/800] Generating share/miopen/db/gfx906_60.db.txt
[191/800] Building HIP object src/hipconv/src/arch/cdna5/CMakeFiles/hipconv_arch_cdna5.dir/autoshard/depthwise_wgrad_hankel_kernel_table.cpp.o
[192/800] Generating share/miopen/db/gfx90a6e.db.txt
[193/800] Building HIP object src/hipconv/src/arch/cdna4/CMakeFiles/hipconv_arch_cdna4.dir/autoshard/depthwise_1d_toeplitz_shard4.cpp.o
[194/800] Building HIP object src/hipconv/src/arch/cdna4/CMakeFiles/hipconv_arch_cdna4.dir/autoshard/depthwise_1d_toeplitz_shard3.cpp.o
[195/800] Building HIP object src/hipconv/src/arch/cdna4/CMakeFiles/hipconv_arch_cdna4.dir/autoshard/depthwise_1d_toeplitz_shard0.cpp.o
[196/800] Building HIP object src/hipconv/src/arch/cdna4/CMakeFiles/hipconv_arch_cdna4.dir/autoshard/depthwise_1d_toeplitz_shard7.cpp.o
[197/800] Building HIP object src/hipconv/src/arch/cdna5/CMakeFiles/hipconv_arch_cdna5.dir/autoshard/depthwise_wgrad_hankel_shard0.cpp.o
[198/800] Building HIP object src/hipconv/src/arch/cdna4/CMakeFiles/hipconv_arch_cdna4.dir/autoshard/depthwise_1d_toeplitz_shard5.cpp.o
[199/800] Building HIP object src/hipconv/src/arch/cdna5/CMakeFiles/hipconv_arch_cdna5.dir/autoshard/depthwise_wgrad_hankel_shard1.cpp.o
[200/800] Building HIP object src/hipconv/src/arch/cdna5/CMakeFiles/hipconv_arch_cdna5.dir/autoshard/depthwise_wgrad_hankel_shard5.cpp.o
[201/800] Building HIP object src/hipconv/src/arch/cdna5/CMakeFiles/hipconv_arch_cdna5.dir/autoshard/depthwise_wgrad_hankel_shard2.cpp.o
[202/800] Building HIP object src/hipconv/src/arch/cdna5/CMakeFiles/hipconv_arch_cdna5.dir/autoshard/depthwise_wgrad_hankel_shard4.cpp.o
[203/800] Building HIP object src/hipconv/src/arch/cdna5/CMakeFiles/hipconv_arch_cdna5.dir/autoshard/depthwise_wgrad_hankel_shard6.cpp.o
[204/800] Building HIP object src/hipconv/src/arch/cdna5/CMakeFiles/hipconv_arch_cdna5.dir/autoshard/depthwise_1d_toeplitz_shard5.cpp.o
[205/800] Building HIP object src/hipconv/src/arch/cdna5/CMakeFiles/hipconv_arch_cdna5.dir/autoshard/depthwise_1d_toeplitz_shard3.cpp.o
[206/800] Building HIP object src/hipconv/src/arch/cdna5/CMakeFiles/hipconv_arch_cdna5.dir/autoshard/depthwise_wgrad_hankel_shard7.cpp.o
[207/800] Building HIP object src/hipconv/src/arch/cdna5/CMakeFiles/hipconv_arch_cdna5.dir/autoshard/depthwise_wgrad_hankel_shard3.cpp.o
[208/800] Building HIP object src/hipconv/src/arch/cdna5/CMakeFiles/hipconv_arch_cdna5.dir/autoshard/depthwise_1d_toeplitz_shard6.cpp.o
[209/800] Building HIP object src/hipconv/src/arch/cdna5/CMakeFiles/hipconv_arch_cdna5.dir/autoshard/depthwise_1d_toeplitz_shard0.cpp.o
[210/800] Building HIP object src/hipconv/src/arch/cdna5/CMakeFiles/hipconv_arch_cdna5.dir/autoshard/depthwise_1d_toeplitz_shard1.cpp.o
[211/800] Building HIP object src/hipconv/src/arch/cdna5/CMakeFiles/hipconv_arch_cdna5.dir/autoshard/depthwise_1d_toeplitz_shard2.cpp.o
[212/800] Building HIP object src/hipconv/src/arch/cdna5/CMakeFiles/hipconv_arch_cdna5.dir/autoshard/depthwise_1d_toeplitz_shard4.cpp.o
[213/800] Building HIP object src/hipconv/src/arch/cdna5/CMakeFiles/hipconv_arch_cdna5.dir/autoshard/depthwise_1d_toeplitz_shard7.cpp.o
[214/800] Building HIP object src/hipconv/src/arch/cdna4/CMakeFiles/hipconv_arch_cdna4.dir/autoshard/direct_wgrad_shard7.cpp.o
[215/800] Building HIP object src/hipconv/src/arch/cdna4/CMakeFiles/hipconv_arch_cdna4.dir/autoshard/direct_wgrad_shard5.cpp.o
[216/800] Building HIP object src/hipconv/src/arch/cdna4/CMakeFiles/hipconv_arch_cdna4.dir/autoshard/direct_wgrad_shard0.cpp.o
[217/800] Building HIP object src/hipconv/src/arch/cdna4/CMakeFiles/hipconv_arch_cdna4.dir/autoshard/direct_wgrad_shard4.cpp.o
[218/800] Building HIP object src/hipconv/src/arch/cdna4/CMakeFiles/hipconv_arch_cdna4.dir/autoshard/direct_wgrad_shard6.cpp.o
[219/800] Building HIP object src/hipconv/src/arch/cdna4/CMakeFiles/hipconv_arch_cdna4.dir/autoshard/direct_wgrad_shard2.cpp.o
[220/800] Building HIP object src/hipconv/src/arch/cdna4/CMakeFiles/hipconv_arch_cdna4.dir/autoshard/direct_wgrad_shard3.cpp.o
[221/800] Building HIP object src/hipconv/src/arch/cdna4/CMakeFiles/hipconv_arch_cdna4.dir/autoshard/direct_wgrad_shard1.cpp.o
[222/800] Linking HIP static library lib/libhipconv.a
[223/800] Inlining kernels batch #0
[224/800] Inlining kernels batch #29
[225/800] Inlining kernels batch #3
[226/800] Inlining kernels batch #7
[227/800] Inlining kernels batch #32
[228/800] Inlining kernels batch #4
[229/800] Inlining kernels batch #13
[230/800] Inlining kernels batch #26
[231/800] Inlining kernels batch #33
[232/800] Inlining kernels batch #30
[233/800] Inlining kernels batch #12
[234/800] Inlining kernels batch #9
[235/800] Inlining kernels batch #23
[236/800] Inlining kernels batch #2
[237/800] Inlining kernels batch #6
[238/800] Inlining kernels batch #10
[239/800] Inlining kernels batch #25
[240/800] Inlining kernels batch #18
[241/800] Inlining kernels batch #14
[242/800] Inlining kernels batch #8
[243/800] Inlining kernels batch #31
[244/800] Inlining kernels batch #1
[245/800] Inlining kernels batch #5
[246/800] Inlining kernels batch #27
[247/800] Inlining kernels batch #15
[248/800] Inlining kernels batch #20
[249/800] Inlining kernels batch #11
[250/800] Inlining kernels batch #16
[251/800] Inlining kernels batch #17
[252/800] Inlining kernels batch #28
[253/800] Inlining kernels batch #19
[254/800] Inlining kernels batch #22
[255/800] Inlining kernels batch #21
[256/800] Inlining kernels batch #34
[257/800] Inlining kernels batch #36
[258/800] Inlining kernels batch #24
[259/800] Inlining kernels batch #38
[260/800] Inlining kernels batch #35
[261/800] Inlining kernels batch #39
[262/800] Inlining kernels batch #44
[263/800] Inlining kernels batch #46
[264/800] Inlining kernels batch #37
[265/800] Inlining kernels batch #43
[266/800] Inlining kernels batch #45
[267/800] Inlining kernels batch #42
[268/800] Inlining kernels batch #51
[269/800] Inlining kernels batch #55
[270/800] Inlining kernels batch #59
[271/800] Inlining kernels batch #41
[272/800] Inlining kernels batch #53
[273/800] Inlining kernels batch #48
[274/800] Inlining kernels batch #49
[275/800] Inlining kernels batch #47
[276/800] Inlining kernels batch #56
[277/800] Inlining kernels batch #40
[278/800] Inlining kernels batch #70
[279/800] Inlining kernels batch #68
[280/800] Inlining kernels batch #60
[281/800] Inlining kernels batch #54
[282/800] Inlining kernels batch #52
[283/800] Inlining kernels batch #71
[284/800] Inlining kernels batch #67
[285/800] Inlining kernels batch #64
[286/800] Inlining kernels batch #58
[287/800] Inlining kernels batch #66
[288/800] Inlining kernels batch #75
[289/800] Inlining kernels batch #57
[290/800] Inlining kernels batch #72
[291/800] Inlining kernels batch #62
[292/800] Inlining kernels batch #76
[293/800] Inlining kernels batch #65
[294/800] Inlining kernels batch #73
[295/800] Inlining kernels batch #50
[296/800] Inlining kernels batch #69
[297/800] Inlining kernels batch #74
[298/800] Inlining kernels batch #81
[299/800] Inlining kernels batch #61
[300/800] Inlining kernels batch #78
[301/800] Inlining kernels batch #84
[302/800] Inlining kernels batch #83
[303/800] Inlining kernels batch #85
[304/800] Inlining kernels batch #63
[305/800] Inlining kernels batch #79
[306/800] Inlining kernels batch #86
[307/800] Inlining kernels batch #87
[308/800] Inlining kernels batch #88
[309/800] Inlining kernels batch #90
[310/800] Inlining kernels batch #93
[311/800] Inlining kernels batch #101
[312/800] Inlining kernels batch #77
[313/800] Inlining kernels batch #91
[314/800] Inlining kernels batch #98
[315/800] Inlining kernels batch #82
[316/800] Inlining kernels batch #102
[317/800] Inlining kernels batch #120
[318/800] Inlining kernels batch #89
[319/800] Inlining kernels batch #105
[320/800] Inlining kernels batch #92
[321/800] Inlining kernels batch #124 (includes)
[322/800] Inlining kernels batch #80
[323/800] Inlining kernels batch #100
[324/800] Inlining kernels batch #95
[325/800] Inlining kernels batch #104
[326/800] Inlining kernels batch #99
[327/800] Inlining kernels batch #125 (includes)
[328/800] Inlining kernels batch #123 (includes)
[329/800] Inlining kernels batch #103
[330/800] Inlining kernels batch #111
[331/800] Inlining kernels batch #109
[332/800] Inlining kernels batch #107
[333/800] Inlining kernels batch #97
[334/800] Inlining kernels batch #110
[335/800] Inlining kernels batch #108
[336/800] Inlining kernels batch #106
[337/800] Inlining kernels batch #94
[338/800] Inlining kernels batch #112
[339/800] Inlining kernels batch #121
[340/800] Inlining kernels batch #96
[341/800] Inlining kernels batch #113
[342/800] Inlining kernels batch #114
[343/800] Inlining kernels batch #116
[344/800] Inlining kernels batch #119
[345/800] Inlining kernels batch #118
[346/800] Inlining kernels batch #115
[347/800] Inlining kernels batch #117
[348/800] Inlining kernels batch #128 (includes)
[349/800] Inlining kernels batch #126 (includes)
[350/800] Inlining kernels batch #127 (includes)
[351/800] Inlining kernels batch #122
[352/800] Building CXX object src/CMakeFiles/MIOpen.dir/buffer_info.cpp.o
[353/800] Building CXX object src/CMakeFiles/MIOpen.dir/activ/problem_description.cpp.o
[354/800] Building CXX object src/CMakeFiles/MIOpen.dir/cat/problem_description.cpp.o
[355/800] Building CXX object src/CMakeFiles/MIOpen.dir/adam/problem_description.cpp.o
[356/800] Building CXX object src/CMakeFiles/MIOpen.dir/db_record.cpp.o
[357/800] Building CXX object src/CMakeFiles/MIOpen.dir/conv_algo_name.cpp.o
[358/800] Building CXX object src/CMakeFiles/MIOpen.dir/db.cpp.o
[359/800] Building CXX object src/CMakeFiles/MIOpen.dir/batch_norm.cpp.o
[360/800] Building CXX object src/CMakeFiles/MIOpen.dir/demangle.cpp.o
[361/800] Building CXX object src/CMakeFiles/MIOpen.dir/api/tuning.cpp.o
[362/800] Building CXX object src/CMakeFiles/MIOpen.dir/check_numerics.cpp.o
[363/800] Building CXX object src/CMakeFiles/MIOpen.dir/addlayernorm_api.cpp.o
[364/800] Building CXX object src/CMakeFiles/MIOpen.dir/conv/invokers/wrw_rdc.cpp.o
[365/800] Building CXX object src/CMakeFiles/MIOpen.dir/activ_api.cpp.o
[366/800] Building CXX object src/CMakeFiles/MIOpen.dir/__/kernel_includes.cpp.o
[367/800] Building CXX object src/CMakeFiles/MIOpen.dir/cat_api.cpp.o
[368/800] Building CXX object src/CMakeFiles/MIOpen.dir/conv/kernel_interface/winograd_kernel_interface.cpp.o
[369/800] Building CXX object src/CMakeFiles/MIOpen.dir/env_debug.cpp.o
[370/800] Building CXX object src/CMakeFiles/MIOpen.dir/adam_api.cpp.o
[371/800] Building CXX object src/CMakeFiles/MIOpen.dir/conv/invokers/gen_x_w_y_pad.cpp.o
[372/800] Building CXX object src/CMakeFiles/MIOpen.dir/conv/invokers/impl_gemm.cpp.o
[373/800] Building CXX object src/CMakeFiles/MIOpen.dir/conv/invokers/gcn_asm_1x1u.cpp.o
[374/800] Building CXX object src/CMakeFiles/MIOpen.dir/fin/fin_interface.cpp.o
[375/800] Building CXX object src/CMakeFiles/MIOpen.dir/conv/invokers/gcn_asm_wino.cpp.o
[376/800] Building CXX object src/CMakeFiles/MIOpen.dir/batchnorm/problem_description.cpp.o
[377/800] Building CXX object src/CMakeFiles/MIOpen.dir/conv/invokers/gcn_asm_1x1u_ss.cpp.o
[378/800] Building CXX object src/CMakeFiles/MIOpen.dir/conv/problem_description.cpp.o
[379/800] Building CXX object src/CMakeFiles/MIOpen.dir/conv/invokers/gcn_asm_1x1u_us.cpp.o
[380/800] Building CXX object src/CMakeFiles/MIOpen.dir/env.cpp.o
[381/800] Building CXX object src/CMakeFiles/MIOpen.dir/ctc_api.cpp.o
[382/800] Building CXX object src/CMakeFiles/MIOpen.dir/dropout.cpp.o
[383/800] Building CXX object src/CMakeFiles/MIOpen.dir/batch_norm_api.cpp.o
[384/800] Building CXX object src/CMakeFiles/MIOpen.dir/ctc.cpp.o
[385/800] Building CXX object src/CMakeFiles/MIOpen.dir/filesystem_checker.cpp.o
[386/800] Building CXX object src/CMakeFiles/MIOpen.dir/expanduser.cpp.o
[387/800] Building CXX object src/CMakeFiles/MIOpen.dir/groupnorm/problem_description.cpp.o
[388/800] Building CXX object src/CMakeFiles/MIOpen.dir/glu/problem_description.cpp.o
[389/800] Building CXX object src/CMakeFiles/MIOpen.dir/driver_arguments.cpp.o
[390/800] Building CXX object src/CMakeFiles/MIOpen.dir/getitem/problem_description.cpp.o
[391/800] Building CXX object src/CMakeFiles/MIOpen.dir/kernel_warnings.cpp.o
[392/800] Building CXX object src/CMakeFiles/MIOpen.dir/kernel_build_params.cpp.o
[393/800] Building CXX object src/CMakeFiles/MIOpen.dir/kthvalue/problem_description.cpp.o
[394/800] Building CXX object src/CMakeFiles/MIOpen.dir/dropout_api.cpp.o
[395/800] Building CXX object src/CMakeFiles/MIOpen.dir/execution_context.cpp.o
[396/800] Building CXX object src/CMakeFiles/MIOpen.dir/find_controls.cpp.o
[397/800] Building CXX object src/CMakeFiles/MIOpen.dir/handle_api.cpp.o
[398/800] Building CXX object src/CMakeFiles/MIOpen.dir/invoker_cache.cpp.o
[399/800] Building CXX object src/CMakeFiles/MIOpen.dir/groupnorm_api.cpp.o
[400/800] Building CXX object src/CMakeFiles/MIOpen.dir/glu_api.cpp.o
[401/800] Building CXX object src/CMakeFiles/MIOpen.dir/getitem_api.cpp.o
[402/800] Building CXX object src/CMakeFiles/MIOpen.dir/conv/solver_finders.cpp.o
[403/800] Building CXX object src/CMakeFiles/MIOpen.dir/load_file.cpp.o
[404/800] Building CXX object src/CMakeFiles/MIOpen.dir/generic_search.cpp.o
[405/800] Building CXX object src/CMakeFiles/MIOpen.dir/performance_config.cpp.o
[406/800] Building CXX object src/CMakeFiles/MIOpen.dir/logger.cpp.o
[407/800] Building CXX object src/CMakeFiles/MIOpen.dir/kthvalue_api.cpp.o
[408/800] Building CXX object src/CMakeFiles/MIOpen.dir/lock_file.cpp.o
[409/800] Building CXX object src/CMakeFiles/MIOpen.dir/gpu_conv_reference.cpp.o
[410/800] Building CXX object src/CMakeFiles/MIOpen.dir/mha/problem_description.cpp.o
[411/800] Building CXX object src/CMakeFiles/MIOpen.dir/multimarginloss/problem_description.cpp.o
[412/800] Building CXX object src/CMakeFiles/MIOpen.dir/conv/invokers/impl_gemm_dynamic.cpp.o
[413/800] Building CXX object src/CMakeFiles/MIOpen.dir/layernorm/problem_description.cpp.o
[414/800] Building CXX object src/CMakeFiles/MIOpen.dir/layernorm_api.cpp.o
[415/800] Building CXX object src/CMakeFiles/MIOpen.dir/prelu/problem_description.cpp.o
[416/800] Building CXX object src/CMakeFiles/MIOpen.dir/find_db.cpp.o
[417/800] Building CXX object src/CMakeFiles/MIOpen.dir/lrn_api.cpp.o
[418/800] Building CXX object src/CMakeFiles/MIOpen.dir/process.cpp.o
[419/800] Building CXX object src/CMakeFiles/MIOpen.dir/api/find2_0_commons.cpp.o
[420/800] Building CXX object src/CMakeFiles/MIOpen.dir/convolution_api.cpp.o
[421/800] Building CXX object src/CMakeFiles/MIOpen.dir/op_args.cpp.o
[422/800] Building CXX object src/CMakeFiles/MIOpen.dir/readonlyramdb.cpp.o
[423/800] Building CXX object src/CMakeFiles/MIOpen.dir/operator.cpp.o
[424/800] Building CXX object src/CMakeFiles/MIOpen.dir/mha/mha_descriptor.cpp.o
[425/800] Building CXX object src/CMakeFiles/MIOpen.dir/fusion/problem_description.cpp.o
[426/800] Building CXX object src/CMakeFiles/MIOpen.dir/fused_api.cpp.o
[427/800] Building CXX object src/CMakeFiles/MIOpen.dir/multimarginloss_api.cpp.o
[428/800] Building CXX object src/CMakeFiles/MIOpen.dir/reduce/problem_description.cpp.o
[429/800] Building CXX object src/CMakeFiles/MIOpen.dir/prelu_api.cpp.o
[430/800] Building CXX object src/CMakeFiles/MIOpen.dir/ramdb.cpp.o
[431/800] Building CXX object src/CMakeFiles/MIOpen.dir/pooling/problem_description.cpp.o
[432/800] Building CXX object src/CMakeFiles/MIOpen.dir/reducecalculation_api.cpp.o
[433/800] Building CXX object src/CMakeFiles/MIOpen.dir/reduceextreme_api.cpp.o
[434/800] Building CXX object src/CMakeFiles/MIOpen.dir/pooling_api.cpp.o
[435/800] Building CXX object src/CMakeFiles/MIOpen.dir/reducetensor.cpp.o
[436/800] Building CXX object src/CMakeFiles/MIOpen.dir/rnn/Solutions/rnn_transformer.cpp.o
[437/800] Building CXX object src/CMakeFiles/MIOpen.dir/reducetensor_api.cpp.o
[438/800] Building CXX object src/CMakeFiles/MIOpen.dir/softmarginloss/problem_description.cpp.o
[439/800] Building CXX object src/CMakeFiles/MIOpen.dir/convolution.cpp.o
[440/800] Building CXX object src/CMakeFiles/MIOpen.dir/rnn.cpp.o
[441/800] Building CXX object src/CMakeFiles/MIOpen.dir/rope/problem_description.cpp.o
[442/800] Building CXX object src/CMakeFiles/MIOpen.dir/rnn/Solutions/bwd_s_stream.cpp.o
[443/800] Building CXX object src/CMakeFiles/MIOpen.dir/rnn/Solutions/fwd_s_stream.cpp.o
[444/800] Building CXX object src/CMakeFiles/MIOpen.dir/rnn/selector.cpp.o
[445/800] Building CXX object src/CMakeFiles/MIOpen.dir/rnn/Solutions/Base/fw_data_modular.cpp.o
[446/800] Building CXX object src/CMakeFiles/MIOpen.dir/rnn/rnn_util.cpp.o
[447/800] Building CXX object src/CMakeFiles/MIOpen.dir/rope_api.cpp.o
[448/800] Building CXX object src/CMakeFiles/MIOpen.dir/rnn/Solutions/Base/bw_weights_modular.cpp.o
[449/800] Building CXX object src/CMakeFiles/MIOpen.dir/rnn/Solutions/bww_s_steam.cpp.o
[450/800] Building CXX object src/CMakeFiles/MIOpen.dir/scalar.cpp.o
[451/800] Building CXX object src/CMakeFiles/MIOpen.dir/rnn/Solutions/bwd_multi_stream.cpp.o
[452/800] Building CXX object src/CMakeFiles/MIOpen.dir/rnn/Solutions/Base/bw_data_modular.cpp.o
[453/800] Building CXX object src/CMakeFiles/MIOpen.dir/softmarginloss_api.cpp.o
[454/800] Building CXX object src/CMakeFiles/MIOpen.dir/softmax_api.cpp.o
[455/800] Building CXX object src/CMakeFiles/MIOpen.dir/rnn/Solutions/bww_multi_stream.cpp.o
[456/800] Building CXX object src/CMakeFiles/MIOpen.dir/softmax/problem_description.cpp.o
[457/800] Building CXX object src/CMakeFiles/MIOpen.dir/solver/activ/bwd_0.cpp.o
[458/800] Building CXX object src/CMakeFiles/MIOpen.dir/solver/activ/bwd_1.cpp.o
[459/800] Building CXX object src/CMakeFiles/MIOpen.dir/solver/activ/fwd_0.cpp.o
[460/800] Building CXX object src/CMakeFiles/MIOpen.dir/solver/adam/transformers_adam_w.cpp.o
[461/800] Building CXX object src/CMakeFiles/MIOpen.dir/solver/adam/adam.cpp.o
[462/800] Building CXX object src/CMakeFiles/MIOpen.dir/solver/activ/fwd_1.cpp.o
[463/800] Building CXX object src/CMakeFiles/MIOpen.dir/solver/batchnorm/backward_per_activation.cpp.o
[464/800] Building CXX object src/CMakeFiles/MIOpen.dir/rnn_api.cpp.o
[465/800] Building CXX object src/CMakeFiles/MIOpen.dir/__/kernel.cpp.o
[466/800] Building CXX object src/CMakeFiles/MIOpen.dir/solver/batchnorm/forward_inference.cpp.o
[467/800] Building CXX object src/CMakeFiles/MIOpen.dir/solver/cat/forward_cat.cpp.o
[468/800] Building CXX object src/CMakeFiles/MIOpen.dir/solver/batchnorm/forward_per_activation.cpp.o
[469/800] Building CXX object src/CMakeFiles/MIOpen.dir/fusion.cpp.o
[470/800] Building CXX object src/CMakeFiles/MIOpen.dir/problem.cpp.o
[471/800] Building CXX object src/CMakeFiles/MIOpen.dir/solver/batchnorm/forward_inference_fused.cpp.o
[472/800] Building CXX object src/CMakeFiles/MIOpen.dir/solver/batchnorm/backward_per_activation_fused.cpp.o
[473/800] Building CXX object src/CMakeFiles/MIOpen.dir/solver/conv/conv_asm_5x10u2v2b1.cpp.o
[474/800] Building CXX object src/CMakeFiles/MIOpen.dir/solver/conv/conv_asm_5x10u2v2f1.cpp.o
[475/800] Building CXX object src/CMakeFiles/MIOpen.dir/softmax.cpp.o
[476/800] Building CXX object src/CMakeFiles/MIOpen.dir/solver/batchnorm/backward_spatial.cpp.o
[477/800] Building CXX object src/CMakeFiles/MIOpen.dir/solver/conv/conv_asm_7x7c3h224w224k64u2v2p3q3f1.cpp.o
[478/800] Building CXX object src/CMakeFiles/MIOpen.dir/solver/batchnorm/forward_per_activation_fused.cpp.o
[479/800] Building CXX object src/CMakeFiles/MIOpen.dir/solver/conv/conv_asm_implicit_gemm_bwd_v4r1_dynamic.cpp.o
[480/800] Building CXX object src/CMakeFiles/MIOpen.dir/solver/batchnorm/forward_spatial.cpp.o
[481/800] Building CXX object src/CMakeFiles/MIOpen.dir/solver/conv/conv_asm_3x3u.cpp.o
[482/800] Building CXX object src/CMakeFiles/MIOpen.dir/solver/conv/conv_asm_1x1u_stride2.cpp.o
[483/800] Building CXX object src/CMakeFiles/MIOpen.dir/solver/conv/conv_asm_implicit_gemm_gtc_perf_config.cpp.o
[484/800] Building CXX object src/CMakeFiles/MIOpen.dir/solver/conv/conv_asm_implicit_gemm_gtc_bwd.cpp.o
[485/800] Building CXX object src/CMakeFiles/MIOpen.dir/solver/conv/conv_asm_dir_BwdWrW3x3.cpp.o
[486/800] Building CXX object src/CMakeFiles/MIOpen.dir/solver/conv/conv_asm_implicit_gemm_v4r1_dynamic.cpp.o
[487/800] Building CXX object src/CMakeFiles/MIOpen.dir/solver/conv/conv_asm_1x1u.cpp.o
[488/800] Building CXX object src/CMakeFiles/MIOpen.dir/solver/conv/conv_asm_dir_BwdWrW1x1.cpp.o
[489/800] Building CXX object src/CMakeFiles/MIOpen.dir/solver/conv/conv_direct_naive_conv_bwd.cpp.o
[490/800] Building CXX object src/CMakeFiles/MIOpen.dir/solver/conv/conv_bin_wino3x3U.cpp.o
[491/800] Building CXX object src/CMakeFiles/MIOpen.dir/solver/conv/conv_direct_naive_conv_wrw.cpp.o
[492/800] Building CXX object src/CMakeFiles/MIOpen.dir/solver/conv/conv_bin_winoRxS.cpp.o
[493/800] Building CXX object src/CMakeFiles/MIOpen.dir/solver/conv/conv_asm_implicit_gemm_wrw_v4r1_dynamic.cpp.o
[494/800] Building CXX object src/CMakeFiles/MIOpen.dir/solution.cpp.o
[495/800] Building CXX object src/CMakeFiles/MIOpen.dir/solver/conv/conv_direct_naive_conv_fwd.cpp.o
[496/800] Building CXX object src/CMakeFiles/MIOpen.dir/solver/conv/conv_asm_implicit_gemm_wrw_gtc_dynamic_xdlops.cpp.o
[497/800] Building CXX object src/CMakeFiles/MIOpen.dir/solver/conv/conv_asm_implicit_gemm_gtc_fwd_nchwc.cpp.o
[498/800] Building CXX object src/CMakeFiles/MIOpen.dir/solver/ck_impl_lib_loader.cpp.o
[499/800] Building CXX object src/CMakeFiles/MIOpen.dir/solver/conv/conv_direct_naive_conv.cpp.o
[500/800] Building CXX object src/CMakeFiles/MIOpen.dir/solver/conv/conv_asm_implicit_gemm_gtc_fwd_nhwc.cpp.o
[501/800] Building CXX object src/CMakeFiles/MIOpen.dir/solver/conv/conv_asm_implicit_gemm_gtc_fwd.cpp.o
[502/800] Building CXX object src/CMakeFiles/MIOpen.dir/solver/conv/conv_asm_implicit_gemm_gtc_bwd_nhwc.cpp.o
[503/800] Building CXX object src/CMakeFiles/MIOpen.dir/solver/conv/conv_asm_implicit_gemm_gtc_wrw_nhwc.cpp.o
[504/800] Building CXX object src/CMakeFiles/MIOpen.dir/solver/conv/conv_hip_implicit_gemm_nonxdlops_common.cpp.o
[505/800] Building CXX object src/CMakeFiles/MIOpen.dir/solver/conv/conv_hip_implicit_gemm_bwd_v1r1.cpp.o
[506/800] Building CXX object src/CMakeFiles/MIOpen.dir/solver/conv/conv_hip_implicit_gemm_bwd_v4r1_xdlops.cpp.o
[507/800] Building CXX object src/CMakeFiles/MIOpen.dir/solver/conv/conv_hip_implicit_gemm_fwd_v4r4.cpp.o
[508/800] Building CXX object src/CMakeFiles/MIOpen.dir/solver/conv/conv_hip_implicit_gemm_fwd_v4r4_xdlops.cpp.o
[509/800] Building CXX object src/CMakeFiles/MIOpen.dir/solver/conv/conv_hip_implicit_gemm_fwd_v4r5_xdlops.cpp.o
[510/800] Building CXX object src/CMakeFiles/MIOpen.dir/solver/conv/conv_hip_implicit_gemm_fwd_v4r1.cpp.o
[511/800] Building CXX object src/CMakeFiles/MIOpen.dir/solver/conv/conv_hip_implicit_gemm_grouped_fwd_xdlops.cpp.o
[512/800] Building CXX object src/CMakeFiles/MIOpen.dir/solver/conv/conv_hip_implicit_gemm_grouped_wrw_xdlops.cpp.o
[513/800] Building CXX object src/CMakeFiles/MIOpen.dir/solver/conv/conv_hip_implicit_gemm_fwd_v4r4_xdlops_padded_gemm.cpp.o
[514/800] Building CXX object src/CMakeFiles/MIOpen.dir/solver/conv/conv_mlir_igemm_bwd.cpp.o
[515/800] Building CXX object src/CMakeFiles/MIOpen.dir/solver/conv/conv_hip_implicit_gemm_3d_grouped_bwd_xdlops.cpp.o
[516/800] Building CXX object src/CMakeFiles/MIOpen.dir/solver/conv/conv_hip_implicit_gemm_grouped_bwd_xdlops.cpp.o
[517/800] Building CXX object src/CMakeFiles/MIOpen.dir/solver/conv/conv_mlir_igemm_fwd.cpp.o
[518/800] Building CXX object src/CMakeFiles/MIOpen.dir/solver/conv/conv_mlir_igemm_bwd_xdlops.cpp.o
[519/800] Building CXX object src/CMakeFiles/MIOpen.dir/solver/conv/conv_hip_implicit_gemm_wrw_v4r4.cpp.o
[520/800] Building CXX object src/CMakeFiles/MIOpen.dir/solver/conv/conv_hip_implicit_gemm_3d_grouped_wrw_xdlops.cpp.o
[521/800] Building CXX object src/CMakeFiles/MIOpen.dir/solver/conv/conv_hip_dir2D11x11.cpp.o
[522/800] Building CXX object src/CMakeFiles/MIOpen.dir/solver/conv/conv_hip_implicit_gemm_wrw_v4r4_xdlops.cpp.o
[523/800] Building CXX object src/CMakeFiles/MIOpen.dir/solver/conv/conv_mlir_igemm_fwd_xdlops.cpp.o
[524/800] Building CXX object src/CMakeFiles/MIOpen.dir/solver/conv/conv_hip_implicit_gemm_3d_grouped_fwd_xdlops.cpp.o
[525/800] Building CXX object src/CMakeFiles/MIOpen.dir/solver/conv/conv_hip_dir2D_bwdWrW_53.cpp.o
[526/800] Building CXX object src/CMakeFiles/MIOpen.dir/solver/conv/gemm_common.cpp.o
[527/800] Building CXX object src/CMakeFiles/MIOpen.dir/solver/conv/conv_mlir_igemm_wrw.cpp.o
[528/800] Building CXX object src/CMakeFiles/MIOpen.dir/solver/conv/conv_mlir_igemm_wrw_xdlops.cpp.o
[529/800] Building CXX object src/CMakeFiles/MIOpen.dir/solver/conv/conv_hip_dir2Dfwd.cpp.o
[530/800] Building CXX object src/CMakeFiles/MIOpen.dir/solver/conv/fft.cpp.o
[531/800] Building CXX object src/CMakeFiles/MIOpen.dir/solver/conv/conv_hip_dir2Dfwd_exhaustive_search.cpp.o
[532/800] Building CXX object src/CMakeFiles/MIOpen.dir/solver/conv/conv_hip_implicit_gemm_wrw_v4r4_xdlops_padded_gemm.cpp.o
[533/800] Building CXX object src/CMakeFiles/MIOpen.dir/solver/conv/conv_wino_fury_RxS.cpp.o
[534/800] Building CXX object src/CMakeFiles/MIOpen.dir/solver/glu/forward_glu.cpp.o
[535/800] Building CXX object src/CMakeFiles/MIOpen.dir/solver/glu/backward_glu.cpp.o
[536/800] Building CXX object src/CMakeFiles/MIOpen.dir/solver/groupnorm/forward_groupnorm.cpp.o
[537/800] Building CXX object src/CMakeFiles/MIOpen.dir/solver/conv/conv_wino_rage_RxS.cpp.o
[538/800] Building CXX object src/CMakeFiles/MIOpen.dir/solver/kthvalue/forward_kthvalue.cpp.o
[539/800] Building CXX object src/CMakeFiles/MIOpen.dir/solver/conv/gemm_bwd.cpp.o
[540/800] Building CXX object src/CMakeFiles/MIOpen.dir/solver/layernorm/common_layernorm.cpp.o
[541/800] Building CXX object src/CMakeFiles/MIOpen.dir/solver/conv/gemm.cpp.o
[542/800] Building CXX object src/CMakeFiles/MIOpen.dir/solver/conv/conv_3d_depthwise_fwd.cpp.o
[543/800] Building CXX object src/CMakeFiles/MIOpen.dir/solver/getitem/backward_getitem.cpp.o
[544/800] Building CXX object src/CMakeFiles/MIOpen.dir/solver/conv/conv_MP_bidirectional_winograd.cpp.o
[545/800] Building CXX object src/CMakeFiles/MIOpen.dir/solver/mha/mha_solver_forward.cpp.o
[546/800] Building CXX object src/CMakeFiles/MIOpen.dir/solver/layernorm/backward_t5layernorm.cpp.o
[547/800] Building CXX object src/CMakeFiles/MIOpen.dir/solver/mha/mha_solver_backward.cpp.o
[548/800] Building CXX object src/CMakeFiles/MIOpen.dir/solver/conv/gemm_wrw.cpp.o
[549/800] Building CXX object src/CMakeFiles/MIOpen.dir/solver/layernorm/forward_addlayernorm.cpp.o
[550/800] Building CXX object src/CMakeFiles/MIOpen.dir/solver/multimarginloss/forward_multimarginloss.cpp.o
[551/800] Building CXX object src/CMakeFiles/MIOpen.dir/solver/layernorm/forward_t5layernorm.cpp.o
[552/800] Building CXX object src/CMakeFiles/MIOpen.dir/solver/conv_hip_dir2Dfwd_fused.cpp.o
[553/800] Building CXX object src/CMakeFiles/MIOpen.dir/solver/conv_ck_igemm_grp_fwd_activ_fused.cpp.o
[554/800] Building CXX object src/CMakeFiles/MIOpen.dir/solver/conv_winoRxS_fused.cpp.o
[555/800] Building CXX object src/CMakeFiles/MIOpen.dir/solver/conv/conv_winoRxS.cpp.o
[556/800] Building CXX object src/CMakeFiles/MIOpen.dir/solver/conv_ck_igemm_grp_fwd_bias_activ_fused.cpp.o
[557/800] Building CXX object src/CMakeFiles/MIOpen.dir/solver/layernorm/backward_layernorm.cpp.o
[558/800] Building CXX object src/CMakeFiles/MIOpen.dir/solver/layernorm/forward_layernorm.cpp.o
[559/800] Building CXX object src/CMakeFiles/MIOpen.dir/solver/conv_ck_igemm_fwd_bias_activ_fused.cpp.o
[560/800] Building CXX object src/CMakeFiles/MIOpen.dir/solver/conv/conv_ck_grouped_conv_fwd.cpp.o
[561/800] Building CXX object src/CMakeFiles/MIOpen.dir/solver/prelu/backward_prelu_multi_weights.cpp.o
[562/800] Building CXX object src/CMakeFiles/MIOpen.dir/solver/conv_asm_1x1u_bias_activ_fused.cpp.o
[563/800] Building CXX object src/CMakeFiles/MIOpen.dir/solver/conv_ck_igemm_fwd_bias_res_add_activ_fused.cpp.o
[564/800] Building CXX object src/CMakeFiles/MIOpen.dir/solver/prelu/utils.cpp.o
[565/800] Building CXX object src/CMakeFiles/MIOpen.dir/solver/prelu/backward_prelu_single_weight.cpp.o
[566/800] Building CXX object src/CMakeFiles/MIOpen.dir/solver/reduce/forward_argmin.cpp.o
[567/800] Building CXX object src/CMakeFiles/MIOpen.dir/solver/reduce/forward_max.cpp.o
[568/800] Building CXX object src/CMakeFiles/MIOpen.dir/solver/reduce/forward_min.cpp.o
[569/800] Building CXX object src/CMakeFiles/MIOpen.dir/sysinfo_utils.cpp.o
[570/800] Building CXX object src/CMakeFiles/MIOpen.dir/subbuffers.cpp.o
[571/800] Building CXX object src/CMakeFiles/MIOpen.dir/solver/rope/forward_rope.cpp.o
[572/800] Building CXX object src/CMakeFiles/MIOpen.dir/solver/reduce/forward_prod.cpp.o
[573/800] Building CXX object src/CMakeFiles/MIOpen.dir/solver/conv/conv_multipass_wino3x3WrW.cpp.o
[574/800] Building CXX object src/CMakeFiles/MIOpen.dir/solver/pooling/forwardNaive.cpp.o
[575/800] Building CXX object src/CMakeFiles/MIOpen.dir/solver/reduce/forward_argmax.cpp.o
[576/800] Building CXX object src/CMakeFiles/MIOpen.dir/solver/pooling/forward2d.cpp.o
[577/800] Building CXX object src/CMakeFiles/MIOpen.dir/solver/rope/backward_rope.cpp.o
[578/800] Building CXX object src/CMakeFiles/MIOpen.dir/solver/softmarginloss/backward_softmarginloss.cpp.o
[579/800] Building CXX object src/CMakeFiles/MIOpen.dir/solver/reduce/forward_sum.cpp.o
[580/800] Building CXX object src/CMakeFiles/MIOpen.dir/solver/pooling/performanceConfigNd.cpp.o
[581/800] Building CXX object src/CMakeFiles/MIOpen.dir/solver/pooling/performanceConfig2d.cpp.o
[582/800] Building CXX object src/CMakeFiles/MIOpen.dir/solver/softmarginloss/forward_softmarginloss.cpp.o
[583/800] Building CXX object src/CMakeFiles/MIOpen.dir/solver/softmax/attn_softmax.cpp.o
[584/800] Building CXX object src/CMakeFiles/MIOpen.dir/solver/tensorOp/Op1dTensorGeneric.cpp.o
[585/800] Building CXX object src/CMakeFiles/MIOpen.dir/solver/pooling/backward2d.cpp.o
[586/800] Building CXX object src/CMakeFiles/MIOpen.dir/solver/tensorOp/Op2dTensorGeneric.cpp.o
[587/800] Building CXX object src/CMakeFiles/MIOpen.dir/unique_path.cpp.o
[588/800] Building CXX object src/CMakeFiles/MIOpen.dir/solver/pooling/forwardNd.cpp.o
[589/800] Building CXX object src/CMakeFiles/MIOpen.dir/tensorOp/problem_description.cpp.o
[590/800] Building CXX object src/CMakeFiles/MIOpen.dir/solver/tensorOp/Op4dTensorLite.cpp.o
[591/800] Building CXX object src/CMakeFiles/MIOpen.dir/solver/pooling/backwardNd.cpp.o
[592/800] Building CXX object src/CMakeFiles/MIOpen.dir/solver/tensorOp/Op2dTensorSquash.cpp.o
[593/800] Building CXX object src/CMakeFiles/MIOpen.dir/solver/softmax/softmax_noncontiguous.cpp.o
[594/800] Building CXX object src/CMakeFiles/MIOpen.dir/solver/tensorOp/Op2dTensorLite.cpp.o
[595/800] Building CXX object src/CMakeFiles/MIOpen.dir/temp_file.cpp.o
[596/800] Building CXX object src/CMakeFiles/MIOpen.dir/solver/tensorOp/Op4dTensorGeneric.cpp.o
[597/800] Building CXX object src/CMakeFiles/MIOpen.dir/target_properties.cpp.o
[598/800] Building CXX object src/CMakeFiles/MIOpen.dir/solver/tensorOp/Op3dTensorGeneric.cpp.o
[599/800] Building CXX object src/CMakeFiles/MIOpen.dir/t5layernorm_api.cpp.o
[600/800] Building CXX object src/CMakeFiles/MIOpen.dir/conv/heuristics/lgbm_forest.cpp.o
[601/800] Building CXX object src/CMakeFiles/MIOpen.dir/md5.cpp.o
[602/800] Building CXX object src/CMakeFiles/MIOpen.dir/bz2.cpp.o
[603/800] Building CXX object src/CMakeFiles/MIOpen.dir/solver/tensorOp/Op5dTensorGeneric.cpp.o
[604/800] Building CXX object src/CMakeFiles/MIOpen.dir/anyramdb.cpp.o
[605/800] Building CXX object src/CMakeFiles/MIOpen.dir/solver/tensorOp/OpTensorLeadingOnes.cpp.o
[606/800] Building CXX object src/CMakeFiles/MIOpen.dir/solver/tensorOp/OpTensorFwdBias.cpp.o
[607/800] Building CXX object src/CMakeFiles/MIOpen.dir/solver/softmax/softmax.cpp.o
[608/800] Building CXX object src/CMakeFiles/MIOpen.dir/tmp_dir.cpp.o
[609/800] Building CXX object src/CMakeFiles/MIOpen.dir/transformers_adam_w_api.cpp.o
[610/800] Building CXX object src/CMakeFiles/MIOpen.dir/conv/heuristics/lgbm_pcfg_metadata.cpp.o
[611/800] Building CXX object src/CMakeFiles/MIOpen.dir/exec_utils.cpp.o
[612/800] Building CXX object src/CMakeFiles/MIOpen.dir/tensor_api.cpp.o
[613/800] Building CXX object src/CMakeFiles/MIOpen.dir/kern_db.cpp.o
[614/800] Building CXX object src/CMakeFiles/MIOpen.dir/seq_tensor.cpp.o
[615/800] Building CXX object src/CMakeFiles/MIOpen.dir/binary_cache.cpp.o
[616/800] Building CXX object src/CMakeFiles/MIOpen.dir/conv/heuristics/lgbm_pick.cpp.o
[617/800] Building CXX object src/CMakeFiles/MIOpen.dir/activ.cpp.o
[618/800] Building CXX object src/CMakeFiles/MIOpen.dir/sqlite_db.cpp.o
[619/800] Building CXX object src/CMakeFiles/MIOpen.dir/kernel_cache.cpp.o
[620/800] Building CXX object src/CMakeFiles/MIOpen.dir/cat.cpp.o
[621/800] Building CXX object src/CMakeFiles/MIOpen.dir/adam.cpp.o
[622/800] Building CXX object src/CMakeFiles/MIOpen.dir/conv/heuristics/ai_conv_nd_kernel_tuning_utils.cpp.o
[623/800] Building CXX object src/CMakeFiles/MIOpen.dir/lrn.cpp.o
[624/800] Building CXX object src/CMakeFiles/MIOpen.dir/conv/heuristics/lgbm_pcfg_pick.cpp.o
[625/800] Building CXX object src/CMakeFiles/MIOpen.dir/groupnorm.cpp.o
[626/800] Building CXX object src/CMakeFiles/MIOpen.dir/hip/gcn_asm_utils.cpp.o
[627/800] Building CXX object src/CMakeFiles/MIOpen.dir/getitem.cpp.o
[628/800] Building CXX object src/CMakeFiles/MIOpen.dir/glu.cpp.o
[629/800] Building CXX object src/CMakeFiles/MIOpen.dir/kthvalue.cpp.o
[630/800] Building CXX object src/CMakeFiles/MIOpen.dir/addlayernorm.cpp.o
[631/800] Building CXX object src/CMakeFiles/MIOpen.dir/conv/heuristics/lgbm_metadata.cpp.o
[632/800] Building CXX object src/CMakeFiles/MIOpen.dir/conv/heuristics/metadata_nd.cpp.o
[633/800] Building CXX object src/CMakeFiles/MIOpen.dir/hip/hip_build_utils.cpp.o
[634/800] Building CXX object src/CMakeFiles/MIOpen.dir/hip/fusionopconvocl.cpp.o
[635/800] Building CXX object src/CMakeFiles/MIOpen.dir/multimarginloss.cpp.o
[636/800] Building CXX object src/CMakeFiles/MIOpen.dir/hip/activ_ocl.cpp.o
[637/800] Building CXX object src/CMakeFiles/MIOpen.dir/hip/dropoutocl.cpp.o
[638/800] Building CXX object src/CMakeFiles/MIOpen.dir/hip/hiperrors.cpp.o
[639/800] Building CXX object src/CMakeFiles/MIOpen.dir/__/db_path.cpp.o
[640/800] Building CXX object src/CMakeFiles/MIOpen.dir/hip/mloNorm.cpp.o
[641/800] Building CXX object src/CMakeFiles/MIOpen.dir/hip/fusionopbiasbnactivocl.cpp.o
[642/800] Building CXX object src/CMakeFiles/MIOpen.dir/hip/lrn_ocl.cpp.o
[643/800] Building CXX object src/CMakeFiles/MIOpen.dir/hip/general_tensor_reorder_sol.cpp.o
[644/800] Building CXX object src/CMakeFiles/MIOpen.dir/hip/batchnormocl.cpp.o
[645/800] Building CXX object src/CMakeFiles/MIOpen.dir/hip/batched_transpose_sol.cpp.o
[646/800] Building CXX object src/CMakeFiles/MIOpen.dir/layernorm.cpp.o
[647/800] Building CXX object src/CMakeFiles/MIOpen.dir/solver/conv/conv_hipconv.cpp.o
[648/800] Building CXX object src/CMakeFiles/MIOpen.dir/reducecalculation.cpp.o
[649/800] Building CXX object src/CMakeFiles/MIOpen.dir/prelu.cpp.o
[650/800] Building CXX object src/CMakeFiles/MIOpen.dir/hipoc/hipoc_program.cpp.o
[651/800] Building CXX object src/CMakeFiles/MIOpen.dir/transformers_adam_w.cpp.o
[652/800] Building CXX object src/CMakeFiles/MIOpen.dir/rope.cpp.o
[653/800] Building CXX object src/CMakeFiles/MIOpen.dir/softmarginloss.cpp.o
[654/800] Building CXX object src/CMakeFiles/MIOpen.dir/hipoc/hipoc_kernel.cpp.o
[655/800] Building CXX object src/CMakeFiles/MIOpen.dir/conv/heuristics/ai_candidate_selection.cpp.o
[656/800] Building CXX object src/CMakeFiles/MIOpen.dir/reduceextreme.cpp.o
[657/800] Building CXX object src/CMakeFiles/MIOpen.dir/gemm_v2.cpp.o
[658/800] Building CXX object src/CMakeFiles/MIOpen.dir/t5layernorm.cpp.o
[659/800] Building CXX object src/CMakeFiles/MIOpen.dir/hip/utilocl.cpp.o
[660/800] Building CXX object src/CMakeFiles/MIOpen.dir/hip/handlehip.cpp.o
[661/800] Building CXX object src/CMakeFiles/MIOpen.dir/hip/rnnocl.cpp.o
[662/800] Building CXX object src/CMakeFiles/MIOpen.dir/tensor.cpp.o
[663/800] Building CXX object src/CMakeFiles/MIOpen.dir/__/inlined_kernels/batch_0.cpp.o
[664/800] Building CXX object src/CMakeFiles/MIOpen.dir/hip/convolutionocl.cpp.o
[665/800] Building CXX object src/CMakeFiles/MIOpen.dir/__/inlined_kernels/batch_2.cpp.o
[666/800] Building CXX object src/CMakeFiles/MIOpen.dir/__/inlined_kernels/batch_4.cpp.o
[667/800] Building CXX object src/CMakeFiles/MIOpen.dir/__/inlined_kernels/batch_7.cpp.o
[668/800] Building CXX object src/CMakeFiles/MIOpen.dir/__/inlined_kernels/batch_3.cpp.o
[669/800] Building CXX object src/CMakeFiles/MIOpen.dir/__/inlined_kernels/batch_1.cpp.o
[670/800] Building CXX object src/CMakeFiles/MIOpen.dir/__/inlined_kernels/batch_6.cpp.o
[671/800] Building CXX object src/CMakeFiles/MIOpen.dir/__/inlined_kernels/batch_10.cpp.o
[672/800] Building CXX object src/CMakeFiles/MIOpen.dir/__/inlined_kernels/batch_8.cpp.o
[673/800] Building CXX object src/CMakeFiles/MIOpen.dir/__/inlined_kernels/batch_9.cpp.o
[674/800] Building CXX object src/CMakeFiles/MIOpen.dir/__/inlined_kernels/batch_13.cpp.o
[675/800] Building CXX object src/CMakeFiles/MIOpen.dir/__/inlined_kernels/batch_5.cpp.o
[676/800] Building CXX object src/CMakeFiles/MIOpen.dir/__/inlined_kernels/batch_15.cpp.o
[677/800] Building CXX object src/CMakeFiles/MIOpen.dir/__/inlined_kernels/batch_19.cpp.o
[678/800] Building CXX object src/CMakeFiles/MIOpen.dir/__/inlined_kernels/batch_11.cpp.o
[679/800] Building CXX object src/CMakeFiles/MIOpen.dir/__/inlined_kernels/batch_14.cpp.o
[680/800] Building CXX object src/CMakeFiles/MIOpen.dir/__/inlined_kernels/batch_29.cpp.o
[681/800] Building CXX object src/CMakeFiles/MIOpen.dir/__/inlined_kernels/batch_18.cpp.o
[682/800] Building CXX object src/CMakeFiles/MIOpen.dir/__/inlined_kernels/batch_16.cpp.o
[683/800] Building CXX object src/CMakeFiles/MIOpen.dir/__/inlined_kernels/batch_17.cpp.o
[684/800] Building CXX object src/CMakeFiles/MIOpen.dir/__/inlined_kernels/batch_24.cpp.o
[685/800] Building CXX object src/CMakeFiles/MIOpen.dir/__/inlined_kernels/batch_23.cpp.o
[686/800] Building CXX object src/CMakeFiles/MIOpen.dir/__/inlined_kernels/batch_21.cpp.o
[687/800] Building CXX object src/CMakeFiles/MIOpen.dir/__/inlined_kernels/batch_22.cpp.o
[688/800] Building CXX object src/CMakeFiles/MIOpen.dir/__/inlined_kernels/batch_12.cpp.o
[689/800] Building CXX object src/CMakeFiles/MIOpen.dir/__/inlined_kernels/batch_26.cpp.o
[690/800] Building CXX object src/CMakeFiles/MIOpen.dir/__/inlined_kernels/batch_20.cpp.o
[691/800] Building CXX object src/CMakeFiles/MIOpen.dir/__/inlined_kernels/batch_28.cpp.o
[692/800] Building CXX object src/CMakeFiles/MIOpen.dir/__/inlined_kernels/batch_25.cpp.o
[693/800] Building CXX object src/CMakeFiles/MIOpen.dir/__/inlined_kernels/batch_32.cpp.o
[694/800] Building CXX object src/CMakeFiles/MIOpen.dir/__/inlined_kernels/batch_27.cpp.o
[695/800] Building CXX object src/CMakeFiles/MIOpen.dir/__/inlined_kernels/batch_30.cpp.o
[696/800] Building CXX object src/CMakeFiles/MIOpen.dir/__/inlined_kernels/batch_35.cpp.o
[697/800] Building CXX object src/CMakeFiles/MIOpen.dir/__/inlined_kernels/batch_31.cpp.o
[698/800] Building CXX object src/CMakeFiles/MIOpen.dir/__/inlined_kernels/batch_36.cpp.o
[699/800] Building CXX object src/CMakeFiles/MIOpen.dir/__/inlined_kernels/batch_34.cpp.o
[700/800] Building CXX object src/CMakeFiles/MIOpen.dir/__/inlined_kernels/batch_33.cpp.o
[701/800] Building CXX object src/CMakeFiles/MIOpen.dir/__/inlined_kernels/batch_38.cpp.o
[702/800] Building CXX object src/CMakeFiles/MIOpen.dir/__/inlined_kernels/batch_39.cpp.o
[703/800] Building CXX object src/CMakeFiles/MIOpen.dir/__/inlined_kernels/batch_37.cpp.o
[704/800] Building CXX object src/CMakeFiles/MIOpen.dir/__/inlined_kernels/batch_46.cpp.o
[705/800] Building CXX object src/CMakeFiles/MIOpen.dir/__/inlined_kernels/batch_44.cpp.o
[706/800] Building CXX object src/CMakeFiles/MIOpen.dir/__/inlined_kernels/batch_43.cpp.o
[707/800] Building CXX object src/CMakeFiles/MIOpen.dir/__/inlined_kernels/batch_42.cpp.o
[708/800] Building CXX object src/CMakeFiles/MIOpen.dir/__/inlined_kernels/batch_47.cpp.o
[709/800] Building CXX object src/CMakeFiles/MIOpen.dir/__/inlined_kernels/batch_45.cpp.o
[710/800] Building CXX object src/CMakeFiles/MIOpen.dir/__/inlined_kernels/batch_40.cpp.o
[711/800] Building CXX object src/CMakeFiles/MIOpen.dir/pooling.cpp.o
[712/800] Building CXX object src/CMakeFiles/MIOpen.dir/__/inlined_kernels/batch_51.cpp.o
[713/800] Building CXX object src/CMakeFiles/MIOpen.dir/__/inlined_kernels/batch_48.cpp.o
[714/800] Building CXX object src/CMakeFiles/MIOpen.dir/__/inlined_kernels/batch_41.cpp.o
[715/800] Building CXX object src/CMakeFiles/MIOpen.dir/__/inlined_kernels/batch_55.cpp.o
[716/800] Building CXX object src/CMakeFiles/MIOpen.dir/__/inlined_kernels/batch_53.cpp.o
[717/800] Building CXX object src/CMakeFiles/MIOpen.dir/__/inlined_kernels/batch_54.cpp.o
[718/800] Building CXX object src/CMakeFiles/MIOpen.dir/__/inlined_kernels/batch_56.cpp.o
[719/800] Building CXX object src/CMakeFiles/MIOpen.dir/__/inlined_kernels/batch_49.cpp.o
[720/800] Building CXX object src/CMakeFiles/MIOpen.dir/__/inlined_kernels/batch_59.cpp.o
[721/800] Building CXX object src/CMakeFiles/MIOpen.dir/__/inlined_kernels/batch_57.cpp.o
[722/800] Building CXX object src/CMakeFiles/MIOpen.dir/__/inlined_kernels/batch_58.cpp.o
[723/800] Building CXX object src/CMakeFiles/MIOpen.dir/__/inlined_kernels/batch_64.cpp.o
[724/800] Building CXX object src/CMakeFiles/MIOpen.dir/__/inlined_kernels/batch_60.cpp.o
[725/800] Building CXX object src/CMakeFiles/MIOpen.dir/__/inlined_kernels/batch_52.cpp.o
[726/800] Building CXX object src/CMakeFiles/MIOpen.dir/__/inlined_kernels/batch_66.cpp.o
[727/800] Building CXX object src/CMakeFiles/MIOpen.dir/__/inlined_kernels/batch_68.cpp.o
[728/800] Building CXX object src/CMakeFiles/MIOpen.dir/__/inlined_kernels/batch_50.cpp.o
[729/800] Building CXX object src/CMakeFiles/MIOpen.dir/__/inlined_kernels/batch_70.cpp.o
[730/800] Building CXX object src/CMakeFiles/MIOpen.dir/__/inlined_kernels/batch_62.cpp.o
[731/800] Building CXX object src/CMakeFiles/MIOpen.dir/__/inlined_kernels/batch_67.cpp.o
[732/800] Building CXX object src/CMakeFiles/MIOpen.dir/__/inlined_kernels/batch_61.cpp.o
[733/800] Building CXX object src/CMakeFiles/MIOpen.dir/__/inlined_kernels/batch_69.cpp.o
[734/800] Building CXX object src/CMakeFiles/MIOpen.dir/__/inlined_kernels/batch_65.cpp.o
[735/800] Building CXX object src/CMakeFiles/MIOpen.dir/__/inlined_kernels/batch_76.cpp.o
[736/800] Building CXX object src/CMakeFiles/MIOpen.dir/__/inlined_kernels/batch_71.cpp.o
[737/800] Building CXX object src/CMakeFiles/MIOpen.dir/__/inlined_kernels/batch_75.cpp.o
[738/800] Building CXX object src/CMakeFiles/MIOpen.dir/conv/heuristics/ai_heuristics.cpp.o
[739/800] Building CXX object src/CMakeFiles/MIOpen.dir/__/inlined_kernels/batch_73.cpp.o
[740/800] Building CXX object src/CMakeFiles/MIOpen.dir/__/inlined_kernels/batch_72.cpp.o
[741/800] Building CXX object src/CMakeFiles/MIOpen.dir/__/inlined_kernels/batch_74.cpp.o
[742/800] Building CXX object src/CMakeFiles/MIOpen.dir/__/inlined_kernels/batch_63.cpp.o
[743/800] Building CXX object src/CMakeFiles/MIOpen.dir/__/inlined_kernels/batch_84.cpp.o
[744/800] Building CXX object src/CMakeFiles/MIOpen.dir/__/inlined_kernels/batch_83.cpp.o
[745/800] Building CXX object src/CMakeFiles/MIOpen.dir/__/inlined_kernels/batch_81.cpp.o
[746/800] Building CXX object src/CMakeFiles/MIOpen.dir/__/inlined_kernels/batch_78.cpp.o
[747/800] Building CXX object src/CMakeFiles/MIOpen.dir/__/inlined_kernels/batch_85.cpp.o
[748/800] Building CXX object src/CMakeFiles/MIOpen.dir/__/inlined_kernels/batch_87.cpp.o
[749/800] Building CXX object src/CMakeFiles/MIOpen.dir/__/inlined_kernels/batch_86.cpp.o
[750/800] Building CXX object src/CMakeFiles/MIOpen.dir/__/inlined_kernels/batch_79.cpp.o
[751/800] Building CXX object src/CMakeFiles/MIOpen.dir/__/inlined_kernels/batch_88.cpp.o
[752/800] Building CXX object src/CMakeFiles/MIOpen.dir/__/inlined_kernels/batch_77.cpp.o
[753/800] Building CXX object src/CMakeFiles/MIOpen.dir/__/inlined_kernels/batch_80.cpp.o
[754/800] Building CXX object src/CMakeFiles/MIOpen.dir/__/inlined_kernels/batch_82.cpp.o
[755/800] Building CXX object src/CMakeFiles/MIOpen.dir/__/inlined_kernels/batch_89.cpp.o
[756/800] Building CXX object src/CMakeFiles/MIOpen.dir/__/inlined_kernels/batch_91.cpp.o
[757/800] Building CXX object src/CMakeFiles/MIOpen.dir/__/inlined_kernels/batch_90.cpp.o
[758/800] Building CXX object src/CMakeFiles/MIOpen.dir/__/inlined_kernels/batch_93.cpp.o
[759/800] Building CXX object src/CMakeFiles/MIOpen.dir/__/inlined_kernels/batch_92.cpp.o
[760/800] Building CXX object src/CMakeFiles/MIOpen.dir/__/inlined_kernels/batch_95.cpp.o
[761/800] Building CXX object src/CMakeFiles/MIOpen.dir/__/inlined_kernels/batch_100.cpp.o
[762/800] Building CXX object src/CMakeFiles/MIOpen.dir/__/inlined_kernels/batch_98.cpp.o
[763/800] Building CXX object src/CMakeFiles/MIOpen.dir/__/inlined_kernels/batch_97.cpp.o
[764/800] Building CXX object src/CMakeFiles/MIOpen.dir/__/inlined_kernels/batch_120.cpp.o
[765/800] Building CXX object src/CMakeFiles/MIOpen.dir/__/inlined_kernels/batch_101.cpp.o
[766/800] Building CXX object src/CMakeFiles/MIOpen.dir/__/inlined_kernels/batch_124.cpp.o
[767/800] Building CXX object src/CMakeFiles/MIOpen.dir/__/inlined_kernels/batch_123.cpp.o
[768/800] Building CXX object src/CMakeFiles/MIOpen.dir/__/inlined_kernels/batch_103.cpp.o
[769/800] Building CXX object src/CMakeFiles/MIOpen.dir/__/inlined_kernels/batch_104.cpp.o
[770/800] Building CXX object src/CMakeFiles/MIOpen.dir/__/inlined_kernels/batch_125.cpp.o
[771/800] Building CXX object src/CMakeFiles/MIOpen.dir/__/inlined_kernels/batch_102.cpp.o
[772/800] Building CXX object src/CMakeFiles/MIOpen.dir/__/inlined_kernels/batch_99.cpp.o
[773/800] Building CXX object src/CMakeFiles/MIOpen.dir/__/inlined_kernels/batch_106.cpp.o
[774/800] Building CXX object src/CMakeFiles/MIOpen.dir/__/inlined_kernels/batch_105.cpp.o
[775/800] Building CXX object src/CMakeFiles/MIOpen.dir/__/inlined_kernels/batch_94.cpp.o
[776/800] Building CXX object src/CMakeFiles/MIOpen.dir/__/inlined_kernels/batch_110.cpp.o
[777/800] Building CXX object src/CMakeFiles/MIOpen.dir/__/inlined_kernels/batch_109.cpp.o
[778/800] Building CXX object src/CMakeFiles/MIOpen.dir/__/inlined_kernels/batch_107.cpp.o
[779/800] Building CXX object src/CMakeFiles/MIOpen.dir/__/inlined_kernels/batch_111.cpp.o
[780/800] Building CXX object src/CMakeFiles/MIOpen.dir/__/inlined_kernels/batch_96.cpp.o
[781/800] Building CXX object src/CMakeFiles/MIOpen.dir/__/inlined_kernels/batch_108.cpp.o
[782/800] Building CXX object src/CMakeFiles/MIOpen.dir/__/inlined_kernels/batch_121.cpp.o
[783/800] Building CXX object src/CMakeFiles/MIOpen.dir/__/inlined_kernels/batch_112.cpp.o
[784/800] Building CXX object src/CMakeFiles/MIOpen.dir/__/inlined_kernels/batch_113.cpp.o
[785/800] Building CXX object src/CMakeFiles/MIOpen.dir/__/inlined_kernels/batch_116.cpp.o
[786/800] Building CXX object src/CMakeFiles/MIOpen.dir/__/inlined_kernels/batch_115.cpp.o
[787/800] Building CXX object src/CMakeFiles/MIOpen.dir/__/inlined_kernels/batch_114.cpp.o
[788/800] Building CXX object src/CMakeFiles/MIOpen.dir/__/inlined_kernels/batch_117.cpp.o
[789/800] Building CXX object src/CMakeFiles/MIOpen.dir/comgr.cpp.o
[790/800] Building CXX object src/CMakeFiles/MIOpen.dir/__/inlined_kernels/batch_119.cpp.o
[791/800] Building CXX object src/CMakeFiles/MIOpen.dir/__/inlined_kernels/batch_118.cpp.o
[792/800] Building CXX object src/CMakeFiles/MIOpen.dir/__/inlined_kernels/batch_126.cpp.o
[793/800] Building CXX object src/CMakeFiles/MIOpen.dir/__/inlined_kernels/batch_128.cpp.o
[794/800] Building CXX object src/CMakeFiles/MIOpen.dir/mlo_dir_conv.cpp.o
[795/800] Building CXX object src/CMakeFiles/MIOpen.dir/__/inlined_kernels/batch_127.cpp.o
[796/800] Building CXX object src/CMakeFiles/MIOpen.dir/__/inlined_kernels/batch_122.cpp.o
[797/800] Building CXX object src/CMakeFiles/MIOpen.dir/solver.cpp.o
[798/800] Linking CXX shared library lib/libMIOpen.so.1.0
[799/800] Creating library symlink lib/libMIOpen.so.1 lib/libMIOpen.so
BUILD_RC=0
