ninja: Entering directory `builds/miopen-unpatched'
[0/2] Re-checking globbed directories...
[1/690] Building HIP object src/hipconv/src/arch/cdna4/CMakeFiles/hipconv_arch_cdna4.dir/autoshard/patch_embed_kernel_table.cpp.o
[2/690] Building HIP object src/hipconv/src/arch/cdna4/CMakeFiles/hipconv_arch_cdna4.dir/autoshard/direct_wgrad_kernel_table.cpp.o
[3/690] Building HIP object src/hipconv/src/arch/cdna4/CMakeFiles/hipconv_arch_cdna4.dir/autoshard/depthwise_1d_toeplitz_kernel_table.cpp.o
[4/690] Building HIP object src/hipconv/src/arch/cdna4/CMakeFiles/hipconv_arch_cdna4.dir/autoshard/patch_embed_shard7.cpp.o
[5/690] Building HIP object src/hipconv/src/arch/cdna4/CMakeFiles/hipconv_arch_cdna4.dir/autoshard/patch_embed_shard4.cpp.o
[6/690] Building HIP object src/hipconv/src/arch/cdna4/CMakeFiles/hipconv_arch_cdna4.dir/grouped/grouped_8c.cpp.o
[7/690] Building HIP object src/hipconv/src/arch/cdna4/CMakeFiles/hipconv_arch_cdna4.dir/autoshard/patch_embed_shard5.cpp.o
[8/690] Building HIP object src/hipconv/src/arch/cdna4/CMakeFiles/hipconv_arch_cdna4.dir/autoshard/patch_embed_shard6.cpp.o
[9/690] Building HIP object src/hipconv/src/arch/cdna4/CMakeFiles/hipconv_arch_cdna4.dir/autoshard/patch_embed_shard2.cpp.o
[10/690] Building HIP object src/hipconv/src/arch/cdna4/CMakeFiles/hipconv_arch_cdna4.dir/autoshard/patch_embed_shard1.cpp.o
[11/690] Building HIP object src/hipconv/src/arch/cdna4/CMakeFiles/hipconv_arch_cdna4.dir/autoshard/patch_embed_shard3.cpp.o
[12/690] Building HIP object src/hipconv/src/arch/cdna4/CMakeFiles/hipconv_arch_cdna4.dir/autoshard/patch_embed_shard0.cpp.o
[13/690] Building HIP object src/hipconv/src/arch/cdna4/CMakeFiles/hipconv_arch_cdna4.dir/autoshard/direct_l1_shard3.cpp.o
[14/690] Building HIP object src/hipconv/src/arch/cdna4/CMakeFiles/hipconv_arch_cdna4.dir/autoshard/direct_l1_shard4.cpp.o
[15/690] Building HIP object src/hipconv/src/arch/cdna4/CMakeFiles/hipconv_arch_cdna4.dir/autoshard/direct_l1_shard6.cpp.o
[16/690] Building HIP object src/hipconv/src/arch/cdna4/CMakeFiles/hipconv_arch_cdna4.dir/autoshard/direct_l1_shard2.cpp.o
[17/690] Building HIP object src/hipconv/src/arch/cdna4/CMakeFiles/hipconv_arch_cdna4.dir/autoshard/direct_l1_shard1.cpp.o
[18/690] Building HIP object src/hipconv/src/arch/cdna4/CMakeFiles/hipconv_arch_cdna4.dir/grouped/grouped_16c.cpp.o
[19/690] Building HIP object src/hipconv/src/arch/cdna4/CMakeFiles/hipconv_arch_cdna4.dir/autoshard/direct_l1_shard5.cpp.o
[20/690] Building HIP object src/hipconv/src/arch/cdna4/CMakeFiles/hipconv_arch_cdna4.dir/autoshard/direct_l1_shard0.cpp.o
[21/690] Building HIP object src/hipconv/src/arch/cdna4/CMakeFiles/hipconv_arch_cdna4.dir/autoshard/direct_l1_shard7.cpp.o
[22/690] Building HIP object src/hipconv/src/arch/cdna4/CMakeFiles/hipconv_arch_cdna4.dir/autoshard/depthwise_wgrad_hankel_kernel_table.cpp.o
[23/690] Building HIP object src/hipconv/src/arch/cdna5/CMakeFiles/hipconv_arch_cdna5.dir/direct_backend.cpp.o
[24/690] Building HIP object src/hipconv/src/arch/cdna5/CMakeFiles/hipconv_arch_cdna5.dir/grouped_backend.cpp.o
[25/690] Building HIP object src/hipconv/src/arch/cdna5/CMakeFiles/hipconv_arch_cdna5.dir/depthwise/depthwise_wgrad_hankel/config_matcher.cpp.o
[26/690] Building HIP object src/hipconv/src/arch/cdna5/CMakeFiles/hipconv_arch_cdna5.dir/direct/config_matcher.cpp.o
[27/690] Building HIP object src/hipconv/src/arch/cdna5/CMakeFiles/hipconv_arch_cdna5.dir/depthwise/depthwise_1d_toeplitz/config_matcher.cpp.o
[28/690] Building HIP object src/hipconv/src/arch/cdna5/CMakeFiles/hipconv_arch_cdna5.dir/depthwise_backend.cpp.o
[29/690] Building HIP object src/hipconv/src/arch/cdna5/CMakeFiles/hipconv_arch_cdna5.dir/grouped/reduction.cpp.o
[30/690] Building HIP object src/hipconv/src/arch/cdna5/CMakeFiles/hipconv_arch_cdna5.dir/depthwise/depthwise_wgrad_hankel/reduction.cpp.o
[31/690] Building HIP object src/hipconv/src/arch/cdna5/CMakeFiles/hipconv_arch_cdna5.dir/autoshard/direct_kernel_table.cpp.o
[32/690] Building HIP object src/hipconv/src/arch/cdna5/CMakeFiles/hipconv_arch_cdna5.dir/autoshard/grouped_multi_g_kernel_table.cpp.o
[33/690] Building HIP object src/hipconv/src/arch/cdna5/CMakeFiles/hipconv_arch_cdna5.dir/autoshard/direct_shard2.cpp.o
[34/690] Building HIP object src/hipconv/src/arch/cdna5/CMakeFiles/hipconv_arch_cdna5.dir/autoshard/direct_shard0.cpp.o
[35/690] Building HIP object src/hipconv/src/arch/cdna5/CMakeFiles/hipconv_arch_cdna5.dir/autoshard/direct_shard5.cpp.o
[36/690] Building HIP object src/hipconv/src/arch/cdna5/CMakeFiles/hipconv_arch_cdna5.dir/autoshard/direct_shard3.cpp.o
[37/690] Building HIP object src/hipconv/src/arch/cdna5/CMakeFiles/hipconv_arch_cdna5.dir/autoshard/direct_shard1.cpp.o
[38/690] Building HIP object src/hipconv/src/arch/cdna5/CMakeFiles/hipconv_arch_cdna5.dir/autoshard/direct_shard7.cpp.o
[39/690] Building HIP object src/hipconv/src/arch/cdna5/CMakeFiles/hipconv_arch_cdna5.dir/autoshard/grouped_multi_g_shard0.cpp.o
[40/690] Building HIP object src/hipconv/src/arch/cdna5/CMakeFiles/hipconv_arch_cdna5.dir/autoshard/direct_shard4.cpp.o
[41/690] Building HIP object src/hipconv/src/arch/cdna5/CMakeFiles/hipconv_arch_cdna5.dir/autoshard/direct_shard6.cpp.o
[42/690] Building HIP object src/hipconv/src/arch/cdna5/CMakeFiles/hipconv_arch_cdna5.dir/autoshard/grouped_multi_g_shard1.cpp.o
[43/690] Building HIP object src/hipconv/src/arch/cdna4/CMakeFiles/hipconv_arch_cdna4.dir/autoshard/depthwise_wgrad_hankel_shard0.cpp.o
[44/690] Building HIP object src/hipconv/src/arch/cdna4/CMakeFiles/hipconv_arch_cdna4.dir/autoshard/depthwise_wgrad_hankel_shard3.cpp.o
[45/690] Building HIP object src/hipconv/src/arch/cdna4/CMakeFiles/hipconv_arch_cdna4.dir/autoshard/depthwise_wgrad_hankel_shard4.cpp.o
[46/690] Building HIP object src/hipconv/src/arch/cdna4/CMakeFiles/hipconv_arch_cdna4.dir/autoshard/depthwise_wgrad_hankel_shard1.cpp.o
[47/690] Building HIP object src/hipconv/src/arch/cdna5/CMakeFiles/hipconv_arch_cdna5.dir/autoshard/grouped_multi_g_wgrad_kernel_table.cpp.o
[48/690] Building HIP object src/hipconv/src/arch/cdna4/CMakeFiles/hipconv_arch_cdna4.dir/autoshard/depthwise_wgrad_hankel_shard5.cpp.o
[49/690] Building HIP object src/hipconv/src/arch/cdna5/CMakeFiles/hipconv_arch_cdna5.dir/autoshard/grouped_multi_g_shard2.cpp.o
[50/690] Building HIP object src/hipconv/src/arch/cdna4/CMakeFiles/hipconv_arch_cdna4.dir/autoshard/depthwise_wgrad_hankel_shard2.cpp.o
[51/690] Building HIP object src/hipconv/src/arch/cdna4/CMakeFiles/hipconv_arch_cdna4.dir/autoshard/depthwise_wgrad_hankel_shard7.cpp.o
[52/690] Building HIP object src/hipconv/src/arch/cdna5/CMakeFiles/hipconv_arch_cdna5.dir/autoshard/grouped_multi_g_shard4.cpp.o
[53/690] Building HIP object src/hipconv/src/arch/cdna5/CMakeFiles/hipconv_arch_cdna5.dir/autoshard/grouped_multi_g_shard6.cpp.o
[54/690] Building HIP object src/hipconv/src/arch/cdna5/CMakeFiles/hipconv_arch_cdna5.dir/autoshard/grouped_multi_g_shard3.cpp.o
[55/690] Building HIP object src/hipconv/src/arch/cdna4/CMakeFiles/hipconv_arch_cdna4.dir/autoshard/depthwise_wgrad_hankel_shard6.cpp.o
[56/690] Building HIP object src/hipconv/src/arch/cdna5/CMakeFiles/hipconv_arch_cdna5.dir/autoshard/grouped_multi_g_shard5.cpp.o
[57/690] Building HIP object src/hipconv/src/arch/cdna5/CMakeFiles/hipconv_arch_cdna5.dir/autoshard/grouped_multi_g_shard7.cpp.o
[58/690] Building HIP object src/hipconv/src/arch/cdna5/CMakeFiles/hipconv_arch_cdna5.dir/autoshard/grouped_multi_g_wgrad_shard0.cpp.o
[59/690] Building HIP object src/hipconv/src/arch/cdna5/CMakeFiles/hipconv_arch_cdna5.dir/autoshard/grouped_multi_g_wgrad_shard1.cpp.o
[60/690] Building HIP object src/hipconv/src/arch/cdna5/CMakeFiles/hipconv_arch_cdna5.dir/autoshard/grouped_multi_g_wgrad_shard2.cpp.o
[61/690] Building HIP object src/hipconv/src/arch/cdna5/CMakeFiles/hipconv_arch_cdna5.dir/autoshard/depthwise_1d_toeplitz_kernel_table.cpp.o
[62/690] Building HIP object src/hipconv/src/arch/cdna5/CMakeFiles/hipconv_arch_cdna5.dir/autoshard/grouped_multi_g_wgrad_shard4.cpp.o
[63/690] Building HIP object src/hipconv/src/arch/cdna4/CMakeFiles/hipconv_arch_cdna4.dir/autoshard/depthwise_1d_toeplitz_shard3.cpp.o
[64/690] Building HIP object src/hipconv/src/arch/cdna5/CMakeFiles/hipconv_arch_cdna5.dir/autoshard/grouped_multi_g_wgrad_shard3.cpp.o
[65/690] Building HIP object src/hipconv/src/arch/cdna5/CMakeFiles/hipconv_arch_cdna5.dir/autoshard/grouped_multi_g_wgrad_shard5.cpp.o
[66/690] Building HIP object src/hipconv/src/arch/cdna4/CMakeFiles/hipconv_arch_cdna4.dir/autoshard/depthwise_1d_toeplitz_shard4.cpp.o
[67/690] cd /home/amd/Desktop/YOLO_AMD/builds/miopen-unpatched/_deps/functionalplus-build && /home/amd/Desktop/YOLO_AMD/.venv/bin/python3 /home/amd/Desktop/YOLO_AMD/builds/miopen-unpatched/_deps/functionalplus-src/generate/auto_generate.py
[68/690] Building HIP object src/hipconv/src/arch/cdna4/CMakeFiles/hipconv_arch_cdna4.dir/autoshard/depthwise_1d_toeplitz_shard1.cpp.o
[69/690] Linking CXX executable bin/addkernels
[70/690] Building HIP object src/hipconv/src/arch/cdna5/CMakeFiles/hipconv_arch_cdna5.dir/autoshard/grouped_multi_g_wgrad_shard6.cpp.o
[71/690] Linking CXX executable bin/sqlite2txt
[72/690] Building HIP object src/hipconv/src/arch/cdna4/CMakeFiles/hipconv_arch_cdna4.dir/autoshard/depthwise_1d_toeplitz_shard2.cpp.o
[73/690] Building HIP object src/hipconv/src/arch/cdna5/CMakeFiles/hipconv_arch_cdna5.dir/autoshard/grouped_multi_g_wgrad_shard7.cpp.o
[74/690] Generating share/miopen/db/gfx1030_36.db.txt
[75/690] Building HIP object src/hipconv/src/arch/cdna4/CMakeFiles/hipconv_arch_cdna4.dir/autoshard/depthwise_1d_toeplitz_shard0.cpp.o
[76/690] Generating share/miopen/db/gfx900_56.db.txt
[77/690] Generating share/miopen/db/gfx906_60.db.txt
[78/690] Building HIP object src/hipconv/src/arch/cdna5/CMakeFiles/hipconv_arch_cdna5.dir/autoshard/depthwise_wgrad_hankel_kernel_table.cpp.o
[79/690] Generating share/miopen/db/gfx90a6e.db.txt
[80/690] Building HIP object src/hipconv/src/arch/cdna4/CMakeFiles/hipconv_arch_cdna4.dir/autoshard/depthwise_1d_toeplitz_shard7.cpp.o
[81/690] Building HIP object src/hipconv/src/arch/cdna4/CMakeFiles/hipconv_arch_cdna4.dir/autoshard/depthwise_1d_toeplitz_shard5.cpp.o
[82/690] Building HIP object src/hipconv/src/arch/cdna4/CMakeFiles/hipconv_arch_cdna4.dir/autoshard/depthwise_1d_toeplitz_shard6.cpp.o
[83/690] Building HIP object src/hipconv/src/arch/cdna5/CMakeFiles/hipconv_arch_cdna5.dir/autoshard/depthwise_wgrad_hankel_shard1.cpp.o
[84/690] Building HIP object src/hipconv/src/arch/cdna5/CMakeFiles/hipconv_arch_cdna5.dir/autoshard/depthwise_wgrad_hankel_shard0.cpp.o
[85/690] Building HIP object src/hipconv/src/arch/cdna5/CMakeFiles/hipconv_arch_cdna5.dir/autoshard/depthwise_wgrad_hankel_shard2.cpp.o
[86/690] Building HIP object src/hipconv/src/arch/cdna5/CMakeFiles/hipconv_arch_cdna5.dir/autoshard/depthwise_wgrad_hankel_shard6.cpp.o
[87/690] Building HIP object src/hipconv/src/arch/cdna5/CMakeFiles/hipconv_arch_cdna5.dir/autoshard/depthwise_wgrad_hankel_shard4.cpp.o
[88/690] Building HIP object src/hipconv/src/arch/cdna5/CMakeFiles/hipconv_arch_cdna5.dir/autoshard/depthwise_wgrad_hankel_shard7.cpp.o
[89/690] Building CXX object _deps/gtest-build/googletest/CMakeFiles/gtest.dir/src/gtest-all.cc.o
[90/690] Linking CXX static library lib/libgtest.a
[91/690] Linking CXX static library lib/libgmock.a
[92/690] Linking CXX static library lib/libgtest_main.a
[93/690] Linking CXX static library lib/libgmock_main.a
[94/690] Building HIP object src/hipconv/src/arch/cdna5/CMakeFiles/hipconv_arch_cdna5.dir/autoshard/depthwise_wgrad_hankel_shard5.cpp.o
[95/690] Building HIP object src/hipconv/src/arch/cdna5/CMakeFiles/hipconv_arch_cdna5.dir/autoshard/depthwise_wgrad_hankel_shard3.cpp.o
[96/690] Building HIP object src/hipconv/src/arch/cdna5/CMakeFiles/hipconv_arch_cdna5.dir/autoshard/depthwise_1d_toeplitz_shard4.cpp.o
[97/690] Building HIP object src/hipconv/src/arch/cdna5/CMakeFiles/hipconv_arch_cdna5.dir/autoshard/depthwise_1d_toeplitz_shard6.cpp.o
[98/690] Building HIP object src/hipconv/src/arch/cdna5/CMakeFiles/hipconv_arch_cdna5.dir/autoshard/depthwise_1d_toeplitz_shard1.cpp.o
[99/690] Building HIP object src/hipconv/src/arch/cdna5/CMakeFiles/hipconv_arch_cdna5.dir/autoshard/depthwise_1d_toeplitz_shard5.cpp.o
[100/690] Building HIP object src/hipconv/src/arch/cdna5/CMakeFiles/hipconv_arch_cdna5.dir/autoshard/depthwise_1d_toeplitz_shard2.cpp.o
[101/690] Building HIP object src/hipconv/src/arch/cdna5/CMakeFiles/hipconv_arch_cdna5.dir/autoshard/depthwise_1d_toeplitz_shard3.cpp.o
[102/690] Building HIP object src/hipconv/src/arch/cdna5/CMakeFiles/hipconv_arch_cdna5.dir/autoshard/depthwise_1d_toeplitz_shard7.cpp.o
[103/690] Building HIP object src/hipconv/src/arch/cdna5/CMakeFiles/hipconv_arch_cdna5.dir/autoshard/depthwise_1d_toeplitz_shard0.cpp.o
[104/690] Building HIP object src/hipconv/src/arch/cdna4/CMakeFiles/hipconv_arch_cdna4.dir/autoshard/direct_wgrad_shard7.cpp.o
[105/690] Building HIP object src/hipconv/src/arch/cdna4/CMakeFiles/hipconv_arch_cdna4.dir/autoshard/direct_wgrad_shard6.cpp.o
[106/690] Building HIP object src/hipconv/src/arch/cdna4/CMakeFiles/hipconv_arch_cdna4.dir/autoshard/direct_wgrad_shard0.cpp.o
[107/690] Building HIP object src/hipconv/src/arch/cdna4/CMakeFiles/hipconv_arch_cdna4.dir/autoshard/direct_wgrad_shard5.cpp.o
[108/690] Building HIP object src/hipconv/src/arch/cdna4/CMakeFiles/hipconv_arch_cdna4.dir/autoshard/direct_wgrad_shard4.cpp.o
[109/690] Building HIP object src/hipconv/src/arch/cdna4/CMakeFiles/hipconv_arch_cdna4.dir/autoshard/direct_wgrad_shard1.cpp.o
[110/690] Building HIP object src/hipconv/src/arch/cdna4/CMakeFiles/hipconv_arch_cdna4.dir/autoshard/direct_wgrad_shard2.cpp.o
[111/690] Building HIP object src/hipconv/src/arch/cdna4/CMakeFiles/hipconv_arch_cdna4.dir/autoshard/direct_wgrad_shard3.cpp.o
[112/690] Linking HIP static library lib/libhipconv.a
[113/690] Inlining kernels batch #0
[114/690] Inlining kernels batch #7
[115/690] Inlining kernels batch #4
[116/690] Inlining kernels batch #33
[117/690] Inlining kernels batch #19
[118/690] Inlining kernels batch #27
[119/690] Inlining kernels batch #15
[120/690] Inlining kernels batch #14
[121/690] Inlining kernels batch #3
[122/690] Inlining kernels batch #17
[123/690] Inlining kernels batch #1
[124/690] Inlining kernels batch #9
[125/690] Inlining kernels batch #25
[126/690] Inlining kernels batch #23
[127/690] Inlining kernels batch #2
[128/690] Inlining kernels batch #8
[129/690] Inlining kernels batch #24
[130/690] Inlining kernels batch #6
[131/690] Inlining kernels batch #16
[132/690] Inlining kernels batch #10
[133/690] Inlining kernels batch #30
[134/690] Inlining kernels batch #32
[135/690] Inlining kernels batch #28
[136/690] Inlining kernels batch #13
[137/690] Inlining kernels batch #18
[138/690] Inlining kernels batch #31
[139/690] Inlining kernels batch #26
[140/690] Inlining kernels batch #20
[141/690] Inlining kernels batch #29
[142/690] Inlining kernels batch #12
[143/690] Inlining kernels batch #5
[144/690] Inlining kernels batch #11
[145/690] Inlining kernels batch #22
[146/690] Inlining kernels batch #21
[147/690] Inlining kernels batch #35
[148/690] Inlining kernels batch #39
[149/690] Inlining kernels batch #34
[150/690] Inlining kernels batch #38
[151/690] Inlining kernels batch #46
[152/690] Inlining kernels batch #44
[153/690] Inlining kernels batch #43
[154/690] Inlining kernels batch #47
[155/690] Inlining kernels batch #37
[156/690] Inlining kernels batch #36
[157/690] Inlining kernels batch #42
[158/690] Inlining kernels batch #40
[159/690] Inlining kernels batch #53
[160/690] Inlining kernels batch #41
[161/690] Inlining kernels batch #51
[162/690] Inlining kernels batch #48
[163/690] Inlining kernels batch #45
[164/690] Inlining kernels batch #59
[165/690] Inlining kernels batch #49
[166/690] Inlining kernels batch #55
[167/690] Inlining kernels batch #56
[168/690] Inlining kernels batch #57
[169/690] Inlining kernels batch #54
[170/690] Inlining kernels batch #58
[171/690] Inlining kernels batch #60
[172/690] Inlining kernels batch #67
[173/690] Inlining kernels batch #70
[174/690] Inlining kernels batch #68
[175/690] Inlining kernels batch #75
[176/690] Inlining kernels batch #71
[177/690] Inlining kernels batch #62
[178/690] Inlining kernels batch #64
[179/690] Inlining kernels batch #52
[180/690] Inlining kernels batch #61
[181/690] Inlining kernels batch #66
[182/690] Inlining kernels batch #50
[183/690] Inlining kernels batch #69
[184/690] Inlining kernels batch #72
[185/690] Inlining kernels batch #76
[186/690] Inlining kernels batch #73
[187/690] Inlining kernels batch #74
[188/690] Inlining kernels batch #81
[189/690] Inlining kernels batch #84
[190/690] Inlining kernels batch #65
[191/690] Inlining kernels batch #79
[192/690] Inlining kernels batch #83
[193/690] Inlining kernels batch #85
[194/690] Inlining kernels batch #78
[195/690] Inlining kernels batch #86
[196/690] Inlining kernels batch #88
[197/690] Inlining kernels batch #91
[198/690] Inlining kernels batch #87
[199/690] Inlining kernels batch #93
[200/690] Inlining kernels batch #92
[201/690] Inlining kernels batch #77
[202/690] Inlining kernels batch #82
[203/690] Inlining kernels batch #89
[204/690] Inlining kernels batch #101
[205/690] Inlining kernels batch #95
[206/690] Inlining kernels batch #90
[207/690] Inlining kernels batch #63
[208/690] Inlining kernels batch #103
[209/690] Inlining kernels batch #120
[210/690] Inlining kernels batch #104
[211/690] Inlining kernels batch #100
[212/690] Inlining kernels batch #98
[213/690] Inlining kernels batch #110
[214/690] Inlining kernels batch #123 (includes)
[215/690] Inlining kernels batch #109
[216/690] Inlining kernels batch #80
[217/690] Inlining kernels batch #125 (includes)
[218/690] Inlining kernels batch #124 (includes)
[219/690] Inlining kernels batch #99
[220/690] Inlining kernels batch #102
[221/690] Inlining kernels batch #111
[222/690] Inlining kernels batch #105
[223/690] Inlining kernels batch #97
[224/690] Inlining kernels batch #107
[225/690] Inlining kernels batch #113
[226/690] Inlining kernels batch #94
[227/690] Inlining kernels batch #114
[228/690] Inlining kernels batch #106
[229/690] Inlining kernels batch #112
[230/690] Inlining kernels batch #108
[231/690] Inlining kernels batch #115
[232/690] Inlining kernels batch #119
[233/690] Inlining kernels batch #121
[234/690] Inlining kernels batch #116
[235/690] Inlining kernels batch #118
[236/690] Inlining kernels batch #117
[237/690] Inlining kernels batch #128 (includes)
[238/690] Inlining kernels batch #96
[239/690] Inlining kernels batch #126 (includes)
[240/690] Inlining kernels batch #127 (includes)
[241/690] Inlining kernels batch #122
[242/690] Building CXX object src/CMakeFiles/MIOpen.dir/activ/problem_description.cpp.o
[243/690] Building CXX object src/CMakeFiles/MIOpen.dir/buffer_info.cpp.o
[244/690] Building CXX object src/CMakeFiles/MIOpen.dir/cat/problem_description.cpp.o
[245/690] Building CXX object src/CMakeFiles/MIOpen.dir/conv_algo_name.cpp.o
[246/690] Building CXX object src/CMakeFiles/MIOpen.dir/adam/problem_description.cpp.o
[247/690] Building CXX object src/CMakeFiles/MIOpen.dir/db_record.cpp.o
[248/690] Building CXX object src/CMakeFiles/MIOpen.dir/batch_norm.cpp.o
[249/690] Building CXX object src/CMakeFiles/MIOpen.dir/api/tuning.cpp.o
[250/690] Building CXX object src/CMakeFiles/MIOpen.dir/check_numerics.cpp.o
[251/690] Building CXX object src/CMakeFiles/MIOpen.dir/demangle.cpp.o
[252/690] Building CXX object src/CMakeFiles/MIOpen.dir/cat_api.cpp.o
[253/690] Building CXX object src/CMakeFiles/MIOpen.dir/db.cpp.o
[254/690] Building CXX object src/CMakeFiles/MIOpen.dir/conv/invokers/wrw_rdc.cpp.o
[255/690] Building CXX object src/CMakeFiles/MIOpen.dir/__/kernel_includes.cpp.o
[256/690] Building CXX object src/CMakeFiles/MIOpen.dir/addlayernorm_api.cpp.o
[257/690] Building CXX object src/CMakeFiles/MIOpen.dir/conv/kernel_interface/winograd_kernel_interface.cpp.o
[258/690] Building CXX object src/CMakeFiles/MIOpen.dir/activ_api.cpp.o
[259/690] Building CXX object src/CMakeFiles/MIOpen.dir/adam_api.cpp.o
[260/690] Building CXX object src/CMakeFiles/MIOpen.dir/conv/invokers/impl_gemm.cpp.o
[261/690] Building CXX object src/CMakeFiles/MIOpen.dir/conv/invokers/gcn_asm_1x1u.cpp.o
[262/690] Building CXX object src/CMakeFiles/MIOpen.dir/conv/invokers/gen_x_w_y_pad.cpp.o
[263/690] Building CXX object src/CMakeFiles/MIOpen.dir/batchnorm/problem_description.cpp.o
[264/690] Building CXX object src/CMakeFiles/MIOpen.dir/env_debug.cpp.o
[265/690] Building CXX object src/CMakeFiles/MIOpen.dir/fin/fin_interface.cpp.o
[266/690] Building CXX object src/CMakeFiles/MIOpen.dir/conv/invokers/gcn_asm_1x1u_us.cpp.o
[267/690] Building CXX object src/CMakeFiles/MIOpen.dir/conv/invokers/gcn_asm_wino.cpp.o
[268/690] Building CXX object src/CMakeFiles/MIOpen.dir/conv/invokers/gcn_asm_1x1u_ss.cpp.o
[269/690] Building CXX object src/CMakeFiles/MIOpen.dir/ctc_api.cpp.o
[270/690] Building CXX object src/CMakeFiles/MIOpen.dir/conv/problem_description.cpp.o
[271/690] Building CXX object src/CMakeFiles/MIOpen.dir/env.cpp.o
[272/690] Building CXX object src/CMakeFiles/MIOpen.dir/batch_norm_api.cpp.o
[273/690] Building CXX object src/CMakeFiles/MIOpen.dir/dropout.cpp.o
[274/690] Building CXX object src/CMakeFiles/MIOpen.dir/ctc.cpp.o
[275/690] Building CXX object src/CMakeFiles/MIOpen.dir/expanduser.cpp.o
[276/690] Building CXX object src/CMakeFiles/MIOpen.dir/filesystem_checker.cpp.o
[277/690] Building CXX object src/CMakeFiles/MIOpen.dir/dropout_api.cpp.o
[278/690] Building CXX object src/CMakeFiles/MIOpen.dir/glu/problem_description.cpp.o
[279/690] Building CXX object src/CMakeFiles/MIOpen.dir/groupnorm/problem_description.cpp.o
[280/690] Building CXX object src/CMakeFiles/MIOpen.dir/execution_context.cpp.o
[281/690] Building CXX object src/CMakeFiles/MIOpen.dir/find_controls.cpp.o
[282/690] Building CXX object src/CMakeFiles/MIOpen.dir/kernel_build_params.cpp.o
[283/690] Building CXX object src/CMakeFiles/MIOpen.dir/kthvalue/problem_description.cpp.o
[284/690] Building CXX object src/CMakeFiles/MIOpen.dir/conv/solver_finders.cpp.o
[285/690] Building CXX object src/CMakeFiles/MIOpen.dir/getitem/problem_description.cpp.o
[286/690] Building CXX object src/CMakeFiles/MIOpen.dir/kernel_warnings.cpp.o
[287/690] Building CXX object src/CMakeFiles/MIOpen.dir/driver_arguments.cpp.o
[288/690] Building CXX object src/CMakeFiles/MIOpen.dir/invoker_cache.cpp.o
[289/690] Building CXX object src/CMakeFiles/MIOpen.dir/handle_api.cpp.o
[290/690] Building CXX object src/CMakeFiles/MIOpen.dir/glu_api.cpp.o
[291/690] Building CXX object src/CMakeFiles/MIOpen.dir/groupnorm_api.cpp.o
[292/690] Building CXX object src/CMakeFiles/MIOpen.dir/generic_search.cpp.o
[293/690] Building CXX object src/CMakeFiles/MIOpen.dir/getitem_api.cpp.o
[294/690] Building CXX object src/CMakeFiles/MIOpen.dir/load_file.cpp.o
[295/690] Building CXX object src/CMakeFiles/MIOpen.dir/performance_config.cpp.o
[296/690] Building CXX object src/CMakeFiles/MIOpen.dir/logger.cpp.o
[297/690] Building CXX object src/CMakeFiles/MIOpen.dir/kthvalue_api.cpp.o
[298/690] Building CXX object src/CMakeFiles/MIOpen.dir/conv/invokers/impl_gemm_dynamic.cpp.o
[299/690] Building CXX object src/CMakeFiles/MIOpen.dir/multimarginloss/problem_description.cpp.o
[300/690] Building CXX object src/CMakeFiles/MIOpen.dir/lock_file.cpp.o
[301/690] Building CXX object src/CMakeFiles/MIOpen.dir/mha/problem_description.cpp.o
[302/690] Building CXX object src/CMakeFiles/MIOpen.dir/find_db.cpp.o
[303/690] Building CXX object src/CMakeFiles/MIOpen.dir/gpu_conv_reference.cpp.o
[304/690] Building CXX object src/CMakeFiles/MIOpen.dir/layernorm/problem_description.cpp.o
[305/690] Building CXX object src/CMakeFiles/MIOpen.dir/layernorm_api.cpp.o
[306/690] Building CXX object src/CMakeFiles/MIOpen.dir/lrn_api.cpp.o
[307/690] Building CXX object src/CMakeFiles/MIOpen.dir/prelu/problem_description.cpp.o
[308/690] Building CXX object src/CMakeFiles/MIOpen.dir/process.cpp.o
[309/690] Building CXX object src/CMakeFiles/MIOpen.dir/api/find2_0_commons.cpp.o
[310/690] Building CXX object src/CMakeFiles/MIOpen.dir/readonlyramdb.cpp.o
[311/690] Building CXX object src/CMakeFiles/MIOpen.dir/operator.cpp.o
[312/690] Building CXX object src/CMakeFiles/MIOpen.dir/multimarginloss_api.cpp.o
[313/690] Building CXX object src/CMakeFiles/MIOpen.dir/op_args.cpp.o
[314/690] Building CXX object src/CMakeFiles/MIOpen.dir/mha/mha_descriptor.cpp.o
[315/690] Building CXX object src/CMakeFiles/MIOpen.dir/convolution_api.cpp.o
[316/690] Building CXX object src/CMakeFiles/MIOpen.dir/reduce/problem_description.cpp.o
[317/690] Building CXX object src/CMakeFiles/MIOpen.dir/fusion/problem_description.cpp.o
[318/690] Building CXX object src/CMakeFiles/MIOpen.dir/fused_api.cpp.o
[319/690] Building CXX object src/CMakeFiles/MIOpen.dir/prelu_api.cpp.o
[320/690] Building CXX object src/CMakeFiles/MIOpen.dir/ramdb.cpp.o
[321/690] Building CXX object src/CMakeFiles/MIOpen.dir/pooling/problem_description.cpp.o
[322/690] Building CXX object src/CMakeFiles/MIOpen.dir/reducecalculation_api.cpp.o
[323/690] Building CXX object src/CMakeFiles/MIOpen.dir/reduceextreme_api.cpp.o
[324/690] Building CXX object src/CMakeFiles/MIOpen.dir/pooling_api.cpp.o
[325/690] Building CXX object src/CMakeFiles/MIOpen.dir/reducetensor.cpp.o
[326/690] Building CXX object src/CMakeFiles/MIOpen.dir/convolution.cpp.o
[327/690] Building CXX object src/CMakeFiles/MIOpen.dir/reducetensor_api.cpp.o
[328/690] Building CXX object src/CMakeFiles/MIOpen.dir/rnn/Solutions/rnn_transformer.cpp.o
[329/690] Building CXX object src/CMakeFiles/MIOpen.dir/rope/problem_description.cpp.o
[330/690] Building CXX object src/CMakeFiles/MIOpen.dir/rnn.cpp.o
[331/690] Building CXX object src/CMakeFiles/MIOpen.dir/softmarginloss/problem_description.cpp.o
[332/690] Building CXX object src/CMakeFiles/MIOpen.dir/rnn/Solutions/bwd_s_stream.cpp.o
[333/690] Building CXX object src/CMakeFiles/MIOpen.dir/rnn/rnn_util.cpp.o
[334/690] Building CXX object src/CMakeFiles/MIOpen.dir/rnn/Solutions/fwd_s_stream.cpp.o
[335/690] Building CXX object src/CMakeFiles/MIOpen.dir/rnn/selector.cpp.o
[336/690] Building CXX object src/CMakeFiles/MIOpen.dir/rnn/Solutions/Base/bw_weights_modular.cpp.o
[337/690] Building CXX object src/CMakeFiles/MIOpen.dir/rnn/Solutions/Base/fw_data_modular.cpp.o
[338/690] Building CXX object src/CMakeFiles/MIOpen.dir/softmarginloss_api.cpp.o
[339/690] Building CXX object src/CMakeFiles/MIOpen.dir/scalar.cpp.o
[340/690] Building CXX object src/CMakeFiles/MIOpen.dir/rnn/Solutions/Base/bw_data_modular.cpp.o
[341/690] Building CXX object src/CMakeFiles/MIOpen.dir/rope_api.cpp.o
[342/690] Building CXX object src/CMakeFiles/MIOpen.dir/rnn/Solutions/bww_s_steam.cpp.o
[343/690] Building CXX object src/CMakeFiles/MIOpen.dir/rnn/Solutions/bww_multi_stream.cpp.o
[344/690] Building CXX object src/CMakeFiles/MIOpen.dir/softmax_api.cpp.o
[345/690] Building CXX object src/CMakeFiles/MIOpen.dir/softmax/problem_description.cpp.o
[346/690] Building CXX object src/CMakeFiles/MIOpen.dir/rnn/Solutions/bwd_multi_stream.cpp.o
[347/690] Building CXX object src/CMakeFiles/MIOpen.dir/solver/activ/bwd_0.cpp.o
[348/690] Building CXX object src/CMakeFiles/MIOpen.dir/solver/activ/bwd_1.cpp.o
[349/690] Building CXX object src/CMakeFiles/MIOpen.dir/solver/activ/fwd_1.cpp.o
[350/690] Building CXX object src/CMakeFiles/MIOpen.dir/solver/activ/fwd_0.cpp.o
[351/690] Building CXX object src/CMakeFiles/MIOpen.dir/solver/adam/adam.cpp.o
[352/690] Building CXX object src/CMakeFiles/MIOpen.dir/__/kernel.cpp.o
[353/690] Building CXX object src/CMakeFiles/MIOpen.dir/solver/adam/transformers_adam_w.cpp.o
[354/690] Building CXX object src/CMakeFiles/MIOpen.dir/rnn_api.cpp.o
[355/690] Building CXX object src/CMakeFiles/MIOpen.dir/solver/batchnorm/backward_per_activation.cpp.o
[356/690] Building CXX object src/CMakeFiles/MIOpen.dir/solver/batchnorm/forward_per_activation.cpp.o
[357/690] Building CXX object src/CMakeFiles/MIOpen.dir/solver/batchnorm/forward_inference.cpp.o
[358/690] Building CXX object src/CMakeFiles/MIOpen.dir/solver/cat/forward_cat.cpp.o
[359/690] Building CXX object src/CMakeFiles/MIOpen.dir/fusion.cpp.o
[360/690] Building CXX object src/CMakeFiles/MIOpen.dir/problem.cpp.o
[361/690] Building CXX object src/CMakeFiles/MIOpen.dir/solver/batchnorm/forward_inference_fused.cpp.o
[362/690] Building CXX object src/CMakeFiles/MIOpen.dir/solver/batchnorm/backward_per_activation_fused.cpp.o
[363/690] Building CXX object src/CMakeFiles/MIOpen.dir/solver/conv/conv_asm_5x10u2v2f1.cpp.o
[364/690] Building CXX object src/CMakeFiles/MIOpen.dir/solver/conv/conv_asm_5x10u2v2b1.cpp.o
[365/690] Building CXX object src/CMakeFiles/MIOpen.dir/solver/batchnorm/forward_per_activation_fused.cpp.o
[366/690] Building CXX object src/CMakeFiles/MIOpen.dir/solver/batchnorm/backward_spatial.cpp.o
[367/690] Building CXX object src/CMakeFiles/MIOpen.dir/softmax.cpp.o
[368/690] Building CXX object src/CMakeFiles/MIOpen.dir/solver/conv/conv_asm_7x7c3h224w224k64u2v2p3q3f1.cpp.o
[369/690] Building CXX object src/CMakeFiles/MIOpen.dir/solver/conv/conv_asm_implicit_gemm_bwd_v4r1_dynamic.cpp.o
[370/690] Building CXX object src/CMakeFiles/MIOpen.dir/solver/conv/conv_asm_1x1u_stride2.cpp.o
[371/690] Building CXX object src/CMakeFiles/MIOpen.dir/solver/batchnorm/forward_spatial.cpp.o
[372/690] Building CXX object src/CMakeFiles/MIOpen.dir/solver/conv/conv_asm_implicit_gemm_gtc_perf_config.cpp.o
[373/690] Building CXX object src/CMakeFiles/MIOpen.dir/solver/conv/conv_asm_dir_BwdWrW3x3.cpp.o
[374/690] Building CXX object src/CMakeFiles/MIOpen.dir/solver/conv/conv_asm_implicit_gemm_gtc_bwd.cpp.o
[375/690] Building CXX object src/CMakeFiles/MIOpen.dir/solver/conv/conv_asm_3x3u.cpp.o
[376/690] Building CXX object src/CMakeFiles/MIOpen.dir/solution.cpp.o
[377/690] Building CXX object src/CMakeFiles/MIOpen.dir/solver/conv/conv_asm_implicit_gemm_v4r1_dynamic.cpp.o
[378/690] Building CXX object src/CMakeFiles/MIOpen.dir/solver/conv/conv_bin_wino3x3U.cpp.o
[379/690] Building CXX object src/CMakeFiles/MIOpen.dir/solver/conv/conv_asm_implicit_gemm_wrw_v4r1_dynamic.cpp.o
[380/690] Building CXX object src/CMakeFiles/MIOpen.dir/solver/conv/conv_asm_1x1u.cpp.o
[381/690] Building CXX object src/CMakeFiles/MIOpen.dir/solver/conv/conv_direct_naive_conv_bwd.cpp.o
[382/690] Building CXX object src/CMakeFiles/MIOpen.dir/solver/conv/conv_bin_winoRxS.cpp.o
[383/690] Building CXX object src/CMakeFiles/MIOpen.dir/solver/conv/conv_asm_dir_BwdWrW1x1.cpp.o
[384/690] Building CXX object src/CMakeFiles/MIOpen.dir/solver/conv/conv_asm_implicit_gemm_wrw_gtc_dynamic_xdlops.cpp.o
[385/690] Building CXX object src/CMakeFiles/MIOpen.dir/solver/conv/conv_direct_naive_conv.cpp.o
[386/690] Building CXX object src/CMakeFiles/MIOpen.dir/solver/conv/conv_direct_naive_conv_wrw.cpp.o
[387/690] Building CXX object src/CMakeFiles/MIOpen.dir/solver/conv/conv_direct_naive_conv_fwd.cpp.o
[388/690] Building CXX object src/CMakeFiles/MIOpen.dir/solver/conv/conv_asm_implicit_gemm_gtc_fwd.cpp.o
[389/690] Building CXX object src/CMakeFiles/MIOpen.dir/solver/ck_impl_lib_loader.cpp.o
[390/690] Building CXX object src/CMakeFiles/MIOpen.dir/solver/conv/conv_asm_implicit_gemm_gtc_bwd_nhwc.cpp.o
[391/690] Building CXX object src/CMakeFiles/MIOpen.dir/solver/conv/conv_asm_implicit_gemm_gtc_fwd_nchwc.cpp.o
[392/690] Building CXX object src/CMakeFiles/MIOpen.dir/solver/conv/conv_asm_implicit_gemm_gtc_fwd_nhwc.cpp.o
[393/690] Building CXX object src/CMakeFiles/MIOpen.dir/solver/conv/conv_asm_implicit_gemm_gtc_wrw_nhwc.cpp.o
[394/690] Building CXX object src/CMakeFiles/MIOpen.dir/solver/conv/conv_hip_implicit_gemm_bwd_v1r1.cpp.o
[395/690] Building CXX object src/CMakeFiles/MIOpen.dir/solver/conv/conv_hip_implicit_gemm_nonxdlops_common.cpp.o
[396/690] Building CXX object src/CMakeFiles/MIOpen.dir/solver/conv/conv_hip_implicit_gemm_bwd_v4r1_xdlops.cpp.o
[397/690] Building CXX object src/CMakeFiles/MIOpen.dir/solver/conv/conv_hip_implicit_gemm_fwd_v4r4.cpp.o
[398/690] Building CXX object src/CMakeFiles/MIOpen.dir/solver/conv/conv_hip_implicit_gemm_fwd_v4r4_xdlops.cpp.o
[399/690] Building CXX object src/CMakeFiles/MIOpen.dir/solver/conv/conv_hip_implicit_gemm_fwd_v4r4_xdlops_padded_gemm.cpp.o
[400/690] Building CXX object src/CMakeFiles/MIOpen.dir/solver/conv/conv_hip_implicit_gemm_fwd_v4r5_xdlops.cpp.o
[401/690] Building CXX object src/CMakeFiles/MIOpen.dir/solver/conv/conv_hip_implicit_gemm_fwd_v4r1.cpp.o
[402/690] Building CXX object src/CMakeFiles/MIOpen.dir/solver/conv/conv_mlir_igemm_wrw_xdlops.cpp.o
[403/690] Building CXX object src/CMakeFiles/MIOpen.dir/solver/conv/conv_mlir_igemm_bwd.cpp.o
[404/690] Building CXX object src/CMakeFiles/MIOpen.dir/solver/conv/conv_hip_implicit_gemm_grouped_fwd_xdlops.cpp.o
[405/690] Building CXX object src/CMakeFiles/MIOpen.dir/solver/conv/conv_hip_implicit_gemm_grouped_bwd_xdlops.cpp.o
[406/690] Building CXX object src/CMakeFiles/MIOpen.dir/solver/conv/conv_hip_dir2D11x11.cpp.o
[407/690] Building CXX object src/CMakeFiles/MIOpen.dir/solver/conv/conv_hip_implicit_gemm_3d_grouped_fwd_xdlops.cpp.o
[408/690] Building CXX object src/CMakeFiles/MIOpen.dir/solver/conv/conv_mlir_igemm_bwd_xdlops.cpp.o
[409/690] Building CXX object src/CMakeFiles/MIOpen.dir/solver/conv/conv_hip_implicit_gemm_grouped_wrw_xdlops.cpp.o
[410/690] Building CXX object src/CMakeFiles/MIOpen.dir/solver/conv/conv_mlir_igemm_fwd.cpp.o
[411/690] Building CXX object src/CMakeFiles/MIOpen.dir/solver/conv/conv_mlir_igemm_wrw.cpp.o
[412/690] Building CXX object src/CMakeFiles/MIOpen.dir/solver/conv/conv_hip_dir2D_bwdWrW_53.cpp.o
[413/690] Building CXX object src/CMakeFiles/MIOpen.dir/solver/conv/conv_hip_implicit_gemm_3d_grouped_wrw_xdlops.cpp.o
[414/690] Building CXX object src/CMakeFiles/MIOpen.dir/solver/conv/conv_hip_implicit_gemm_3d_grouped_bwd_xdlops.cpp.o
[415/690] Building CXX object src/CMakeFiles/MIOpen.dir/solver/conv/gemm_common.cpp.o
[416/690] Building CXX object src/CMakeFiles/MIOpen.dir/solver/conv/conv_mlir_igemm_fwd_xdlops.cpp.o
[417/690] Building CXX object src/CMakeFiles/MIOpen.dir/solver/conv/conv_hip_dir2Dfwd.cpp.o
[418/690] Building CXX object src/CMakeFiles/MIOpen.dir/solver/conv/conv_hip_implicit_gemm_wrw_v4r4.cpp.o
[419/690] Building CXX object src/CMakeFiles/MIOpen.dir/solver/conv/conv_hip_implicit_gemm_wrw_v4r4_xdlops.cpp.o
[420/690] Building CXX object src/CMakeFiles/MIOpen.dir/solver/conv/conv_hip_dir2Dfwd_exhaustive_search.cpp.o
[421/690] Building CXX object src/CMakeFiles/MIOpen.dir/solver/conv/conv_hip_implicit_gemm_wrw_v4r4_xdlops_padded_gemm.cpp.o
[422/690] Building CXX object src/CMakeFiles/MIOpen.dir/solver/conv/fft.cpp.o
[423/690] Building CXX object src/CMakeFiles/MIOpen.dir/solver/conv/conv_wino_rage_RxS.cpp.o
[424/690] Building CXX object src/CMakeFiles/MIOpen.dir/solver/conv/conv_wino_fury_RxS.cpp.o
[425/690] Building CXX object src/CMakeFiles/MIOpen.dir/solver/kthvalue/forward_kthvalue.cpp.o
[426/690] Building CXX object src/CMakeFiles/MIOpen.dir/solver/groupnorm/forward_groupnorm.cpp.o
[427/690] Building CXX object src/CMakeFiles/MIOpen.dir/solver/glu/forward_glu.cpp.o
[428/690] Building CXX object src/CMakeFiles/MIOpen.dir/solver/conv/conv_3d_depthwise_fwd.cpp.o
[429/690] Building CXX object src/CMakeFiles/MIOpen.dir/solver/glu/backward_glu.cpp.o
[430/690] Building CXX object src/CMakeFiles/MIOpen.dir/solver/getitem/backward_getitem.cpp.o
[431/690] Building CXX object src/CMakeFiles/MIOpen.dir/solver/mha/mha_solver_backward.cpp.o
[432/690] Building CXX object src/CMakeFiles/MIOpen.dir/solver/conv/gemm_wrw.cpp.o
[433/690] Building CXX object src/CMakeFiles/MIOpen.dir/solver/mha/mha_solver_forward.cpp.o
[434/690] Building CXX object src/CMakeFiles/MIOpen.dir/solver/layernorm/common_layernorm.cpp.o
[435/690] Building CXX object src/CMakeFiles/MIOpen.dir/solver/conv/gemm.cpp.o
[436/690] Building CXX object src/CMakeFiles/MIOpen.dir/solver/conv/gemm_bwd.cpp.o
[437/690] Building CXX object src/CMakeFiles/MIOpen.dir/solver/layernorm/forward_t5layernorm.cpp.o
[438/690] Building CXX object src/CMakeFiles/MIOpen.dir/solver/layernorm/backward_t5layernorm.cpp.o
[439/690] Building CXX object src/CMakeFiles/MIOpen.dir/solver/layernorm/forward_addlayernorm.cpp.o
[440/690] Building CXX object src/CMakeFiles/MIOpen.dir/solver/conv/conv_winoRxS.cpp.o
[441/690] Building CXX object src/CMakeFiles/MIOpen.dir/solver/multimarginloss/forward_multimarginloss.cpp.o
[442/690] Building CXX object src/CMakeFiles/MIOpen.dir/solver/conv/conv_MP_bidirectional_winograd.cpp.o
[443/690] Building CXX object src/CMakeFiles/MIOpen.dir/solver/conv_hip_dir2Dfwd_fused.cpp.o
[444/690] Building CXX object src/CMakeFiles/MIOpen.dir/solver/layernorm/forward_layernorm.cpp.o
[445/690] Building CXX object src/CMakeFiles/MIOpen.dir/solver/conv_winoRxS_fused.cpp.o
[446/690] Building CXX object src/CMakeFiles/MIOpen.dir/solver/layernorm/backward_layernorm.cpp.o
[447/690] Building CXX object src/CMakeFiles/MIOpen.dir/solver/conv_asm_1x1u_bias_activ_fused.cpp.o
[448/690] Building CXX object src/CMakeFiles/MIOpen.dir/solver/conv_ck_igemm_fwd_bias_res_add_activ_fused.cpp.o
[449/690] Building CXX object src/CMakeFiles/MIOpen.dir/solver/conv/conv_ck_grouped_conv_fwd.cpp.o
[450/690] Building CXX object src/CMakeFiles/MIOpen.dir/solver/prelu/backward_prelu_multi_weights.cpp.o
[451/690] Building CXX object src/CMakeFiles/MIOpen.dir/solver/conv_ck_igemm_grp_fwd_activ_fused.cpp.o
[452/690] Building CXX object src/CMakeFiles/MIOpen.dir/solver/conv_ck_igemm_fwd_bias_activ_fused.cpp.o
[453/690] Building CXX object src/CMakeFiles/MIOpen.dir/solver/conv_ck_igemm_grp_fwd_bias_activ_fused.cpp.o
[454/690] Building CXX object src/CMakeFiles/MIOpen.dir/solver/prelu/utils.cpp.o
[455/690] Building CXX object src/CMakeFiles/MIOpen.dir/solver/prelu/backward_prelu_single_weight.cpp.o
[456/690] Building CXX object src/CMakeFiles/MIOpen.dir/subbuffers.cpp.o
[457/690] Building CXX object src/CMakeFiles/MIOpen.dir/solver/rope/forward_rope.cpp.o
[458/690] Building CXX object src/CMakeFiles/MIOpen.dir/solver/reduce/forward_argmax.cpp.o
[459/690] Building CXX object src/CMakeFiles/MIOpen.dir/solver/rope/backward_rope.cpp.o
[460/690] Building CXX object src/CMakeFiles/MIOpen.dir/solver/reduce/forward_min.cpp.o
[461/690] Building CXX object src/CMakeFiles/MIOpen.dir/solver/reduce/forward_max.cpp.o
[462/690] Building CXX object src/CMakeFiles/MIOpen.dir/solver/reduce/forward_argmin.cpp.o
[463/690] Building CXX object src/CMakeFiles/MIOpen.dir/sysinfo_utils.cpp.o
[464/690] Building CXX object src/CMakeFiles/MIOpen.dir/solver/pooling/performanceConfigNd.cpp.o
[465/690] Building CXX object src/CMakeFiles/MIOpen.dir/solver/conv/conv_multipass_wino3x3WrW.cpp.o
[466/690] Building CXX object src/CMakeFiles/MIOpen.dir/solver/pooling/performanceConfig2d.cpp.o
[467/690] Building CXX object src/CMakeFiles/MIOpen.dir/solver/reduce/forward_prod.cpp.o
[468/690] Building CXX object src/CMakeFiles/MIOpen.dir/solver/softmarginloss/backward_softmarginloss.cpp.o
[469/690] Building CXX object src/CMakeFiles/MIOpen.dir/solver/reduce/forward_sum.cpp.o
[470/690] Building CXX object src/CMakeFiles/MIOpen.dir/solver/softmarginloss/forward_softmarginloss.cpp.o
[471/690] Building CXX object src/CMakeFiles/MIOpen.dir/solver/pooling/forward2d.cpp.o
[472/690] Building CXX object src/CMakeFiles/MIOpen.dir/solver/pooling/forwardNaive.cpp.o
[473/690] Building CXX object src/CMakeFiles/MIOpen.dir/solver/tensorOp/Op1dTensorGeneric.cpp.o
[474/690] Building CXX object src/CMakeFiles/MIOpen.dir/unique_path.cpp.o
[475/690] Building CXX object src/CMakeFiles/MIOpen.dir/solver/tensorOp/Op2dTensorGeneric.cpp.o
[476/690] Building CXX object src/CMakeFiles/MIOpen.dir/tensorOp/problem_description.cpp.o
[477/690] Building CXX object src/CMakeFiles/MIOpen.dir/solver/pooling/forwardNd.cpp.o
[478/690] Building CXX object src/CMakeFiles/MIOpen.dir/solver/tensorOp/Op2dTensorLite.cpp.o
[479/690] Building CXX object src/CMakeFiles/MIOpen.dir/solver/softmax/attn_softmax.cpp.o
[480/690] Building CXX object src/CMakeFiles/MIOpen.dir/solver/softmax/softmax_noncontiguous.cpp.o
[481/690] Building CXX object src/CMakeFiles/MIOpen.dir/temp_file.cpp.o
[482/690] Building CXX object src/CMakeFiles/MIOpen.dir/solver/pooling/backward2d.cpp.o
[483/690] Building CXX object src/CMakeFiles/MIOpen.dir/solver/pooling/backwardNd.cpp.o
[484/690] Building CXX object src/CMakeFiles/MIOpen.dir/solver/tensorOp/Op2dTensorSquash.cpp.o
[485/690] Building CXX object src/CMakeFiles/MIOpen.dir/solver/tensorOp/Op4dTensorLite.cpp.o
[486/690] Building CXX object src/CMakeFiles/MIOpen.dir/solver/tensorOp/Op3dTensorGeneric.cpp.o
[487/690] Building CXX object src/CMakeFiles/MIOpen.dir/solver/softmax/softmax.cpp.o
[488/690] Building CXX object src/CMakeFiles/MIOpen.dir/md5.cpp.o
[489/690] Building CXX object src/CMakeFiles/MIOpen.dir/bz2.cpp.o
[490/690] Building CXX object src/CMakeFiles/MIOpen.dir/target_properties.cpp.o
[491/690] Building CXX object src/CMakeFiles/MIOpen.dir/solver/tensorOp/Op4dTensorGeneric.cpp.o
[492/690] Building CXX object src/CMakeFiles/MIOpen.dir/solver/tensorOp/OpTensorLeadingOnes.cpp.o
[493/690] Building CXX object src/CMakeFiles/MIOpen.dir/transformers_adam_w_api.cpp.o
[494/690] Building CXX object src/CMakeFiles/MIOpen.dir/solver/tensorOp/Op5dTensorGeneric.cpp.o
[495/690] Building CXX object src/CMakeFiles/MIOpen.dir/t5layernorm_api.cpp.o
[496/690] Building CXX object src/CMakeFiles/MIOpen.dir/conv/heuristics/lgbm_forest.cpp.o
[497/690] Building CXX object src/CMakeFiles/MIOpen.dir/solver/tensorOp/OpTensorFwdBias.cpp.o
[498/690] Building CXX object src/CMakeFiles/MIOpen.dir/anyramdb.cpp.o
[499/690] Building CXX object src/CMakeFiles/MIOpen.dir/conv/heuristics/lgbm_pcfg_metadata.cpp.o
[500/690] Building CXX object src/CMakeFiles/MIOpen.dir/tmp_dir.cpp.o
[501/690] Building CXX object src/CMakeFiles/MIOpen.dir/tensor_api.cpp.o
[502/690] Building CXX object src/CMakeFiles/MIOpen.dir/seq_tensor.cpp.o
[503/690] Building CXX object src/CMakeFiles/MIOpen.dir/exec_utils.cpp.o
[504/690] Building CXX object src/CMakeFiles/MIOpen.dir/kern_db.cpp.o
[505/690] Building CXX object src/CMakeFiles/MIOpen.dir/binary_cache.cpp.o
[506/690] Building CXX object src/CMakeFiles/MIOpen.dir/activ.cpp.o
[507/690] Building CXX object src/CMakeFiles/MIOpen.dir/conv/heuristics/lgbm_pick.cpp.o
[508/690] Building CXX object src/CMakeFiles/MIOpen.dir/conv/heuristics/ai_conv_nd_kernel_tuning_utils.cpp.o
[509/690] Building CXX object src/CMakeFiles/MIOpen.dir/lrn.cpp.o
[510/690] Building CXX object src/CMakeFiles/MIOpen.dir/kernel_cache.cpp.o
[511/690] Building CXX object src/CMakeFiles/MIOpen.dir/adam.cpp.o
[512/690] Building CXX object src/CMakeFiles/MIOpen.dir/cat.cpp.o
[513/690] Building CXX object src/CMakeFiles/MIOpen.dir/sqlite_db.cpp.o
[514/690] Building CXX object src/CMakeFiles/MIOpen.dir/groupnorm.cpp.o
[515/690] Building CXX object src/CMakeFiles/MIOpen.dir/hip/gcn_asm_utils.cpp.o
[516/690] Building CXX object src/CMakeFiles/MIOpen.dir/conv/heuristics/lgbm_pcfg_pick.cpp.o
[517/690] Building CXX object src/CMakeFiles/MIOpen.dir/kthvalue.cpp.o
[518/690] Building CXX object src/CMakeFiles/MIOpen.dir/glu.cpp.o
[519/690] Building CXX object src/CMakeFiles/MIOpen.dir/multimarginloss.cpp.o
[520/690] Building CXX object src/CMakeFiles/MIOpen.dir/addlayernorm.cpp.o
[521/690] Building CXX object src/CMakeFiles/MIOpen.dir/getitem.cpp.o
[522/690] Building CXX object src/CMakeFiles/MIOpen.dir/hip/fusionopconvocl.cpp.o
[523/690] Building CXX object src/CMakeFiles/MIOpen.dir/conv/heuristics/metadata_nd.cpp.o
[524/690] Building CXX object src/CMakeFiles/MIOpen.dir/conv/heuristics/lgbm_metadata.cpp.o
[525/690] Building CXX object src/CMakeFiles/MIOpen.dir/hip/activ_ocl.cpp.o
[526/690] Building CXX object src/CMakeFiles/MIOpen.dir/hip/hip_build_utils.cpp.o
[527/690] Building CXX object src/CMakeFiles/MIOpen.dir/hip/dropoutocl.cpp.o
[528/690] Building CXX object src/CMakeFiles/MIOpen.dir/hip/hiperrors.cpp.o
[529/690] Building CXX object src/CMakeFiles/MIOpen.dir/hip/fusionopbiasbnactivocl.cpp.o
[530/690] Building CXX object src/CMakeFiles/MIOpen.dir/__/db_path.cpp.o
[531/690] Building CXX object src/CMakeFiles/MIOpen.dir/hip/batchnormocl.cpp.o
[532/690] Building CXX object src/CMakeFiles/MIOpen.dir/hip/mloNorm.cpp.o
[533/690] Building CXX object src/CMakeFiles/MIOpen.dir/hip/general_tensor_reorder_sol.cpp.o
[534/690] Building CXX object src/CMakeFiles/MIOpen.dir/hip/lrn_ocl.cpp.o
[535/690] Building CXX object src/CMakeFiles/MIOpen.dir/hip/batched_transpose_sol.cpp.o
[536/690] Building CXX object src/CMakeFiles/MIOpen.dir/solver/conv/conv_hipconv.cpp.o
[537/690] Building CXX object src/CMakeFiles/MIOpen.dir/prelu.cpp.o
[538/690] Building CXX object src/CMakeFiles/MIOpen.dir/hipoc/hipoc_kernel.cpp.o
[539/690] Building CXX object src/CMakeFiles/MIOpen.dir/hipoc/hipoc_program.cpp.o
[540/690] Building CXX object src/CMakeFiles/MIOpen.dir/reducecalculation.cpp.o
[541/690] Building CXX object src/CMakeFiles/MIOpen.dir/conv/heuristics/ai_candidate_selection.cpp.o
[542/690] Building CXX object src/CMakeFiles/MIOpen.dir/rope.cpp.o
[543/690] Building CXX object src/CMakeFiles/MIOpen.dir/layernorm.cpp.o
[544/690] Building CXX object src/CMakeFiles/MIOpen.dir/transformers_adam_w.cpp.o
[545/690] Building CXX object src/CMakeFiles/MIOpen.dir/reduceextreme.cpp.o
[546/690] Building CXX object src/CMakeFiles/MIOpen.dir/t5layernorm.cpp.o
[547/690] Building CXX object src/CMakeFiles/MIOpen.dir/gemm_v2.cpp.o
[548/690] Building CXX object src/CMakeFiles/MIOpen.dir/hip/handlehip.cpp.o
[549/690] Building CXX object src/CMakeFiles/MIOpen.dir/softmarginloss.cpp.o
[550/690] Building CXX object src/CMakeFiles/MIOpen.dir/hip/rnnocl.cpp.o
[551/690] Building CXX object src/CMakeFiles/MIOpen.dir/__/inlined_kernels/batch_0.cpp.o
[552/690] Building CXX object src/CMakeFiles/MIOpen.dir/hip/utilocl.cpp.o
[553/690] Building CXX object src/CMakeFiles/MIOpen.dir/tensor.cpp.o
[554/690] Building CXX object src/CMakeFiles/MIOpen.dir/__/inlined_kernels/batch_1.cpp.o
[555/690] Building CXX object src/CMakeFiles/MIOpen.dir/__/inlined_kernels/batch_4.cpp.o
[556/690] Building CXX object src/CMakeFiles/MIOpen.dir/__/inlined_kernels/batch_3.cpp.o
[557/690] Building CXX object src/CMakeFiles/MIOpen.dir/hip/convolutionocl.cpp.o
[558/690] Building CXX object src/CMakeFiles/MIOpen.dir/__/inlined_kernels/batch_7.cpp.o
[559/690] Building CXX object src/CMakeFiles/MIOpen.dir/__/inlined_kernels/batch_2.cpp.o
[560/690] Building CXX object src/CMakeFiles/MIOpen.dir/__/inlined_kernels/batch_8.cpp.o
[561/690] Building CXX object src/CMakeFiles/MIOpen.dir/__/inlined_kernels/batch_10.cpp.o
[562/690] Building CXX object src/CMakeFiles/MIOpen.dir/__/inlined_kernels/batch_13.cpp.o
[563/690] Building CXX object src/CMakeFiles/MIOpen.dir/__/inlined_kernels/batch_6.cpp.o
[564/690] Building CXX object src/CMakeFiles/MIOpen.dir/__/inlined_kernels/batch_9.cpp.o
[565/690] Building CXX object src/CMakeFiles/MIOpen.dir/__/inlined_kernels/batch_5.cpp.o
[566/690] Building CXX object src/CMakeFiles/MIOpen.dir/__/inlined_kernels/batch_14.cpp.o
[567/690] Building CXX object src/CMakeFiles/MIOpen.dir/__/inlined_kernels/batch_12.cpp.o
[568/690] Building CXX object src/CMakeFiles/MIOpen.dir/__/inlined_kernels/batch_18.cpp.o
[569/690] Building CXX object src/CMakeFiles/MIOpen.dir/__/inlined_kernels/batch_23.cpp.o
[570/690] Building CXX object src/CMakeFiles/MIOpen.dir/__/inlined_kernels/batch_19.cpp.o
[571/690] Building CXX object src/CMakeFiles/MIOpen.dir/__/inlined_kernels/batch_17.cpp.o
[572/690] Building CXX object src/CMakeFiles/MIOpen.dir/__/inlined_kernels/batch_11.cpp.o
[573/690] Building CXX object src/CMakeFiles/MIOpen.dir/__/inlined_kernels/batch_22.cpp.o
[574/690] Building CXX object src/CMakeFiles/MIOpen.dir/__/inlined_kernels/batch_15.cpp.o
[575/690] Building CXX object src/CMakeFiles/MIOpen.dir/__/inlined_kernels/batch_29.cpp.o
[576/690] Building CXX object src/CMakeFiles/MIOpen.dir/__/inlined_kernels/batch_21.cpp.o
[577/690] Building CXX object src/CMakeFiles/MIOpen.dir/__/inlined_kernels/batch_26.cpp.o
[578/690] Building CXX object src/CMakeFiles/MIOpen.dir/__/inlined_kernels/batch_20.cpp.o
[579/690] Building CXX object src/CMakeFiles/MIOpen.dir/__/inlined_kernels/batch_24.cpp.o
[580/690] Building CXX object src/CMakeFiles/MIOpen.dir/__/inlined_kernels/batch_28.cpp.o
[581/690] Building CXX object src/CMakeFiles/MIOpen.dir/__/inlined_kernels/batch_25.cpp.o
[582/690] Building CXX object src/CMakeFiles/MIOpen.dir/__/inlined_kernels/batch_16.cpp.o
[583/690] Building CXX object src/CMakeFiles/MIOpen.dir/__/inlined_kernels/batch_27.cpp.o
[584/690] Building CXX object src/CMakeFiles/MIOpen.dir/__/inlined_kernels/batch_32.cpp.o
[585/690] Building CXX object src/CMakeFiles/MIOpen.dir/__/inlined_kernels/batch_35.cpp.o
[586/690] Building CXX object src/CMakeFiles/MIOpen.dir/__/inlined_kernels/batch_36.cpp.o
[587/690] Building CXX object src/CMakeFiles/MIOpen.dir/__/inlined_kernels/batch_34.cpp.o
[588/690] Building CXX object src/CMakeFiles/MIOpen.dir/__/inlined_kernels/batch_30.cpp.o
[589/690] Building CXX object src/CMakeFiles/MIOpen.dir/__/inlined_kernels/batch_31.cpp.o
[590/690] Building CXX object src/CMakeFiles/MIOpen.dir/__/inlined_kernels/batch_38.cpp.o
[591/690] Building CXX object src/CMakeFiles/MIOpen.dir/__/inlined_kernels/batch_33.cpp.o
[592/690] Building CXX object src/CMakeFiles/MIOpen.dir/__/inlined_kernels/batch_39.cpp.o
[593/690] Building CXX object src/CMakeFiles/MIOpen.dir/__/inlined_kernels/batch_37.cpp.o
[594/690] Building CXX object src/CMakeFiles/MIOpen.dir/__/inlined_kernels/batch_46.cpp.o
[595/690] Building CXX object src/CMakeFiles/MIOpen.dir/__/inlined_kernels/batch_44.cpp.o
[596/690] Building CXX object src/CMakeFiles/MIOpen.dir/__/inlined_kernels/batch_40.cpp.o
[597/690] Building CXX object src/CMakeFiles/MIOpen.dir/__/inlined_kernels/batch_43.cpp.o
[598/690] Building CXX object src/CMakeFiles/MIOpen.dir/__/inlined_kernels/batch_47.cpp.o
[599/690] Building CXX object src/CMakeFiles/MIOpen.dir/__/inlined_kernels/batch_48.cpp.o
[600/690] Building CXX object src/CMakeFiles/MIOpen.dir/__/inlined_kernels/batch_42.cpp.o
[601/690] Building CXX object src/CMakeFiles/MIOpen.dir/__/inlined_kernels/batch_45.cpp.o
[602/690] Building CXX object src/CMakeFiles/MIOpen.dir/__/inlined_kernels/batch_55.cpp.o
[603/690] Building CXX object src/CMakeFiles/MIOpen.dir/__/inlined_kernels/batch_41.cpp.o
[604/690] Building CXX object src/CMakeFiles/MIOpen.dir/__/inlined_kernels/batch_51.cpp.o
[605/690] Building CXX object src/CMakeFiles/MIOpen.dir/pooling.cpp.o
[606/690] Building CXX object src/CMakeFiles/MIOpen.dir/__/inlined_kernels/batch_53.cpp.o
[607/690] Building CXX object src/CMakeFiles/MIOpen.dir/__/inlined_kernels/batch_49.cpp.o
[608/690] Building CXX object src/CMakeFiles/MIOpen.dir/__/inlined_kernels/batch_54.cpp.o
[609/690] Building CXX object src/CMakeFiles/MIOpen.dir/__/inlined_kernels/batch_59.cpp.o
[610/690] Building CXX object src/CMakeFiles/MIOpen.dir/__/inlined_kernels/batch_57.cpp.o
[611/690] Building CXX object src/CMakeFiles/MIOpen.dir/__/inlined_kernels/batch_58.cpp.o
[612/690] Building CXX object src/CMakeFiles/MIOpen.dir/__/inlined_kernels/batch_56.cpp.o
[613/690] Building CXX object src/CMakeFiles/MIOpen.dir/__/inlined_kernels/batch_67.cpp.o
[614/690] Building CXX object src/CMakeFiles/MIOpen.dir/__/inlined_kernels/batch_52.cpp.o
[615/690] Building CXX object src/CMakeFiles/MIOpen.dir/__/inlined_kernels/batch_64.cpp.o
[616/690] Building CXX object src/CMakeFiles/MIOpen.dir/__/inlined_kernels/batch_60.cpp.o
[617/690] Building CXX object src/CMakeFiles/MIOpen.dir/__/inlined_kernels/batch_50.cpp.o
[618/690] Building CXX object src/CMakeFiles/MIOpen.dir/__/inlined_kernels/batch_62.cpp.o
[619/690] Building CXX object src/CMakeFiles/MIOpen.dir/__/inlined_kernels/batch_68.cpp.o
[620/690] Building CXX object src/CMakeFiles/MIOpen.dir/__/inlined_kernels/batch_66.cpp.o
[621/690] Building CXX object src/CMakeFiles/MIOpen.dir/__/inlined_kernels/batch_70.cpp.o
[622/690] Building CXX object src/CMakeFiles/MIOpen.dir/__/inlined_kernels/batch_61.cpp.o
[623/690] Building CXX object src/CMakeFiles/MIOpen.dir/__/inlined_kernels/batch_65.cpp.o
[624/690] Building CXX object src/CMakeFiles/MIOpen.dir/__/inlined_kernels/batch_69.cpp.o
[625/690] Building CXX object src/CMakeFiles/MIOpen.dir/__/inlined_kernels/batch_71.cpp.o
[626/690] Building CXX object src/CMakeFiles/MIOpen.dir/__/inlined_kernels/batch_76.cpp.o
[627/690] Building CXX object src/CMakeFiles/MIOpen.dir/__/inlined_kernels/batch_75.cpp.o
[628/690] Building CXX object src/CMakeFiles/MIOpen.dir/__/inlined_kernels/batch_73.cpp.o
[629/690] Building CXX object src/CMakeFiles/MIOpen.dir/conv/heuristics/ai_heuristics.cpp.o
[630/690] Building CXX object src/CMakeFiles/MIOpen.dir/__/inlined_kernels/batch_72.cpp.o
[631/690] Building CXX object src/CMakeFiles/MIOpen.dir/__/inlined_kernels/batch_63.cpp.o
[632/690] Building CXX object src/CMakeFiles/MIOpen.dir/__/inlined_kernels/batch_81.cpp.o
[633/690] Building CXX object src/CMakeFiles/MIOpen.dir/__/inlined_kernels/batch_78.cpp.o
[634/690] Building CXX object src/CMakeFiles/MIOpen.dir/__/inlined_kernels/batch_79.cpp.o
[635/690] Building CXX object src/CMakeFiles/MIOpen.dir/__/inlined_kernels/batch_83.cpp.o
[636/690] Building CXX object src/CMakeFiles/MIOpen.dir/__/inlined_kernels/batch_84.cpp.o
[637/690] Building CXX object src/CMakeFiles/MIOpen.dir/__/inlined_kernels/batch_74.cpp.o
[638/690] Building CXX object src/CMakeFiles/MIOpen.dir/__/inlined_kernels/batch_85.cpp.o
[639/690] Building CXX object src/CMakeFiles/MIOpen.dir/__/inlined_kernels/batch_87.cpp.o
[640/690] Building CXX object src/CMakeFiles/MIOpen.dir/__/inlined_kernels/batch_86.cpp.o
[641/690] Building CXX object src/CMakeFiles/MIOpen.dir/__/inlined_kernels/batch_88.cpp.o
[642/690] Building CXX object src/CMakeFiles/MIOpen.dir/__/inlined_kernels/batch_82.cpp.o
[643/690] Building CXX object src/CMakeFiles/MIOpen.dir/__/inlined_kernels/batch_90.cpp.o
[644/690] Building CXX object src/CMakeFiles/MIOpen.dir/__/inlined_kernels/batch_93.cpp.o
[645/690] Building CXX object src/CMakeFiles/MIOpen.dir/__/inlined_kernels/batch_77.cpp.o
[646/690] Building CXX object src/CMakeFiles/MIOpen.dir/__/inlined_kernels/batch_89.cpp.o
[647/690] Building CXX object src/CMakeFiles/MIOpen.dir/__/inlined_kernels/batch_80.cpp.o
[648/690] Building CXX object src/CMakeFiles/MIOpen.dir/__/inlined_kernels/batch_91.cpp.o
[649/690] Building CXX object src/CMakeFiles/MIOpen.dir/__/inlined_kernels/batch_92.cpp.o
[650/690] Building CXX object src/CMakeFiles/MIOpen.dir/__/inlined_kernels/batch_95.cpp.o
[651/690] Building CXX object src/CMakeFiles/MIOpen.dir/__/inlined_kernels/batch_101.cpp.o
[652/690] Building CXX object src/CMakeFiles/MIOpen.dir/__/inlined_kernels/batch_100.cpp.o
[653/690] Building CXX object src/CMakeFiles/MIOpen.dir/__/inlined_kernels/batch_98.cpp.o
[654/690] Building CXX object src/CMakeFiles/MIOpen.dir/__/inlined_kernels/batch_120.cpp.o
[655/690] Building CXX object src/CMakeFiles/MIOpen.dir/__/inlined_kernels/batch_124.cpp.o
[656/690] Building CXX object src/CMakeFiles/MIOpen.dir/__/inlined_kernels/batch_125.cpp.o
[657/690] Building CXX object src/CMakeFiles/MIOpen.dir/__/inlined_kernels/batch_97.cpp.o
[658/690] Building CXX object src/CMakeFiles/MIOpen.dir/__/inlined_kernels/batch_103.cpp.o
[659/690] Building CXX object src/CMakeFiles/MIOpen.dir/__/inlined_kernels/batch_104.cpp.o
[660/690] Building CXX object src/CMakeFiles/MIOpen.dir/__/inlined_kernels/batch_123.cpp.o
[661/690] Building CXX object src/CMakeFiles/MIOpen.dir/__/inlined_kernels/batch_102.cpp.o
[662/690] Building CXX object src/CMakeFiles/MIOpen.dir/__/inlined_kernels/batch_109.cpp.o
[663/690] Building CXX object src/CMakeFiles/MIOpen.dir/__/inlined_kernels/batch_105.cpp.o
[664/690] Building CXX object src/CMakeFiles/MIOpen.dir/__/inlined_kernels/batch_110.cpp.o
[665/690] Building CXX object src/CMakeFiles/MIOpen.dir/__/inlined_kernels/batch_99.cpp.o
[666/690] Building CXX object src/CMakeFiles/MIOpen.dir/__/inlined_kernels/batch_108.cpp.o
[667/690] Building CXX object src/CMakeFiles/MIOpen.dir/__/inlined_kernels/batch_107.cpp.o
[668/690] Building CXX object src/CMakeFiles/MIOpen.dir/__/inlined_kernels/batch_106.cpp.o
[669/690] Building CXX object src/CMakeFiles/MIOpen.dir/__/inlined_kernels/batch_111.cpp.o
[670/690] Building CXX object src/CMakeFiles/MIOpen.dir/__/inlined_kernels/batch_94.cpp.o
[671/690] Building CXX object src/CMakeFiles/MIOpen.dir/__/inlined_kernels/batch_114.cpp.o
[672/690] Building CXX object src/CMakeFiles/MIOpen.dir/__/inlined_kernels/batch_112.cpp.o
[673/690] Building CXX object src/CMakeFiles/MIOpen.dir/__/inlined_kernels/batch_113.cpp.o
[674/690] Building CXX object src/CMakeFiles/MIOpen.dir/__/inlined_kernels/batch_117.cpp.o
[675/690] Building CXX object src/CMakeFiles/MIOpen.dir/__/inlined_kernels/batch_96.cpp.o
[676/690] Building CXX object src/CMakeFiles/MIOpen.dir/__/inlined_kernels/batch_115.cpp.o
[677/690] Building CXX object src/CMakeFiles/MIOpen.dir/__/inlined_kernels/batch_121.cpp.o
[678/690] Building CXX object src/CMakeFiles/MIOpen.dir/__/inlined_kernels/batch_116.cpp.o
[679/690] Building CXX object src/CMakeFiles/MIOpen.dir/__/inlined_kernels/batch_118.cpp.o
[680/690] Building CXX object src/CMakeFiles/MIOpen.dir/__/inlined_kernels/batch_119.cpp.o
[681/690] Building CXX object src/CMakeFiles/MIOpen.dir/comgr.cpp.o
[682/690] Building CXX object src/CMakeFiles/MIOpen.dir/__/inlined_kernels/batch_128.cpp.o
[683/690] Building CXX object src/CMakeFiles/MIOpen.dir/__/inlined_kernels/batch_126.cpp.o
[684/690] Building CXX object src/CMakeFiles/MIOpen.dir/mlo_dir_conv.cpp.o
[685/690] Building CXX object src/CMakeFiles/MIOpen.dir/__/inlined_kernels/batch_127.cpp.o
[686/690] Building CXX object src/CMakeFiles/MIOpen.dir/__/inlined_kernels/batch_122.cpp.o
[687/690] Building CXX object src/CMakeFiles/MIOpen.dir/solver.cpp.o
[688/690] Linking CXX shared library lib/libMIOpen.so.1.0
[689/690] Creating library symlink lib/libMIOpen.so.1 lib/libMIOpen.so
BUILD_RC=0
