files to ensure: 8032
FAILED projects/miopen/.gitmodules 43f7ab05237f19ddbbca99b330605eba9e6e4d32
FAILED projects/miopen/cmake/ExportHeader.cmake 9d6f8a6024bcf505af1ce6977910b85c392dd57f
FAILED projects/miopen/.github/CODEOWNERS 128943654b4b471895f44ebaf8909c31424376ca
FAILED projects/miopen/cmake/thirdparty/sqlite3/CMakeLists.txt 9e423c24d074adf84ebf2bcf9b903f7f57537bcc
FAILED projects/miopen/codecov.yml 3e39190302fdea0a618ceb2dcc56120e2863a94a
FAILED projects/miopen/docs/conceptual/finddb.rst c64d8c291ec5808185c464ee3a64b16ff9530a57
FAILED projects/miopen/docs/how-to/debug-log.rst 036777f74f3d62bfe80d2211986a07bc4abd7141
FAILED projects/miopen/docs/data/how-to/driverTableCrop.png 0fd6395f2bf4cf1ac47d81eae1b92c7cc53b2047
FAILED projects/miopen/docs/doxygen/Doxyfile 6b016230701cc78b44a847a0190999e7b95abb2a
FAILED projects/miopen/docs/sphinx/.gitignore 732e9711d2778511b48e77108cc041882a2a42ca
FAILED projects/miopen/driver/CMakeLists.txt 1255ec8d331371ac93d5ee1fc98eea1cf4627c63
FAILED projects/miopen/driver/README.md 6d325db471b054d599473b6115c3f8c9480893a5
FAILED projects/miopen/driver/conv_common.hpp be99ce1d586a67aa8d7bb062723e705384b9144f
FAILED projects/miopen/driver/conv_driver.hpp 678154b8aec6d78730a8c4259edecd580b084bb5
FAILED projects/miopen/driver/dm_convfp32.cpp 12f421895b933d2b5857aab4ed4de5ff61e7882b
FAILED projects/miopen/driver/dm_pool.cpp 89eb040fa3e842138bacd4ef4063c067d7d410f4
FAILED projects/miopen/src/kernels/dynamic_igemm/igemm_gtc_bwd_fp16/igemm_bwd_gtcx_nchw_fp16_bx4_ex1_bt32x16x16_wt32x8x4_ws1x2_wr1x1_ta4x1x2x1_1x4x1x16_tb4x1x1x1_1x4x1x16.s 1769ca8c73092d7062008fd8e8bedcedfa96157c
FAILED projects/miopen/src/kernels/dynamic_igemm/igemm_gtc_bwd_fp16/igemm_bwd_gtcx_nchw_fp16_bx4_ex1_bt32x32x32_wt16x16x16_ws1x1_wr1x1_ta2x1x2x1_1x16x1x16_tb2x1x2x1_1x16x1x16.s 83e7f5066e9a74ccd74b48fb0d60283792475205
FAILED projects/miopen/src/kernels/dynamic_igemm/igemm_gtc_bwd_fp16/igemm_bwd_gtcx_nchw_fp16_bx4_ex1_bt32x32x8_wt16x16x4_ws1x1_wr1x1_ta1x1x1x1_1x8x1x32_tb1x1x1x1_1x8x1x32.s 1dd6446c2edf960363a47b915f66d124f61256c7
FAILED projects/miopen/src/kernels/dynamic_igemm/igemm_gtc_bwd_fp16/igemm_bwd_gtcx_nchw_fp16_bx4_ex1_bt256x64x16_wt64x16x4_ws1x1_wr2x2_ta1x4x1x4_1x4x1x64_tb1x4x1x1_1x4x1x64.s ac51a5e39666425a3552bf4a05ba7ceae6992ff9
FAILED projects/miopen/src/kernels/dynamic_igemm/igemm_gtc_bwd_fp16/igemm_bwd_gtcx_nchw_fp16_bx4_ex1_bt32x16x16_wt32x8x4_ws1x1_wr1x1_ta2x1x2x1_1x8x1x16_tb2x1x1x1_1x8x1x16.s 6d7e1d32cb22dbd6d71deccac47255419a407127
FAILED projects/miopen/src/kernels/dynamic_igemm/igemm_gtc_bwd_fp16/igemm_bwd_gtcx_nchw_fp16_bx4_ex1_bt32x128x16_wt8x32x4_ws1x1_wr2x2_ta1x1x2x1_1x16x1x16_tb1x1x8x1_1x16x1x16.s 0e2d71460e016761c6840962d681e4e440edf077
FAILED projects/miopen/src/kernels/dynamic_igemm/igemm_gtc_bwd_fp16/igemm_bwd_gtcx_nchw_fp16_bx4_ex1_bt64x128x32_wt32x32x8_ws1x2_wr1x1_ta2x1x4x1_1x16x1x16_tb2x1x8x1_1x16x1x16.s 54fe555db7fa741995a494e403b778bc2b4b9ac6
FAILED projects/miopen/src/kernels/dynamic_igemm/igemm_gtc_bwd_fp16/igemm_bwd_gtcx_nchw_fp16_bx4_ex1_bt64x128x32_wt32x32x8_ws1x2_wr1x1_ta1x4x1x2_1x8x1x32_tb1x4x4x1_1x8x1x32.s eb3ab17aeb7e04bf1b6c022ee176fc7a1e2e759f
FAILED projects/miopen/src/kernels/dynamic_igemm/igemm_gtc_bwd_fp16/igemm_bwd_gtcx_nchw_fp16_bx4_ex1_bt64x128x32_wt32x32x8_ws1x2_wr1x1_ta8x1x1x1_1x4x1x64_tb8x1x2x1_1x4x1x64.s 32daee3a24a8768f5db84eb050502b02e073e179
FAILED projects/miopen/src/kernels/dynamic_igemm/igemm_gtc_fwd_fp16/igemm_fwd_gtcx_nchw_fp16_bx1_ex1_bt32x32x64_wt16x16x16_ws1x1_wr1x1_ta1x4x2x1_1x16x1x16_tb1x1x8x1_1x64x1x4.s 4549b4bef2fe6dd4853f0af1abc62923b5f48af2
FAILED projects/miopen/src/kernels/dynamic_igemm/igemm_gtc_fwd_fp16/igemm_fwd_gtcx_nchw_fp16_bx1_ex1_bt64x256x16_wt16x64x4_ws1x1_wr2x2_ta1x2x2x1_1x8x1x32_tb1x16x1x1_1x1x1x256.s 64facf3a2d56c6773de00ce4010af2e07514a7e1
FAILED projects/miopen/src/kernels/dynamic_igemm/igemm_gtc_fwd_fp16/igemm_fwd_gtcx_nchw_fp16_bx1_ex1_bt64x128x16_wt32x32x8_ws1x2_wr1x1_ta1x2x2x1_1x8x1x32_tb1x8x1x1_1x2x1x128.s 078657b16f889583214a1c1598f70a77ed824bd9
FAILED projects/miopen/src/kernels/dynamic_igemm/igemm_gtc_fwd_fp16/igemm_fwd_gtcx_nchw_fp16_bx1_ex1_bt64x128x8_wt64x32x4_ws1x1_wr1x1_ta1x1x2x1_1x8x1x32_tb1x4x1x1_1x2x1x128.s 8a51857d44dcc6d7736eefb6e0e128d29220a0c4
FAILED projects/miopen/src/kernels/dynamic_igemm/igemm_gtc_fwd_fp16/igemm_fwd_gtcx_nchw_fp16_bx1_ex1_bt64x16x16_wt64x4x4_ws1x1_wr1x1_ta1x2x2x1_1x8x1x32_tb1x1x1x1_1x16x1x16.s 759c0426fd45aeb2449bcc9e413a3d2dd7675854
FAILED projects/miopen/src/kernels/dynamic_igemm/igemm_gtc_fwd_fp16/igemm_fwd_gtcx_nchw_fp16_bx1_ex1_bt64x256x32_wt32x32x8_ws1x1_wr2x2_ta1x4x2x1_1x8x1x32_tb1x1x32x1_1x32x1x8.s 67e578124fdf729b7153349ed9514472336304fb
FAILED projects/miopen/src/kernels/dynamic_igemm/igemm_gtc_fwd_fp16/igemm_fwd_gtcx_nchw_fp16_bx1_ex1_bt64x256x8_wt32x64x4_ws1x2_wr1x1_ta1x1x2x1_1x8x1x32_tb1x1x8x1_1x8x1x32.s eede7cbc95e8e5d887f1dd2ddbdc6aa5f69f7b07
FAILED projects/miopen/src/kernels/dynamic_igemm/igemm_gtc_fwd_fp16/igemm_fwd_gtcx_nchw_fp16_bx4_ex0_bt64x64x16_wt16x16x4_ws1x1_wr2x2_ta1x2x2x1_1x8x1x32_tb1x1x4x1_1x16x1x16.s e26934a13c4371d50dd70b0506feb44e05652aab
FAILED projects/miopen/src/kernels/dynamic_igemm/igemm_gtc_fwd_fp16/igemm_fwd_gtcx_nchw_fp16_bx1_ex1_bt64x64x16_wt16x16x4_ws1x1_wr2x2_ta1x2x2x1_1x8x1x32_tb1x4x1x1_1x4x1x64.s 2a3714899d6c1c644ddeb331ed84a969e516ee87
