files to ensure: 8032
FAILED projects/miopen/.clang-tidy d7ab454fc3c46f6803b45706d9e9f10fbe724ac6
FAILED projects/miopen/.gitmodules 43f7ab05237f19ddbbca99b330605eba9e6e4d32
FAILED projects/miopen/.dockerignore 386e549e7750a313c9b4cf9d5f7331e76481921b
FAILED projects/miopen/.githooks/pre-commit 1e208e925a181cc17736c8df803d63a7d97f796c
FAILED projects/miopen/.github/ISSUE_TEMPLATE/issue_report.yml b45a8b0bc11524277406ad57598479b3b3102412
FAILED projects/miopen/.lfsconfig 2cf1bce1b17fca62c76192fcf521fd3bb171249b
FAILED projects/miopen/.github/CODEOWNERS 128943654b4b471895f44ebaf8909c31424376ca
FAILED projects/miopen/.readthedocs.yaml 99163e4af2550392cda24e4c3cb7908fc99ee523
FAILED projects/miopen/addkernels/include_inliner.hpp 8586a0ac347fc7480a26c40e4219d036bdabf7c7
FAILED projects/miopen/cmake/ClangTidy.cmake cd61a56d26b0edda7e8d2a803313bc51c9cc8a2d
FAILED projects/miopen/cmake/CppCheck.cmake 787a9699554a184c9d9609601d35acb5e429cfc0
FAILED projects/miopen/cmake/Dependencies.cmake 922fbf6c069455c16ab507df820f9158b3af3fcb
FAILED projects/miopen/docs/data/reference/precision-support.yaml 6ec0d7d7455ffb2e1cca199cb6941347615a4320
FAILED projects/miopen/cmake/thirdparty/sqlite3/CMakeLists.txt 9e423c24d074adf84ebf2bcf9b903f7f57537bcc
FAILED projects/miopen/codecov.yml 3e39190302fdea0a618ceb2dcc56120e2863a94a
FAILED projects/miopen/docs/doxygen/.gitignore 9da623714efacbc2228980cbaf8de1c052623126
FAILED projects/miopen/docs/how-to/find-and-immediate.rst 0523d4a928e42bace064b74f444a3347b39384ad
FAILED projects/miopen/docs/rfcs/0001a_InvestigationReference.md d8515ab1e279417dcdd79acc080c14b63400cc9d
FAILED projects/miopen/driver/InputFlags.hpp 04efd89bf4a802765af71b1c5a6c2c222121bd30
FAILED projects/miopen/driver/addlayernorm_driver.hpp effdc90c6127b8bc3e36677e67477290e1fe74c5
FAILED projects/miopen/driver/ctc_verify.hpp f0f8eb9638800a1bef416f1fb86d6fb95ce4b294
FAILED projects/miopen/driver/conv_driver.hpp 678154b8aec6d78730a8c4259edecd580b084bb5
FAILED projects/miopen/driver/conv_common.cpp 54652c55b7a8990045f6d81b86a168168303f758
FAILED projects/miopen/driver/dm_pool.cpp 89eb040fa3e842138bacd4ef4063c067d7d410f4
FAILED projects/miopen/driver/dm_groupnorm.cpp bdad632424d3ede4d7b53cec21704bb52a185097
FAILED projects/miopen/driver/getitem_driver.hpp 52a5bc262f8278b4db967abf4ce191340bf2e006
FAILED projects/miopen/src/kernels/dynamic_igemm/igemm_gtc_bwd_fp16/igemm_bwd_gtcx_nchw_fp16_bx4_ex1_bt32x128x8_wt8x32x4_ws1x1_wr2x2_ta1x1x1x1_1x8x1x32_tb1x1x4x1_1x8x1x32.s ecd8f3b1e914e8206d7854cad2481fcf83045eb6
FAILED projects/miopen/src/kernels/dynamic_igemm/igemm_gtc_bwd_fp16/igemm_bwd_gtcx_nchw_fp16_bx4_ex1_bt32x16x16_wt32x8x4_ws1x1_wr1x1_ta1x1x4x1_1x16x1x8_tb1x1x2x1_1x16x1x8.s ea2e2ff0f967c137a2fe9839bce0865e93bd5a14
FAILED projects/miopen/src/kernels/dynamic_igemm/igemm_gtc_bwd_fp16/igemm_bwd_gtcx_nchw_fp16_bx4_ex1_bt32x16x16_wt32x8x4_ws1x1_wr1x1_ta1x2x1x2_1x8x1x16_tb1x2x1x1_1x8x1x16.s 07813b11d913158b354b38c9272a76b032537eac
FAILED projects/miopen/src/kernels/dynamic_igemm/igemm_gtc_bwd_fp16/igemm_bwd_gtcx_nchw_fp16_bx4_ex1_bt32x128x16_wt8x32x4_ws1x1_wr2x2_ta2x1x1x1_1x8x1x32_tb2x1x4x1_1x8x1x32.s 0088bd7ac8808b678400c011b710dacf9b211e57
FAILED projects/miopen/src/kernels/dynamic_igemm/igemm_gtc_bwd_fp16/igemm_bwd_gtcx_nchw_fp16_bx4_ex1_bt32x32x16_wt16x16x4_ws1x1_wr1x1_ta2x1x1x1_1x8x1x32_tb2x1x1x1_1x8x1x32.s e9af65a02a854fd358593a1ebcad66818a013ede
FAILED projects/miopen/src/kernels/dynamic_igemm/igemm_gtc_bwd_fp16/igemm_bwd_gtcx_nchw_fp16_bx4_ex1_bt256x64x8_wt64x16x4_ws1x1_wr2x2_ta1x2x1x4_1x4x1x64_tb1x2x1x1_1x4x1x64.s 8fc9959f754f0a7e92bda6bffb40a3e7431223f3
FAILED projects/miopen/src/kernels/dynamic_igemm/igemm_gtc_bwd_fp16/igemm_bwd_gtcx_nchw_fp16_bx4_ex1_bt32x128x16_wt8x32x4_ws1x1_wr2x2_ta1x1x2x1_1x16x1x16_tb1x1x8x1_1x16x1x16.s 0e2d71460e016761c6840962d681e4e440edf077
FAILED projects/miopen/src/kernels/dynamic_igemm/igemm_gtc_bwd_fp16/igemm_bwd_gtcx_nchw_fp16_bx4_ex1_bt64x128x16_wt8x32x4_ws2x1_wr2x2_ta1x1x4x1_1x16x1x16_tb1x1x8x1_1x16x1x16.s b4952bbf7f429a308edcd699f94d42068ea822a5
FAILED projects/miopen/src/kernels/dynamic_igemm/igemm_gtc_fwd_fp16/igemm_fwd_gtcx_nchw_fp16_bx1_ex1_bt64x256x8_wt32x64x4_ws1x2_wr1x1_ta1x1x2x1_1x8x1x32_tb1x1x8x1_1x8x1x32.s eede7cbc95e8e5d887f1dd2ddbdc6aa5f69f7b07
FAILED projects/miopen/src/kernels/dynamic_igemm/igemm_gtc_fwd_fp16/igemm_fwd_gtcx_nchw_fp16_bx1_ex1_bt64x256x16_wt16x64x4_ws1x1_wr2x2_ta1x2x2x1_1x8x1x32_tb1x16x1x1_1x1x1x256.s 64facf3a2d56c6773de00ce4010af2e07514a7e1
FAILED projects/miopen/src/kernels/dynamic_igemm/igemm_gtc_fwd_fp16/igemm_fwd_gtcx_nchw_fp16_bx1_ex1_bt64x128x8_wt32x64x4_ws1x1_wr1x1_ta1x1x2x1_1x8x1x32_tb1x1x4x1_1x8x1x32.s 769b86de07926a87ec687fae1619531e096eb784
FAILED projects/miopen/src/kernels/dynamic_igemm/igemm_gtc_fwd_fp16/igemm_fwd_gtcx_nchw_fp16_bx1_ex1_bt64x32x16_wt32x8x4_ws1x2_wr1x1_ta1x2x2x1_1x8x1x32_tb1x1x2x1_1x16x1x16.s 84706c35b031a70c45f6d60cf88e780ab47af571
FAILED projects/miopen/src/kernels/dynamic_igemm/igemm_gtc_fwd_fp16/igemm_fwd_gtcx_nchw_fp16_bx1_ex1_bt32x32x64_wt16x16x16_ws1x1_wr1x1_ta1x4x2x1_1x16x1x16_tb1x1x8x1_1x64x1x4.s 4549b4bef2fe6dd4853f0af1abc62923b5f48af2
FAILED projects/miopen/src/kernels/dynamic_igemm/igemm_gtc_fwd_fp16/igemm_fwd_gtcx_nchw_fp16_bx1_ex1_bt64x64x16_wt16x16x4_ws1x1_wr2x2_ta1x2x2x1_1x8x1x32_tb1x4x1x1_1x4x1x64.s 2a3714899d6c1c644ddeb331ed84a969e516ee87
FAILED projects/miopen/src/kernels/dynamic_igemm/igemm_gtc_fwd_fp16/igemm_fwd_gtcx_nchw_fp16_bx4_ex0_bt64x32x8_wt32x8x4_ws1x2_wr1x1_ta1x1x2x1_1x8x1x32_tb1x1x1x1_1x8x1x32.s fb594aad4d466da24a4033050b7756b757ce0244
FAILED projects/miopen/src/kernels/dynamic_igemm/igemm_gtc_fwd_fp16/igemm_fwd_gtcx_nchw_fp16_bx1_ex1_bt32x32x16_wt16x16x4_ws1x1_wr1x1_ta1x1x2x1_1x16x1x16_tb1x2x1x1_1x8x1x32.s 650ec9bf57a0f28a71411dfe8e11b3443d87e5f1
FAILED projects/miopen/src/kernels/dynamic_igemm/igemm_gtc_xdlops_nhwc_gfx90a/bwd_fp16/igemm_bwd_gtcx2_nhwc_fp16_bx0_ex1_bt128x64x8_wt32x32x4_ws1x1_wr2x1_ta1x1x4x1_1x8x1x32_tb1x1x2x1_1x8x1x32_mh_me_gkgs.s 18f38fe23ba11da793e3226f311b3a4907db65f0
FAILED projects/miopen/src/kernels/dynamic_igemm/igemm_gtc_xdlops_nhwc_gfx90a/bwd_fp16/igemm_bwd_gtcx2_nhwc_fp16_bx0_ex1_bt64x32x16_wt64x16x4_ws1x1_wr1x1_ta1x4x2x1_1x4x1x32_tb1x4x1x1_1x4x1x32_mh_gkgs.s 5edf1ab83d5ae072688f9f99a066e6dd086e8e4e
FAILED projects/miopen/src/kernels/dynamic_igemm/igemm_gtc_xdlops_nhwc_gfx90a/bwd_fp16/igemm_bwd_gtcx2_nhwc_fp16_bx0_ex1_bt64x32x32_wt64x16x4_ws1x1_wr1x1_ta1x8x2x1_1x4x1x32_tb1x4x1x2_1x8x1x16_mh_gkgs.s fa6817c4488f39995027202cdba24e45c39ff1fd
FAILED projects/miopen/src/kernels/dynamic_igemm/igemm_gtc_xdlops_nhwc_gfx90a/bwd_fp16/igemm_bwd_gtcx2_nhwc_fp16_bx0_ex1_bt32x128x32_wt16x64x4_ws1x1_wr1x1_ta1x4x1x1_1x8x1x32_tb1x4x1x4_1x8x1x32_mh_vs1_gkgs.s 9e71c614ab6b70f189c11befc96af500947302db
FAILED projects/miopen/src/kernels/dynamic_igemm/igemm_gtc_xdlops_nhwc_gfx90a/bwd_fp16/igemm_bwd_gtcx2_nhwc_fp16_bx0_ex1_bt64x64x8_wt16x16x4_ws1x1_wr2x2_ta1x1x2x1_1x8x1x32_tb1x1x2x1_1x8x1x32_mh_me_vs1_gkgs.s 3e36dc64aa51db9af4aa982e72572364bb378770
FAILED projects/miopen/src/kernels/dynamic_igemm/igemm_gtc_xdlops_nhwc_gfx90a/bwd_fp32/igemm_bwd_gtcx2_nhwc_fp32_bx0_ex0_bt128x64x16_wt32x32x2_ws1x1_wr2x1_ta1x4x2x1_1x4x1x64_tb1x4x1x1_1x4x1x64.s f3968bc8cc7e5249e6eb84f12f67364fd3fcd410
FAILED projects/miopen/src/kernels/dynamic_igemm/igemm_gtc_xdlops_nhwc_gfx90a/bwd_fp16/igemm_bwd_gtcx2_nhwc_fp16_bx0_ex1_bt64x64x16_wt16x16x4_ws1x1_wr2x2_ta1x4x1x1_1x4x1x64_tb1x4x1x1_1x4x1x64_mh_gkgs.s 1004b23e68b552f27098cf8c855f77d0325f44a8
FAILED projects/miopen/src/kernels/dynamic_igemm/igemm_gtc_xdlops_nhwc_gfx90a/fwd_fp16/igemm_fwd_gtcx2_nhwc_fp16_bx0_ex0_bt64x32x32_wt64x16x4_ws1x1_wr1x1_ta1x8x2x1_1x4x1x32_tb1x8x1x1_1x4x1x32_gkgs.s 0f3d6e185b3e096f837994feb06231a68700eae0
FAILED projects/miopen/src/kernels/dynamic_igemm/igemm_gtc_xdlops_nhwc_gfx90a/fwd_fp16/igemm_fwd_gtcx2_nhwc_fp16_bx0_ex0_bt64x64x64_wt16x16x16_ws1x1_wr2x2_ta1x8x2x1_1x8x1x32_tb1x8x2x1_1x8x1x32.s 9731e082ccb98d0e14771767357a8d8eb4836832
FAILED projects/miopen/src/kernels/dynamic_igemm/igemm_gtc_xdlops_nhwc_gfx90a/fwd_fp16/igemm_fwd_gtcx2_nhwc_fp16_bx0_ex1_bt128x128x32_wt32x32x8_ws1x1_wr2x2_ta1x8x2x1_1x4x1x64_tb1x8x2x1_1x4x1x64_gkgs.s 3e7e603ff8a6b19223c575a0dd41e239af8328dd
FAILED projects/miopen/src/kernels/dynamic_igemm/igemm_gtc_xdlops_nhwc_gfx90a/fwd_fp16/igemm_fwd_gtcx2_nhwc_fp16_bx0_ex0_bt32x64x32_wt16x64x4_ws1x1_wr1x1_ta1x8x1x1_1x4x1x32_tb1x8x2x1_1x4x1x32_gkgs.s 118cf5870194c1a59a95a65fbac17c9e52a06e8d
FAILED projects/miopen/src/kernels/gfx950100.db.txt.bz2 49497ab8f4ad642ba1f01aef95bdb9b256f413e6
FAILED projects/miopen/src/kernels/gfx950_ConvHipImplicitGemm3DGroupFwdXdlops_input_encoder.tn.model 3f4268fd5f6fc969c9822635090226c809199660
FAILED projects/miopen/src/kernels/gfx950_ConvHipImplicitGemmGroupFwdXdlops_input_encoder.tn.model 36207f8910ab5eac5f80b84308ed16996a47e2d4
FAILED projects/miopen/src/kernels/gfx950_ConvHipImplicitGemmGroupFwdXdlops_metadata.tn.model 1801a18edc130f87ffe540ce581eee4da3b293cb
FAILED projects/miopen/src/kernels/gpu_general_tensor_reorder_kernel/general_tensor_reorder_16x256_byte.cpp dc39823ab880927c3bdb89edc959ee14939c076f
FAILED projects/miopen/src/kernels/gfx942e4.db.txt.bz2 288ec510b0dfbf9c853aaebaac3c294f6246703d
FAILED projects/miopen/src/kernels/gfx950.tn.model 84a3f208d8a883fc0077b41b7c5c99aabd77e5c1
FAILED projects/miopen/src/kernels/gfx942130.HIP.fdb.txt.bz2 1e54f8e2cddd79105ed74b44a211bd67201a1fd7
FAILED projects/miopen/src/kernels/static_composable_kernel/include/kernel_algorithm/static_kernel_gridwise_convolution_backward_data_implicit_gemm_v4r1_xdlops_gnchw_gkcyx_gnkhw.hpp c28b5a41bd08b71e5a1ba7726c18fab8bf422089
FAILED projects/miopen/src/kernels/gfx942e4.HIP.fdb.txt.bz2 070ffc0138737e9c4772f4b5bf051b8aeb2de8f1
FAILED projects/miopen/src/kernels/static_composable_kernel/include/kernel_algorithm/static_kernel_gridwise_convolution_implicit_gemm_v4r1_gnchw_gkcyx_gnkhw_lds_double_buffer.hpp e5ecc4a10a71187ec6a66c4e94b52d30e8f8e63d
FAILED projects/miopen/src/kernels/static_composable_kernel/include/kernel_algorithm/static_kernel_gridwise_convolution_implicit_gemm_v4r4_ncdhw_kczyx_nkdhw.hpp 15e31365c43ace0f0d9c3d8b9924da9f7c8b7956
FAILED projects/miopen/src/kernels/static_composable_kernel/include/tensor_operation/static_kernel_gridwise_gemm_fp16_bfp16.hpp 2dcd8da934363c83d880d6166fefb4bac4b7a4a5
FAILED projects/miopen/src/kernels/static_composable_kernel/include/tensor_operation/static_kernel_blockwise_gemm_xdlops.hpp 4617af7f662cb35c2367698b86ca9797e88db62c
FAILED projects/miopen/src/kernels/static_composable_kernel/include/tensor_operation/static_kernel_threadwise_gemm.hpp 3985f4de0dc558d54d4c3431f6ef5cf71b3dd61a
FAILED projects/miopen/src/kernels/static_composable_kernel/include/tensor_operation/static_kernel_xdlops_gemm.hpp 4728783c604ef3b65354a051ea4928bb6bf59cdc
FAILED projects/miopen/src/kernels/static_composable_kernel/include/utility/static_kernel_amd_buffer_addressing.hpp 7c36275ba3a4d5a26423b47477d476c6faa1ff0f
FAILED projects/miopen/src/kernels/static_composable_kernel/include/utility/static_kernel_amd_xdlops_inline_asm.hpp 566aab2efe3c4ef17b25bb4882cc833bd0b3285b
FAILED projects/miopen/src/kernels/lgbm_pcfg.bin 56ae3b14f891d666c330e5003f2e30a33562931d
FAILED projects/miopen/test/gtest/gtest_activation.cpp b48552bd5d8c240974a10c31ac8b943f966b82c5
FAILED projects/miopen/test/gtest/gtest_ck_common.hpp d9422e4da5e934988858fcaf0267ea693adfaf80
FAILED projects/miopen/test/gtest/hipdnn_shim_conv.cpp ae3a4adddf30ba96682f574d3cbc6dc2825a51e4
FAILED projects/miopen/test/gtest/handle_test.cpp 8989e297540bcd5762ebdfe07c1d5696de8b4109
FAILED projects/miopen/test/gtest/kernel_build_params.cpp 6203efc744c865a4a865c291368cafe0f0bc3526
FAILED projects/miopen/test/gtest/kthvalue.hpp 62d5ebb5905a72059c4389d6dabcb5509ff8c01f
FAILED projects/miopen/test/gtest/lrn.cpp 3fb287467722f945c589b77ee0188a3012d27194
FAILED projects/miopen/src/kernels/static_composable_kernel/include/tensor_description/static_kernel_tensor_descriptor_helper.hpp f547f90a1127dbf74c221698786b4a5520e9dac6
missing blobs after backfill: 0
