PROVENANCE: miopenKthvalueForward <- /home/amd/Desktop/YOLO_AMD/phase5_3b/installs/legB/lib/libMIOpen.so.1
MIOpen: Info [get_device_name] Raw device name: gfx1151
MIOpen: Info [OpenDynamicLibrary] Loading Composable Kernel dynamic library: /home/amd/Desktop/YOLO_AMD/phase5_3b/installs/legB/lib/libMIOpenCKGroupedConv_gfx1151.so
MIOpen: Info [OpenDynamicLibrary] Loading Composable Kernel dynamic library: libMIOpenCKGroupedConv_gfx1151.so
MIOpen: Warning [LoadSymbols] Failed to resolve CK grouped conv symbols (5 missing): ck_impl_depthwise_bwd_data_fill_valid_kernels, ck_impl_depthwise_bwd_data_is_applicable, ck_impl_depthwise_bwd_data_is_args_supported, ck_impl_depthwise_bwd_data_get_workspace_size, ck_impl_depthwise_bwd_data_get_solution
MIOpen: Warning [OpenRuntimeLibraryForDevice] Failed to resolve symbols in CK grouped conv library for device gfx1151
MIOpen: Info [Handle] stream: 0, device_id: 0
miopenCreate=0
step: descriptors create
creates: 0 0 0 ptrs=0x647466a1e070 0x64746583ec60 0x647466a56f70
step: descriptors set
step: mallocs
step: memcpy in
calling miopenKthvalueForward(BF16 [100x300], k=10, dim=-1)...
MIOpen: Info [AmdRocmMetadataVersionDetect] ROCm MD version AMDHSA_COv3, HIP version 7.14.60850, MIOpen version 3.6.2.9fc2d03b
MIOpen: Info [FindSolutionImpl] KthvalueFwd (not searchable)
MIOpen: Info [IsNetworkedFilesystem] Filesystem type at '"/home/amd/Desktop/YOLO_AMD/phase5_3b/tmp/fresh_cache/h07_bf16_legB"' is: 0xef53 'EXT2/3/4_SUPER_MAGIC'
MIOpen: Info [KernDb] database not present
MIOpen: Info [PrintVersion] HIPRTC v.9.0
miopenKthvalueForward status=0 (miopenStatusSuccess)
slice0: exp_val=16912 act_val=16912 exp_idx=257 act_idx=257
value_mismatches=0 index_mismatches=0
BF16_RESULT: PASS
