YOLO_MIOPEN_PROVENANCE path=/home/amd/Desktop/YOLO_AMD/phase5_3b/installs/legB/lib/libMIOpen.so.1 sha256=b14e907a8f259b27e9fc2ebc5fa58120ae90ff179f63a84676ab1a60619e90eb
torch=2.12.0+rocm7.14.0 hip=7.14.60850 cuda_available=True device=AMD Radeon 8060S Graphics
Ultralytics 8.4.174 🚀 Python-3.13.15 torch-2.12.0+rocm7.14.0 CUDA:0 (AMD Radeon 8060S Graphics, 102400MiB)
[34m[1mengine/trainer: [0magnostic_nms=False, amp=False, angle=1.0, augment=False, auto_augment=randaugment, batch=16, bgr=0.0, box=7.5, cache=False, cfg=None, channels_last=None, classes=None, close_mosaic=10, cls=0.5, cls_pw=0.0, cls_remap=True, compile=False, conf=None, copy_paste=0.0, copy_paste_mode=flip, cos_lr=False, cutmix=0.0, data=/home/amd/Desktop/YOLO_AMD/phase5_3b/tmp/coco8_local.yaml, degrees=0.0, deterministic=True, device=0, dfl=1.5, dgrad=0.5, dis=6.0, distill_model=None, dlam=1.0, dlog=1.0, dnn=False, dropout=0.0, dynamic=False, embed=None, epochs=1, erasing=0.4, exist_ok=True, fliplr=0.5, flipud=0.0, format=torchscript, fraction=1.0, freeze=None, hsv_h=0.015, hsv_s=0.7, hsv_v=0.4, imgsz=640, iou=0.7, kobj=1.0, line_width=None, lr0=0.01, lrf=0.01, mask_ratio=4, max_det=300, mixup=0.0, mode=train, model=/home/amd/Desktop/YOLO_AMD/yolo26n.pt, momentum=0.937, mosaic=1.0, multi_scale=0.0, name=p53b_smoke, nbs=64, nms=None, opset=None, optimize=False, optimizer=auto, overlap_mask=True, patience=100, perspective=0.0, plots=False, pose=12.0, pretrained=True, profile=False, project=/home/amd/Desktop/YOLO_AMD/phase5_3b/tmp/yolo_runs, quantize=None, rect=False, resume=False, retina_masks=False, rle=1.0, save=True, save_conf=False, save_crop=False, save_dir=/home/amd/Desktop/YOLO_AMD/phase5_3b/tmp/yolo_runs/p53b_smoke, save_frames=False, save_json=False, save_period=-1, save_txt=False, scale=0.5, seed=0, shear=0.0, show=False, show_boxes=True, show_conf=True, show_labels=True, simplify=True, single_cls=False, source=None, split=val, stream_buffer=False, task=detect, time=None, tracker=tracktrack.yaml, translate=0.1, val=True, verbose=True, vid_stride=1, visualize=False, warmup_bias_lr=0.1, warmup_epochs=3.0, warmup_momentum=0.8, weight_decay=0.0005, workers=8, workspace=None

                   from  n    params  module                                       arguments                     
  0                  -1  1       464  ultralytics.nn.modules.conv.Conv             [3, 16, 3, 2]                 
  1                  -1  1      4672  ultralytics.nn.modules.conv.Conv             [16, 32, 3, 2]                
  2                  -1  1      6640  ultralytics.nn.modules.block.C3k2            [32, 64, 1, False, 0.25]      
  3                  -1  1     36992  ultralytics.nn.modules.conv.Conv             [64, 64, 3, 2]                
  4                  -1  1     26080  ultralytics.nn.modules.block.C3k2            [64, 128, 1, False, 0.25]     
  5                  -1  1    147712  ultralytics.nn.modules.conv.Conv             [128, 128, 3, 2]              
  6                  -1  1     87040  ultralytics.nn.modules.block.C3k2            [128, 128, 1, True]           
  7                  -1  1    295424  ultralytics.nn.modules.conv.Conv             [128, 256, 3, 2]              
  8                  -1  1    346112  ultralytics.nn.modules.block.C3k2            [256, 256, 1, True]           
  9                  -1  1    164608  ultralytics.nn.modules.block.SPPF            [256, 256, 5, 3, True]        
 10                  -1  1    249728  ultralytics.nn.modules.block.C2PSA           [256, 256, 1]                 
 11                  -1  1         0  torch.nn.modules.upsampling.Upsample         [None, 2, 'nearest']          
 12             [-1, 6]  1         0  ultralytics.nn.modules.conv.Concat           [1]                           
 13                  -1  1    119808  ultralytics.nn.modules.block.C3k2            [384, 128, 1, True]           
 14                  -1  1         0  torch.nn.modules.upsampling.Upsample         [None, 2, 'nearest']          
 15             [-1, 4]  1         0  ultralytics.nn.modules.conv.Concat           [1]                           
 16                  -1  1     34304  ultralytics.nn.modules.block.C3k2            [256, 64, 1, True]            
 17                  -1  1     36992  ultralytics.nn.modules.conv.Conv             [64, 64, 3, 2]                
 18            [-1, 13]  1         0  ultralytics.nn.modules.conv.Concat           [1]                           
 19                  -1  1     95232  ultralytics.nn.modules.block.C3k2            [192, 128, 1, True]           
 20                  -1  1    147712  ultralytics.nn.modules.conv.Conv             [128, 128, 3, 2]              
 21            [-1, 10]  1         0  ultralytics.nn.modules.conv.Concat           [1]                           
 22                  -1  1    463104  ultralytics.nn.modules.block.C3k2            [384, 256, 1, True, 0.5, True]
 23        [16, 19, 22]  1    309656  ultralytics.nn.modules.head.Detect           [80, 1, True, [64, 128, 256]] 
YOLO26n summary: 260 layers, 2,572,280 parameters, 2,572,280 gradients, 6.2 GFLOPs

Transferred 708/708 items from pretrained weights
[34m[1mtrain: [0mFast image access ✅ (ping: 0.0±0.0 ms, read: 2738.5±1934.6 MB/s, size: 50.0 KB)
[K[34m[1mtrain: [0mScanning /home/amd/Desktop/datasets/coco8/labels/train.cache... 4 images, 0 backgrounds, 0 corrupt: 100% ━━━━━━━━━━━━ 4/4 1.3Mit/s 0.0s
[34m[1mval: [0mFast image access ✅ (ping: 0.0±0.0 ms, read: 5320.0±727.8 MB/s, size: 54.0 KB)
[K[34m[1mval: [0mScanning /home/amd/Desktop/datasets/coco8/labels/val.cache... 4 images, 0 backgrounds, 0 corrupt: 100% ━━━━━━━━━━━━ 4/4 2.8Mit/s 0.0s
[34m[1moptimizer:[0m 'optimizer=auto' found, ignoring 'lr0=0.01' and determining best 'optimizer' and 'lr0' automatically... 
[34m[1moptimizer:[0m AdamW(lr=0.000119, momentum=0.9) with parameter groups 114 weight(decay=0.0), 126 weight(decay=0.0005), 126 bias(decay=0.0)
Using 4 train, 4 val images for fraction=1.0 at imgsz=640
Using 0 dataloader workers
Logging results to [1m/home/amd/Desktop/YOLO_AMD/phase5_3b/tmp/yolo_runs/p53b_smoke[0m
Starting training for 1 epochs...
Closing dataloader mosaic
MIOpen: Warning [LoadSymbols] Failed to resolve CK grouped conv symbols (5 missing): ck_impl_depthwise_bwd_data_fill_valid_kernels, ck_impl_depthwise_bwd_data_is_applicable, ck_impl_depthwise_bwd_data_is_args_supported, ck_impl_depthwise_bwd_data_get_workspace_size, ck_impl_depthwise_bwd_data_get_solution
MIOpen: Warning [OpenRuntimeLibraryForDevice] Failed to resolve symbols in CK grouped conv library for device gfx1151

      Epoch    GPU_mem   box_loss   cls_loss    l1_loss  Instances       Size
[K        1/1     0.291G     0.7843      2.089    0.01289         13        640: 0% ──────────── 0/1  26.9s[K        1/1     0.291G     0.7843      2.089    0.01289         13        640: 100% ━━━━━━━━━━━━ 1/1 26.9s/it 26.9s
[K                 Class     Images  Instances      Box(P          R      mAP50  mAP50-95): 100% ━━━━━━━━━━━━ 1/1 1.4s/it 1.4s
                   all          4         17      0.551      0.962      0.943      0.669

1 epochs completed in 0.008 hours.
Optimizer stripped from /home/amd/Desktop/YOLO_AMD/phase5_3b/tmp/yolo_runs/p53b_smoke/weights/last.pt, 5.5MB
Optimizer stripped from /home/amd/Desktop/YOLO_AMD/phase5_3b/tmp/yolo_runs/p53b_smoke/weights/best.pt, 5.5MB

Validating /home/amd/Desktop/YOLO_AMD/phase5_3b/tmp/yolo_runs/p53b_smoke/weights/best.pt...
Ultralytics 8.4.174 🚀 Python-3.13.15 torch-2.12.0+rocm7.14.0 CUDA:0 (AMD Radeon 8060S Graphics, 102400MiB)
YOLO26n summary (fused): 120 layers, 2,408,932 parameters, 0 gradients, 5.5 GFLOPs
[K                 Class     Images  Instances      Box(P          R      mAP50  mAP50-95): 100% ━━━━━━━━━━━━ 1/1 29.7it/s 0.0s
                   all          4         17      0.551      0.962      0.943      0.669
                person          3         10      0.551        0.8      0.848      0.387
                   dog          1          1       0.36          1      0.995      0.597
                 horse          1          2       0.36          1      0.995      0.696
              elephant          1          2      0.656      0.969      0.828      0.545
              umbrella          1          1      0.543          1      0.995      0.895
          potted plant          1          1      0.833          1      0.995      0.895
Speed: 0.6ms preprocess, 5.1ms inference, 0.0ms loss, 0.4ms postprocess per image
TRAIN_COMPLETE
Ultralytics 8.4.174 🚀 Python-3.13.15 torch-2.12.0+rocm7.14.0 CUDA:0 (AMD Radeon 8060S Graphics, 102400MiB)
YOLO26n summary (fused): 120 layers, 2,408,932 parameters, 0 gradients, 5.5 GFLOPs
[34m[1mval: [0mFast image access ✅ (ping: 0.0±0.0 ms, read: 5843.9±2606.0 MB/s, size: 54.0 KB)
[K[34m[1mval: [0mScanning /home/amd/Desktop/datasets/coco8/labels/val.cache... 4 images, 0 backgrounds, 0 corrupt: 100% ━━━━━━━━━━━━ 4/4 1.5Mit/s 0.0s
[K                 Class     Images  Instances      Box(P          R      mAP50  mAP50-95): 100% ━━━━━━━━━━━━ 1/1 16.6it/s 0.1s
                   all          4         17      0.551      0.962      0.943      0.669
                person          3         10      0.551        0.8      0.848      0.387
                   dog          1          1       0.36          1      0.995      0.597
                 horse          1          2       0.36          1      0.995      0.696
              elephant          1          2      0.656      0.969      0.828      0.545
              umbrella          1          1      0.543          1      0.995      0.895
          potted plant          1          1      0.833          1      0.995      0.895
Speed: 0.7ms preprocess, 11.0ms inference, 0.0ms loss, 0.8ms postprocess per image
VAL_COMPLETE
WEIGHTS_EXIST=True
LAST_PT_SHA256=40ae9450b61111a9771fd8cc8fbd14d7ebb2666bac750b31c44e89ca68280b4b
METRICS={"metrics/precision(B)": 0.5506417621504656, "metrics/recall(B)": 0.9615223444909016, "metrics/mAP50(B)": 0.9427124183006536, "metrics/mAP50-95(B)": 0.6693446205755027, "fitness": 0.6693446205755027}
