[0/2] Re-checking globbed directories...
[1/841] Generating share/miopen/db/gfx115128.db.txt
[2/841] Generating share/miopen/db/gfx1030_36.db
[3/841] Generating share/miopen/db/gfx115128.HIP.fdb.txt
[4/841] cd /workspace/miopen-w7900-validation/build/baseline-miopen/_deps/functionalplus-build && /workspace/miopen-w7900-validation/tools/rocm7141-venv/bin/python3.12 /workspace/miopen-w7900-validation/build/thirdparty-preseed/functionalplus/generate/auto_generate.py
[5/841] Inlining rocrand_xorwow.h with all dependencies as C++ source
Successfully created /workspace/miopen-w7900-validation/build/baseline-miopen/kernels/rocrand_xorwow_inlined.h
[6/841] Generating share/miopen/db/gfx110220.db.txt
[7/841] Building CXX object src/sqlite/CMakeFiles/sqlite_memvfs.dir/memvfs.cpp.o
[8/841] Generating share/miopen/db/gfx110220.HIP.fdb.txt
[9/841] Generating share/miopen/db/gfx120020.db.txt
[10/841] Generating share/miopen/db/gfx110060.db.txt
[11/841] Generating share/miopen/db/gfx900_56.db
[12/841] Generating share/miopen/db/gfx110060.HIP.fdb.txt
[13/841] Generating share/miopen/db/gfx900_64.HIP.fdb.txt
[14/841] Building CXX object src/hipconv/src/arch/cdna4/CMakeFiles/hipconv_arch_cdna4_patch_embed_autoshard.dir/patch_embed_autoshard.cpp.o
[15/841] Generating share/miopen/db/gfx900_56.HIP.fdb.txt
[16/841] Building CXX object src/hipconv/src/arch/cdna5/CMakeFiles/hipconv_arch_cdna5_grouped_multi_g_wgrad_autoshard.dir/grouped_multi_g_wgrad_autoshard.cpp.o
[17/841] Building CXX object src/hipconv/src/arch/cdna5/CMakeFiles/hipconv_arch_cdna5_grouped_multi_g_autoshard.dir/grouped_multi_g_autoshard.cpp.o
[18/841] Building CXX object src/hipconv/src/arch/cdna5/CMakeFiles/hipconv_arch_cdna5_depthwise_wgrad_hankel_autoshard.dir/depthwise_wgrad_hankel_autoshard.cpp.o
[19/841] Building CXX object src/hipconv/src/arch/cdna4/CMakeFiles/hipconv_arch_cdna4_direct_wgrad_autoshard.dir/direct_wgrad_autoshard.cpp.o
[20/841] Building CXX object src/hipconv/src/arch/cdna4/CMakeFiles/hipconv_arch_cdna4_depthwise_wgrad_hankel_autoshard.dir/depthwise_wgrad_hankel_autoshard.cpp.o
[21/841] Building CXX object src/hipconv/src/arch/cdna4/CMakeFiles/hipconv_arch_cdna4_direct_l1_autoshard.dir/direct_l1_autoshard.cpp.o
[22/841] Building CXX object src/hipconv/src/arch/cdna4/CMakeFiles/hipconv_arch_cdna4_direct_autoshard.dir/direct_autoshard.cpp.o
[23/841] Building CXX object src/hipconv/src/arch/cdna5/CMakeFiles/hipconv_arch_cdna5_depthwise_1d_toeplitz_autoshard.dir/depthwise_1d_toeplitz_autoshard.cpp.o
[24/841] Building CXX object src/hipconv/src/arch/cdna5/CMakeFiles/hipconv_arch_cdna5_direct_autoshard.dir/direct_autoshard.cpp.o
[25/841] Building CXX object src/hipconv/src/arch/cdna4/CMakeFiles/hipconv_arch_cdna4_depthwise_1d_toeplitz_autoshard.dir/depthwise_1d_toeplitz_autoshard.cpp.o
[26/841] Generating share/miopen/db/gfx906_64.HIP.fdb.txt
[27/841] Generating share/miopen/db/gfx906_60.db
[28/841] Generating share/miopen/db/gfx120140.db.txt
[29/841] Generating share/miopen/db/gfx120020.HIP.fdb.txt
[30/841] Generating share/miopen/db/gfx906_60.HIP.fdb.txt
[31/841] Generating share/miopen/db/gfx90a68.HIP.fdb.txt
[32/841] Generating share/miopen/db/gfx90a6e.HIP.fdb.txt
[33/841] Building CXX object src/hipconv/src/arch/cdna4/CMakeFiles/libautoshard.dir/__/__/__/cmake/libautoshard.cpp.o
[34/841] Generating share/miopen/db/gfx90878.HIP.fdb.txt
[35/841] Generating share/miopen/db/gfx1030_36.HIP.fdb.txt
[36/841] Linking CXX static library lib/liblibautoshard.a
[37/841] Linking CXX executable bin/hipconv_arch_cdna4_patch_embed_autoshard
[38/841] Linking CXX executable bin/hipconv_arch_cdna4_depthwise_1d_toeplitz_autoshard
[39/841] Linking CXX executable bin/hipconv_arch_cdna5_direct_autoshard
[40/841] Linking CXX executable bin/hipconv_arch_cdna4_direct_l1_autoshard
[41/841] Linking CXX executable bin/hipconv_arch_cdna5_grouped_multi_g_wgrad_autoshard
[42/841] Linking CXX executable bin/hipconv_arch_cdna5_depthwise_wgrad_hankel_autoshard
[43/841] Linking CXX executable bin/hipconv_arch_cdna5_grouped_multi_g_autoshard
[44/841] Linking CXX executable bin/hipconv_arch_cdna4_direct_wgrad_autoshard
[45/841] Linking CXX executable bin/hipconv_arch_cdna4_direct_autoshard
[46/841] Linking CXX executable bin/hipconv_arch_cdna4_depthwise_wgrad_hankel_autoshard
[47/841] Linking CXX executable bin/hipconv_arch_cdna5_depthwise_1d_toeplitz_autoshard
[48/841] Generating autoshard/direct_kernel_table.cpp, autoshard/direct_shard0.cpp, autoshard/direct_shard1.cpp, autoshard/direct_shard2.cpp, autoshard/direct_shard3.cpp, autoshard/direct_shard4.cpp, autoshard/direct_shard5.cpp, autoshard/direct_shard6.cpp, autoshard/direct_shard7.cpp
[49/841] Generating autoshard/direct_l1_kernel_table.cpp, autoshard/direct_l1_shard0.cpp, autoshard/direct_l1_shard1.cpp, autoshard/direct_l1_shard2.cpp, autoshard/direct_l1_shard3.cpp, autoshard/direct_l1_shard4.cpp, autoshard/direct_l1_shard5.cpp, autoshard/direct_l1_shard6.cpp, autoshard/direct_l1_shard7.cpp
[50/841] Generating autoshard/patch_embed_kernel_table.cpp, autoshard/patch_embed_shard0.cpp, autoshard/patch_embed_shard1.cpp, autoshard/patch_embed_shard2.cpp, autoshard/patch_embed_shard3.cpp, autoshard/patch_embed_shard4.cpp, autoshard/patch_embed_shard5.cpp, autoshard/patch_embed_shard6.cpp, autoshard/patch_embed_shard7.cpp
[51/841] Generating autoshard/direct_wgrad_kernel_table.cpp, autoshard/direct_wgrad_shard0.cpp, autoshard/direct_wgrad_shard1.cpp, autoshard/direct_wgrad_shard2.cpp, autoshard/direct_wgrad_shard3.cpp, autoshard/direct_wgrad_shard4.cpp, autoshard/direct_wgrad_shard5.cpp, autoshard/direct_wgrad_shard6.cpp, autoshard/direct_wgrad_shard7.cpp
[52/841] Generating autoshard/depthwise_1d_toeplitz_kernel_table.cpp, autoshard/depthwise_1d_toeplitz_shard0.cpp, autoshard/depthwise_1d_toeplitz_shard1.cpp, autoshard/depthwise_1d_toeplitz_shard2.cpp, autoshard/depthwise_1d_toeplitz_shard3.cpp, autoshard/depthwise_1d_toeplitz_shard4.cpp, autoshard/depthwise_1d_toeplitz_shard5.cpp, autoshard/depthwise_1d_toeplitz_shard6.cpp, autoshard/depthwise_1d_toeplitz_shard7.cpp
[53/841] Generating autoshard/depthwise_wgrad_hankel_kernel_table.cpp, autoshard/depthwise_wgrad_hankel_shard0.cpp, autoshard/depthwise_wgrad_hankel_shard1.cpp, autoshard/depthwise_wgrad_hankel_shard2.cpp, autoshard/depthwise_wgrad_hankel_shard3.cpp, autoshard/depthwise_wgrad_hankel_shard4.cpp, autoshard/depthwise_wgrad_hankel_shard5.cpp, autoshard/depthwise_wgrad_hankel_shard6.cpp, autoshard/depthwise_wgrad_hankel_shard7.cpp
[54/841] Generating autoshard/direct_kernel_table.cpp, autoshard/direct_shard0.cpp, autoshard/direct_shard1.cpp, autoshard/direct_shard2.cpp, autoshard/direct_shard3.cpp, autoshard/direct_shard4.cpp, autoshard/direct_shard5.cpp, autoshard/direct_shard6.cpp, autoshard/direct_shard7.cpp
[55/841] Generating autoshard/grouped_multi_g_kernel_table.cpp, autoshard/grouped_multi_g_shard0.cpp, autoshard/grouped_multi_g_shard1.cpp, autoshard/grouped_multi_g_shard2.cpp, autoshard/grouped_multi_g_shard3.cpp, autoshard/grouped_multi_g_shard4.cpp, autoshard/grouped_multi_g_shard5.cpp, autoshard/grouped_multi_g_shard6.cpp, autoshard/grouped_multi_g_shard7.cpp
[56/841] Generating autoshard/grouped_multi_g_wgrad_kernel_table.cpp, autoshard/grouped_multi_g_wgrad_shard0.cpp, autoshard/grouped_multi_g_wgrad_shard1.cpp, autoshard/grouped_multi_g_wgrad_shard2.cpp, autoshard/grouped_multi_g_wgrad_shard3.cpp, autoshard/grouped_multi_g_wgrad_shard4.cpp, autoshard/grouped_multi_g_wgrad_shard5.cpp, autoshard/grouped_multi_g_wgrad_shard6.cpp, autoshard/grouped_multi_g_wgrad_shard7.cpp
[57/841] Generating autoshard/depthwise_1d_toeplitz_kernel_table.cpp, autoshard/depthwise_1d_toeplitz_shard0.cpp, autoshard/depthwise_1d_toeplitz_shard1.cpp, autoshard/depthwise_1d_toeplitz_shard2.cpp, autoshard/depthwise_1d_toeplitz_shard3.cpp, autoshard/depthwise_1d_toeplitz_shard4.cpp, autoshard/depthwise_1d_toeplitz_shard5.cpp, autoshard/depthwise_1d_toeplitz_shard6.cpp, autoshard/depthwise_1d_toeplitz_shard7.cpp
[58/841] Generating autoshard/depthwise_wgrad_hankel_kernel_table.cpp, autoshard/depthwise_wgrad_hankel_shard0.cpp, autoshard/depthwise_wgrad_hankel_shard1.cpp, autoshard/depthwise_wgrad_hankel_shard2.cpp, autoshard/depthwise_wgrad_hankel_shard3.cpp, autoshard/depthwise_wgrad_hankel_shard4.cpp, autoshard/depthwise_wgrad_hankel_shard5.cpp, autoshard/depthwise_wgrad_hankel_shard6.cpp, autoshard/depthwise_wgrad_hankel_shard7.cpp
[59/841] Generating share/miopen/db/gfx120140.HIP.fdb.txt
[60/841] Generating share/miopen/db/gfx90a68.db.txt
[61/841] Generating share/miopen/db/gfx90878.db.txt
[62/841] Building CXX object addkernels/CMakeFiles/addkernels.dir/include_inliner.cpp.o
[63/841] Building CXX object _deps/gtest-build/googletest/CMakeFiles/gtest_main.dir/src/gtest_main.cc.o
[64/841] Building CXX object tools/sqlite2txt/CMakeFiles/sqlite2txt.dir/main.cpp.o
[65/841] Generating share/miopen/db/gfx942e4.db.txt
[66/841] Generating share/miopen/db/gfx950100.db.txt
[67/841] Building CXX object addkernels/CMakeFiles/addkernels.dir/addkernels.cpp.o
[68/841] Building CXX object _deps/gtest-build/googlemock/CMakeFiles/gmock_main.dir/src/gmock_main.cc.o
[69/841] Building HIP object src/hipconv/src/arch/cdna3/CMakeFiles/hipconv_arch_cdna3.dir/depthwise_backend.cpp.o
[70/841] Building HIP object src/hipconv/src/arch/cdna3/CMakeFiles/hipconv_arch_cdna3.dir/grouped_backend.cpp.o
[71/841] Generating share/miopen/db/gfx942e4.HIP.fdb.txt
[72/841] Building HIP object src/hipconv/src/arch/cdna3/CMakeFiles/hipconv_arch_cdna3.dir/direct_backend.cpp.o
[73/841] Generating share/miopen/db/gfx90a6e.db
[74/841] Generating share/miopen/db/gfx942130.db.txt
[75/841] Generating share/miopen/db/gfx950100.HIP.fdb.txt
[76/841] Generating share/miopen/db/gfx942130.HIP.fdb.txt
[77/841] Building HIP object src/hipconv/CMakeFiles/hipconv.dir/src/tolerance.cpp.o
[78/841] Building HIP object src/hipconv/CMakeFiles/hipconv.dir/src/conv_params.cpp.o
[79/841] Building HIP object src/hipconv/src/arch/cdna4/CMakeFiles/hipconv_arch_cdna4.dir/direct_backend.cpp.o
[80/841] Building HIP object src/hipconv/src/arch/cdna4/CMakeFiles/hipconv_arch_cdna4.dir/depthwise_backend.cpp.o
[81/841] Building HIP object src/hipconv/src/arch/cdna4/CMakeFiles/hipconv_arch_cdna4.dir/direct/direct_wgrad/config_desc.cpp.o
[82/841] Building HIP object src/hipconv/src/arch/cdna4/CMakeFiles/hipconv_arch_cdna4.dir/grouped_backend.cpp.o
[83/841] Building HIP object src/hipconv/src/arch/cdna5/CMakeFiles/hipconv_arch_cdna5.dir/direct_backend.cpp.o
[84/841] Building HIP object src/hipconv/src/arch/cdna5/CMakeFiles/hipconv_arch_cdna5.dir/depthwise/depthwise_wgrad_hankel/config_matcher.cpp.o
[85/841] Building HIP object src/hipconv/src/arch/cdna4/CMakeFiles/hipconv_arch_cdna4.dir/direct/patch_embed/config_desc.cpp.o
[86/841] Building HIP object src/hipconv/src/arch/cdna5/CMakeFiles/hipconv_arch_cdna5.dir/grouped_backend.cpp.o
[87/841] Building HIP object src/hipconv/src/arch/cdna4/CMakeFiles/hipconv_arch_cdna4.dir/direct/direct/config_matcher.cpp.o
[88/841] Building HIP object src/hipconv/src/arch/cdna4/CMakeFiles/hipconv_arch_cdna4.dir/depthwise/depthwise_wgrad_hankel/config_desc.cpp.o
[89/841] Building HIP object src/hipconv/src/arch/cdna5/CMakeFiles/hipconv_arch_cdna5.dir/depthwise_backend.cpp.o
[90/841] Building HIP object src/hipconv/src/arch/cdna5/CMakeFiles/hipconv_arch_cdna5.dir/direct/config_matcher.cpp.o
[91/841] Linking CXX executable bin/sqlite2txt
[92/841] Linking CXX executable bin/addkernels
[93/841] Generating share/miopen/db/gfx1030_36.db.txt
[94/841] Building HIP object src/hipconv/src/arch/cdna5/CMakeFiles/hipconv_arch_cdna5.dir/depthwise/depthwise_1d_toeplitz/config_matcher.cpp.o
[95/841] Building HIP object src/hipconv/CMakeFiles/hipconv.dir/src/kv_descriptor.cpp.o
[96/841] Building HIP object src/hipconv/src/arch/cdna4/CMakeFiles/hipconv_arch_cdna4.dir/direct/direct_l1/config_desc.cpp.o
[97/841] Building HIP object src/hipconv/src/arch/cdna5/CMakeFiles/hipconv_arch_cdna5.dir/grouped/reduction.cpp.o
[98/841] Building CXX object _deps/gtest-build/googlemock/CMakeFiles/gmock.dir/src/gmock-all.cc.o
[99/841] Generating share/miopen/db/gfx900_56.db.txt
[100/841] Building HIP object src/hipconv/CMakeFiles/hipconv.dir/src/conv_kernel.cpp.o
[101/841] Building HIP object src/hipconv/CMakeFiles/hipconv.dir/src/arch_registry.cpp.o
[102/841] Building HIP object src/hipconv/src/arch/cdna5/CMakeFiles/hipconv_arch_cdna5.dir/depthwise/depthwise_wgrad_hankel/reduction.cpp.o
[103/841] Building HIP object src/hipconv/src/arch/cdna4/CMakeFiles/hipconv_arch_cdna4.dir/grouped/grouped_4c_wgrad_fp16bf16.cpp.o
[104/841] Generating share/miopen/db/gfx906_60.db.txt
[105/841] Building HIP object src/hipconv/src/arch/cdna5/CMakeFiles/hipconv_arch_cdna5.dir/autoshard/grouped_multi_g_wgrad_kernel_table.cpp.o
[106/841] Building HIP object src/hipconv/src/arch/cdna4/CMakeFiles/hipconv_arch_cdna4.dir/autoshard/direct_l1_kernel_table.cpp.o
[107/841] Building HIP object src/hipconv/src/arch/cdna5/CMakeFiles/hipconv_arch_cdna5.dir/autoshard/grouped_multi_g_kernel_table.cpp.o
[108/841] Building HIP object src/hipconv/src/arch/cdna4/CMakeFiles/hipconv_arch_cdna4.dir/autoshard/depthwise_wgrad_hankel_kernel_table.cpp.o
[109/841] Building HIP object src/hipconv/src/arch/cdna4/CMakeFiles/hipconv_arch_cdna4.dir/autoshard/direct_kernel_table.cpp.o
[110/841] Building HIP object src/hipconv/src/arch/cdna4/CMakeFiles/hipconv_arch_cdna4.dir/autoshard/patch_embed_kernel_table.cpp.o
[111/841] Building HIP object src/hipconv/src/arch/cdna4/CMakeFiles/hipconv_arch_cdna4.dir/autoshard/direct_shard3.cpp.o
[112/841] Building HIP object src/hipconv/src/arch/cdna4/CMakeFiles/hipconv_arch_cdna4.dir/grouped/grouped_4c_wgrad_tf32.cpp.o
[113/841] Building HIP object src/hipconv/src/arch/cdna4/CMakeFiles/hipconv_arch_cdna4.dir/autoshard/direct_shard7.cpp.o
[114/841] Building HIP object src/hipconv/src/arch/cdna4/CMakeFiles/hipconv_arch_cdna4.dir/autoshard/direct_wgrad_kernel_table.cpp.o
[115/841] Building HIP object src/hipconv/src/arch/cdna4/CMakeFiles/hipconv_arch_cdna4.dir/autoshard/direct_shard0.cpp.o
[116/841] Building HIP object src/hipconv/src/arch/cdna4/CMakeFiles/hipconv_arch_cdna4.dir/autoshard/direct_shard1.cpp.o
[117/841] Building HIP object src/hipconv/src/arch/cdna4/CMakeFiles/hipconv_arch_cdna4.dir/grouped/grouped_16c_wgrad_fp16bf16.cpp.o
[118/841] Building HIP object src/hipconv/src/arch/cdna4/CMakeFiles/hipconv_arch_cdna4.dir/autoshard/direct_shard2.cpp.o
[119/841] Building HIP object src/hipconv/src/arch/cdna4/CMakeFiles/hipconv_arch_cdna4.dir/grouped/grouped_8c_wgrad_fp16bf16.cpp.o
[120/841] Building HIP object src/hipconv/src/arch/cdna4/CMakeFiles/hipconv_arch_cdna4.dir/autoshard/direct_shard5.cpp.o
[121/841] Building HIP object src/hipconv/src/arch/cdna4/CMakeFiles/hipconv_arch_cdna4.dir/grouped/grouped_32c_wgrad_fp16bf16.cpp.o
[122/841] Building HIP object src/hipconv/src/arch/cdna4/CMakeFiles/hipconv_arch_cdna4.dir/grouped/grouped_32c.cpp.o
[123/841] Building HIP object src/hipconv/src/arch/cdna4/CMakeFiles/hipconv_arch_cdna4.dir/autoshard/direct_shard6.cpp.o
[124/841] Building HIP object src/hipconv/CMakeFiles/hipconv.dir/src/registry.cpp.o
[125/841] Building HIP object src/hipconv/src/arch/cdna4/CMakeFiles/hipconv_arch_cdna4.dir/autoshard/direct_shard4.cpp.o
[126/841] Building HIP object src/hipconv/src/arch/cdna4/CMakeFiles/hipconv_arch_cdna4.dir/grouped/grouped_16c_wgrad_tf32.cpp.o
[127/841] Building HIP object src/hipconv/src/arch/cdna5/CMakeFiles/hipconv_arch_cdna5.dir/autoshard/direct_kernel_table.cpp.o
[128/841] Building HIP object src/hipconv/src/arch/cdna5/CMakeFiles/hipconv_arch_cdna5.dir/autoshard/depthwise_1d_toeplitz_kernel_table.cpp.o
[129/841] Building HIP object src/hipconv/src/arch/cdna4/CMakeFiles/hipconv_arch_cdna4.dir/grouped/grouped_32c_wgrad_tf32.cpp.o
[130/841] Building HIP object src/hipconv/src/arch/cdna4/CMakeFiles/hipconv_arch_cdna4.dir/grouped/grouped_8c_wgrad_tf32.cpp.o
[131/841] Building HIP object src/hipconv/src/arch/cdna4/CMakeFiles/hipconv_arch_cdna4.dir/autoshard/depthwise_1d_toeplitz_kernel_table.cpp.o
[132/841] Building HIP object src/hipconv/src/arch/cdna4/CMakeFiles/hipconv_arch_cdna4.dir/autoshard/patch_embed_shard4.cpp.o
[133/841] Building HIP object src/hipconv/src/arch/cdna4/CMakeFiles/hipconv_arch_cdna4.dir/autoshard/patch_embed_shard7.cpp.o
[134/841] Building HIP object src/hipconv/src/arch/cdna5/CMakeFiles/hipconv_arch_cdna5.dir/autoshard/grouped_multi_g_shard0.cpp.o
[135/841] Building HIP object src/hipconv/src/arch/cdna4/CMakeFiles/hipconv_arch_cdna4.dir/grouped/grouped_4c.cpp.o
[136/841] Building HIP object src/hipconv/src/arch/cdna4/CMakeFiles/hipconv_arch_cdna4.dir/autoshard/patch_embed_shard6.cpp.o
[137/841] Building HIP object src/hipconv/src/arch/cdna5/CMakeFiles/hipconv_arch_cdna5.dir/autoshard/grouped_multi_g_shard3.cpp.o
[138/841] Building HIP object src/hipconv/src/arch/cdna5/CMakeFiles/hipconv_arch_cdna5.dir/autoshard/grouped_multi_g_shard1.cpp.o
[139/841] Building HIP object src/hipconv/src/arch/cdna4/CMakeFiles/hipconv_arch_cdna4.dir/grouped/grouped_8c.cpp.o
[140/841] Building HIP object src/hipconv/src/arch/cdna5/CMakeFiles/hipconv_arch_cdna5.dir/autoshard/grouped_multi_g_shard6.cpp.o
[141/841] Building HIP object src/hipconv/src/arch/cdna5/CMakeFiles/hipconv_arch_cdna5.dir/autoshard/grouped_multi_g_shard2.cpp.o
[142/841] Generating share/miopen/db/gfx90a6e.db.txt
[143/841] Building HIP object src/hipconv/src/arch/cdna5/CMakeFiles/hipconv_arch_cdna5.dir/autoshard/depthwise_wgrad_hankel_kernel_table.cpp.o
[144/841] Building HIP object src/hipconv/src/arch/cdna5/CMakeFiles/hipconv_arch_cdna5.dir/autoshard/grouped_multi_g_wgrad_shard0.cpp.o
[145/841] Building HIP object src/hipconv/src/arch/cdna4/CMakeFiles/hipconv_arch_cdna4.dir/autoshard/patch_embed_shard5.cpp.o
[146/841] Building HIP object src/hipconv/src/arch/cdna5/CMakeFiles/hipconv_arch_cdna5.dir/autoshard/grouped_multi_g_shard7.cpp.o
[147/841] Building HIP object src/hipconv/src/arch/cdna5/CMakeFiles/hipconv_arch_cdna5.dir/autoshard/grouped_multi_g_shard5.cpp.o
[148/841] Building HIP object src/hipconv/src/arch/cdna4/CMakeFiles/hipconv_arch_cdna4.dir/autoshard/patch_embed_shard3.cpp.o
[149/841] Building HIP object src/hipconv/src/arch/cdna5/CMakeFiles/hipconv_arch_cdna5.dir/autoshard/grouped_multi_g_shard4.cpp.o
[150/841] Building HIP object src/hipconv/src/arch/cdna5/CMakeFiles/hipconv_arch_cdna5.dir/autoshard/grouped_multi_g_wgrad_shard5.cpp.o
[151/841] Building HIP object src/hipconv/src/arch/cdna5/CMakeFiles/hipconv_arch_cdna5.dir/autoshard/grouped_multi_g_wgrad_shard1.cpp.o
[152/841] Building HIP object src/hipconv/src/arch/cdna5/CMakeFiles/hipconv_arch_cdna5.dir/autoshard/grouped_multi_g_wgrad_shard3.cpp.o
[153/841] Building HIP object src/hipconv/src/arch/cdna5/CMakeFiles/hipconv_arch_cdna5.dir/autoshard/grouped_multi_g_wgrad_shard4.cpp.o
[154/841] Building HIP object src/hipconv/src/arch/cdna4/CMakeFiles/hipconv_arch_cdna4.dir/autoshard/patch_embed_shard0.cpp.o
[155/841] Building HIP object src/hipconv/src/arch/cdna5/CMakeFiles/hipconv_arch_cdna5.dir/autoshard/grouped_multi_g_wgrad_shard6.cpp.o
[156/841] Building HIP object src/hipconv/src/arch/cdna4/CMakeFiles/hipconv_arch_cdna4.dir/autoshard/patch_embed_shard1.cpp.o
[157/841] Building HIP object src/hipconv/src/arch/cdna5/CMakeFiles/hipconv_arch_cdna5.dir/autoshard/grouped_multi_g_wgrad_shard2.cpp.o
[158/841] Building HIP object src/hipconv/src/arch/cdna4/CMakeFiles/hipconv_arch_cdna4.dir/autoshard/direct_l1_shard2.cpp.o
[159/841] Building HIP object src/hipconv/src/arch/cdna5/CMakeFiles/hipconv_arch_cdna5.dir/autoshard/grouped_multi_g_wgrad_shard7.cpp.o
[160/841] Building HIP object src/hipconv/src/arch/cdna4/CMakeFiles/hipconv_arch_cdna4.dir/autoshard/direct_l1_shard6.cpp.o
[161/841] Building HIP object src/hipconv/src/arch/cdna4/CMakeFiles/hipconv_arch_cdna4.dir/autoshard/direct_l1_shard4.cpp.o
[162/841] Building HIP object src/hipconv/src/arch/cdna4/CMakeFiles/hipconv_arch_cdna4.dir/grouped/grouped_16c.cpp.o
[163/841] Building HIP object src/hipconv/src/arch/cdna4/CMakeFiles/hipconv_arch_cdna4.dir/autoshard/direct_l1_shard1.cpp.o
[164/841] Building HIP object src/hipconv/src/arch/cdna4/CMakeFiles/hipconv_arch_cdna4.dir/autoshard/direct_l1_shard5.cpp.o
[165/841] Building HIP object src/hipconv/src/arch/cdna5/CMakeFiles/hipconv_arch_cdna5.dir/autoshard/direct_shard7.cpp.o
[166/841] Building HIP object src/hipconv/src/arch/cdna4/CMakeFiles/hipconv_arch_cdna4.dir/autoshard/direct_l1_shard7.cpp.o
[167/841] Building HIP object src/hipconv/src/arch/cdna4/CMakeFiles/hipconv_arch_cdna4.dir/autoshard/patch_embed_shard2.cpp.o
[168/841] Building HIP object src/hipconv/src/arch/cdna4/CMakeFiles/hipconv_arch_cdna4.dir/autoshard/direct_l1_shard0.cpp.o
[169/841] Building HIP object src/hipconv/src/arch/cdna5/CMakeFiles/hipconv_arch_cdna5.dir/autoshard/direct_shard3.cpp.o
[170/841] Building HIP object src/hipconv/src/arch/cdna5/CMakeFiles/hipconv_arch_cdna5.dir/autoshard/direct_shard5.cpp.o
[171/841] Building HIP object src/hipconv/src/arch/cdna4/CMakeFiles/hipconv_arch_cdna4.dir/autoshard/direct_l1_shard3.cpp.o
[172/841] Building HIP object src/hipconv/src/arch/cdna5/CMakeFiles/hipconv_arch_cdna5.dir/autoshard/direct_shard0.cpp.o
[173/841] Building HIP object src/hipconv/src/arch/cdna5/CMakeFiles/hipconv_arch_cdna5.dir/autoshard/direct_shard1.cpp.o
[174/841] Building HIP object src/hipconv/src/arch/cdna5/CMakeFiles/hipconv_arch_cdna5.dir/autoshard/direct_shard4.cpp.o
[175/841] Building HIP object src/hipconv/src/arch/cdna5/CMakeFiles/hipconv_arch_cdna5.dir/autoshard/direct_shard6.cpp.o
[176/841] Building HIP object src/hipconv/src/arch/cdna5/CMakeFiles/hipconv_arch_cdna5.dir/autoshard/direct_shard2.cpp.o
[177/841] Building CXX object _deps/gtest-build/googletest/CMakeFiles/gtest.dir/src/gtest-all.cc.o
[178/841] Linking CXX static library lib/libgtest.a
[179/841] Linking CXX static library lib/libgmock.a
[180/841] Linking CXX static library lib/libgtest_main.a
[181/841] Linking CXX static library lib/libgmock_main.a
[182/841] Building HIP object src/hipconv/src/arch/cdna4/CMakeFiles/hipconv_arch_cdna4.dir/autoshard/depthwise_wgrad_hankel_shard3.cpp.o
[183/841] Building HIP object src/hipconv/src/arch/cdna4/CMakeFiles/hipconv_arch_cdna4.dir/autoshard/depthwise_wgrad_hankel_shard5.cpp.o
[184/841] Building HIP object src/hipconv/src/arch/cdna4/CMakeFiles/hipconv_arch_cdna4.dir/autoshard/depthwise_wgrad_hankel_shard7.cpp.o
[185/841] Building HIP object src/hipconv/src/arch/cdna4/CMakeFiles/hipconv_arch_cdna4.dir/autoshard/depthwise_wgrad_hankel_shard4.cpp.o
[186/841] Building HIP object src/hipconv/src/arch/cdna4/CMakeFiles/hipconv_arch_cdna4.dir/autoshard/depthwise_wgrad_hankel_shard6.cpp.o
[187/841] Building HIP object src/hipconv/src/arch/cdna4/CMakeFiles/hipconv_arch_cdna4.dir/autoshard/depthwise_wgrad_hankel_shard1.cpp.o
[188/841] Building HIP object src/hipconv/src/arch/cdna4/CMakeFiles/hipconv_arch_cdna4.dir/autoshard/depthwise_wgrad_hankel_shard0.cpp.o
[189/841] Building HIP object src/hipconv/src/arch/cdna5/CMakeFiles/hipconv_arch_cdna5.dir/autoshard/depthwise_wgrad_hankel_shard7.cpp.o
[190/841] Building HIP object src/hipconv/src/arch/cdna4/CMakeFiles/hipconv_arch_cdna4.dir/autoshard/depthwise_wgrad_hankel_shard2.cpp.o
[191/841] Building HIP object src/hipconv/src/arch/cdna5/CMakeFiles/hipconv_arch_cdna5.dir/autoshard/depthwise_wgrad_hankel_shard6.cpp.o
[192/841] Building HIP object src/hipconv/src/arch/cdna5/CMakeFiles/hipconv_arch_cdna5.dir/autoshard/depthwise_wgrad_hankel_shard3.cpp.o
[193/841] Building HIP object src/hipconv/src/arch/cdna5/CMakeFiles/hipconv_arch_cdna5.dir/autoshard/depthwise_wgrad_hankel_shard4.cpp.o
[194/841] Building HIP object src/hipconv/src/arch/cdna5/CMakeFiles/hipconv_arch_cdna5.dir/autoshard/depthwise_wgrad_hankel_shard0.cpp.o
[195/841] Building HIP object src/hipconv/src/arch/cdna5/CMakeFiles/hipconv_arch_cdna5.dir/autoshard/depthwise_wgrad_hankel_shard1.cpp.o
[196/841] Building HIP object src/hipconv/src/arch/cdna5/CMakeFiles/hipconv_arch_cdna5.dir/autoshard/depthwise_wgrad_hankel_shard5.cpp.o
[197/841] Building HIP object src/hipconv/src/arch/cdna5/CMakeFiles/hipconv_arch_cdna5.dir/autoshard/depthwise_wgrad_hankel_shard2.cpp.o
[198/841] Building HIP object src/hipconv/src/arch/cdna5/CMakeFiles/hipconv_arch_cdna5.dir/autoshard/depthwise_1d_toeplitz_shard5.cpp.o
[199/841] Building HIP object src/hipconv/src/arch/cdna5/CMakeFiles/hipconv_arch_cdna5.dir/autoshard/depthwise_1d_toeplitz_shard4.cpp.o
[200/841] Building HIP object src/hipconv/src/arch/cdna5/CMakeFiles/hipconv_arch_cdna5.dir/autoshard/depthwise_1d_toeplitz_shard3.cpp.o
[201/841] Building HIP object src/hipconv/src/arch/cdna5/CMakeFiles/hipconv_arch_cdna5.dir/autoshard/depthwise_1d_toeplitz_shard6.cpp.o
[202/841] Building HIP object src/hipconv/src/arch/cdna5/CMakeFiles/hipconv_arch_cdna5.dir/autoshard/depthwise_1d_toeplitz_shard7.cpp.o
[203/841] Building HIP object src/hipconv/src/arch/cdna5/CMakeFiles/hipconv_arch_cdna5.dir/autoshard/depthwise_1d_toeplitz_shard0.cpp.o
[204/841] Building HIP object src/hipconv/src/arch/cdna4/CMakeFiles/hipconv_arch_cdna4.dir/autoshard/depthwise_1d_toeplitz_shard2.cpp.o
[205/841] Building HIP object src/hipconv/src/arch/cdna5/CMakeFiles/hipconv_arch_cdna5.dir/autoshard/depthwise_1d_toeplitz_shard2.cpp.o
[206/841] Building HIP object src/hipconv/src/arch/cdna4/CMakeFiles/hipconv_arch_cdna4.dir/autoshard/depthwise_1d_toeplitz_shard5.cpp.o
[207/841] Building HIP object src/hipconv/src/arch/cdna4/CMakeFiles/hipconv_arch_cdna4.dir/autoshard/depthwise_1d_toeplitz_shard6.cpp.o
[208/841] Building HIP object src/hipconv/src/arch/cdna5/CMakeFiles/hipconv_arch_cdna5.dir/autoshard/depthwise_1d_toeplitz_shard1.cpp.o
[209/841] Building HIP object src/hipconv/src/arch/cdna4/CMakeFiles/hipconv_arch_cdna4.dir/autoshard/depthwise_1d_toeplitz_shard4.cpp.o
[210/841] Building HIP object src/hipconv/src/arch/cdna4/CMakeFiles/hipconv_arch_cdna4.dir/autoshard/depthwise_1d_toeplitz_shard1.cpp.o
[211/841] Building HIP object src/hipconv/src/arch/cdna4/CMakeFiles/hipconv_arch_cdna4.dir/autoshard/depthwise_1d_toeplitz_shard0.cpp.o
[212/841] Building HIP object src/hipconv/src/arch/cdna4/CMakeFiles/hipconv_arch_cdna4.dir/autoshard/depthwise_1d_toeplitz_shard7.cpp.o
[213/841] Building HIP object src/hipconv/src/arch/cdna4/CMakeFiles/hipconv_arch_cdna4.dir/autoshard/depthwise_1d_toeplitz_shard3.cpp.o
[214/841] Building HIP object src/hipconv/src/arch/cdna4/CMakeFiles/hipconv_arch_cdna4.dir/autoshard/direct_wgrad_shard6.cpp.o
[215/841] Building HIP object src/hipconv/src/arch/cdna4/CMakeFiles/hipconv_arch_cdna4.dir/autoshard/direct_wgrad_shard7.cpp.o
[216/841] Building HIP object src/hipconv/src/arch/cdna4/CMakeFiles/hipconv_arch_cdna4.dir/autoshard/direct_wgrad_shard5.cpp.o
[217/841] Building HIP object src/hipconv/src/arch/cdna4/CMakeFiles/hipconv_arch_cdna4.dir/autoshard/direct_wgrad_shard0.cpp.o
[218/841] Building HIP object src/hipconv/src/arch/cdna4/CMakeFiles/hipconv_arch_cdna4.dir/autoshard/direct_wgrad_shard1.cpp.o
[219/841] Building HIP object src/hipconv/src/arch/cdna4/CMakeFiles/hipconv_arch_cdna4.dir/autoshard/direct_wgrad_shard4.cpp.o
[220/841] Building HIP object src/hipconv/src/arch/cdna4/CMakeFiles/hipconv_arch_cdna4.dir/autoshard/direct_wgrad_shard2.cpp.o
[221/841] Building HIP object src/hipconv/src/arch/cdna4/CMakeFiles/hipconv_arch_cdna4.dir/autoshard/direct_wgrad_shard3.cpp.o
[222/841] Linking HIP static library lib/libhipconv.a
[223/841] Inlining kernels batch #120
[224/841] Inlining kernels batch #125 (includes)
[225/841] Inlining kernels batch #123 (includes)
[226/841] Inlining kernels batch #124 (includes)
[227/841] Inlining kernels batch #0
[228/841] Inlining kernels batch #13
[229/841] Inlining kernels batch #7
[230/841] Inlining kernels batch #29
[231/841] Inlining kernels batch #28
[232/841] Inlining kernels batch #23
[233/841] Inlining kernels batch #36
[234/841] Inlining kernels batch #4
[235/841] Inlining kernels batch #32
[236/841] Inlining kernels batch #34
[237/841] Inlining kernels batch #35
[238/841] Inlining kernels batch #26
[239/841] Inlining kernels batch #46
[240/841] Inlining kernels batch #10
[241/841] Inlining kernels batch #39
[242/841] Inlining kernels batch #24
[243/841] Inlining kernels batch #44
[244/841] Inlining kernels batch #8
[245/841] Inlining kernels batch #121
[246/841] Inlining kernels batch #22
[247/841] Inlining kernels batch #30
[248/841] Inlining kernels batch #38
[249/841] Inlining kernels batch #19
[250/841] Inlining kernels batch #33
[251/841] Inlining kernels batch #47
[252/841] Inlining kernels batch #14
[253/841] Inlining kernels batch #15
[254/841] Inlining kernels batch #6
[255/841] Inlining kernels batch #53
[256/841] Inlining kernels batch #70
[257/841] Inlining kernels batch #9
[258/841] Inlining kernels batch #18
[259/841] Inlining kernels batch #31
[260/841] Inlining kernels batch #43
[261/841] Inlining kernels batch #55
[262/841] Inlining kernels batch #2
[263/841] Inlining kernels batch #12
[264/841] Inlining kernels batch #3
[265/841] Inlining kernels batch #109
[266/841] Inlining kernels batch #51
[267/841] Inlining kernels batch #67
[268/841] Inlining kernels batch #21
[269/841] Inlining kernels batch #103
[270/841] Inlining kernels batch #59
[271/841] Inlining kernels batch #75
[272/841] Inlining kernels batch #25
[273/841] Inlining kernels batch #17
[274/841] Inlining kernels batch #110
[275/841] Inlining kernels batch #1
[276/841] Inlining kernels batch #27
[277/841] Inlining kernels batch #107
[278/841] Inlining kernels batch #66
[279/841] Inlining kernels batch #71
[280/841] Inlining kernels batch #104
[281/841] Inlining kernels batch #111
[282/841] Inlining kernels batch #45
[283/841] Inlining kernels batch #105
[284/841] Inlining kernels batch #48
[285/841] Inlining kernels batch #85
[286/841] Inlining kernels batch #87
[287/841] Inlining kernels batch #100
[288/841] Inlining kernels batch #41
[289/841] Inlining kernels batch #76
[290/841] Inlining kernels batch #56
[291/841] Inlining kernels batch #20
[292/841] Inlining kernels batch #37
[293/841] Inlining kernels batch #42
[294/841] Inlining kernels batch #90
[295/841] Inlining kernels batch #81
[296/841] Inlining kernels batch #119
[297/841] Inlining kernels batch #16
[298/841] Inlining kernels batch #5
[299/841] Inlining kernels batch #108
[300/841] Inlining kernels batch #11
[301/841] Inlining kernels batch #83
[302/841] Inlining kernels batch #69
[303/841] Inlining kernels batch #40
[304/841] Inlining kernels batch #115
[305/841] Inlining kernels batch #93
[306/841] Inlining kernels batch #102
[307/841] Inlining kernels batch #101
[308/841] Inlining kernels batch #91
[309/841] Inlining kernels batch #86
[310/841] Inlining kernels batch #84
[311/841] Inlining kernels batch #112
[312/841] Inlining kernels batch #73
[313/841] Inlining kernels batch #64
[314/841] Inlining kernels batch #68
[315/841] Inlining kernels batch #118
[316/841] Inlining kernels batch #95
[317/841] Inlining kernels batch #92
[318/841] Inlining kernels batch #79
[319/841] Inlining kernels batch #58
[320/841] Inlining kernels batch #117
[321/841] Inlining kernels batch #62
[322/841] Inlining kernels batch #49
[323/841] Inlining kernels batch #114
[324/841] Inlining kernels batch #57
[325/841] Inlining kernels batch #54
[326/841] Inlining kernels batch #126 (includes)
[327/841] Inlining kernels batch #116
[328/841] Inlining kernels batch #72
[329/841] Inlining kernels batch #98
[330/841] Inlining kernels batch #106
[331/841] Inlining kernels batch #128 (includes)
[332/841] Inlining kernels batch #78
[333/841] Inlining kernels batch #113
[334/841] Inlining kernels batch #74
[335/841] Inlining kernels batch #60
[336/841] Inlining kernels batch #88
[337/841] Inlining kernels batch #89
[338/841] Inlining kernels batch #97
[339/841] Inlining kernels batch #61
[340/841] Inlining kernels batch #77
[341/841] Inlining kernels batch #82
[342/841] Inlining kernels batch #52
[343/841] Inlining kernels batch #99
[344/841] Inlining kernels batch #94
[345/841] Inlining kernels batch #96
[346/841] Inlining kernels batch #65
[347/841] Inlining kernels batch #50
[348/841] Inlining kernels batch #80
[349/841] Inlining kernels batch #63
[350/841] Inlining kernels batch #127 (includes)
[351/841] Inlining kernels batch #122
[352/841] Building CXX object src/CMakeFiles/MIOpen.dir/fin/fin_interface.cpp.o
[353/841] Building CXX object src/CMakeFiles/MIOpen.dir/env_debug.cpp.o
[354/841] Building CXX object src/CMakeFiles/MIOpen.dir/demangle.cpp.o
[355/841] Building CXX object src/CMakeFiles/MIOpen.dir/performance_config.cpp.o
[356/841] Building CXX object src/CMakeFiles/MIOpen.dir/env.cpp.o
[357/841] Building CXX object src/CMakeFiles/MIOpen.dir/kthvalue/problem_description.cpp.o
[358/841] Building CXX object src/CMakeFiles/MIOpen.dir/buffer_info.cpp.o
[359/841] Building CXX object src/CMakeFiles/MIOpen.dir/rope/problem_description.cpp.o
[360/841] Building CXX object src/CMakeFiles/MIOpen.dir/adam/problem_description.cpp.o
[361/841] Building CXX object src/CMakeFiles/MIOpen.dir/groupnorm/problem_description.cpp.o
[362/841] Building CXX object src/CMakeFiles/MIOpen.dir/reduce/problem_description.cpp.o
[363/841] Building CXX object src/CMakeFiles/MIOpen.dir/expanduser.cpp.o
[364/841] Building CXX object src/CMakeFiles/MIOpen.dir/activ/problem_description.cpp.o
[365/841] Building CXX object src/CMakeFiles/MIOpen.dir/multimarginloss/problem_description.cpp.o
[366/841] Building CXX object src/CMakeFiles/MIOpen.dir/mha/problem_description.cpp.o
[367/841] Building CXX object src/CMakeFiles/MIOpen.dir/getitem/problem_description.cpp.o
[368/841] Building CXX object src/CMakeFiles/MIOpen.dir/kernel_build_params.cpp.o
[369/841] Building CXX object src/CMakeFiles/MIOpen.dir/glu/problem_description.cpp.o
[370/841] Building CXX object src/CMakeFiles/MIOpen.dir/prelu/problem_description.cpp.o
[371/841] Building CXX object src/CMakeFiles/MIOpen.dir/softmarginloss/problem_description.cpp.o
[372/841] Building CXX object src/CMakeFiles/MIOpen.dir/cat/problem_description.cpp.o
[373/841] Building CXX object src/CMakeFiles/MIOpen.dir/filesystem_checker.cpp.o
[374/841] Building CXX object src/CMakeFiles/MIOpen.dir/kernel_warnings.cpp.o
[375/841] Building CXX object src/CMakeFiles/MIOpen.dir/load_file.cpp.o
[376/841] Building CXX object src/CMakeFiles/MIOpen.dir/conv_algo_name.cpp.o
[377/841] Building CXX object src/CMakeFiles/MIOpen.dir/logger.cpp.o
[378/841] Building CXX object src/CMakeFiles/MIOpen.dir/db_record.cpp.o
[379/841] Building CXX object src/CMakeFiles/MIOpen.dir/process.cpp.o
[380/841] Building CXX object src/CMakeFiles/MIOpen.dir/readonlyramdb.cpp.o
[381/841] Building CXX object src/CMakeFiles/MIOpen.dir/lock_file.cpp.o
[382/841] Building CXX object src/CMakeFiles/MIOpen.dir/invoker_cache.cpp.o
[383/841] Building CXX object src/CMakeFiles/MIOpen.dir/dropout.cpp.o
[384/841] Building CXX object src/CMakeFiles/MIOpen.dir/handle_api.cpp.o
[385/841] Building CXX object src/CMakeFiles/MIOpen.dir/db.cpp.o
[386/841] Building CXX object src/CMakeFiles/MIOpen.dir/api/tuning.cpp.o
[387/841] Building CXX object src/CMakeFiles/MIOpen.dir/check_numerics.cpp.o
[388/841] Building CXX object src/CMakeFiles/MIOpen.dir/softmarginloss_api.cpp.o
[389/841] Building CXX object src/CMakeFiles/MIOpen.dir/rnn/Solutions/rnn_transformer.cpp.o
[390/841] Building CXX object src/CMakeFiles/MIOpen.dir/ramdb.cpp.o
[391/841] Building CXX object src/CMakeFiles/MIOpen.dir/reduceextreme_api.cpp.o
[392/841] Building CXX object src/CMakeFiles/MIOpen.dir/batch_norm.cpp.o
[393/841] Building CXX object src/CMakeFiles/MIOpen.dir/__/kernel_includes.cpp.o
[394/841] Building CXX object src/CMakeFiles/MIOpen.dir/addlayernorm_api.cpp.o
[395/841] Building CXX object src/CMakeFiles/MIOpen.dir/kthvalue_api.cpp.o
[396/841] Building CXX object src/CMakeFiles/MIOpen.dir/conv/invokers/wrw_rdc.cpp.o
[397/841] Building CXX object src/CMakeFiles/MIOpen.dir/op_args.cpp.o
[398/841] Building CXX object src/CMakeFiles/MIOpen.dir/reducecalculation_api.cpp.o
[399/841] Building CXX object src/CMakeFiles/MIOpen.dir/groupnorm_api.cpp.o
[400/841] Building CXX object src/CMakeFiles/MIOpen.dir/scalar.cpp.o
[401/841] Building CXX object src/CMakeFiles/MIOpen.dir/execution_context.cpp.o
[402/841] Building CXX object src/CMakeFiles/MIOpen.dir/cat_api.cpp.o
[403/841] Building CXX object src/CMakeFiles/MIOpen.dir/glu_api.cpp.o
[404/841] Building CXX object src/CMakeFiles/MIOpen.dir/activ_api.cpp.o
[405/841] Building CXX object src/CMakeFiles/MIOpen.dir/multimarginloss_api.cpp.o
[406/841] Building CXX object src/CMakeFiles/MIOpen.dir/conv/kernel_interface/winograd_kernel_interface.cpp.o
[407/841] Building CXX object src/CMakeFiles/MIOpen.dir/operator.cpp.o
[408/841] Building CXX object src/CMakeFiles/MIOpen.dir/adam_api.cpp.o
[409/841] Building CXX object src/CMakeFiles/MIOpen.dir/rope_api.cpp.o
[410/841] Building CXX object src/CMakeFiles/MIOpen.dir/lrn_api.cpp.o
[411/841] Building CXX object src/CMakeFiles/MIOpen.dir/prelu_api.cpp.o
[412/841] Building CXX object src/CMakeFiles/MIOpen.dir/softmax_api.cpp.o
[413/841] Building CXX object src/CMakeFiles/MIOpen.dir/getitem_api.cpp.o
[414/841] Building CXX object src/CMakeFiles/MIOpen.dir/reducetensor_api.cpp.o
[415/841] Building CXX object src/CMakeFiles/MIOpen.dir/conv/invokers/gcn_asm_1x1u.cpp.o
[416/841] Building CXX object src/CMakeFiles/MIOpen.dir/rnn/Solutions/bwd_s_stream.cpp.o
[417/841] Building CXX object src/CMakeFiles/MIOpen.dir/layernorm/problem_description.cpp.o
[418/841] Building CXX object src/CMakeFiles/MIOpen.dir/find_controls.cpp.o
[419/841] Building CXX object src/CMakeFiles/MIOpen.dir/layernorm_api.cpp.o
[420/841] Building CXX object src/CMakeFiles/MIOpen.dir/solver/cat/forward_cat.cpp.o
[421/841] Building CXX object src/CMakeFiles/MIOpen.dir/dropout_api.cpp.o
[422/841] Building CXX object src/CMakeFiles/MIOpen.dir/generic_search.cpp.o
[423/841] Building CXX object src/CMakeFiles/MIOpen.dir/rnn.cpp.o
[424/841] Building CXX object src/CMakeFiles/MIOpen.dir/conv/invokers/gen_x_w_y_pad.cpp.o
[425/841] Building CXX object src/CMakeFiles/MIOpen.dir/rnn/Solutions/fwd_s_stream.cpp.o
[426/841] Building CXX object src/CMakeFiles/MIOpen.dir/conv/invokers/gcn_asm_wino.cpp.o
[427/841] Building CXX object src/CMakeFiles/MIOpen.dir/pooling/problem_description.cpp.o
[428/841] Building CXX object src/CMakeFiles/MIOpen.dir/conv/invokers/gcn_asm_1x1u_ss.cpp.o
[429/841] Building CXX object src/CMakeFiles/MIOpen.dir/softmax/problem_description.cpp.o
[430/841] Building CXX object src/CMakeFiles/MIOpen.dir/reducetensor.cpp.o
[431/841] Building CXX object src/CMakeFiles/MIOpen.dir/rnn/Solutions/bww_s_steam.cpp.o
[432/841] Building CXX object src/CMakeFiles/MIOpen.dir/batchnorm/problem_description.cpp.o
[433/841] Building CXX object src/CMakeFiles/MIOpen.dir/conv/invokers/impl_gemm.cpp.o
[434/841] Building CXX object src/CMakeFiles/MIOpen.dir/conv/invokers/gcn_asm_1x1u_us.cpp.o
[435/841] Building CXX object src/CMakeFiles/MIOpen.dir/solver/activ/fwd_1.cpp.o
[436/841] Building CXX object src/CMakeFiles/MIOpen.dir/rnn/Solutions/bww_multi_stream.cpp.o
[437/841] Building CXX object src/CMakeFiles/MIOpen.dir/rnn/Solutions/Base/fw_data_modular.cpp.o
[438/841] Building CXX object src/CMakeFiles/MIOpen.dir/solver/activ/bwd_0.cpp.o
[439/841] Building CXX object src/CMakeFiles/MIOpen.dir/solver/adam/adam.cpp.o
[440/841] Building CXX object src/CMakeFiles/MIOpen.dir/solver/batchnorm/forward_per_activation.cpp.o
[441/841] Building CXX object src/CMakeFiles/MIOpen.dir/solver/adam/transformers_adam_w.cpp.o
[442/841] Building CXX object src/CMakeFiles/MIOpen.dir/mha/mha_descriptor.cpp.o
[443/841] Building CXX object src/CMakeFiles/MIOpen.dir/rnn/Solutions/Base/bw_data_modular.cpp.o
[444/841] Building CXX object src/CMakeFiles/MIOpen.dir/pooling_api.cpp.o
[445/841] Building CXX object src/CMakeFiles/MIOpen.dir/conv/problem_description.cpp.o
[446/841] Building CXX object src/CMakeFiles/MIOpen.dir/rnn/Solutions/Base/bw_weights_modular.cpp.o
[447/841] Building CXX object src/CMakeFiles/MIOpen.dir/rnn/rnn_util.cpp.o
[448/841] Building CXX object src/CMakeFiles/MIOpen.dir/driver_arguments.cpp.o
[449/841] Building CXX object src/CMakeFiles/MIOpen.dir/rnn/Solutions/bwd_multi_stream.cpp.o
[450/841] Building CXX object src/CMakeFiles/MIOpen.dir/ctc_api.cpp.o
[451/841] Building CXX object src/CMakeFiles/MIOpen.dir/solver/batchnorm/forward_inference.cpp.o
[452/841] Building CXX object src/CMakeFiles/MIOpen.dir/gpu_conv_reference.cpp.o
[453/841] Building CXX object src/CMakeFiles/MIOpen.dir/solver/activ/bwd_1.cpp.o
[454/841] Building CXX object src/CMakeFiles/MIOpen.dir/rnn/selector.cpp.o
[455/841] Building CXX object src/CMakeFiles/MIOpen.dir/solver/batchnorm/backward_per_activation.cpp.o
[456/841] Building CXX object src/CMakeFiles/MIOpen.dir/solver/activ/fwd_0.cpp.o
[457/841] Building CXX object src/CMakeFiles/MIOpen.dir/ctc.cpp.o
[458/841] Building CXX object src/CMakeFiles/MIOpen.dir/batch_norm_api.cpp.o
[459/841] Building CXX object src/CMakeFiles/MIOpen.dir/find_db.cpp.o
[460/841] Building CXX object src/CMakeFiles/MIOpen.dir/fused_api.cpp.o
[461/841] Building CXX object src/CMakeFiles/MIOpen.dir/fusion/problem_description.cpp.o
[462/841] Building CXX object src/CMakeFiles/MIOpen.dir/rnn_api.cpp.o
[463/841] Building CXX object src/CMakeFiles/MIOpen.dir/conv/solver_finders.cpp.o
[464/841] Building CXX object src/CMakeFiles/MIOpen.dir/solver/ck_impl_lib_loader.cpp.o
[465/841] Building CXX object src/CMakeFiles/MIOpen.dir/solver/conv/gemm_common.cpp.o
[466/841] Building CXX object src/CMakeFiles/MIOpen.dir/solver/batchnorm/forward_inference_fused.cpp.o
[467/841] Building CXX object src/CMakeFiles/MIOpen.dir/solver/batchnorm/backward_per_activation_fused.cpp.o
[468/841] Building CXX object src/CMakeFiles/MIOpen.dir/solver/conv/conv_asm_5x10u2v2b1.cpp.o
[469/841] Building CXX object src/CMakeFiles/MIOpen.dir/solver/batchnorm/forward_per_activation_fused.cpp.o
[470/841] Building CXX object src/CMakeFiles/MIOpen.dir/solver/conv/conv_asm_5x10u2v2f1.cpp.o
[471/841] Building CXX object src/CMakeFiles/MIOpen.dir/solver/batchnorm/backward_spatial.cpp.o
[472/841] Building CXX object src/CMakeFiles/MIOpen.dir/solver/groupnorm/forward_groupnorm.cpp.o
[473/841] Building CXX object src/CMakeFiles/MIOpen.dir/solver/batchnorm/forward_spatial.cpp.o
[474/841] Building CXX object src/CMakeFiles/MIOpen.dir/solver/kthvalue/forward_kthvalue.cpp.o
[475/841] Building CXX object src/CMakeFiles/MIOpen.dir/solver/glu/backward_glu.cpp.o
[476/841] Building CXX object src/CMakeFiles/MIOpen.dir/solver/prelu/utils.cpp.o
[477/841] Building CXX object src/CMakeFiles/MIOpen.dir/conv/invokers/impl_gemm_dynamic.cpp.o
[478/841] Building CXX object src/CMakeFiles/MIOpen.dir/solver/glu/forward_glu.cpp.o
[479/841] Building CXX object src/CMakeFiles/MIOpen.dir/solver/mha/mha_solver_forward.cpp.o
[480/841] Building CXX object src/CMakeFiles/MIOpen.dir/solver/conv/conv_direct_naive_conv_bwd.cpp.o
[481/841] Building CXX object src/CMakeFiles/MIOpen.dir/solver/multimarginloss/forward_multimarginloss.cpp.o
[482/841] Building CXX object src/CMakeFiles/MIOpen.dir/solver/getitem/backward_getitem.cpp.o
[483/841] Building CXX object src/CMakeFiles/MIOpen.dir/solver/mha/mha_solver_backward.cpp.o
[484/841] Building CXX object src/CMakeFiles/MIOpen.dir/solver/prelu/backward_prelu_multi_weights.cpp.o
[485/841] Building CXX object src/CMakeFiles/MIOpen.dir/solver/rope/forward_rope.cpp.o
[486/841] Building CXX object src/CMakeFiles/MIOpen.dir/solver/rope/backward_rope.cpp.o
[487/841] Building CXX object src/CMakeFiles/MIOpen.dir/solver/conv/conv_asm_7x7c3h224w224k64u2v2p3q3f1.cpp.o
[488/841] Building CXX object src/CMakeFiles/MIOpen.dir/solver/conv/conv_direct_naive_conv_wrw.cpp.o
[489/841] Building CXX object src/CMakeFiles/MIOpen.dir/solver/layernorm/common_layernorm.cpp.o
[490/841] Building CXX object src/CMakeFiles/MIOpen.dir/sysinfo_utils.cpp.o
[491/841] Building CXX object src/CMakeFiles/MIOpen.dir/solver/conv/conv_direct_naive_conv_fwd.cpp.o
[492/841] Building CXX object src/CMakeFiles/MIOpen.dir/subbuffers.cpp.o
[493/841] Building CXX object src/CMakeFiles/MIOpen.dir/solver/reduce/forward_max.cpp.o
[494/841] Building CXX object src/CMakeFiles/MIOpen.dir/solver/reduce/forward_argmin.cpp.o
[495/841] Building CXX object src/CMakeFiles/MIOpen.dir/solver/reduce/forward_min.cpp.o
[496/841] Building CXX object src/CMakeFiles/MIOpen.dir/solver/reduce/forward_argmax.cpp.o
[497/841] Building CXX object src/CMakeFiles/MIOpen.dir/softmax.cpp.o
[498/841] Building CXX object src/CMakeFiles/MIOpen.dir/solver/prelu/backward_prelu_single_weight.cpp.o
[499/841] Building CXX object src/CMakeFiles/MIOpen.dir/solver/softmarginloss/backward_softmarginloss.cpp.o
[500/841] Building CXX object src/CMakeFiles/MIOpen.dir/solver/conv/conv_asm_implicit_gemm_bwd_v4r1_dynamic.cpp.o
[501/841] Building CXX object src/CMakeFiles/MIOpen.dir/solver/reduce/forward_sum.cpp.o
[502/841] Building CXX object src/CMakeFiles/MIOpen.dir/solver/conv/conv_asm_implicit_gemm_gtc_perf_config.cpp.o
[503/841] Building CXX object src/CMakeFiles/MIOpen.dir/solver/layernorm/forward_t5layernorm.cpp.o
[504/841] Building CXX object src/CMakeFiles/MIOpen.dir/solver/conv/conv_bin_winoRxS.cpp.o
[505/841] Building CXX object src/CMakeFiles/MIOpen.dir/solver/layernorm/backward_t5layernorm.cpp.o
[506/841] Building CXX object src/CMakeFiles/MIOpen.dir/solver/layernorm/forward_addlayernorm.cpp.o
[507/841] Building CXX object src/CMakeFiles/MIOpen.dir/solver/softmarginloss/forward_softmarginloss.cpp.o
[508/841] Building CXX object src/CMakeFiles/MIOpen.dir/solver/conv/conv_asm_1x1u_stride2.cpp.o
[509/841] Building CXX object src/CMakeFiles/MIOpen.dir/solver/conv/conv_asm_implicit_gemm_wrw_v4r1_dynamic.cpp.o
[510/841] Building CXX object src/CMakeFiles/MIOpen.dir/solver/conv/conv_bin_wino3x3U.cpp.o
[511/841] Building CXX object src/CMakeFiles/MIOpen.dir/solver/reduce/forward_prod.cpp.o
[512/841] Building CXX object src/CMakeFiles/MIOpen.dir/api/find2_0_commons.cpp.o
[513/841] Building CXX object src/CMakeFiles/MIOpen.dir/solver/conv/conv_hip_implicit_gemm_nonxdlops_common.cpp.o
[514/841] Building CXX object src/CMakeFiles/MIOpen.dir/solver/conv/conv_asm_3x3u.cpp.o
[515/841] Building CXX object src/CMakeFiles/MIOpen.dir/solver/conv/conv_asm_implicit_gemm_v4r1_dynamic.cpp.o
[516/841] Building CXX object src/CMakeFiles/MIOpen.dir/convolution_api.cpp.o
[517/841] Building CXX object src/CMakeFiles/MIOpen.dir/solver/softmax/attn_softmax.cpp.o
[518/841] Building CXX object src/CMakeFiles/MIOpen.dir/unique_path.cpp.o
[519/841] Building CXX object src/CMakeFiles/MIOpen.dir/solver/conv/conv_hip_dir2D11x11.cpp.o
[520/841] Building CXX object src/CMakeFiles/MIOpen.dir/solver/conv/conv_asm_implicit_gemm_wrw_gtc_dynamic_xdlops.cpp.o
[521/841] Building CXX object src/CMakeFiles/MIOpen.dir/md5.cpp.o
[522/841] Building CXX object src/CMakeFiles/MIOpen.dir/bz2.cpp.o
[523/841] Building CXX object src/CMakeFiles/MIOpen.dir/solver/conv/conv_direct_naive_conv.cpp.o
[524/841] Building CXX object src/CMakeFiles/MIOpen.dir/temp_file.cpp.o
[525/841] Building CXX object src/CMakeFiles/MIOpen.dir/solver/layernorm/forward_layernorm.cpp.o
[526/841] Building CXX object src/CMakeFiles/MIOpen.dir/solver/softmax/softmax_noncontiguous.cpp.o
[527/841] Building CXX object src/CMakeFiles/MIOpen.dir/solver/conv/conv_hip_dir2Dfwd_exhaustive_search.cpp.o
[528/841] Building CXX object src/CMakeFiles/MIOpen.dir/solver/conv/conv_3d_depthwise_fwd.cpp.o
[529/841] Building CXX object src/CMakeFiles/MIOpen.dir/solver/pooling/performanceConfig2d.cpp.o
[530/841] Building CXX object src/CMakeFiles/MIOpen.dir/solver/conv/fft.cpp.o
[531/841] Building CXX object src/CMakeFiles/MIOpen.dir/tensorOp/problem_description.cpp.o
[532/841] Building CXX object src/CMakeFiles/MIOpen.dir/solver/layernorm/backward_layernorm.cpp.o
[533/841] Building CXX object src/CMakeFiles/MIOpen.dir/solver/conv/conv_asm_dir_BwdWrW1x1.cpp.o
[534/841] Building CXX object src/CMakeFiles/MIOpen.dir/solver/conv/conv_hip_dir2Dfwd.cpp.o
[535/841] Building CXX object src/CMakeFiles/MIOpen.dir/solver/pooling/performanceConfigNd.cpp.o
[536/841] Building CXX object src/CMakeFiles/MIOpen.dir/solver/conv/conv_asm_implicit_gemm_gtc_bwd.cpp.o
[537/841] Building CXX object src/CMakeFiles/MIOpen.dir/solver/conv/conv_asm_1x1u.cpp.o
[538/841] Building CXX object src/CMakeFiles/MIOpen.dir/solver/conv_hip_dir2Dfwd_fused.cpp.o
[539/841] Building CXX object src/CMakeFiles/MIOpen.dir/solver/conv/conv_mlir_igemm_bwd_xdlops.cpp.o
[540/841] Building CXX object src/CMakeFiles/MIOpen.dir/solver/tensorOp/Op1dTensorGeneric.cpp.o
[541/841] Building CXX object src/CMakeFiles/MIOpen.dir/problem.cpp.o
[542/841] Building CXX object src/CMakeFiles/MIOpen.dir/solver/conv/conv_asm_dir_BwdWrW3x3.cpp.o
[543/841] Building CXX object src/CMakeFiles/MIOpen.dir/target_properties.cpp.o
[544/841] Building CXX object src/CMakeFiles/MIOpen.dir/conv/heuristics/lgbm_forest.cpp.o
[545/841] Building CXX object src/CMakeFiles/MIOpen.dir/solver/conv/conv_mlir_igemm_bwd.cpp.o
[546/841] Building CXX object src/CMakeFiles/MIOpen.dir/solver/conv/conv_mlir_igemm_wrw.cpp.o
[547/841] Building CXX object src/CMakeFiles/MIOpen.dir/solver/conv/conv_hip_dir2D_bwdWrW_53.cpp.o
[548/841] Building CXX object src/CMakeFiles/MIOpen.dir/exec_utils.cpp.o
[549/841] Building CXX object src/CMakeFiles/MIOpen.dir/solver/tensorOp/Op2dTensorGeneric.cpp.o
[550/841] Building CXX object src/CMakeFiles/MIOpen.dir/solver/conv/conv_mlir_igemm_fwd.cpp.o
[551/841] Building CXX object src/CMakeFiles/MIOpen.dir/tmp_dir.cpp.o
[552/841] Building CXX object src/CMakeFiles/MIOpen.dir/conv/heuristics/lgbm_pcfg_metadata.cpp.o
[553/841] Building CXX object src/CMakeFiles/MIOpen.dir/solver/conv/conv_mlir_igemm_fwd_xdlops.cpp.o
[554/841] Building CXX object src/CMakeFiles/MIOpen.dir/solution.cpp.o
[555/841] Building CXX object src/CMakeFiles/MIOpen.dir/solver/softmax/softmax.cpp.o
[556/841] Building CXX object src/CMakeFiles/MIOpen.dir/solver/conv/conv_mlir_igemm_wrw_xdlops.cpp.o
[557/841] Building CXX object src/CMakeFiles/MIOpen.dir/solver/conv/gemm_wrw.cpp.o
[558/841] Building CXX object src/CMakeFiles/MIOpen.dir/t5layernorm_api.cpp.o
[559/841] Building CXX object src/CMakeFiles/MIOpen.dir/solver/tensorOp/Op2dTensorSquash.cpp.o
[560/841] Building CXX object src/CMakeFiles/MIOpen.dir/anyramdb.cpp.o
[561/841] Building CXX object src/CMakeFiles/MIOpen.dir/solver/conv/gemm_bwd.cpp.o
[562/841] Building CXX object src/CMakeFiles/MIOpen.dir/solver/tensorOp/Op4dTensorLite.cpp.o
[563/841] Building CXX object src/CMakeFiles/MIOpen.dir/solver/tensorOp/Op2dTensorLite.cpp.o
[564/841] Building CXX object src/CMakeFiles/MIOpen.dir/convolution.cpp.o
[565/841] Building CXX object src/CMakeFiles/MIOpen.dir/transformers_adam_w_api.cpp.o
[566/841] Building CXX object src/CMakeFiles/MIOpen.dir/solver/conv/conv_hip_implicit_gemm_fwd_v4r5_xdlops.cpp.o
[567/841] Building CXX object src/CMakeFiles/MIOpen.dir/solver/conv_winoRxS_fused.cpp.o
[568/841] Building CXX object src/CMakeFiles/MIOpen.dir/kern_db.cpp.o
[569/841] Building CXX object src/CMakeFiles/MIOpen.dir/hip/gcn_asm_utils.cpp.o
[570/841] Building CXX object src/CMakeFiles/MIOpen.dir/solver/conv/conv_hip_implicit_gemm_fwd_v4r4_xdlops.cpp.o
[571/841] Building CXX object src/CMakeFiles/MIOpen.dir/solver/tensorOp/Op3dTensorGeneric.cpp.o
[572/841] Building CXX object src/CMakeFiles/MIOpen.dir/solver/conv/conv_hip_implicit_gemm_fwd_v4r4.cpp.o
[573/841] Building CXX object src/CMakeFiles/MIOpen.dir/solver/conv/conv_hip_implicit_gemm_bwd_v1r1.cpp.o
[574/841] Building CXX object src/CMakeFiles/MIOpen.dir/solver/conv/conv_hip_implicit_gemm_fwd_v4r4_xdlops_padded_gemm.cpp.o
[575/841] Building CXX object src/CMakeFiles/MIOpen.dir/solver/conv/conv_asm_implicit_gemm_gtc_fwd_nhwc.cpp.o
[576/841] Building CXX object src/CMakeFiles/MIOpen.dir/solver/pooling/forward2d.cpp.o
[577/841] Building CXX object src/CMakeFiles/MIOpen.dir/solver/pooling/backward2d.cpp.o
[578/841] Building CXX object src/CMakeFiles/MIOpen.dir/solver/conv/gemm.cpp.o
[579/841] Building CXX object src/CMakeFiles/MIOpen.dir/solver/conv_ck_igemm_fwd_bias_res_add_activ_fused.cpp.o
[580/841] Building CXX object src/CMakeFiles/MIOpen.dir/lrn.cpp.o
[581/841] Building CXX object src/CMakeFiles/MIOpen.dir/solver/tensorOp/Op4dTensorGeneric.cpp.o
[582/841] Building CXX object src/CMakeFiles/MIOpen.dir/solver/conv_ck_igemm_grp_fwd_activ_fused.cpp.o
[583/841] Building CXX object src/CMakeFiles/MIOpen.dir/solver/pooling/forwardNd.cpp.o
[584/841] Building CXX object src/CMakeFiles/MIOpen.dir/solver/conv_asm_1x1u_bias_activ_fused.cpp.o
[585/841] Building CXX object src/CMakeFiles/MIOpen.dir/solver/conv/conv_wino_fury_RxS.cpp.o
[586/841] Building CXX object src/CMakeFiles/MIOpen.dir/solver/conv/conv_asm_implicit_gemm_gtc_fwd_nchwc.cpp.o
[587/841] Building CXX object src/CMakeFiles/MIOpen.dir/solver/conv_ck_igemm_grp_fwd_bias_activ_fused.cpp.o
[588/841] Building CXX object src/CMakeFiles/MIOpen.dir/solver/conv/conv_asm_implicit_gemm_gtc_fwd.cpp.o
[589/841] Building CXX object src/CMakeFiles/MIOpen.dir/solver/tensorOp/Op5dTensorGeneric.cpp.o
[590/841] Building CXX object src/CMakeFiles/MIOpen.dir/solver/conv/conv_hip_implicit_gemm_3d_grouped_bwd_xdlops.cpp.o
[591/841] Building CXX object src/CMakeFiles/MIOpen.dir/solver/pooling/forwardNaive.cpp.o
[592/841] Building CXX object src/CMakeFiles/MIOpen.dir/hip/hiperrors.cpp.o
[593/841] Building CXX object src/CMakeFiles/MIOpen.dir/solver/pooling/backwardNd.cpp.o
[594/841] Building CXX object src/CMakeFiles/MIOpen.dir/binary_cache.cpp.o
[595/841] Building CXX object src/CMakeFiles/MIOpen.dir/solver/conv/conv_hip_implicit_gemm_wrw_v4r4_xdlops.cpp.o
[596/841] Building CXX object src/CMakeFiles/MIOpen.dir/solver/conv_ck_igemm_fwd_bias_activ_fused.cpp.o
[597/841] Building CXX object src/CMakeFiles/MIOpen.dir/solver/conv/conv_hip_implicit_gemm_wrw_v4r4.cpp.o
[598/841] Building CXX object src/CMakeFiles/MIOpen.dir/kernel_cache.cpp.o
[599/841] Building CXX object src/CMakeFiles/MIOpen.dir/solver/conv/conv_hip_implicit_gemm_bwd_v4r1_xdlops.cpp.o
[600/841] Building CXX object src/CMakeFiles/MIOpen.dir/solver/conv/conv_hip_implicit_gemm_wrw_v4r4_xdlops_padded_gemm.cpp.o
[601/841] Building CXX object src/CMakeFiles/MIOpen.dir/hip/hip_build_utils.cpp.o
[602/841] Building CXX object src/CMakeFiles/MIOpen.dir/__/db_path.cpp.o
[603/841] Building CXX object src/CMakeFiles/MIOpen.dir/solver/tensorOp/OpTensorLeadingOnes.cpp.o
[604/841] Building CXX object src/CMakeFiles/MIOpen.dir/solver/tensorOp/OpTensorFwdBias.cpp.o
[605/841] Building CXX object src/CMakeFiles/MIOpen.dir/solver/conv/conv_asm_implicit_gemm_gtc_wrw_nhwc.cpp.o
[606/841] Building CXX object src/CMakeFiles/MIOpen.dir/tensor_api.cpp.o
[607/841] Building CXX object src/CMakeFiles/MIOpen.dir/solver/conv/conv_hip_implicit_gemm_3d_grouped_wrw_xdlops.cpp.o
[608/841] Building CXX object src/CMakeFiles/MIOpen.dir/solver/conv/conv_wino_rage_RxS.cpp.o
[609/841] Building CXX object src/CMakeFiles/MIOpen.dir/solver/conv/conv_asm_implicit_gemm_gtc_bwd_nhwc.cpp.o
[610/841] Building CXX object src/CMakeFiles/MIOpen.dir/sqlite_db.cpp.o
[611/841] Building CXX object src/CMakeFiles/MIOpen.dir/fusion.cpp.o
[612/841] Building CXX object src/CMakeFiles/MIOpen.dir/solver/conv/conv_hip_implicit_gemm_3d_grouped_fwd_xdlops.cpp.o
[613/841] Building CXX object src/CMakeFiles/MIOpen.dir/solver/conv/conv_ck_grouped_conv_fwd.cpp.o
[614/841] Building CXX object src/CMakeFiles/MIOpen.dir/cat.cpp.o
[615/841] Building CXX object src/CMakeFiles/MIOpen.dir/solver/conv/conv_hip_implicit_gemm_grouped_fwd_xdlops.cpp.o
[616/841] Building CXX object src/CMakeFiles/MIOpen.dir/__/kernel.cpp.o
[617/841] Building CXX object src/CMakeFiles/MIOpen.dir/activ.cpp.o
[618/841] Building CXX object src/CMakeFiles/MIOpen.dir/hip/fusionopconvocl.cpp.o
[619/841] Building CXX object src/CMakeFiles/MIOpen.dir/getitem.cpp.o
[620/841] Building CXX object src/CMakeFiles/MIOpen.dir/groupnorm.cpp.o
[621/841] Building CXX object src/CMakeFiles/MIOpen.dir/seq_tensor.cpp.o
[622/841] Building CXX object src/CMakeFiles/MIOpen.dir/adam.cpp.o
[623/841] Building CXX object src/CMakeFiles/MIOpen.dir/solver/conv/conv_hip_implicit_gemm_grouped_wrw_xdlops.cpp.o
[624/841] Building CXX object src/CMakeFiles/MIOpen.dir/hipoc/hipoc_program.cpp.o
[625/841] Building CXX object src/CMakeFiles/MIOpen.dir/solver/conv/conv_hip_implicit_gemm_grouped_bwd_xdlops.cpp.o
[626/841] Building CXX object src/CMakeFiles/MIOpen.dir/glu.cpp.o
[627/841] Building CXX object src/CMakeFiles/MIOpen.dir/hip/dropoutocl.cpp.o
[628/841] Building CXX object src/CMakeFiles/MIOpen.dir/multimarginloss.cpp.o
[629/841] Building CXX object src/CMakeFiles/MIOpen.dir/hip/general_tensor_reorder_sol.cpp.o
[630/841] Building CXX object src/CMakeFiles/MIOpen.dir/solver/conv/conv_hip_implicit_gemm_fwd_v4r1.cpp.o
[631/841] Building CXX object src/CMakeFiles/MIOpen.dir/kthvalue.cpp.o
[632/841] Building CXX object src/CMakeFiles/MIOpen.dir/hipoc/hipoc_kernel.cpp.o
[633/841] Building CXX object src/CMakeFiles/MIOpen.dir/addlayernorm.cpp.o
[634/841] Building CXX object src/CMakeFiles/MIOpen.dir/hip/batched_transpose_sol.cpp.o
[635/841] Building CXX object src/CMakeFiles/MIOpen.dir/hip/activ_ocl.cpp.o
[636/841] Building CXX object src/CMakeFiles/MIOpen.dir/hip/fusionopbiasbnactivocl.cpp.o
[637/841] Building CXX object src/CMakeFiles/MIOpen.dir/conv/heuristics/lgbm_pick.cpp.o
[638/841] Building CXX object src/CMakeFiles/MIOpen.dir/conv/heuristics/ai_conv_nd_kernel_tuning_utils.cpp.o
[639/841] Building CXX object src/CMakeFiles/MIOpen.dir/rope.cpp.o
[640/841] Building CXX object src/CMakeFiles/MIOpen.dir/prelu.cpp.o
[641/841] Building CXX object src/CMakeFiles/MIOpen.dir/reducecalculation.cpp.o
[642/841] Building CXX object src/CMakeFiles/MIOpen.dir/hip/lrn_ocl.cpp.o
[643/841] Building CXX object src/CMakeFiles/MIOpen.dir/hip/mloNorm.cpp.o
[644/841] Building CXX object src/CMakeFiles/MIOpen.dir/conv/heuristics/lgbm_pcfg_pick.cpp.o
[645/841] Building CXX object src/CMakeFiles/MIOpen.dir/softmarginloss.cpp.o
[646/841] Building CXX object src/CMakeFiles/MIOpen.dir/transformers_adam_w.cpp.o
[647/841] Building CXX object src/CMakeFiles/MIOpen.dir/__/inlined_kernels/batch_0.cpp.o
[648/841] Building CXX object src/CMakeFiles/MIOpen.dir/reduceextreme.cpp.o
[649/841] Building CXX object src/CMakeFiles/MIOpen.dir/conv/heuristics/lgbm_metadata.cpp.o
[650/841] Building CXX object src/CMakeFiles/MIOpen.dir/hip/batchnormocl.cpp.o
[651/841] Building CXX object src/CMakeFiles/MIOpen.dir/solver/conv/conv_winoRxS.cpp.o
[652/841] Building CXX object src/CMakeFiles/MIOpen.dir/t5layernorm.cpp.o
[653/841] Building CXX object src/CMakeFiles/MIOpen.dir/hip/utilocl.cpp.o
[654/841] Building CXX object src/CMakeFiles/MIOpen.dir/gemm_v2.cpp.o
[655/841] Building CXX object src/CMakeFiles/MIOpen.dir/hip/handlehip.cpp.o
[656/841] Building CXX object src/CMakeFiles/MIOpen.dir/__/inlined_kernels/batch_13.cpp.o
[657/841] Building CXX object src/CMakeFiles/MIOpen.dir/hip/rnnocl.cpp.o
[658/841] Building CXX object src/CMakeFiles/MIOpen.dir/conv/heuristics/metadata_nd.cpp.o
[659/841] Building CXX object src/CMakeFiles/MIOpen.dir/__/inlined_kernels/batch_7.cpp.o
[660/841] Building CXX object src/CMakeFiles/MIOpen.dir/__/inlined_kernels/batch_23.cpp.o
[661/841] Building CXX object src/CMakeFiles/MIOpen.dir/__/inlined_kernels/batch_8.cpp.o
[662/841] Building CXX object src/CMakeFiles/MIOpen.dir/__/inlined_kernels/batch_29.cpp.o
[663/841] Building CXX object src/CMakeFiles/MIOpen.dir/__/inlined_kernels/batch_4.cpp.o
[664/841] Building CXX object src/CMakeFiles/MIOpen.dir/__/inlined_kernels/batch_10.cpp.o
[665/841] Building CXX object src/CMakeFiles/MIOpen.dir/__/inlined_kernels/batch_3.cpp.o
[666/841] Building CXX object src/CMakeFiles/MIOpen.dir/__/inlined_kernels/batch_26.cpp.o
[667/841] Building CXX object src/CMakeFiles/MIOpen.dir/__/inlined_kernels/batch_32.cpp.o
[668/841] Building CXX object src/CMakeFiles/MIOpen.dir/__/inlined_kernels/batch_9.cpp.o
[669/841] Building CXX object src/CMakeFiles/MIOpen.dir/__/inlined_kernels/batch_36.cpp.o
[670/841] Building CXX object src/CMakeFiles/MIOpen.dir/__/inlined_kernels/batch_21.cpp.o
[671/841] Building CXX object src/CMakeFiles/MIOpen.dir/__/inlined_kernels/batch_28.cpp.o
[672/841] Building CXX object src/CMakeFiles/MIOpen.dir/__/inlined_kernels/batch_14.cpp.o
[673/841] Building CXX object src/CMakeFiles/MIOpen.dir/__/inlined_kernels/batch_6.cpp.o
[674/841] Building CXX object src/CMakeFiles/MIOpen.dir/__/inlined_kernels/batch_22.cpp.o
[675/841] Building CXX object src/CMakeFiles/MIOpen.dir/__/inlined_kernels/batch_24.cpp.o
[676/841] Building CXX object src/CMakeFiles/MIOpen.dir/layernorm.cpp.o
[677/841] Building CXX object src/CMakeFiles/MIOpen.dir/__/inlined_kernels/batch_35.cpp.o
[678/841] Building CXX object src/CMakeFiles/MIOpen.dir/__/inlined_kernels/batch_19.cpp.o
[679/841] Building CXX object src/CMakeFiles/MIOpen.dir/__/inlined_kernels/batch_34.cpp.o
[680/841] Building CXX object src/CMakeFiles/MIOpen.dir/__/inlined_kernels/batch_39.cpp.o
[681/841] Building CXX object src/CMakeFiles/MIOpen.dir/__/inlined_kernels/batch_15.cpp.o
[682/841] Building CXX object src/CMakeFiles/MIOpen.dir/__/inlined_kernels/batch_46.cpp.o
[683/841] Building CXX object src/CMakeFiles/MIOpen.dir/solver/conv/conv_MP_bidirectional_winograd.cpp.o
[684/841] Building CXX object src/CMakeFiles/MIOpen.dir/__/inlined_kernels/batch_17.cpp.o
[685/841] Building CXX object src/CMakeFiles/MIOpen.dir/__/inlined_kernels/batch_38.cpp.o
[686/841] Building CXX object src/CMakeFiles/MIOpen.dir/__/inlined_kernels/batch_2.cpp.o
[687/841] Building CXX object src/CMakeFiles/MIOpen.dir/__/inlined_kernels/batch_5.cpp.o
[688/841] Building CXX object src/CMakeFiles/MIOpen.dir/__/inlined_kernels/batch_18.cpp.o
[689/841] Building CXX object src/CMakeFiles/MIOpen.dir/__/inlined_kernels/batch_25.cpp.o
[690/841] Building CXX object src/CMakeFiles/MIOpen.dir/__/inlined_kernels/batch_12.cpp.o
[691/841] Building CXX object src/CMakeFiles/MIOpen.dir/__/inlined_kernels/batch_1.cpp.o
[692/841] Building CXX object src/CMakeFiles/MIOpen.dir/__/inlined_kernels/batch_30.cpp.o
[693/841] Building CXX object src/CMakeFiles/MIOpen.dir/__/inlined_kernels/batch_16.cpp.o
[694/841] Building CXX object src/CMakeFiles/MIOpen.dir/__/inlined_kernels/batch_33.cpp.o
[695/841] Building CXX object src/CMakeFiles/MIOpen.dir/__/inlined_kernels/batch_27.cpp.o
[696/841] Building CXX object src/CMakeFiles/MIOpen.dir/__/inlined_kernels/batch_44.cpp.o
[697/841] Building CXX object src/CMakeFiles/MIOpen.dir/solver/conv/conv_hipconv.cpp.o
[698/841] Building CXX object src/CMakeFiles/MIOpen.dir/__/inlined_kernels/batch_31.cpp.o
[699/841] Building CXX object src/CMakeFiles/MIOpen.dir/__/inlined_kernels/batch_20.cpp.o
[700/841] Building CXX object src/CMakeFiles/MIOpen.dir/__/inlined_kernels/batch_124.cpp.o
[701/841] Building CXX object src/CMakeFiles/MIOpen.dir/__/inlined_kernels/batch_47.cpp.o
[702/841] Building CXX object src/CMakeFiles/MIOpen.dir/__/inlined_kernels/batch_11.cpp.o
[703/841] Building CXX object src/CMakeFiles/MIOpen.dir/__/inlined_kernels/batch_120.cpp.o
[704/841] Building CXX object src/CMakeFiles/MIOpen.dir/__/inlined_kernels/batch_125.cpp.o
[705/841] Building CXX object src/CMakeFiles/MIOpen.dir/__/inlined_kernels/batch_123.cpp.o
[706/841] Building CXX object src/CMakeFiles/MIOpen.dir/__/inlined_kernels/batch_37.cpp.o
[707/841] Building CXX object src/CMakeFiles/MIOpen.dir/__/inlined_kernels/batch_51.cpp.o
[708/841] Building CXX object src/CMakeFiles/MIOpen.dir/__/inlined_kernels/batch_55.cpp.o
[709/841] Building CXX object src/CMakeFiles/MIOpen.dir/__/inlined_kernels/batch_59.cpp.o
[710/841] Building CXX object src/CMakeFiles/MIOpen.dir/__/inlined_kernels/batch_43.cpp.o
[711/841] Building CXX object src/CMakeFiles/MIOpen.dir/__/inlined_kernels/batch_48.cpp.o
[712/841] Building CXX object src/CMakeFiles/MIOpen.dir/__/inlined_kernels/batch_42.cpp.o
[713/841] Building CXX object src/CMakeFiles/MIOpen.dir/__/inlined_kernels/batch_45.cpp.o
[714/841] Building CXX object src/CMakeFiles/MIOpen.dir/__/inlined_kernels/batch_53.cpp.o
[715/841] Building CXX object src/CMakeFiles/MIOpen.dir/__/inlined_kernels/batch_70.cpp.o
[716/841] Building CXX object src/CMakeFiles/MIOpen.dir/__/inlined_kernels/batch_40.cpp.o
[717/841] Building CXX object src/CMakeFiles/MIOpen.dir/__/inlined_kernels/batch_54.cpp.o
[718/841] Building CXX object src/CMakeFiles/MIOpen.dir/__/inlined_kernels/batch_56.cpp.o
[719/841] Building CXX object src/CMakeFiles/MIOpen.dir/__/inlined_kernels/batch_75.cpp.o
[720/841] Building CXX object src/CMakeFiles/MIOpen.dir/__/inlined_kernels/batch_67.cpp.o
[721/841] Building CXX object src/CMakeFiles/MIOpen.dir/__/inlined_kernels/batch_41.cpp.o
[722/841] Building CXX object src/CMakeFiles/MIOpen.dir/__/inlined_kernels/batch_68.cpp.o
[723/841] Building CXX object src/CMakeFiles/MIOpen.dir/hip/convolutionocl.cpp.o
[724/841] Building CXX object src/CMakeFiles/MIOpen.dir/__/inlined_kernels/batch_58.cpp.o
[725/841] Building CXX object src/CMakeFiles/MIOpen.dir/__/inlined_kernels/batch_76.cpp.o
[726/841] Building CXX object src/CMakeFiles/MIOpen.dir/solver/conv/conv_multipass_wino3x3WrW.cpp.o
[727/841] Building CXX object src/CMakeFiles/MIOpen.dir/__/inlined_kernels/batch_64.cpp.o
[728/841] Building CXX object src/CMakeFiles/MIOpen.dir/__/inlined_kernels/batch_66.cpp.o
[729/841] Building CXX object src/CMakeFiles/MIOpen.dir/__/inlined_kernels/batch_49.cpp.o
[730/841] Building CXX object src/CMakeFiles/MIOpen.dir/__/inlined_kernels/batch_57.cpp.o
[731/841] Building CXX object src/CMakeFiles/MIOpen.dir/__/inlined_kernels/batch_71.cpp.o
[732/841] Building CXX object driver/CMakeFiles/MIOpenDriver.dir/conv_common.cpp.o
[733/841] Building CXX object src/CMakeFiles/MIOpen.dir/__/inlined_kernels/batch_85.cpp.o
[734/841] Building CXX object src/CMakeFiles/MIOpen.dir/__/inlined_kernels/batch_87.cpp.o
[735/841] Building CXX object src/CMakeFiles/MIOpen.dir/conv/heuristics/ai_candidate_selection.cpp.o
[736/841] Building CXX object src/CMakeFiles/MIOpen.dir/__/inlined_kernels/batch_81.cpp.o
[737/841] Building CXX object src/CMakeFiles/MIOpen.dir/__/inlined_kernels/batch_60.cpp.o
[738/841] Building CXX object src/CMakeFiles/MIOpen.dir/__/inlined_kernels/batch_84.cpp.o
[739/841] Building CXX object driver/CMakeFiles/MIOpenDriver.dir/InputFlags.cpp.o
[740/841] Building CXX object src/CMakeFiles/MIOpen.dir/__/inlined_kernels/batch_83.cpp.o
[741/841] Building CXX object src/CMakeFiles/MIOpen.dir/__/inlined_kernels/batch_73.cpp.o
[742/841] Building CXX object src/CMakeFiles/MIOpen.dir/__/inlined_kernels/batch_62.cpp.o
[743/841] Building CXX object src/CMakeFiles/MIOpen.dir/__/inlined_kernels/batch_69.cpp.o
[744/841] Building CXX object src/CMakeFiles/MIOpen.dir/__/inlined_kernels/batch_86.cpp.o
[745/841] Building CXX object src/CMakeFiles/MIOpen.dir/__/inlined_kernels/batch_72.cpp.o
[746/841] Building CXX object src/CMakeFiles/MIOpen.dir/__/inlined_kernels/batch_93.cpp.o
[747/841] Building CXX object src/CMakeFiles/MIOpen.dir/__/inlined_kernels/batch_74.cpp.o
[748/841] Building CXX object driver/CMakeFiles/MIOpenDriver.dir/driver.cpp.o
[749/841] Building CXX object src/CMakeFiles/MIOpen.dir/comgr.cpp.o
[750/841] Building CXX object src/CMakeFiles/MIOpen.dir/__/inlined_kernels/batch_101.cpp.o
[751/841] Building CXX object src/CMakeFiles/MIOpen.dir/__/inlined_kernels/batch_78.cpp.o
[752/841] Building CXX object driver/CMakeFiles/MIOpenDriver.dir/rocrand_wrapper.cpp.o
[753/841] Building CXX object src/CMakeFiles/MIOpen.dir/__/inlined_kernels/batch_90.cpp.o
[754/841] Building CXX object src/CMakeFiles/MIOpen.dir/__/inlined_kernels/batch_79.cpp.o
[755/841] Building CXX object src/CMakeFiles/MIOpen.dir/__/inlined_kernels/batch_121.cpp.o
[756/841] Building CXX object src/CMakeFiles/MIOpen.dir/__/inlined_kernels/batch_88.cpp.o
[757/841] Building CXX object src/CMakeFiles/MIOpen.dir/__/inlined_kernels/batch_109.cpp.o
[758/841] Building CXX object src/CMakeFiles/MIOpen.dir/__/inlined_kernels/batch_92.cpp.o
[759/841] Building CXX object src/CMakeFiles/MIOpen.dir/tensor.cpp.o
[760/841] Building CXX object src/CMakeFiles/MIOpen.dir/__/inlined_kernels/batch_103.cpp.o
[761/841] Building CXX object src/CMakeFiles/MIOpen.dir/__/inlined_kernels/batch_65.cpp.o
[762/841] Building CXX object src/CMakeFiles/MIOpen.dir/__/inlined_kernels/batch_91.cpp.o
[763/841] Building CXX object src/CMakeFiles/MIOpen.dir/__/inlined_kernels/batch_95.cpp.o
[764/841] Building CXX object src/CMakeFiles/MIOpen.dir/__/inlined_kernels/batch_105.cpp.o
[765/841] Building CXX object src/CMakeFiles/MIOpen.dir/__/inlined_kernels/batch_104.cpp.o
[766/841] Building CXX object src/CMakeFiles/MIOpen.dir/__/inlined_kernels/batch_61.cpp.o
[767/841] Building CXX object src/CMakeFiles/MIOpen.dir/__/inlined_kernels/batch_100.cpp.o
[768/841] Building CXX object src/CMakeFiles/MIOpen.dir/__/inlined_kernels/batch_106.cpp.o
[769/841] Building CXX object src/CMakeFiles/MIOpen.dir/__/inlined_kernels/batch_110.cpp.o
[770/841] Building CXX object src/CMakeFiles/MIOpen.dir/__/inlined_kernels/batch_50.cpp.o
[771/841] Building CXX object src/CMakeFiles/MIOpen.dir/__/inlined_kernels/batch_107.cpp.o
[772/841] Building CXX object src/CMakeFiles/MIOpen.dir/__/inlined_kernels/batch_102.cpp.o
[773/841] Building CXX object driver/CMakeFiles/MIOpenDriver.dir/registry_driver_maker.cpp.o
[774/841] Building CXX object src/CMakeFiles/MIOpen.dir/__/inlined_kernels/batch_108.cpp.o
[775/841] Building CXX object src/CMakeFiles/MIOpen.dir/__/inlined_kernels/batch_89.cpp.o
[776/841] Building CXX object src/CMakeFiles/MIOpen.dir/__/inlined_kernels/batch_52.cpp.o
[777/841] Building CXX object src/CMakeFiles/MIOpen.dir/__/inlined_kernels/batch_111.cpp.o
[778/841] Building CXX object src/CMakeFiles/MIOpen.dir/__/inlined_kernels/batch_118.cpp.o
[779/841] Building CXX object src/CMakeFiles/MIOpen.dir/__/inlined_kernels/batch_99.cpp.o
[780/841] Building CXX object driver/CMakeFiles/MIOpenDriver.dir/dm_activ.cpp.o
[781/841] Building CXX object src/CMakeFiles/MIOpen.dir/__/inlined_kernels/batch_114.cpp.o
[782/841] Building CXX object src/CMakeFiles/MIOpen.dir/__/inlined_kernels/batch_119.cpp.o
[783/841] Building CXX object driver/CMakeFiles/MIOpenDriver.dir/dm_cat.cpp.o
[784/841] Building CXX object driver/CMakeFiles/MIOpenDriver.dir/dm_addlayernorm.cpp.o
[785/841] Building CXX object driver/CMakeFiles/MIOpenDriver.dir/dm_groupnorm.cpp.o
[786/841] Building CXX object src/CMakeFiles/MIOpen.dir/__/inlined_kernels/batch_98.cpp.o
[787/841] Building CXX object src/CMakeFiles/MIOpen.dir/__/inlined_kernels/batch_82.cpp.o
[788/841] Building CXX object driver/CMakeFiles/MIOpenDriver.dir/dm_tensorop.cpp.o
[789/841] Building CXX object driver/CMakeFiles/MIOpenDriver.dir/dm_kthvalue.cpp.o
[790/841] Building CXX object driver/CMakeFiles/MIOpenDriver.dir/dm_adam.cpp.o
[791/841] Building CXX object driver/CMakeFiles/MIOpenDriver.dir/dm_gemm.cpp.o
[792/841] Building CXX object driver/CMakeFiles/MIOpenDriver.dir/dm_reducecalculation.cpp.o
[793/841] Building CXX object src/CMakeFiles/MIOpen.dir/__/inlined_kernels/batch_117.cpp.o
[794/841] Building CXX object src/CMakeFiles/MIOpen.dir/__/inlined_kernels/batch_97.cpp.o
[795/841] Building CXX object src/CMakeFiles/MIOpen.dir/__/inlined_kernels/batch_116.cpp.o
[796/841] Building CXX object src/CMakeFiles/MIOpen.dir/__/inlined_kernels/batch_115.cpp.o
[797/841] Building CXX object src/CMakeFiles/MIOpen.dir/__/inlined_kernels/batch_80.cpp.o
[798/841] Building CXX object driver/CMakeFiles/MIOpenDriver.dir/dm_dropout.cpp.o
[799/841] Building CXX object driver/CMakeFiles/MIOpenDriver.dir/dm_rope.cpp.o
[800/841] Building CXX object src/CMakeFiles/MIOpen.dir/__/inlined_kernels/batch_126.cpp.o
[801/841] Building CXX object src/CMakeFiles/MIOpen.dir/__/inlined_kernels/batch_113.cpp.o
[802/841] Building CXX object driver/CMakeFiles/MIOpenDriver.dir/dm_reduceextreme.cpp.o
[803/841] Building CXX object driver/CMakeFiles/MIOpenDriver.dir/dm_glu.cpp.o
[804/841] Building CXX object src/CMakeFiles/MIOpen.dir/__/inlined_kernels/batch_63.cpp.o
[805/841] Building CXX object driver/CMakeFiles/MIOpenDriver.dir/dm_softmax.cpp.o
[806/841] Building CXX object driver/CMakeFiles/MIOpenDriver.dir/dm_lrn.cpp.o
[807/841] Building CXX object driver/CMakeFiles/MIOpenDriver.dir/main.cpp.o
[808/841] Building CXX object src/CMakeFiles/MIOpen.dir/__/inlined_kernels/batch_128.cpp.o
[809/841] Building CXX object driver/CMakeFiles/MIOpenDriver.dir/dm_multimarginloss.cpp.o
[810/841] Building CXX object src/CMakeFiles/MIOpen.dir/__/inlined_kernels/batch_112.cpp.o
[811/841] Building CXX object driver/CMakeFiles/MIOpenDriver.dir/dm_transformers_adam_w.cpp.o
[812/841] Building CXX object driver/CMakeFiles/MIOpenDriver.dir/dm_getitem.cpp.o
[813/841] Building CXX object src/CMakeFiles/MIOpen.dir/__/inlined_kernels/batch_77.cpp.o
[814/841] Building CXX object driver/CMakeFiles/MIOpenDriver.dir/dm_softmarginloss.cpp.o
[815/841] Building CXX object src/CMakeFiles/MIOpen.dir/__/inlined_kernels/batch_96.cpp.o
[816/841] Building CXX object driver/CMakeFiles/MIOpenDriver.dir/dm_prelu.cpp.o
[817/841] Building CXX object src/CMakeFiles/MIOpen.dir/__/inlined_kernels/batch_94.cpp.o
[818/841] Building CXX object driver/CMakeFiles/MIOpenDriver.dir/dm_t5layernorm.cpp.o
[819/841] Building CXX object driver/CMakeFiles/MIOpenDriver.dir/dm_reduce.cpp.o
[820/841] Building CXX object src/CMakeFiles/MIOpen.dir/pooling.cpp.o
[821/841] Building CXX object driver/CMakeFiles/MIOpenDriver.dir/dm_layernorm.cpp.o
[822/841] Building CXX object driver/CMakeFiles/MIOpenDriver.dir/dm_fusion.cpp.o
[823/841] Building CXX object src/CMakeFiles/MIOpen.dir/__/inlined_kernels/batch_127.cpp.o
[824/841] Building CXX object driver/CMakeFiles/MIOpenDriver.dir/dm_pool.cpp.o
[825/841] Building CXX object driver/CMakeFiles/MIOpenDriver.dir/dm_rnn.cpp.o
[826/841] Building CXX object driver/CMakeFiles/MIOpenDriver.dir/dm_convbfp16.cpp.o
[827/841] Building CXX object driver/CMakeFiles/MIOpenDriver.dir/dm_convfp16.cpp.o
[828/841] Building CXX object driver/CMakeFiles/MIOpenDriver.dir/dm_convfp32.cpp.o
[829/841] Building CXX object driver/CMakeFiles/MIOpenDriver.dir/dm_convfp8.cpp.o
[830/841] Building CXX object driver/CMakeFiles/MIOpenDriver.dir/dm_conv.cpp.o
[831/841] Building CXX object driver/CMakeFiles/MIOpenDriver.dir/dm_convbfp8.cpp.o
[832/841] Building CXX object driver/CMakeFiles/MIOpenDriver.dir/dm_convint8.cpp.o
[833/841] Building CXX object src/CMakeFiles/MIOpen.dir/conv/heuristics/ai_heuristics.cpp.o
[834/841] Building CXX object src/CMakeFiles/MIOpen.dir/__/inlined_kernels/batch_122.cpp.o
[835/841] Building CXX object driver/CMakeFiles/MIOpenDriver.dir/dm_bnorm.cpp.o
[836/841] Building CXX object src/CMakeFiles/MIOpen.dir/mlo_dir_conv.cpp.o
[837/841] Building CXX object src/CMakeFiles/MIOpen.dir/solver.cpp.o
[838/841] Linking CXX shared library lib/libMIOpen.so.1.0
[839/841] Creating library symlink lib/libMIOpen.so.1 lib/libMIOpen.so
[840/841] Linking CXX executable bin/MIOpenDriver
