-- Install configuration: "RelWithDebInfo"
-- Installing: /workspace/miopen-w7900-validation/install/baseline/include/fplus
-- Installing: /workspace/miopen-w7900-validation/install/baseline/include/fplus/split.hpp
-- Installing: /workspace/miopen-w7900-validation/install/baseline/include/fplus/function_traits.hpp
-- Installing: /workspace/miopen-w7900-validation/install/baseline/include/fplus/filter.hpp
-- Installing: /workspace/miopen-w7900-validation/install/baseline/include/fplus/interpolate.hpp
-- Installing: /workspace/miopen-w7900-validation/install/baseline/include/fplus/curry.hpp
-- Installing: /workspace/miopen-w7900-validation/install/baseline/include/fplus/optimize.hpp
-- Installing: /workspace/miopen-w7900-validation/install/baseline/include/fplus/queue.hpp
-- Installing: /workspace/miopen-w7900-validation/install/baseline/include/fplus/sets.hpp
-- Installing: /workspace/miopen-w7900-validation/install/baseline/include/fplus/side_effects.hpp
-- Installing: /workspace/miopen-w7900-validation/install/baseline/include/fplus/variant.hpp
-- Installing: /workspace/miopen-w7900-validation/install/baseline/include/fplus/benchmark_session.hpp
-- Installing: /workspace/miopen-w7900-validation/install/baseline/include/fplus/shared_ref.hpp
-- Installing: /workspace/miopen-w7900-validation/install/baseline/include/fplus/stopwatch.hpp
-- Installing: /workspace/miopen-w7900-validation/install/baseline/include/fplus/internal
-- Installing: /workspace/miopen-w7900-validation/install/baseline/include/fplus/internal/split.hpp
-- Installing: /workspace/miopen-w7900-validation/install/baseline/include/fplus/internal/compare.hpp
-- Installing: /workspace/miopen-w7900-validation/install/baseline/include/fplus/internal/meta.hpp
-- Installing: /workspace/miopen-w7900-validation/install/baseline/include/fplus/internal/invoke.hpp
-- Installing: /workspace/miopen-w7900-validation/install/baseline/include/fplus/internal/apply.hpp
-- Installing: /workspace/miopen-w7900-validation/install/baseline/include/fplus/internal/composition.hpp
-- Installing: /workspace/miopen-w7900-validation/install/baseline/include/fplus/internal/asserts
-- Installing: /workspace/miopen-w7900-validation/install/baseline/include/fplus/internal/asserts/functions.hpp
-- Installing: /workspace/miopen-w7900-validation/install/baseline/include/fplus/internal/asserts/composition.hpp
-- Installing: /workspace/miopen-w7900-validation/install/baseline/include/fplus/internal/asserts/pairs.hpp
-- Installing: /workspace/miopen-w7900-validation/install/baseline/include/fplus/internal/container_common.hpp
-- Installing: /workspace/miopen-w7900-validation/install/baseline/include/fplus/internal/function_traits_asserts.hpp
-- Installing: /workspace/miopen-w7900-validation/install/baseline/include/fplus/compare.hpp
-- Installing: /workspace/miopen-w7900-validation/install/baseline/include/fplus/result.hpp
-- Installing: /workspace/miopen-w7900-validation/install/baseline/include/fplus/string_tools.hpp
-- Installing: /workspace/miopen-w7900-validation/install/baseline/include/fplus/extrapolate.hpp
-- Installing: /workspace/miopen-w7900-validation/install/baseline/include/fplus/maybe.hpp
-- Installing: /workspace/miopen-w7900-validation/install/baseline/include/fplus/fwd.hpp
-- Installing: /workspace/miopen-w7900-validation/install/baseline/include/fplus/fwd_instances.autogenerated_defines
-- Installing: /workspace/miopen-w7900-validation/install/baseline/include/fplus/composition.hpp
-- Installing: /workspace/miopen-w7900-validation/install/baseline/include/fplus/generate.hpp
-- Installing: /workspace/miopen-w7900-validation/install/baseline/include/fplus/read.hpp
-- Installing: /workspace/miopen-w7900-validation/install/baseline/include/fplus/container_common.hpp
-- Installing: /workspace/miopen-w7900-validation/install/baseline/include/fplus/transform.hpp
-- Installing: /workspace/miopen-w7900-validation/install/baseline/include/fplus/pairs.hpp
-- Installing: /workspace/miopen-w7900-validation/install/baseline/include/fplus/curry_instances.autogenerated_defines
-- Installing: /workspace/miopen-w7900-validation/install/baseline/include/fplus/search.hpp
-- Installing: /workspace/miopen-w7900-validation/install/baseline/include/fplus/timed.hpp
-- Installing: /workspace/miopen-w7900-validation/install/baseline/include/fplus/maps.hpp
-- Installing: /workspace/miopen-w7900-validation/install/baseline/include/fplus/raii.hpp
-- Installing: /workspace/miopen-w7900-validation/install/baseline/include/fplus/fplus.hpp
-- Installing: /workspace/miopen-w7900-validation/install/baseline/include/fplus/tree.hpp
-- Installing: /workspace/miopen-w7900-validation/install/baseline/include/fplus/show.hpp
-- Installing: /workspace/miopen-w7900-validation/install/baseline/include/fplus/numeric.hpp
-- Installing: /workspace/miopen-w7900-validation/install/baseline/include/fplus/replace.hpp
-- Installing: /workspace/miopen-w7900-validation/install/baseline/include/fplus/container_traits.hpp
-- Installing: /workspace/miopen-w7900-validation/install/baseline/include/fplus/container_properties.hpp
-- Installing: /workspace/miopen-w7900-validation/install/baseline/lib/cmake/FunctionalPlus/FunctionalPlusConfig.cmake
-- Installing: /workspace/miopen-w7900-validation/install/baseline/lib/cmake/FunctionalPlus/FunctionalPlusConfigVersion.cmake
-- Installing: /workspace/miopen-w7900-validation/install/baseline/lib/cmake/FunctionalPlus/FunctionalPlusTargets.cmake
-- Installing: /workspace/miopen-w7900-validation/install/baseline/share/miopen/db/gfx900_56.db.txt
-- Installing: /workspace/miopen-w7900-validation/install/baseline/share/miopen/db/gfx900_56.HIP.fdb.txt
-- Installing: /workspace/miopen-w7900-validation/install/baseline/share/miopen/db/gfx900_64.HIP.fdb.txt
-- Installing: /workspace/miopen-w7900-validation/install/baseline/share/miopen/db/gfx906_60.db.txt
-- Installing: /workspace/miopen-w7900-validation/install/baseline/share/miopen/db/gfx906_60.HIP.fdb.txt
-- Installing: /workspace/miopen-w7900-validation/install/baseline/share/miopen/db/gfx906_64.HIP.fdb.txt
-- Installing: /workspace/miopen-w7900-validation/install/baseline/share/miopen/db/gfx90878.db.txt
-- Installing: /workspace/miopen-w7900-validation/install/baseline/share/miopen/db/gfx90878.HIP.fdb.txt
-- Installing: /workspace/miopen-w7900-validation/install/baseline/share/miopen/db/gfx90a68.db.txt
-- Installing: /workspace/miopen-w7900-validation/install/baseline/share/miopen/db/gfx90a6e.db.txt
-- Installing: /workspace/miopen-w7900-validation/install/baseline/share/miopen/db/gfx90a68.HIP.fdb.txt
-- Installing: /workspace/miopen-w7900-validation/install/baseline/share/miopen/db/gfx90a6e.HIP.fdb.txt
-- Installing: /workspace/miopen-w7900-validation/install/baseline/share/miopen/db/gfx942130.db.txt
-- Installing: /workspace/miopen-w7900-validation/install/baseline/share/miopen/db/gfx942e4.db.txt
-- Installing: /workspace/miopen-w7900-validation/install/baseline/share/miopen/db/gfx942130.HIP.fdb.txt
-- Installing: /workspace/miopen-w7900-validation/install/baseline/share/miopen/db/gfx942e4.HIP.fdb.txt
-- Installing: /workspace/miopen-w7900-validation/install/baseline/share/miopen/db/gfx950100.db.txt
-- Installing: /workspace/miopen-w7900-validation/install/baseline/share/miopen/db/gfx950100.HIP.fdb.txt
-- Installing: /workspace/miopen-w7900-validation/install/baseline/share/miopen/db/gfx1030_36.db.txt
-- Installing: /workspace/miopen-w7900-validation/install/baseline/share/miopen/db/gfx1030_36.HIP.fdb.txt
-- Installing: /workspace/miopen-w7900-validation/install/baseline/share/miopen/db/gfx110060.db.txt
-- Installing: /workspace/miopen-w7900-validation/install/baseline/share/miopen/db/gfx110060.HIP.fdb.txt
-- Installing: /workspace/miopen-w7900-validation/install/baseline/share/miopen/db/gfx110220.db.txt
-- Installing: /workspace/miopen-w7900-validation/install/baseline/share/miopen/db/gfx110220.HIP.fdb.txt
-- Installing: /workspace/miopen-w7900-validation/install/baseline/share/miopen/db/gfx115128.db.txt
-- Installing: /workspace/miopen-w7900-validation/install/baseline/share/miopen/db/gfx115128.HIP.fdb.txt
-- Installing: /workspace/miopen-w7900-validation/install/baseline/share/miopen/db/gfx120020.db.txt
-- Installing: /workspace/miopen-w7900-validation/install/baseline/share/miopen/db/gfx120020.HIP.fdb.txt
-- Installing: /workspace/miopen-w7900-validation/install/baseline/share/miopen/db/gfx120140.db.txt
-- Installing: /workspace/miopen-w7900-validation/install/baseline/share/miopen/db/gfx120140.HIP.fdb.txt
-- Installing: /workspace/miopen-w7900-validation/install/baseline/share/doc/miopen-hip/LICENSE.md
-- Installing: /workspace/miopen-w7900-validation/install/baseline/include/miopen/export.h
-- Installing: /workspace/miopen-w7900-validation/install/baseline/share/miopen/db/gfx908.tn.model
-- Installing: /workspace/miopen-w7900-validation/install/baseline/share/miopen/db/gfx908_ConvAsm1x1U_decoder.ktn.model
-- Installing: /workspace/miopen-w7900-validation/install/baseline/share/miopen/db/gfx908_ConvAsm1x1U_encoder.ktn.model
-- Installing: /workspace/miopen-w7900-validation/install/baseline/share/miopen/db/gfx908_ConvAsm1x1U_metadata.ktn.model
-- Installing: /workspace/miopen-w7900-validation/install/baseline/share/miopen/db/gfx908_metadata.tn.model
-- Installing: /workspace/miopen-w7900-validation/install/baseline/share/miopen/db/gfx90a.tn.model
-- Installing: /workspace/miopen-w7900-validation/install/baseline/share/miopen/db/gfx90a_ConvHipIgemmGroupFwdXdlops_decoder.ktn.model
-- Installing: /workspace/miopen-w7900-validation/install/baseline/share/miopen/db/gfx90a_ConvHipIgemmGroupFwdXdlops_encoder.ktn.model
-- Installing: /workspace/miopen-w7900-validation/install/baseline/share/miopen/db/gfx90a_ConvHipIgemmGroupFwdXdlops_metadata.ktn.model
-- Installing: /workspace/miopen-w7900-validation/install/baseline/share/miopen/db/gfx90a_ConvHipIgemmGroupXdlops_decoder.ktn.model
-- Installing: /workspace/miopen-w7900-validation/install/baseline/share/miopen/db/gfx90a_ConvHipIgemmGroupXdlops_encoder.ktn.model
-- Installing: /workspace/miopen-w7900-validation/install/baseline/share/miopen/db/gfx90a_ConvHipIgemmGroupXdlops_metadata.ktn.model
-- Installing: /workspace/miopen-w7900-validation/install/baseline/share/miopen/db/gfx90a_metadata.tn.model
-- Installing: /workspace/miopen-w7900-validation/install/baseline/share/miopen/db/gfx942.tn.model
-- Installing: /workspace/miopen-w7900-validation/install/baseline/share/miopen/db/gfx942_3d.tn.model
-- Installing: /workspace/miopen-w7900-validation/install/baseline/share/miopen/db/gfx942_3d_metadata.tn.model
-- Installing: /workspace/miopen-w7900-validation/install/baseline/share/miopen/db/gfx942_ConvHipImplicitGemm3DGroupBwdXdlops_input_encoder.tn.model
-- Installing: /workspace/miopen-w7900-validation/install/baseline/share/miopen/db/gfx942_ConvHipImplicitGemm3DGroupBwdXdlops_kernel_config_encoder.tn.model
-- Installing: /workspace/miopen-w7900-validation/install/baseline/share/miopen/db/gfx942_ConvHipImplicitGemm3DGroupBwdXdlops_metadata.tn.model
-- Installing: /workspace/miopen-w7900-validation/install/baseline/share/miopen/db/gfx942_ConvHipImplicitGemm3DGroupFwdXdlops_input_encoder.tn.model
-- Installing: /workspace/miopen-w7900-validation/install/baseline/share/miopen/db/gfx942_ConvHipImplicitGemm3DGroupFwdXdlops_kernel_config_encoder.tn.model
-- Installing: /workspace/miopen-w7900-validation/install/baseline/share/miopen/db/gfx942_ConvHipImplicitGemm3DGroupFwdXdlops_metadata.tn.model
-- Installing: /workspace/miopen-w7900-validation/install/baseline/share/miopen/db/gfx942_ConvHipImplicitGemm3DGroupWrwXdlops_input_encoder.tn.model
-- Installing: /workspace/miopen-w7900-validation/install/baseline/share/miopen/db/gfx942_ConvHipImplicitGemm3DGroupWrwXdlops_kernel_config_encoder.tn.model
-- Installing: /workspace/miopen-w7900-validation/install/baseline/share/miopen/db/gfx942_ConvHipImplicitGemm3DGroupWrwXdlops_metadata.tn.model
-- Installing: /workspace/miopen-w7900-validation/install/baseline/share/miopen/db/gfx942_ConvHipImplicitGemmGroupBwdXdlops_input_encoder.tn.model
-- Installing: /workspace/miopen-w7900-validation/install/baseline/share/miopen/db/gfx942_ConvHipImplicitGemmGroupBwdXdlops_kernel_config_encoder.tn.model
-- Installing: /workspace/miopen-w7900-validation/install/baseline/share/miopen/db/gfx942_ConvHipImplicitGemmGroupBwdXdlops_metadata.tn.model
-- Installing: /workspace/miopen-w7900-validation/install/baseline/share/miopen/db/gfx942_ConvHipImplicitGemmGroupFwdXdlops_input_encoder.tn.model
-- Installing: /workspace/miopen-w7900-validation/install/baseline/share/miopen/db/gfx942_ConvHipImplicitGemmGroupFwdXdlops_kernel_config_encoder.tn.model
-- Installing: /workspace/miopen-w7900-validation/install/baseline/share/miopen/db/gfx942_ConvHipImplicitGemmGroupFwdXdlops_metadata.tn.model
-- Installing: /workspace/miopen-w7900-validation/install/baseline/share/miopen/db/gfx942_ConvHipImplicitGemmGroupWrwXdlops_input_encoder.tn.model
-- Installing: /workspace/miopen-w7900-validation/install/baseline/share/miopen/db/gfx942_ConvHipImplicitGemmGroupWrwXdlops_kernel_config_encoder.tn.model
-- Installing: /workspace/miopen-w7900-validation/install/baseline/share/miopen/db/gfx942_ConvHipImplicitGemmGroupWrwXdlops_metadata.tn.model
-- Installing: /workspace/miopen-w7900-validation/install/baseline/share/miopen/db/gfx942_metadata.tn.model
-- Installing: /workspace/miopen-w7900-validation/install/baseline/share/miopen/db/gfx950.tn.model
-- Installing: /workspace/miopen-w7900-validation/install/baseline/share/miopen/db/gfx950_3d.tn.model
-- Installing: /workspace/miopen-w7900-validation/install/baseline/share/miopen/db/gfx950_3d_metadata.tn.model
-- Installing: /workspace/miopen-w7900-validation/install/baseline/share/miopen/db/gfx950_ConvHipImplicitGemm3DGroupBwdXdlops_input_encoder.tn.model
-- Installing: /workspace/miopen-w7900-validation/install/baseline/share/miopen/db/gfx950_ConvHipImplicitGemm3DGroupBwdXdlops_kernel_config_encoder.tn.model
-- Installing: /workspace/miopen-w7900-validation/install/baseline/share/miopen/db/gfx950_ConvHipImplicitGemm3DGroupBwdXdlops_metadata.tn.model
-- Installing: /workspace/miopen-w7900-validation/install/baseline/share/miopen/db/gfx950_ConvHipImplicitGemm3DGroupFwdXdlops_input_encoder.tn.model
-- Installing: /workspace/miopen-w7900-validation/install/baseline/share/miopen/db/gfx950_ConvHipImplicitGemm3DGroupFwdXdlops_kernel_config_encoder.tn.model
-- Installing: /workspace/miopen-w7900-validation/install/baseline/share/miopen/db/gfx950_ConvHipImplicitGemm3DGroupFwdXdlops_metadata.tn.model
-- Installing: /workspace/miopen-w7900-validation/install/baseline/share/miopen/db/gfx950_ConvHipImplicitGemm3DGroupWrwXdlops_input_encoder.tn.model
-- Installing: /workspace/miopen-w7900-validation/install/baseline/share/miopen/db/gfx950_ConvHipImplicitGemm3DGroupWrwXdlops_kernel_config_encoder.tn.model
-- Installing: /workspace/miopen-w7900-validation/install/baseline/share/miopen/db/gfx950_ConvHipImplicitGemm3DGroupWrwXdlops_metadata.tn.model
-- Installing: /workspace/miopen-w7900-validation/install/baseline/share/miopen/db/gfx950_ConvHipImplicitGemmGroupBwdXdlops_input_encoder.tn.model
-- Installing: /workspace/miopen-w7900-validation/install/baseline/share/miopen/db/gfx950_ConvHipImplicitGemmGroupBwdXdlops_kernel_config_encoder.tn.model
-- Installing: /workspace/miopen-w7900-validation/install/baseline/share/miopen/db/gfx950_ConvHipImplicitGemmGroupBwdXdlops_metadata.tn.model
-- Installing: /workspace/miopen-w7900-validation/install/baseline/share/miopen/db/gfx950_ConvHipImplicitGemmGroupFwdXdlops_input_encoder.tn.model
-- Installing: /workspace/miopen-w7900-validation/install/baseline/share/miopen/db/gfx950_ConvHipImplicitGemmGroupFwdXdlops_kernel_config_encoder.tn.model
-- Installing: /workspace/miopen-w7900-validation/install/baseline/share/miopen/db/gfx950_ConvHipImplicitGemmGroupFwdXdlops_metadata.tn.model
-- Installing: /workspace/miopen-w7900-validation/install/baseline/share/miopen/db/gfx950_ConvHipImplicitGemmGroupWrwXdlops_input_encoder.tn.model
-- Installing: /workspace/miopen-w7900-validation/install/baseline/share/miopen/db/gfx950_ConvHipImplicitGemmGroupWrwXdlops_kernel_config_encoder.tn.model
-- Installing: /workspace/miopen-w7900-validation/install/baseline/share/miopen/db/gfx950_ConvHipImplicitGemmGroupWrwXdlops_metadata.tn.model
-- Installing: /workspace/miopen-w7900-validation/install/baseline/share/miopen/db/gfx950_metadata.tn.model
-- Installing: /workspace/miopen-w7900-validation/install/baseline/share/miopen/db/lgbm_model_meta.json
-- Installing: /workspace/miopen-w7900-validation/install/baseline/share/miopen/db/lgbm_pcfg.bin
-- Installing: /workspace/miopen-w7900-validation/install/baseline/share/miopen/db/lgbm_rank.bin
-- Up-to-date: /workspace/miopen-w7900-validation/install/baseline/include
-- Up-to-date: /workspace/miopen-w7900-validation/install/baseline/include/miopen
-- Installing: /workspace/miopen-w7900-validation/install/baseline/include/miopen/miopen.h
-- Up-to-date: /workspace/miopen-w7900-validation/install/baseline/include
-- Up-to-date: /workspace/miopen-w7900-validation/install/baseline/include/miopen
-- Installing: /workspace/miopen-w7900-validation/install/baseline/include/miopen/config.h
-- Installing: /workspace/miopen-w7900-validation/install/baseline/include/miopen/export_internals.h
-- Up-to-date: /workspace/miopen-w7900-validation/install/baseline/include/miopen/export.h
-- Installing: /workspace/miopen-w7900-validation/install/baseline/include/miopen/version.h
-- Installing: /workspace/miopen-w7900-validation/install/baseline/lib/libMIOpen.so.1.0
-- Installing: /workspace/miopen-w7900-validation/install/baseline/lib/libMIOpen.so.1
-- Set non-toolchain portion of runtime path of "/workspace/miopen-w7900-validation/install/baseline/lib/libMIOpen.so.1.0" to "$ORIGIN/../lib:$ORIGIN/../lib/MIOpen/lib"
-- Installing: /workspace/miopen-w7900-validation/install/baseline/lib/libMIOpen.so
-- Installing: /workspace/miopen-w7900-validation/install/baseline/lib/cmake/miopen/miopen-targets.cmake
-- Installing: /workspace/miopen-w7900-validation/install/baseline/lib/cmake/miopen/miopen-targets-relwithdebinfo.cmake
-- Installing: /workspace/miopen-w7900-validation/install/baseline/lib/cmake/miopen/miopen-config.cmake
-- Installing: /workspace/miopen-w7900-validation/install/baseline/lib/cmake/miopen/miopen-config-version.cmake
-- Installing: /workspace/miopen-w7900-validation/install/baseline/bin/MIOpenDriver
-- Set non-toolchain portion of runtime path of "/workspace/miopen-w7900-validation/install/baseline/bin/MIOpenDriver" to "$ORIGIN/../lib"
-- Installing: /workspace/miopen-w7900-validation/install/baseline/libexec/miopen/install_precompiled_kernels.sh
